{"address":"0x7ff92780c190", "type":"STRING", "class":"0x7ff9278b75b8", "embedded":true, "bytesize":18, "value":"I am allocated too", "encoding":"UTF-8", "file":"bin/generate-report", "line":26, "method":"+@", "generation":34, "memsize":40, "flags":{"wb_protected":true}}
{"address":"0x7ff92780c3c0", "type":"STRING", "class":"0x7ff9278b75b8", "embedded":true, "bytesize":17, "value":"I am retained too", "encoding":"UTF-8", "file":"bin/generate-report", "line":20, "method":"+@", "generation":34, "memsize":40, "flags":{"wb_protected":true}}
{"address":"0x7ff92780d090", "type":"STRING", "class":"0x7ff9278b75b8", "embedded":true, "bytesize":14, "value":"I am allocated", "encoding":"UTF-8", "file":"bin/generate-report", "line":25, "method":"+@", "generation":34, "memsize":40, "flags":{"wb_protected":true}}
{"address":"0x7ff92780d3d8", "type":"STRING", "class":"0x7ff9278b75b8", "bytesize":116, "value":"I am a very very long string I am a very very long string I am a very very long string I am a very very long string ", "encoding":"UTF-8", "file":"bin/generate-report", "line":23, "method":"*", "generation":34, "memsize":157, "flags":{"wb_protected":true}}
{"address":"0x7ff92780e350", "type":"ARRAY", "class":"0x7ff9278972e0", "length":4, "references":["0x7ff92780eff8", "0x7ff92780ebe8", "0x7ff92780c3c0", "0x7ff92780ef30"], "file":"bin/generate-report", "line":17, "generation":34, "memsize":72, "flags":{"wb_protected":true}}
{"address":"0x7ff92780ebe8", "type":"STRING", "class":"0x7ff9278b75b8", "embedded":true, "bytesize":13, "value":"I am retained", "encoding":"UTF-8", "file":"bin/generate-report", "line":19, "method":"+@", "generation":34, "memsize":40, "flags":{"wb_protected":true}}
{"address":"0x7ff92780ecb0", "type":"STRING", "class":"0x7ff9278b75b8", "frozen":true, "embedded":true, "bytesize":3, "value":"foo", "encoding":"US-ASCII", "file":"bin/generate-report", "line":29, "method":"to_sym", "generation":34, "memsize":40, "flags":{"wb_protected":true}}
{"address":"0x7ff92780ef30", "type":"OBJECT", "class":"0x7ff92a27f1c0", "ivars":0, "file":"bin/generate-report", "line":21, "method":"new", "generation":34, "memsize":40, "flags":{"wb_protected":true}}
{"address":"0x7ff92780eff8", "type":"STRING", "class":"0x7ff9278b75b8", "embedded":true, "bytesize":13, "value":"I am retained", "encoding":"UTF-8", "file":"bin/generate-report", "line":18, "method":"+@", "generation":34, "memsize":40, "flags":{"wb_protected":true}}
{"address":"0x7ff927814278", "type":"CLASS", "class":"0x7ff9278bf740", "name":"Class", "references":["0x7ff92788f298", "0x7ff92781dd00", "0x7ff92781c568", "0x7ff92781c950", "0x7ff92781c4f0", "0x7ff9278142f0"], "file":"bin/generate-report", "line":29, "method":"new", "generation":34, "memsize":592, "flags":{"wb_protected":true}}
{"address":"0x7ff9278142f0", "type":"CLASS", "class":"0x7ff927814278", "name":"AnonymousClassOrModule", "references":["0x7ff92788f2c0", "0x7ff92781fda8", "0x7ff92781d008", "0x7ff927826590", "0x7ff92781cd88", "0x7ff927816730", "0x7ff927816730", "0x7ff92b0fb898"], "file":"bin/generate-report", "line":29, "method":"new", "generation":34, "memsize":592, "flags":{"wb_protected":true}}
{"address":"0x7ff9278161e0", "type":"STRING", "class":"0x7ff9278b75b8", "frozen":true, "embedded":true, "fstring":true, "bytesize":3, "value":"foo", "encoding":"US-ASCII", "file":"bin/generate-report", "line":29, "method":"to_sym", "generation":34, "memsize":40, "flags":{"wb_protected":true}}
{"address":"0x7ff927816730", "type":"ARRAY", "frozen":true, "length":2, "embedded":true, "references":["0x7ff927817590"], "file":"bin/generate-report", "line":29, "method":"new", "generation":34, "memsize":40, "flags":{"wb_protected":true}}
{"address":"0x7ff927816b68", "type":"HASH", "size":0, "file":"bin/generate-report", "line":29, "method":"new", "generation":34, "memsize":192}
{"address":"0x7ff927817590", "type":"SYMBOL", "class":"0x7ff9278b41b0", "frozen":true, "bytesize":3, "value":"foo", "file":"bin/generate-report", "line":29, "method":"to_sym", "generation":34, "memsize":40, "flags":{"wb_protected":true}}
{"address":"0x7ff92781c090", "type":"ARRAY", "class":"0x7ff9278972e0", "frozen":true, "length":2, "embedded":true, "references":["0x7ff92a226250", "0x7ff92a2256c0"], "file":"bin/generate-report", "line":29, "method":"new", "generation":34, "memsize":40, "flags":{"wb_protected":true}}
{"address":"0x7ff92781c298", "type":"IMEMO", "imemo_type":"iseq", "references":["0x7ff92781c450", "0x7ff92781c450", "0x7ff92781c090"], "file":"bin/generate-report", "line":29, "method":"new", "generation":34, "memsize":424, "flags":{"wb_protected":true}}
{"address":"0x7ff92781c310", "type":"IMEMO", "imemo_type":"ifunc", "file":"bin/generate-report", "line":29, "method":"new", "generation":34, "memsize":40, "flags":{"wb_protected":true}}
{"address":"0x7ff92781c450", "type":"STRING", "class":"0x7ff9278b75b8", "frozen":true, "embedded":true, "fstring":true, "bytesize":4, "value":"bar=", "encoding":"US-ASCII", "file":"bin/generate-report", "line":29, "method":"new", "generation":34, "memsize":40, "flags":{"wb_protected":true}}
{"address":"0x7ff92781c4f0", "type":"IMEMO", "class":"0x7ff927814278", "imemo_type":"ment", "file":"bin/generate-report", "line":29, "method":"new", "generation":34, "memsize":48, "flags":{"wb_protected":true}}
{"address":"0x7ff92781c568", "type":"IMEMO", "class":"0x7ff927814278", "imemo_type":"ment", "file":"bin/generate-report", "line":29, "method":"new", "generation":34, "memsize":48, "flags":{"wb_protected":true}}
{"address":"0x7ff92781c950", "type":"IMEMO", "class":"0x7ff927814278", "imemo_type":"ment", "file":"bin/generate-report", "line":29, "method":"new", "generation":34, "memsize":48, "flags":{"wb_protected":true}}
{"address":"0x7ff92781ca18", "type":"STRING", "class":"0x7ff9278b75b8", "frozen":true, "embedded":true, "bytesize":4, "value":"bar=", "encoding":"US-ASCII", "file":"bin/generate-report", "line":29, "method":"new", "generation":34, "memsize":40, "flags":{"wb_protected":true}}
{"address":"0x7ff92781cd88", "type":"IMEMO", "class":"0x7ff9278142f0", "imemo_type":"ment", "file":"bin/generate-report", "line":29, "method":"new", "generation":34, "memsize":48, "flags":{"wb_protected":true}}
{"address":"0x7ff92781ce78", "type":"IMEMO", "class":"0x8", "imemo_type":"cref", "references":["0x7ff9278c5258"], "file":"bin/generate-report", "line":29, "method":"new", "generation":34, "memsize":40, "flags":{"wb_protected":true}}
{"address":"0x7ff92781d008", "type":"IMEMO", "class":"0x7ff9278142f0", "imemo_type":"ment", "references":["0x7ff92781db20", "0x7ff92781ce78"], "file":"bin/generate-report", "line":29, "method":"new", "generation":34, "memsize":48, "flags":{"wb_protected":true}}
{"address":"0x7ff92781d6c0", "type":"ARRAY", "class":"0x7ff9278972e0", "frozen":true, "length":2, "embedded":true, "references":["0x7ff92a226250", "0x7ff92a2256c0"], "file":"bin/generate-report", "line":29, "method":"new", "generation":34, "memsize":40, "flags":{"wb_protected":true}}
{"address":"0x7ff92781db20", "type":"IMEMO", "imemo_type":"iseq", "references":["0x7ff92781e3b8", "0x7ff92781e3b8", "0x7ff92781d6c0"], "file":"bin/generate-report", "line":29, "method":"new", "generation":34, "memsize":424, "flags":{"wb_protected":true}}
{"address":"0x7ff92781db98", "type":"IMEMO", "imemo_type":"ifunc", "file":"bin/generate-report", "line":29, "method":"new", "generation":34, "memsize":40, "flags":{"wb_protected":true}}
{"address":"0x7ff92781dd00", "type":"IMEMO", "class":"0x7ff927814278", "imemo_type":"ment", "file":"bin/generate-report", "line":29, "method":"new", "generation":34, "memsize":48, "flags":{"wb_protected":true}}
{"address":"0x7ff92781e3b8", "type":"STRING", "class":"0x7ff9278b75b8", "frozen":true, "embedded":true, "fstring":true, "bytesize":4, "value":"foo=", "encoding":"US-ASCII", "file":"bin/generate-report", "line":29, "method":"new", "generation":34, "memsize":40, "flags":{"wb_protected":true}}
{"address":"0x7ff92781e3e0", "type":"STRING", "class":"0x7ff9278b75b8", "frozen":true, "embedded":true, "bytesize":4, "value":"foo=", "encoding":"US-ASCII", "file":"bin/generate-report", "line":29, "method":"new", "generation":34, "memsize":40, "flags":{"wb_protected":true}}
{"address":"0x7ff92781fda8", "type":"IMEMO", "class":"0x7ff9278142f0", "imemo_type":"ment", "file":"bin/generate-report", "line":29, "method":"new", "generation":34, "memsize":48, "flags":{"wb_protected":true}}
{"address":"0x7ff927826590", "type":"IMEMO", "class":"0x7ff9278142f0", "imemo_type":"ment", "references":["0x7ff92781c298", "0x7ff92782e2b8"], "file":"bin/generate-report", "line":29, "method":"new", "generation":34, "memsize":48, "flags":{"wb_protected":true}}
{"address":"0x7ff92782e2b8", "type":"IMEMO", "class":"0x8", "imemo_type":"cref", "references":["0x7ff9278c5258"], "file":"bin/generate-report", "line":29, "method":"new", "generation":34, "memsize":40, "flags":{"wb_protected":true}}
{"address":"0x7ff92782ece0", "type":"HASH", "class":"0x7ff9278951e8", "size":1, "references":["0x7ff92a27e568"], "memsize":168, "flags":{"wb_protected":true}}
{"address":"0x7ff92782fa00", "type":"HASH", "class":"0x7ff9278951e8", "size":1, "references":["0x7ff92a27e568"], "memsize":168, "flags":{"wb_protected":true}}
{"address":"0x7ff92a27e630", "type":"FILE", "class":"0x7ff92787f370", "fd":-1, "references":["0x7ff92a27e608"], "file":"/Users/byroot/src/github.com/Shopify/heap-profiler/lib/heap_profiler/reporter.rb", "line":89, "method":"open", "generation":30, "memsize":232, "flags":{"uncollectible":true, "marked":true}}
