{"address":"0x7f9584081b20", "type":"STRING", "class":"0x7f95850b75a8", "frozen":true, "embedded":true, "fstring":true, "bytesize":4, "value":"foo=", "encoding":"US-ASCII", "file":"bin/generate-report", "line":32, "method":"new", "generation":34, "memsize":40, "flags":{"wb_protected":true, "old":true, "uncollectible":true, "marked":true}}
{"address":"0x7f9584097bf0", "type":"STRING", "class":"0x7f95850b75a8", "frozen":true, "embedded":true, "fstring":true, "bytesize":4, "value":"bar=", "encoding":"US-ASCII", "file":"bin/generate-report", "line":32, "method":"new", "generation":34, "memsize":40, "flags":{"wb_protected":true, "old":true, "uncollectible":true, "marked":true}}
{"address":"0x7f9585014218", "type":"OBJECT", "class":"0x7f95860b3bf0", "ivars":0, "file":"bin/generate-report", "line":24, "method":"new", "generation":34, "memsize":40, "flags":{"wb_protected":true, "old":true, "uncollectible":true, "marked":true}}
{"address":"0x7f9585014290", "type":"STRING", "class":"0x7f95850b75a8", "embedded":true, "bytesize":13, "value":"I am retained", "encoding":"UTF-8", "file":"bin/generate-report", "line":22, "method":"+@", "generation":34, "memsize":40, "flags":{"wb_protected":true, "old":true, "uncollectible":true, "marked":true}}
{"address":"0x7f9585014970", "type":"STRING", "class":"0x7f95850b75a8", "embedded":true, "bytesize":13, "value":"I am retained", "encoding":"UTF-8", "file":"bin/generate-report", "line":21, "method":"+@", "generation":34, "memsize":40, "flags":{"wb_protected":true, "old":true, "uncollectible":true, "marked":true}}
{"address":"0x7f9585017508", "type":"STRING", "class":"0x7f95850b75a8", "embedded":true, "bytesize":17, "value":"I am retained too", "encoding":"UTF-8", "file":"bin/generate-report", "line":23, "method":"+@", "generation":34, "memsize":40, "flags":{"wb_protected":true, "old":true, "uncollectible":true, "marked":true}}
{"address":"0x7f95850e2410", "type":"HASH", "class":"0x7f95850951b0", "size":1, "references":["0x7f95860b2f48"], "file":"bin/generate-report", "line":26, "method":"*", "generation":34, "memsize":168, "flags":{"wb_protected":true}}
{"address":"0x7f95850e2460", "type":"ARRAY", "class":"0x7f95850972a8", "length":4, "references":["0x7f9585014970", "0x7f9585014290", "0x7f9585017508", "0x7f9585014218"], "file":"bin/generate-report", "line":20, "generation":34, "memsize":72, "flags":{"wb_protected":true, "old":true, "uncollectible":true, "marked":true}}
{"address":"0x7f95850f96b0", "type":"HASH", "class":"0x7f95850951b0", "size":1, "references":["0x7f95860b2f48"], "file":"bin/generate-report", "line":28, "method":"+@", "generation":34, "memsize":168, "flags":{"wb_protected":true}}
{"address":"0x7f9585102990", "type":"SYMBOL", "class":"0x7f95850b41a0", "frozen":true, "bytesize":3, "value":"foo", "file":"bin/generate-report", "line":32, "method":"to_sym", "generation":34, "memsize":40, "flags":{"wb_protected":true, "old":true, "uncollectible":true, "marked":true}}
{"address":"0x7f9585102a58", "type":"STRING", "class":"0x7f95850b75a8", "frozen":true, "embedded":true, "fstring":true, "bytesize":3, "value":"foo", "encoding":"US-ASCII", "file":"bin/generate-report", "line":32, "method":"to_sym", "generation":34, "memsize":40, "flags":{"wb_protected":true, "old":true, "uncollectible":true, "marked":true}}
