{"type":"ROOT", "root":"vm", "references":["0x7ffe4907c138", "0x7ffe490c7fc0", "0x7ffe490c7f70", "0x7ffe490c7f98", "0x7ffe490c7f48", "0x7ffe490c68a0", "0x7ffe490c6c88", "0x7ffe490c47a8", "0x7ffe490c45f0", "0x7ffe490bfdc0", "0x7ffe490bfd98", "0x7ffe490bfb90", "0x7ffe490b6630", "0x7ffe490b6608", "0x7ffe490b5190", "0x7ffe490b5140", "0x7ffe490b46a0", "0x7ffe490afbc8", "0x7ffe490afb78", "0x7ffe490afb00", "0x7ffe490afab0", "0x7ffe490b46a0", "0x7ffe490af358", "0x7ffe490af2e0", "0x7ffe490af2e0", "0x7ffe490af2e0", "0x7ffe490af2e0", "0x7ffe490af2e0", "0x7ffe490af2e0", "0x7ffe490af2e0", "0x7ffe490af2e0", "0x7ffe490af2e0", "0x7ffe490af2e0", "0x7ffe490af2e0", "0x7ffe490af2e0", "0x7ffe490af2e0", "0x7ffe490af2e0", "0x7ffe490af2e0", "0x7ffe490af2e0", "0x7ffe490af2e0", "0x7ffe490af2e0", "0x7ffe490af2e0", "0x7ffe490af2e0", "0x7ffe490af2e0", "0x7ffe490af2e0", "0x7ffe490af2e0", "0x7ffe490af2e0", "0x7ffe490af2e0", "0x7ffe490af2e0", "0x7ffe490af2e0", "0x7ffe490af2e0", "0x7ffe490af2e0", "0x7ffe490af2e0", "0x7ffe490af2e0", "0x7ffe490af2e0", "0x7ffe490af2e0", "0x7ffe490af2e0", "0x7ffe490af2e0", "0x7ffe490af2e0", "0x7ffe490af2e0", "0x7ffe490af2e0", "0x7ffe490af2e0", "0x7ffe490af2e0", "0x7ffe490ad648", "0x7ffe490af2e0", "0x7ffe490af2e0", "0x7ffe490af2e0", "0x7ffe490af2e0", "0x7ffe490af2e0", "0x7ffe490af2e0", "0x7ffe490af2e0", "0x7ffe490af2e0", "0x7ffe490aeef8", "0x7ffe490af2e0", "0x7ffe4909fe80", "0x7ffe4909c348", "0x7ffe4909c2a8", "0x7ffe4909c208", "0x7ffe4909c140", "0x7ffe49097a78", "0x7ffe49096740", "0x7ffe490966f0", "0x7ffe490966a0", "0x7ffe49095c00", "0x7ffe490c7cc8", "0x7ffe490c7cc8", "0x7ffe490c7ca0", "0x7ffe4908fd00", "0x7ffe4908f990", "0x7ffe4908e040", "0x7ffe490c6c88", "0x7ffe4908c7b8", "0x7ffe4908c358", "0x7ffe49087a60", "0x7ffe49087380", "0x7ffe49085800", "0x7ffe49085698", "0x7ffe49085148", "0x7ffe49084c70", "0x7ffe4907f798", "0x7ffe4907e758", "0x7ffe4907e438", "0x7ffe4907e258", "0x7ffe4907e1b8", "0x7ffe4907c2f0", "0x7ffe4907c1d8", "0x7ffe4907c070", "0x7ffe4907c020", "0x7ffe490767b0", "0x7ffe490765f8", "0x7ffe49076490", "0x7ffe490761c0", "0x7ffe49075d88", "0x7ffe49075a68", "0x7ffe49074078", "0x7ffe49074078", "0x7ffe49074078", "0x7ffe4906edd0", "0x7ffe4906ed30", "0x7ffe4906e4c0", "0x7ffe49067da0", "0x7ffe49067d00", "0x7ffe49067cb0", "0x7ffe49067c60", "0x7ffe49067c10", "0x7ffe49067b98", "0x7ffe49067b48", "0x7ffe49067af8", "0x7ffe49067cb0", "0x7ffe49067800", "0x7ffe49095bd8", "0x7ffe490673f0", "0x7ffe490671e8", "0x7ffe490bfd70", "0x7ffe490bfd48", "0x7ffe490bfd20", "0x7ffe49066d10", "0x7ffe49066d10", "0x7ffe49066c98", "0x7ffe49066c98", "0x7ffe49066c20", "0x7ffe49066c20", "0x7ffe49066ba8", "0x7ffe49066b58", "0x7ffe49066b08", "0x7ffe49066b08", "0x7ffe490bfbe0", "0x7ffe49066a68", "0x7ffe49066a18", "0x7ffe490669c8", "0x7ffe49066978", "0x7ffe49066928", "0x7ffe490668d8", "0x7ffe49066888", "0x7ffe49066838", "0x7ffe490667e8", "0x7ffe49066798", "0x7ffe49066748", "0x7ffe490666f8", "0x7ffe490666a8", "0x7ffe49066658", "0x7ffe49066608", "0x7ffe490665b8", "0x7ffe49066568", "0x7ffe49066518", "0x7ffe490664c8", "0x7ffe49066478", "0x7ffe49066428", "0x7ffe490663d8", "0x7ffe490663d8", "0x7ffe490bfcf8", "0x7ffe490bfcd0", "0x7ffe490bfca8", "0x7ffe490bfc80", "0x7ffe490bfbb8", "0x7ffe490bfbb8", "0x7ffe49066270", "0x7ffe49066270", "0x7ffe490661f8", "0x7ffe490661f8", "0x7ffe49066180", "0x7ffe49066180", "0x7ffe49066108", "0x7ffe49066108", "0x7ffe49066090", "0x7ffe49066090", "0x7ffe49066018", "0x7ffe49066018", "0x7ffe490bfd70", "0x7ffe49065fa0", "0x7ffe49065fa0", "0x7ffe49065f28", "0x7ffe49065f28", "0x7ffe49065eb0", "0x7ffe49065eb0", "0x7ffe49065e38", "0x7ffe49065e38", "0x7ffe49065dc0", "0x7ffe49065dc0", "0x7ffe49065d48", "0x7ffe49065cf8", "0x7ffe49065ca8", "0x7ffe49065c58", "0x7ffe49065c08", "0x7ffe49065c08", "0x7ffe49065b90", "0x7ffe49065b90", "0x7ffe49065b18", "0x7ffe49065b18", "0x7ffe49065aa0", "0x7ffe49065aa0", "0x7ffe49065a28", "0x7ffe49065a28", "0x7ffe490659b0", "0x7ffe490659b0", "0x7ffe49065938", "0x7ffe49065938", "0x7ffe490658c0", "0x7ffe490658c0", "0x7ffe49065848", "0x7ffe49065848", "0x7ffe490657d0", "0x7ffe490657d0", "0x7ffe490657d0", "0x7ffe49065730", "0x7ffe490656e0", "0x7ffe490656e0", "0x7ffe49065668", "0x7ffe49065668", "0x7ffe490655f0", "0x7ffe490655f0", "0x7ffe49065578", "0x7ffe49065578", "0x7ffe49065500", "0x7ffe49065500", "0x7ffe49065488", "0x7ffe49065488", "0x7ffe49065410", "0x7ffe49065410", "0x7ffe49065398", "0x7ffe49065398", "0x7ffe49065320", "0x7ffe49065320", "0x7ffe490652a8", "0x7ffe490652a8", "0x7ffe49065230", "0x7ffe49066c98", "0x7ffe49066c98", "0x7ffe49065190", "0x7ffe49065140", "0x7ffe49065140", "0x7ffe490650c8", "0x7ffe490650c8", "0x7ffe490bfbe0", "0x7ffe490bfbe0", "0x7ffe49065000", "0x7ffe49065000", "0x7ffe49065000", "0x7ffe49064f60", "0x7ffe49064f10", "0x7ffe49064f10", "0x7ffe49066a68", "0x7ffe49066a68", "0x7ffe49066a18", "0x7ffe49066a18", "0x7ffe49064df8", "0x7ffe49064df8", "0x7ffe49064df8", "0x7ffe49064df8", "0x7ffe49064d30", "0x7ffe49066978", "0x7ffe49064cb8", "0x7ffe49064cb8", "0x7ffe49064c40", "0x7ffe49064c40", "0x7ffe49064bc8", "0x7ffe49064b78", "0x7ffe49066928", "0x7ffe490668d8", "0x7ffe49066888", "0x7ffe49066838", "0x7ffe490667e8", "0x7ffe49066798", "0x7ffe49064a38", "0x7ffe49064a38", "0x7ffe49064a38", "0x7ffe49066748", "0x7ffe490666f8", "0x7ffe49064948", "0x7ffe49064948", "0x7ffe49064948", "0x7ffe490666a8", "0x7ffe49066658", "0x7ffe49066608", "0x7ffe49064830", "0x7ffe490647e0", "0x7ffe490647e0", "0x7ffe490647e0", "0x7ffe490665b8", "0x7ffe49066568", "0x7ffe49066518", "0x7ffe490664c8", "0x7ffe49066478", "0x7ffe49064678", "0x7ffe49064678", "0x7ffe49064678", "0x7ffe49064678", "0x7ffe490bfd20", "0x7ffe490bfd20", "0x7ffe49064560", "0x7ffe49064560", "0x7ffe490bfd48", "0x7ffe490bfc08", "0x7ffe490bfc08", "0x7ffe490bfc08", "0x7ffe490bfc58", "0x7ffe490bfc30", "0x7ffe490bfcf8", "0x7ffe490bfca8", "0x7ffe490bfc80", "0x7ffe490bfbb8", "0x7ffe490bfbb8", "0x7ffe490bfbb8", "0x7ffe490bfbb8", "0x7ffe490bfbb8", "0x7ffe49066270", "0x7ffe490661f8", "0x7ffe49066180", "0x7ffe49066108", "0x7ffe49066090", "0x7ffe49066018", "0x7ffe490641c8", "0x7ffe490641c8", "0x7ffe49064150", "0x7ffe49064150", "0x7ffe490640d8", "0x7ffe49064088", "0x7ffe49064038", "0x7ffe4905ffd8", "0x7ffe4905ffd8", "0x7ffe4905ff60", "0x7ffe4905ff60", "0x7ffe4905fee8", "0x7ffe4905fee8", "0x7ffe49045f98", "0x7ffe49087e70", "0x7ffe49087e20", "0x7ffe49067170", "0x7ffe49087d30", "0x7ffe49087d08", "0x7ffe490c44b0", "0x7ffe4904cf50", "0x7ffe490c68f0", "0x7ffe490c68a0", "0x7ffe490c6850", "0x7ffe490c6800", "0x7ffe490c6620", "0x7ffe490c57c0", "0x7ffe490c47f8", "0x7ffe490c4640", "0x7ffe490c43e8", "0x7ffe490bfb40", "0x7ffe490bf988", "0x7ffe490be858", "0x7ffe490bc620", "0x7ffe490bc440", "0x7ffe490b7e68", "0x7ffe490b7ad0", "0x7ffe490b7990", "0x7ffe490b7918", "0x7ffe490b78a0", "0x7ffe490b7828", "0x7ffe490b77b0", "0x7ffe490b7738", "0x7ffe490b76c0", "0x7ffe490b7620", "0x7ffe490b74e0", "0x7ffe490b7468", "0x7ffe490b73f0", "0x7ffe490b7350", "0x7ffe490b7238", "0x7ffe490b71c0", "0x7ffe490b70a8", "0x7ffe490b6f68", "0x7ffe490b6e28", "0x7ffe490b6db0", "0x7ffe490b6ce8", "0x7ffe490b6c70", "0x7ffe490b6bf8", "0x7ffe490b6b80", "0x7ffe490b6ae0", "0x7ffe490b6a68", "0x7ffe490b6950", "0x7ffe490b6900", "0x7ffe490b67c0", "0x7ffe490b5aa0", "0x7ffe490b4fd8", "0x7ffe490b4f60", "0x7ffe490b4ee8", "0x7ffe490b46a0", "0x7ffe490afd58", "0x7ffe490af2e0", "0x7ffe490af240", "0x7ffe490af1a0", "0x7ffe490af100", "0x7ffe490af060", "0x7ffe490aef98", "0x7ffe490aeef8", "0x7ffe490aee58", "0x7ffe490aedb8", "0x7ffe490aed18", "0x7ffe490aec50", "0x7ffe490aebb0", "0x7ffe490aeae8", "0x7ffe490aea48", "0x7ffe490ae980", "0x7ffe490ae868", "0x7ffe490ae7c8", "0x7ffe490ae700", "0x7ffe490ae610", "0x7ffe490ae570", "0x7ffe490ae4d0", "0x7ffe490ae430", "0x7ffe490ae368", "0x7ffe490ae2c8", "0x7ffe490ae228", "0x7ffe490ae138", "0x7ffe490ae098", "0x7ffe490adff8", "0x7ffe490adf58", "0x7ffe490adeb8", "0x7ffe490ade18", "0x7ffe490add78", "0x7ffe490adcb0", "0x7ffe490adc10", "0x7ffe490adb70", "0x7ffe490adad0", "0x7ffe490ada30", "0x7ffe490ad990", "0x7ffe490ad8c8", "0x7ffe490ad828", "0x7ffe490ad648", "0x7ffe490ad4b8", "0x7ffe490ad3f0", "0x7ffe490ad350", "0x7ffe490ad2b0", "0x7ffe490ad210", "0x7ffe490ad170", "0x7ffe490ad0a8", "0x7ffe490ad008", "0x7ffe490acf68", "0x7ffe490acec8", "0x7ffe490ace28", "0x7ffe490acd60", "0x7ffe490accc0", "0x7ffe490acbf8", "0x7ffe490acb58", "0x7ffe490acab8", "0x7ffe490aca18", "0x7ffe490ac950", "0x7ffe490ac8b0", "0x7ffe490ac7e8", "0x7ffe490ac748", "0x7ffe490ac658", "0x7ffe490ac5b8", "0x7ffe490ac518", "0x7ffe490ac478", "0x7ffe490ac3d8", "0x7ffe490ac338", "0x7ffe490ac298", "0x7ffe490ac1d0", "0x7ffe490ac130", "0x7ffe490ac090", "0x7ffe490a7f90", "0x7ffe490a7ef0", "0x7ffe490a7e50", "0x7ffe490a7db0", "0x7ffe490a7ce8", "0x7ffe490a7c48", "0x7ffe490a7ba8", "0x7ffe490a7b08", "0x7ffe490a7a68", "0x7ffe490a79c8", "0x7ffe490a7928", "0x7ffe490a7888", "0x7ffe490a77e8", "0x7ffe490a7748", "0x7ffe490a76a8", "0x7ffe490a7608", "0x7ffe490a7568", "0x7ffe490a74c8", "0x7ffe490a7428", "0x7ffe490a7360", "0x7ffe490a7298", "0x7ffe490a7180", "0x7ffe490a70e0", "0x7ffe490a7040", "0x7ffe490a6fa0", "0x7ffe490a6f00", "0x7ffe490a6e60", "0x7ffe490a6dc0", "0x7ffe490a6cf8", "0x7ffe490a6c30", "0x7ffe490a6b90", "0x7ffe490a6af0", "0x7ffe490a6a50", "0x7ffe490a6960", "0x7ffe490a6898", "0x7ffe490a67f8", "0x7ffe490a4fe8", "0x7ffe4909f5e8", "0x7ffe4909f160", "0x7ffe4909f020", "0x7ffe4909e990", "0x7ffe4909e0f8", "0x7ffe4909e058", "0x7ffe4909dfb8", "0x7ffe4909de78", "0x7ffe4909d428", "0x7ffe4909d068", "0x7ffe4909cb40", "0x7ffe4909cac8", "0x7ffe4909c460", "0x7ffe4909c208", "0x7ffe4909c140", "0x7ffe4909c028", "0x7ffe49097f28", "0x7ffe49095a70", "0x7ffe49095a20", "0x7ffe4908f828", "0x7ffe4908eb58", "0x7ffe4908dff0", "0x7ffe4908cf60", "0x7ffe4908c7b8", "0x7ffe4908c1c8", "0x7ffe49087a10", "0x7ffe49087510", "0x7ffe490873f8", "0x7ffe49087290", "0x7ffe49086cf0", "0x7ffe49086840", "0x7ffe49086570", "0x7ffe49086520", "0x7ffe49085828", "0x7ffe490853a0", "0x7ffe49085008", "0x7ffe49084a40", "0x7ffe490845e0", "0x7ffe4907f6f8", "0x7ffe4907f658", "0x7ffe4907f518", "0x7ffe4907f3d8", "0x7ffe4907f2c0", "0x7ffe4907f130", "0x7ffe4907ee38", "0x7ffe4907edc0", "0x7ffe4907ed20", "0x7ffe4907ec80", "0x7ffe4907ebe0", "0x7ffe4907eb40", "0x7ffe4907eaa0", "0x7ffe4907ea00", "0x7ffe4907e7f8", "0x7ffe4907e2a8", "0x7ffe49077f48", "0x7ffe49077e80", "0x7ffe49077b60", "0x7ffe49076760", "0x7ffe49076558", "0x7ffe49076490", "0x7ffe490761c0", "0x7ffe49076120", "0x7ffe49075d88", "0x7ffe49075a68", "0x7ffe49075090", "0x7ffe49074b90", "0x7ffe49074aa0", "0x7ffe4906f370", "0x7ffe4906dca0", "0x7ffe4906dc28", "0x7ffe4906d8b8", "0x7ffe4906d2a0", "0x7ffe4906cdf0", "0x7ffe4906c238", "0x7ffe49067878", "0x7ffe49067760", "0x7ffe49046ab0", "0x7ffe49045d40", "0x7ffe4907fc70", "0x7ffe4905fb00", "0x7ffe49045db8", "0x7ffe4907c160", "0x7ffe4907c110"]}
{"type":"ROOT", "root":"machine_context", "references":["0x7ffe49045d68", "0x7ffe490853a0", "0x7ffe49046498", "0x7ffe49045cc8", "0x7ffe49046498", "0x7ffe49085328", "0x7ffe49045cc8", "0x7ffe49047230", "0x7ffe49045cc8", "0x7ffe490853a0", "0x7ffe4909c460", "0x7ffe49045d68", "0x7ffe4904ceb0", "0x7ffe490c68a0", "0x7ffe4904ceb0", "0x7ffe4904cb68", "0x7ffe4904ceb0", "0x7ffe4904ceb0", "0x7ffe4904ceb0", "0x7ffe4904ceb0"]}
{"type":"ROOT", "root":"global_list", "references":["0x7ffe490673a0", "0x7ffe490673a0", "0x7ffe490966a0", "0x7ffe490966f0", "0x7ffe49096740"]}
{"type":"ROOT", "root":"global_tbl", "references":["0x7ffe49097a78", "0x7ffe49097a78", "0x7ffe49095c00", "0x7ffe49095c00", "0x7ffe49095c00", "0x7ffe49095c00", "0x7ffe49095c00", "0x7ffe4904cf50", "0x7ffe4904cf50", "0x7ffe4907c110", "0x7ffe4907c110", "0x7ffe4907c110"]}
{"address":"0x7ffe49045ca0", "type":"DATA", "class":"0x7ffe49076490", "struct":"mutex", "file":"/opt/rubies/3.0.0/lib/ruby/3.0.0/objspace.rb", "line":87, "method":"_dump_all", "generation":0, "memsize":72}
{"address":"0x7ffe49045cc8", "type":"IMEMO", "class":"0x7ffe49085328", "imemo_type":"callcache", "references":["0x7ffe49046498"], "file":"/opt/rubies/3.0.0/lib/ruby/3.0.0/objspace.rb", "line":87, "method":"dump_all", "generation":0, "memsize":40, "flags":{"wb_protected":true}}
{"address":"0x7ffe49045cf0", "type":"IMEMO", "class":"0x7ffe49085328", "imemo_type":"callcache", "references":["0x7ffe49046240"], "file":"/tmp/dump-singleton.rb", "line":11, "generation":0, "memsize":40, "flags":{"wb_protected":true}}
{"address":"0x7ffe49045d18", "type":"STRING", "class":"0x7ffe490be858", "frozen":true, "embedded":true, "bytesize":14, "value":"/tmp/test.heap", "encoding":"UTF-8", "file":"/tmp/dump-singleton.rb", "line":11, "method":"initialize", "generation":0, "memsize":40, "flags":{"wb_protected":true}}
{"address":"0x7ffe49045d40", "type":"IMEMO", "class":"0x8", "imemo_type":"ment", "file":"/tmp/dump-singleton.rb", "line":11, "method":"initialize", "generation":0, "memsize":48, "flags":{"wb_protected":true}}
{"address":"0x7ffe49045d68", "type":"FILE", "class":"0x7ffe49095a20", "fd":9, "references":["0x7ffe49045d68", "0x7ffe49045d18", "0x7ffe49045ca0"], "file":"/tmp/dump-singleton.rb", "line":11, "method":"open", "generation":0, "memsize":8432}
{"address":"0x7ffe49045d90", "type":"STRING", "class":"0x7ffe490be858", "frozen":true, "embedded":true, "bytesize":14, "value":"/tmp/test.heap", "encoding":"UTF-8", "file":"/tmp/dump-singleton.rb", "line":11, "method":"open", "generation":0, "memsize":40, "flags":{"wb_protected":true}}
{"address":"0x7ffe49045db8", "type":"IMEMO", "class":"0x8", "imemo_type":"ment", "file":"/tmp/dump-singleton.rb", "line":11, "method":"open", "generation":0, "memsize":48, "flags":{"wb_protected":true}}
{"address":"0x7ffe49045de0", "type":"STRING", "class":"0x7ffe490be858", "frozen":true, "embedded":true, "fstring":true, "bytesize":7, "value":"to_open", "encoding":"US-ASCII", "file":"/tmp/dump-singleton.rb", "line":11, "method":"open", "generation":0, "memsize":40, "flags":{"wb_protected":true}}
{"address":"0x7ffe49045e08", "type":"IMEMO", "class":"0x7ffe490c4488", "imemo_type":"callcache", "references":["0x7ffe49045e30"], "file":"/tmp/dump-singleton.rb", "line":11, "generation":0, "memsize":40, "flags":{"wb_protected":true}}
{"address":"0x7ffe49045e30", "type":"IMEMO", "class":"0x7ffe490c65d0", "imemo_type":"ment", "references":["0x7ffe490c6620"], "file":"/tmp/dump-singleton.rb", "line":11, "generation":0, "memsize":48, "flags":{"wb_protected":true}}
{"address":"0x7ffe49045e58", "type":"STRING", "class":"0x7ffe490be858", "embedded":true, "bytesize":2, "value":"w+", "encoding":"UTF-8", "file":"/tmp/dump-singleton.rb", "line":11, "generation":0, "memsize":40, "flags":{"wb_protected":true}}
{"address":"0x7ffe49045e80", "type":"STRING", "class":"0x7ffe490be858", "embedded":true, "bytesize":14, "value":"/tmp/test.heap", "encoding":"UTF-8", "file":"/tmp/dump-singleton.rb", "line":11, "generation":0, "memsize":40, "flags":{"wb_protected":true}}
{"address":"0x7ffe49045ed0", "type":"STRING", "class":"0x7ffe490be858", "bytesize":255, "capacity":383, "value":"{\"address\":\"0x7ffe49045ef8\", \"type\":\"CLASS\", \"class\":\"0x7ffe490c5720\", \"references\":[\"0x7ffe490c68a0\", \"0x7ffe49045f20\"], \"file\":\"/tmp/dump-singleton.rb\", \"line\":8, \"method\":\"singleton_class\", \"generation\":0, \"memsize\":472, \"flags\":{\"wb_protected\":true}}\n", "encoding":"UTF-8", "file":"/opt/rubies/3.0.0/lib/ruby/3.0.0/objspace.rb", "line":32, "method":"+@", "generation":0, "memsize":424, "flags":{"wb_protected":true}}
{"address":"0x7ffe49045ef8", "type":"CLASS", "class":"0x7ffe490c5720", "references":["0x7ffe490c68a0", "0x7ffe49045f20"], "file":"/tmp/dump-singleton.rb", "line":8, "method":"singleton_class", "generation":0, "memsize":472, "flags":{"wb_protected":true}}
{"address":"0x7ffe49045f20", "type":"OBJECT", "class":"0x7ffe49045ef8", "ivars":3, "file":"/tmp/dump-singleton.rb", "line":8, "method":"new", "generation":0, "memsize":40, "flags":{"wb_protected":true}}
{"address":"0x7ffe49045f48", "type":"DATA", "class":"0x7ffe49067878", "struct":"tracepoint", "memsize":104}
{"address":"0x7ffe49045f70", "type":"DATA", "class":"0x7ffe49067878", "struct":"tracepoint", "memsize":104}
{"address":"0x7ffe49045f98", "type":"DATA", "class":"0x7ffe490c68a0", "struct":"ObjectTracing/allocation_info_tracer", "references":["0x7ffe49045f70", "0x7ffe49045f48"], "memsize":1224}
{"address":"0x7ffe49045fc0", "type":"IMEMO", "class":"0x7ffe49085328", "imemo_type":"callcache", "references":["0x7ffe490468f8"], "memsize":40, "flags":{"wb_protected":true}}
{"address":"0x7ffe49045fe8", "type":"DATA", "class":"0x7ffe49076490", "struct":"mutex", "memsize":72}
{"address":"0x7ffe49046038", "type":"IMEMO", "class":"0x7ffe490c4488", "imemo_type":"callcache", "references":["0x7ffe49046060"], "memsize":40, "flags":{"wb_protected":true}}
{"address":"0x7ffe49046060", "type":"IMEMO", "class":"0x7ffe490c65d0", "imemo_type":"ment", "references":["0x7ffe490c6620"], "memsize":48, "flags":{"wb_protected":true}}
{"address":"0x7ffe49046088", "type":"IMEMO", "class":"0x7ffe49085328", "imemo_type":"callcache", "references":["0x7ffe490464e8"], "memsize":40, "flags":{"wb_protected":true}}
{"address":"0x7ffe490460b0", "type":"STRING", "class":"0x7ffe490be858", "bytesize":168, "capacity":191, "value":"{\"address\":\"0x7ffe49046150\", \"type\":\"CLASS\", \"class\":\"0x7ffe490c5720\", \"references\":[\"0x7ffe490c68a0\", \"0x7ffe490461c8\"], \"memsize\":472, \"flags\":{\"wb_protected\":true}}\n", "encoding":"UTF-8", "memsize":232, "flags":{"wb_protected":true}}
{"address":"0x7ffe490460d8", "type":"IMEMO", "class":"0x7ffe490be858", "imemo_type":"callcache", "references":["0x7ffe490bdea8"], "memsize":40, "flags":{"wb_protected":true}}
{"address":"0x7ffe49046100", "type":"IMEMO", "class":"0x7ffe490c57c0", "imemo_type":"callcache", "references":["0x7ffe490c6788"], "memsize":40, "flags":{"wb_protected":true}}
{"address":"0x7ffe49046128", "type":"IMEMO", "class":"0x7ffe49085328", "imemo_type":"callcache", "references":["0x7ffe49046290"], "memsize":40, "flags":{"wb_protected":true}}
{"address":"0x7ffe49046150", "type":"CLASS", "class":"0x7ffe490c5720", "references":["0x7ffe490c68a0", "0x7ffe490461c8"], "memsize":472, "flags":{"wb_protected":true}}
{"address":"0x7ffe49046178", "type":"IMEMO", "class":"0x7ffe490c68a0", "imemo_type":"callcache", "references":["0x7ffe490461a0"], "memsize":40, "flags":{"wb_protected":true}}
{"address":"0x7ffe490461a0", "type":"IMEMO", "class":"0x7ffe490c65d0", "imemo_type":"ment", "references":["0x7ffe490c6620"], "memsize":48, "flags":{"wb_protected":true}}
{"address":"0x7ffe490461c8", "type":"OBJECT", "class":"0x7ffe49046150", "ivars":3, "memsize":40, "flags":{"wb_protected":true}}
{"address":"0x7ffe490461f0", "type":"IMEMO", "class":"0x7ffe490c5720", "imemo_type":"callcache", "references":["0x7ffe490c49b0"], "memsize":40, "flags":{"wb_protected":true}}
{"address":"0x7ffe49046218", "type":"ARRAY", "frozen":true, "length":25, "references":["0x7ffe4907ee88", "0x7ffe49075888", "0x7ffe4906ceb8", "0x7ffe49067d50", "0x7ffe490679e0", "0x7ffe49066e78", "0x7ffe4905fdf8", "0x7ffe490470f0", "0x7ffe4904ca50"], "memsize":240, "flags":{"wb_protected":true}}
{"address":"0x7ffe49046240", "type":"IMEMO", "class":"0x7ffe49085328", "imemo_type":"ment", "references":["0x7ffe49047230", "0x7ffe49046358"], "memsize":48, "flags":{"wb_protected":true}}
{"address":"0x7ffe49046268", "type":"IMEMO", "imemo_type":"ment", "references":["0x7ffe490853a0", "0x7ffe49047230", "0x7ffe49046358"], "memsize":48, "flags":{"wb_protected":true}}
{"address":"0x7ffe49046290", "type":"IMEMO", "class":"0x7ffe49085328", "imemo_type":"ment", "references":["0x7ffe49047398", "0x7ffe49046358"], "memsize":48, "flags":{"wb_protected":true}}
{"address":"0x7ffe490462b8", "type":"IMEMO", "imemo_type":"ment", "references":["0x7ffe490853a0", "0x7ffe49047398", "0x7ffe49046358"], "memsize":48, "flags":{"wb_protected":true}}
{"address":"0x7ffe490462e0", "type":"IMEMO", "class":"0x7ffe49085328", "imemo_type":"callcache", "references":["0x7ffe490b5708"], "memsize":40, "flags":{"wb_protected":true}}
{"address":"0x7ffe49046308", "type":"IMEMO", "class":"0x7ffe490c5748", "imemo_type":"callcache", "references":["0x7ffe490b5730"], "memsize":40, "flags":{"wb_protected":true}}
{"address":"0x7ffe49046330", "type":"IMEMO", "class":"0x8", "imemo_type":"cref", "references":["0x7ffe49085328", "0x7ffe49046358"], "memsize":40, "flags":{"wb_protected":true}}
{"address":"0x7ffe49046358", "type":"IMEMO", "class":"0x8", "imemo_type":"cref", "references":["0x7ffe490853a0", "0x7ffe49047140"], "memsize":40, "flags":{"wb_protected":true}}
{"address":"0x7ffe490463a8", "type":"STRING", "class":"0x7ffe490be858", "frozen":true, "embedded":true, "fstring":true, "bytesize":6, "value":"pinned", "encoding":"US-ASCII", "memsize":40, "flags":{"wb_protected":true}}
{"address":"0x7ffe490463d0", "type":"STRING", "class":"0x7ffe490be858", "frozen":true, "embedded":true, "fstring":true, "bytesize":13, "value":"uncollectible", "encoding":"US-ASCII", "memsize":40, "flags":{"wb_protected":true}}
{"address":"0x7ffe490463f8", "type":"STRING", "class":"0x7ffe490be858", "frozen":true, "embedded":true, "fstring":true, "bytesize":7, "value":"marking", "encoding":"US-ASCII", "memsize":40, "flags":{"wb_protected":true}}
{"address":"0x7ffe49046420", "type":"STRING", "class":"0x7ffe490be858", "frozen":true, "embedded":true, "fstring":true, "bytesize":3, "value":"old", "encoding":"US-ASCII", "memsize":40, "flags":{"wb_protected":true}}
{"address":"0x7ffe49046448", "type":"STRING", "class":"0x7ffe490be858", "frozen":true, "embedded":true, "fstring":true, "bytesize":12, "value":"wb_protected", "encoding":"US-ASCII", "memsize":40, "flags":{"wb_protected":true}}
{"address":"0x7ffe49046470", "type":"STRING", "class":"0x7ffe490be858", "frozen":true, "embedded":true, "fstring":true, "bytesize":6, "value":"marked", "encoding":"US-ASCII", "memsize":40, "flags":{"wb_protected":true}}
{"address":"0x7ffe49046498", "type":"IMEMO", "class":"0x7ffe49085328", "imemo_type":"ment", "memsize":48, "flags":{"wb_protected":true}}
{"address":"0x7ffe490464c0", "type":"IMEMO", "imemo_type":"ment", "references":["0x7ffe490853a0"], "memsize":48, "flags":{"wb_protected":true}}
{"address":"0x7ffe490464e8", "type":"IMEMO", "class":"0x7ffe49085328", "imemo_type":"ment", "memsize":48, "flags":{"wb_protected":true}}
{"address":"0x7ffe49046510", "type":"IMEMO", "imemo_type":"ment", "references":["0x7ffe490853a0"], "memsize":48, "flags":{"wb_protected":true}}
{"address":"0x7ffe49046538", "type":"IMEMO", "class":"0x7ffe49085328", "imemo_type":"ment", "memsize":48, "flags":{"wb_protected":true}}
{"address":"0x7ffe49046560", "type":"IMEMO", "imemo_type":"ment", "references":["0x7ffe490853a0"], "memsize":48, "flags":{"wb_protected":true}}
{"address":"0x7ffe49046588", "type":"STRING", "class":"0x7ffe490be858", "frozen":true, "embedded":true, "fstring":true, "bytesize":21, "value":"allocation_generation", "encoding":"US-ASCII", "memsize":40, "flags":{"wb_protected":true}}
{"address":"0x7ffe490465b0", "type":"IMEMO", "class":"0x7ffe49085328", "imemo_type":"ment", "memsize":48, "flags":{"wb_protected":true}}
{"address":"0x7ffe490465d8", "type":"IMEMO", "imemo_type":"ment", "references":["0x7ffe490853a0"], "memsize":48, "flags":{"wb_protected":true}}
{"address":"0x7ffe49046600", "type":"STRING", "class":"0x7ffe490be858", "frozen":true, "embedded":true, "fstring":true, "bytesize":20, "value":"allocation_method_id", "encoding":"US-ASCII", "memsize":40, "flags":{"wb_protected":true}}
{"address":"0x7ffe49046628", "type":"IMEMO", "class":"0x7ffe49085328", "imemo_type":"ment", "memsize":48, "flags":{"wb_protected":true}}
{"address":"0x7ffe49046650", "type":"IMEMO", "imemo_type":"ment", "references":["0x7ffe490853a0"], "memsize":48, "flags":{"wb_protected":true}}
{"address":"0x7ffe49046678", "type":"STRING", "class":"0x7ffe490be858", "frozen":true, "embedded":true, "fstring":true, "bytesize":21, "value":"allocation_class_path", "encoding":"US-ASCII", "memsize":40, "flags":{"wb_protected":true}}
{"address":"0x7ffe490466a0", "type":"IMEMO", "class":"0x7ffe49085328", "imemo_type":"ment", "memsize":48, "flags":{"wb_protected":true}}
{"address":"0x7ffe490466c8", "type":"IMEMO", "imemo_type":"ment", "references":["0x7ffe490853a0"], "memsize":48, "flags":{"wb_protected":true}}
{"address":"0x7ffe490466f0", "type":"STRING", "class":"0x7ffe490be858", "frozen":true, "embedded":true, "fstring":true, "bytesize":21, "value":"allocation_sourceline", "encoding":"US-ASCII", "memsize":40, "flags":{"wb_protected":true}}
{"address":"0x7ffe49046718", "type":"IMEMO", "class":"0x7ffe49085328", "imemo_type":"ment", "memsize":48, "flags":{"wb_protected":true}}
{"address":"0x7ffe49046740", "type":"IMEMO", "imemo_type":"ment", "references":["0x7ffe490853a0"], "memsize":48, "flags":{"wb_protected":true}}
{"address":"0x7ffe49046768", "type":"STRING", "class":"0x7ffe490be858", "frozen":true, "embedded":true, "fstring":true, "bytesize":21, "value":"allocation_sourcefile", "encoding":"US-ASCII", "memsize":40, "flags":{"wb_protected":true}}
{"address":"0x7ffe49046790", "type":"IMEMO", "class":"0x7ffe49085328", "imemo_type":"ment", "memsize":48, "flags":{"wb_protected":true}}
{"address":"0x7ffe490467b8", "type":"IMEMO", "imemo_type":"ment", "references":["0x7ffe490853a0"], "memsize":48, "flags":{"wb_protected":true}}
{"address":"0x7ffe490467e0", "type":"STRING", "class":"0x7ffe490be858", "frozen":true, "fstring":true, "bytesize":36, "value":"trace_object_allocations_debug_start", "encoding":"US-ASCII", "memsize":77, "flags":{"wb_protected":true}}
{"address":"0x7ffe49046808", "type":"IMEMO", "class":"0x7ffe49085328", "imemo_type":"ment", "memsize":48, "flags":{"wb_protected":true}}
{"address":"0x7ffe49046830", "type":"IMEMO", "imemo_type":"ment", "references":["0x7ffe490853a0"], "memsize":48, "flags":{"wb_protected":true}}
{"address":"0x7ffe49046858", "type":"STRING", "class":"0x7ffe490be858", "frozen":true, "fstring":true, "bytesize":30, "value":"trace_object_allocations_clear", "encoding":"US-ASCII", "memsize":71, "flags":{"wb_protected":true}}
{"address":"0x7ffe49046880", "type":"IMEMO", "class":"0x7ffe49085328", "imemo_type":"ment", "memsize":48, "flags":{"wb_protected":true}}
{"address":"0x7ffe490468a8", "type":"IMEMO", "imemo_type":"ment", "references":["0x7ffe490853a0"], "memsize":48, "flags":{"wb_protected":true}}
{"address":"0x7ffe490468d0", "type":"STRING", "class":"0x7ffe490be858", "frozen":true, "fstring":true, "bytesize":29, "value":"trace_object_allocations_stop", "encoding":"US-ASCII", "memsize":70, "flags":{"wb_protected":true}}
{"address":"0x7ffe490468f8", "type":"IMEMO", "class":"0x7ffe49085328", "imemo_type":"ment", "memsize":48, "flags":{"wb_protected":true}}
{"address":"0x7ffe49046920", "type":"IMEMO", "imemo_type":"ment", "references":["0x7ffe490853a0"], "memsize":48, "flags":{"wb_protected":true}}
{"address":"0x7ffe49046948", "type":"IMEMO", "class":"0x7ffe49085328", "imemo_type":"ment", "memsize":48, "flags":{"wb_protected":true}}
{"address":"0x7ffe49046970", "type":"IMEMO", "imemo_type":"ment", "references":["0x7ffe490853a0"], "memsize":48, "flags":{"wb_protected":true}}
{"address":"0x7ffe49046998", "type":"STRING", "class":"0x7ffe490be858", "frozen":true, "fstring":true, "bytesize":24, "value":"trace_object_allocations", "encoding":"US-ASCII", "memsize":65, "flags":{"wb_protected":true}}
{"address":"0x7ffe490469c0", "type":"IMEMO", "class":"0x7ffe49046ab0", "imemo_type":"ment", "memsize":48, "flags":{"wb_protected":true}}
{"address":"0x7ffe490469e8", "type":"STRING", "class":"0x7ffe490be858", "frozen":true, "embedded":true, "fstring":true, "bytesize":18, "value":"internal_object_id", "encoding":"US-ASCII", "memsize":40, "flags":{"wb_protected":true}}
{"address":"0x7ffe49046a10", "type":"IMEMO", "class":"0x7ffe49046ab0", "imemo_type":"ment", "memsize":48, "flags":{"wb_protected":true}}
{"address":"0x7ffe49046a38", "type":"IMEMO", "class":"0x7ffe49046ab0", "imemo_type":"ment", "memsize":48, "flags":{"wb_protected":true}}
{"address":"0x7ffe49046a60", "type":"STRING", "class":"0x7ffe490be858", "frozen":true, "bytesize":34, "capacity":47, "value":"ObjectSpace::InternalObjectWrapper", "encoding":"US-ASCII", "memsize":88, "flags":{"wb_protected":true}}
{"address":"0x7ffe49046a88", "type":"CLASS", "class":"0x7ffe490c5770", "references":["0x7ffe490c5720", "0x7ffe490c6468", "0x7ffe49046ab0"], "memsize":584, "flags":{"wb_protected":true}}
{"address":"0x7ffe49046ab0", "type":"CLASS", "class":"0x7ffe49046a88", "name":"ObjectSpace::InternalObjectWrapper", "references":["0x7ffe490c68a0", "0x7ffe49046a10", "0x7ffe49046a38", "0x7ffe490469c0", "0x7ffe49046a60"], "memsize":536, "flags":{"wb_protected":true}}
{"address":"0x7ffe49046ad8", "type":"STRING", "class":"0x7ffe490be858", "frozen":true, "embedded":true, "fstring":true, "bytesize":21, "value":"InternalObjectWrapper", "encoding":"US-ASCII", "memsize":40, "flags":{"wb_protected":true}}
{"address":"0x7ffe49046b00", "type":"IMEMO", "class":"0x7ffe49085328", "imemo_type":"ment", "memsize":48, "flags":{"wb_protected":true}}
{"address":"0x7ffe49046b28", "type":"IMEMO", "imemo_type":"ment", "references":["0x7ffe490853a0"], "memsize":48, "flags":{"wb_protected":true}}
{"address":"0x7ffe49046b50", "type":"STRING", "class":"0x7ffe490be858", "frozen":true, "embedded":true, "fstring":true, "bytesize":17, "value":"internal_super_of", "encoding":"US-ASCII", "memsize":40, "flags":{"wb_protected":true}}
{"address":"0x7ffe49046b78", "type":"IMEMO", "class":"0x7ffe49085328", "imemo_type":"ment", "memsize":48, "flags":{"wb_protected":true}}
{"address":"0x7ffe49046ba0", "type":"IMEMO", "imemo_type":"ment", "references":["0x7ffe490853a0"], "memsize":48, "flags":{"wb_protected":true}}
{"address":"0x7ffe49046bc8", "type":"STRING", "class":"0x7ffe490be858", "frozen":true, "embedded":true, "fstring":true, "bytesize":17, "value":"internal_class_of", "encoding":"US-ASCII", "memsize":40, "flags":{"wb_protected":true}}
{"address":"0x7ffe49046bf0", "type":"IMEMO", "class":"0x7ffe49085328", "imemo_type":"ment", "memsize":48, "flags":{"wb_protected":true}}
{"address":"0x7ffe49046c18", "type":"IMEMO", "imemo_type":"ment", "references":["0x7ffe490853a0"], "memsize":48, "flags":{"wb_protected":true}}
{"address":"0x7ffe49046c40", "type":"STRING", "class":"0x7ffe490be858", "frozen":true, "fstring":true, "bytesize":27, "value":"reachable_objects_from_root", "encoding":"US-ASCII", "memsize":68, "flags":{"wb_protected":true}}
{"address":"0x7ffe49046c68", "type":"IMEMO", "class":"0x7ffe49085328", "imemo_type":"ment", "memsize":48, "flags":{"wb_protected":true}}
{"address":"0x7ffe49046c90", "type":"IMEMO", "imemo_type":"ment", "references":["0x7ffe490853a0"], "memsize":48, "flags":{"wb_protected":true}}
{"address":"0x7ffe49046cb8", "type":"STRING", "class":"0x7ffe490be858", "frozen":true, "embedded":true, "fstring":true, "bytesize":22, "value":"reachable_objects_from", "encoding":"US-ASCII", "memsize":40, "flags":{"wb_protected":true}}
{"address":"0x7ffe49046ce0", "type":"IMEMO", "class":"0x7ffe49085328", "imemo_type":"ment", "memsize":48, "flags":{"wb_protected":true}}
{"address":"0x7ffe49046d08", "type":"IMEMO", "imemo_type":"ment", "references":["0x7ffe490853a0"], "memsize":48, "flags":{"wb_protected":true}}
{"address":"0x7ffe49046d30", "type":"STRING", "class":"0x7ffe490be858", "frozen":true, "embedded":true, "fstring":true, "bytesize":19, "value":"count_imemo_objects", "encoding":"US-ASCII", "memsize":40, "flags":{"wb_protected":true}}
{"address":"0x7ffe49046d58", "type":"IMEMO", "class":"0x7ffe49085328", "imemo_type":"ment", "memsize":48, "flags":{"wb_protected":true}}
{"address":"0x7ffe49046d80", "type":"IMEMO", "imemo_type":"ment", "references":["0x7ffe490853a0"], "memsize":48, "flags":{"wb_protected":true}}
{"address":"0x7ffe49046da8", "type":"STRING", "class":"0x7ffe490be858", "frozen":true, "embedded":true, "fstring":true, "bytesize":19, "value":"count_tdata_objects", "encoding":"US-ASCII", "memsize":40, "flags":{"wb_protected":true}}
{"address":"0x7ffe49046dd0", "type":"IMEMO", "class":"0x7ffe49085328", "imemo_type":"ment", "memsize":48, "flags":{"wb_protected":true}}
{"address":"0x7ffe49046df8", "type":"IMEMO", "imemo_type":"ment", "references":["0x7ffe490853a0"], "memsize":48, "flags":{"wb_protected":true}}
{"address":"0x7ffe49046e20", "type":"STRING", "class":"0x7ffe490be858", "frozen":true, "embedded":true, "fstring":true, "bytesize":11, "value":"count_nodes", "encoding":"US-ASCII", "memsize":40, "flags":{"wb_protected":true}}
{"address":"0x7ffe49046e48", "type":"IMEMO", "class":"0x7ffe49085328", "imemo_type":"ment", "memsize":48, "flags":{"wb_protected":true}}
{"address":"0x7ffe49046e70", "type":"IMEMO", "imemo_type":"ment", "references":["0x7ffe490853a0"], "memsize":48, "flags":{"wb_protected":true}}
{"address":"0x7ffe49046e98", "type":"STRING", "class":"0x7ffe490be858", "frozen":true, "embedded":true, "fstring":true, "bytesize":13, "value":"count_symbols", "encoding":"US-ASCII", "memsize":40, "flags":{"wb_protected":true}}
{"address":"0x7ffe49046ec0", "type":"IMEMO", "class":"0x7ffe49085328", "imemo_type":"ment", "memsize":48, "flags":{"wb_protected":true}}
{"address":"0x7ffe49046ee8", "type":"IMEMO", "imemo_type":"ment", "references":["0x7ffe490853a0"], "memsize":48, "flags":{"wb_protected":true}}
{"address":"0x7ffe49046f10", "type":"STRING", "class":"0x7ffe490be858", "frozen":true, "embedded":true, "fstring":true, "bytesize":18, "value":"count_objects_size", "encoding":"US-ASCII", "memsize":40, "flags":{"wb_protected":true}}
{"address":"0x7ffe49046f38", "type":"IMEMO", "class":"0x7ffe49085328", "imemo_type":"ment", "memsize":48, "flags":{"wb_protected":true}}
{"address":"0x7ffe49046f60", "type":"IMEMO", "imemo_type":"ment", "references":["0x7ffe490853a0"], "memsize":48, "flags":{"wb_protected":true}}
{"address":"0x7ffe49046f88", "type":"STRING", "class":"0x7ffe490be858", "frozen":true, "embedded":true, "fstring":true, "bytesize":14, "value":"memsize_of_all", "encoding":"US-ASCII", "memsize":40, "flags":{"wb_protected":true}}
{"address":"0x7ffe49046fb0", "type":"IMEMO", "class":"0x7ffe49085328", "imemo_type":"ment", "memsize":48, "flags":{"wb_protected":true}}
{"address":"0x7ffe49046fd8", "type":"IMEMO", "imemo_type":"ment", "references":["0x7ffe490853a0"], "memsize":48, "flags":{"wb_protected":true}}
{"address":"0x7ffe49047000", "type":"STRING", "class":"0x7ffe490be858", "frozen":true, "embedded":true, "fstring":true, "bytesize":10, "value":"memsize_of", "encoding":"US-ASCII", "memsize":40, "flags":{"wb_protected":true}}
{"address":"0x7ffe49047028", "type":"IMEMO", "class":"0x8", "imemo_type":"cref", "references":["0x7ffe490c68a0"], "memsize":40, "flags":{"wb_protected":true}}
{"address":"0x7ffe49047050", "type":"ARRAY", "class":"0x7ffe490a67f8", "frozen":true, "length":2, "embedded":true, "references":["0x7ffe490470f0"], "memsize":40, "flags":{"wb_protected":true}}
{"address":"0x7ffe49047078", "type":"IMEMO", "imemo_type":"iseq", "references":["0x7ffe490470f0", "0x7ffe490470f0", "0x7ffe49047050"], "memsize":364, "flags":{"wb_protected":true}}
{"address":"0x7ffe490470a0", "type":"DATA", "struct":"thread_shield", "memsize":40}
{"address":"0x7ffe490470c8", "type":"DATA", "struct":"mutex", "memsize":72}
{"address":"0x7ffe490470f0", "type":"STRING", "class":"0x7ffe490be858", "frozen":true, "fstring":true, "bytesize":64, "capacity":120, "value":"/opt/rubies/3.0.0/lib/ruby/3.0.0/x86_64-darwin19/objspace.bundle", "encoding":"US-ASCII", "memsize":161, "flags":{"wb_protected":true}}
{"address":"0x7ffe49047118", "type":"STRING", "class":"0x7ffe490be858", "frozen":true, "embedded":true, "bytesize":15, "value":"objspace.bundle", "encoding":"UTF-8", "memsize":40, "flags":{"wb_protected":true}}
{"address":"0x7ffe49047140", "type":"IMEMO", "class":"0x8", "imemo_type":"cref", "references":["0x7ffe490c68a0"], "memsize":40, "flags":{"wb_protected":true}}
{"address":"0x7ffe49047168", "type":"STRING", "class":"0x7ffe490be858", "frozen":true, "embedded":true, "fstring":true, "bytesize":8, "value":"rubyheap", "encoding":"UTF-8", "memsize":40, "flags":{"wb_protected":true}}
{"address":"0x7ffe49047190", "type":"ARRAY", "frozen":true, "length":2, "embedded":true, "references":["0x7ffe49047168", "0x7ffe49047280"], "memsize":40, "flags":{"wb_protected":true}}
{"address":"0x7ffe490471b8", "type":"HASH", "class":"0x7ffe490a4fe8", "size":4, "memsize":192, "flags":{"wb_protected":true}}
{"address":"0x7ffe490471e0", "type":"STRING", "embedded":true, "bytesize":0, "value":"", "memsize":40, "flags":{"wb_protected":true}}
{"address":"0x7ffe49047208", "type":"ARRAY", "length":3, "embedded":true, "memsize":40, "flags":{"wb_protected":true}}
{"address":"0x7ffe49047230", "type":"IMEMO", "imemo_type":"iseq", "references":["0x7ffe49047258", "0x7ffe490472f8", "0x7ffe49047190", "0x7ffe4905d288", "0x7ffe4904d0e0", "0x7ffe4904d0e0", "0x7ffe4904ca50", "0x7ffe49045cc8"], "memsize":2208, "flags":{"wb_protected":true}}
{"address":"0x7ffe49047258", "type":"STRING", "class":"0x7ffe490be858", "frozen":true, "embedded":true, "fstring":true, "bytesize":21, "value":"wrong output option: ", "encoding":"UTF-8", "memsize":40, "flags":{"wb_protected":true}}
{"address":"0x7ffe49047280", "type":"STRING", "class":"0x7ffe490be858", "frozen":true, "embedded":true, "fstring":true, "bytesize":5, "value":".json", "encoding":"UTF-8", "memsize":40, "flags":{"wb_protected":true}}
{"address":"0x7ffe490472a8", "type":"STRING", "class":"0x7ffe490be858", "frozen":true, "embedded":true, "fstring":true, "bytesize":7, "value":"rubyobj", "encoding":"UTF-8", "memsize":40, "flags":{"wb_protected":true}}
{"address":"0x7ffe490472d0", "type":"ARRAY", "frozen":true, "length":2, "embedded":true, "references":["0x7ffe490472a8", "0x7ffe49047280"], "memsize":40, "flags":{"wb_protected":true}}
{"address":"0x7ffe490472f8", "type":"STRING", "class":"0x7ffe490be858", "frozen":true, "embedded":true, "fstring":true, "bytesize":8, "value":"tempfile", "encoding":"UTF-8", "memsize":40, "flags":{"wb_protected":true}}
{"address":"0x7ffe49047320", "type":"HASH", "class":"0x7ffe490a4fe8", "size":4, "memsize":192, "flags":{"wb_protected":true}}
{"address":"0x7ffe49047348", "type":"STRING", "embedded":true, "bytesize":0, "value":"", "memsize":40, "flags":{"wb_protected":true}}
{"address":"0x7ffe49047370", "type":"ARRAY", "length":1, "embedded":true, "memsize":40, "flags":{"wb_protected":true}}
{"address":"0x7ffe49047398", "type":"IMEMO", "imemo_type":"iseq", "references":["0x7ffe49047258", "0x7ffe490472f8", "0x7ffe490472d0", "0x7ffe4905d288", "0x7ffe490bdd90", "0x7ffe490bdd90", "0x7ffe4904ca50", "0x7ffe490460d8", "0x7ffe49046088"], "memsize":2168, "flags":{"wb_protected":true}}
{"address":"0x7ffe490473c0", "type":"IMEMO", "imemo_type":"iseq", "references":["0x7ffe4905d8f0", "0x7ffe4905d8f0", "0x7ffe4904ca50", "0x7ffe49046308", "0x7ffe49046308"], "memsize":524, "flags":{"wb_protected":true}}
{"address":"0x7ffe490473e8", "type":"IMEMO", "imemo_type":"iseq", "references":["0x7ffe490473c0", "0x7ffe49047398", "0x7ffe49047230", "0x7ffe4905e840", "0x7ffe4905e840", "0x7ffe4904ca50", "0x7ffe49047460", "0x7ffe490462e0"], "memsize":608, "flags":{"wb_protected":true}}
{"address":"0x7ffe49047410", "type":"STRING", "class":"0x7ffe490be858", "embedded":true, "bytesize":20, "value":"<module:ObjectSpace>", "memsize":40, "flags":{"wb_protected":true}}
{"address":"0x7ffe49047438", "type":"STRING", "class":"0x7ffe490be858", "frozen":true, "embedded":true, "fstring":true, "bytesize":11, "value":"objspace.so", "encoding":"UTF-8", "memsize":40, "flags":{"wb_protected":true}}
{"address":"0x7ffe49047460", "type":"IMEMO", "imemo_type":"iseq", "references":["0x7ffe49047438", "0x7ffe490473e8", "0x7ffe490474d8", "0x7ffe490474d8", "0x7ffe4904ca50", "0x7ffe4904caf0"], "memsize":512, "flags":{"wb_protected":true}}
{"address":"0x7ffe49047488", "type":"STRING", "class":"0x7ffe490be858", "bytesize":44, "value":"/opt/rubies/3.0.0/lib/ruby/3.0.0/objspace.rb", "encoding":"US-ASCII", "memsize":85, "flags":{"wb_protected":true}}
{"address":"0x7ffe490474b0", "type":"STRING", "class":"0x7ffe490be858", "shared":true, "encoding":"UTF-8", "references":["0x7ffe4904ca50"], "memsize":40, "flags":{"wb_protected":true}}
{"address":"0x7ffe490474d8", "type":"STRING", "class":"0x7ffe490be858", "frozen":true, "fstring":true, "bytesize":16, "value":"<top (required)>", "encoding":"US-ASCII", "memsize":40, "flags":{"wb_protected":true}}
{"address":"0x7ffe49047500", "type":"STRING", "class":"0x7ffe490be858", "embedded":true, "bytesize":4, "value":"end\n", "encoding":"UTF-8", "memsize":40, "flags":{"wb_protected":true}}
{"address":"0x7ffe49047528", "type":"STRING", "class":"0x7ffe490be858", "embedded":true, "bytesize":6, "value":"  end\n", "encoding":"UTF-8", "memsize":40, "flags":{"wb_protected":true}}
{"address":"0x7ffe49047550", "type":"STRING", "class":"0x7ffe490be858", "embedded":true, "bytesize":8, "value":"    ret\n", "encoding":"UTF-8", "memsize":40, "flags":{"wb_protected":true}}
{"address":"0x7ffe49047578", "type":"STRING", "class":"0x7ffe490be858", "bytesize":36, "value":"    return nil if output == :stdout\n", "encoding":"UTF-8", "memsize":77, "flags":{"wb_protected":true}}
{"address":"0x7ffe490475a0", "type":"STRING", "class":"0x7ffe490be858", "bytesize":38, "value":"    ret = _dump_all(out, full, since)\n", "encoding":"UTF-8", "memsize":79, "flags":{"wb_protected":true}}
{"address":"0x7ffe490475c8", "type":"STRING", "class":"0x7ffe490be858", "embedded":true, "bytesize":1, "value":"\n", "encoding":"UTF-8", "memsize":40, "flags":{"wb_protected":true}}
{"address":"0x7ffe490475f0", "type":"STRING", "class":"0x7ffe490be858", "embedded":true, "bytesize":8, "value":"    end\n", "encoding":"UTF-8", "memsize":40, "flags":{"wb_protected":true}}
{"address":"0x7ffe49047618", "type":"STRING", "class":"0x7ffe490be858", "embedded":true, "bytesize":21, "value":"wrong output option: ", "encoding":"UTF-8", "memsize":40, "flags":{"wb_protected":true}}
{"address":"0x7ffe49047640", "type":"IMEMO", "imemo_type":"parser_strterm", "memsize":40, "flags":{"wb_protected":true}}
{"address":"0x7ffe49047668", "type":"STRING", "class":"0x7ffe490be858", "bytesize":68, "value":"      raise ArgumentError, \"wrong output option: #{output.inspect}\"\n", "encoding":"UTF-8", "memsize":109, "flags":{"wb_protected":true}}
{"address":"0x7ffe49047690", "type":"STRING", "class":"0x7ffe490be858", "embedded":true, "bytesize":9, "value":"    else\n", "encoding":"UTF-8", "memsize":40, "flags":{"wb_protected":true}}
{"address":"0x7ffe490476b8", "type":"STRING", "class":"0x7ffe490be858", "embedded":true, "bytesize":13, "value":"      output\n", "encoding":"UTF-8", "memsize":40, "flags":{"wb_protected":true}}
{"address":"0x7ffe490476e0", "type":"STRING", "class":"0x7ffe490be858", "embedded":true, "bytesize":0, "value":"", "encoding":"UTF-8", "memsize":40, "flags":{"wb_protected":true}}
{"address":"0x7ffe49047708", "type":"STRING", "class":"0x7ffe490be858", "embedded":true, "bytesize":12, "value":"    when IO\n", "encoding":"UTF-8", "memsize":40, "flags":{"wb_protected":true}}
{"address":"0x7ffe49047730", "type":"IMEMO", "imemo_type":"parser_strterm", "memsize":40, "flags":{"wb_protected":true}}
{"address":"0x7ffe49047758", "type":"STRING", "class":"0x7ffe490be858", "embedded":true, "bytesize":10, "value":"      +''\n", "encoding":"UTF-8", "memsize":40, "flags":{"wb_protected":true}}
{"address":"0x7ffe49047780", "type":"STRING", "class":"0x7ffe490be858", "embedded":true, "bytesize":17, "value":"    when :string\n", "encoding":"UTF-8", "memsize":40, "flags":{"wb_protected":true}}
{"address":"0x7ffe490477a8", "type":"STRING", "class":"0x7ffe490be858", "embedded":true, "bytesize":13, "value":"      STDOUT\n", "encoding":"UTF-8", "memsize":40, "flags":{"wb_protected":true}}
{"address":"0x7ffe490477d0", "type":"STRING", "class":"0x7ffe490be858", "embedded":true, "bytesize":17, "value":"    when :stdout\n", "encoding":"UTF-8", "memsize":40, "flags":{"wb_protected":true}}
{"address":"0x7ffe490477f8", "type":"STRING", "class":"0x7ffe490be858", "embedded":true, "bytesize":5, "value":".json", "encoding":"UTF-8", "memsize":40, "flags":{"wb_protected":true}}
{"address":"0x7ffe49047820", "type":"STRING", "class":"0x7ffe490be858", "embedded":true, "bytesize":8, "value":"rubyheap", "encoding":"UTF-8", "memsize":40, "flags":{"wb_protected":true}}
{"address":"0x7ffe49047848", "type":"IMEMO", "imemo_type":"parser_strterm", "memsize":40, "flags":{"wb_protected":true}}
{"address":"0x7ffe49047870", "type":"STRING", "class":"0x7ffe490be858", "bytesize":42, "value":"      Tempfile.create(%w(rubyheap .json))\n", "encoding":"UTF-8", "memsize":83, "flags":{"wb_protected":true}}
{"address":"0x7ffe49047898", "type":"STRING", "class":"0x7ffe490be858", "embedded":true, "bytesize":8, "value":"tempfile", "encoding":"UTF-8", "memsize":40, "flags":{"wb_protected":true}}
{"address":"0x7ffe490478c0", "type":"IMEMO", "imemo_type":"parser_strterm", "memsize":40, "flags":{"wb_protected":true}}
{"address":"0x7ffe490478e8", "type":"STRING", "class":"0x7ffe490be858", "bytesize":25, "value":"      require 'tempfile'\n", "encoding":"UTF-8", "memsize":66, "flags":{"wb_protected":true}}
{"address":"0x7ffe49047910", "type":"HASH", "size":0, "memsize":168, "flags":{"wb_protected":true}}
{"address":"0x7ffe49047938", "type":"STRING", "class":"0x7ffe490be858", "embedded":true, "bytesize":20, "value":"    when :file, nil\n", "encoding":"UTF-8", "memsize":40, "flags":{"wb_protected":true}}
{"address":"0x7ffe49047960", "type":"STRING", "class":"0x7ffe490be858", "embedded":true, "bytesize":22, "value":"    out = case output\n", "encoding":"UTF-8", "memsize":40, "flags":{"wb_protected":true}}
{"address":"0x7ffe49047988", "type":"IMEMO", "imemo_type":"tmpbuf", "memsize":40, "flags":{"wb_protected":true}}
{"address":"0x7ffe490479b0", "type":"STRING", "class":"0x7ffe490be858", "frozen":true, "embedded":true, "fstring":true, "bytesize":5, "value":"since", "encoding":"US-ASCII", "memsize":40, "flags":{"wb_protected":true}}
{"address":"0x7ffe490479d8", "type":"STRING", "class":"0x7ffe490be858", "frozen":true, "embedded":true, "fstring":true, "bytesize":4, "value":"full", "encoding":"US-ASCII", "memsize":40, "flags":{"wb_protected":true}}
{"address":"0x7ffe49047a00", "type":"STRING", "class":"0x7ffe490be858", "bytesize":55, "value":"  def dump_all(output: :file, full: false, since: nil)\n", "encoding":"UTF-8", "memsize":96, "flags":{"wb_protected":true}}
{"address":"0x7ffe49047a28", "type":"STRING", "class":"0x7ffe490be858", "bytesize":65, "value":"  #  not guaranteed to be compatible in future versions of ruby.\n", "encoding":"UTF-8", "memsize":106, "flags":{"wb_protected":true}}
{"address":"0x7ffe49047a50", "type":"STRING", "class":"0x7ffe490be858", "bytesize":65, "value":"  #  In particular, the function signature and output format are\n", "encoding":"UTF-8", "memsize":106, "flags":{"wb_protected":true}}
{"address":"0x7ffe49047a78", "type":"STRING", "class":"0x7ffe490be858", "bytesize":62, "value":"  #  This is an experimental method and is subject to change.\n", "encoding":"UTF-8", "memsize":103, "flags":{"wb_protected":true}}
{"address":"0x7ffe49047aa0", "type":"STRING", "class":"0x7ffe490be858", "bytesize":55, "value":"  #  This method is only expected to work with C Ruby.\n", "encoding":"UTF-8", "memsize":96, "flags":{"wb_protected":true}}
{"address":"0x7ffe49047ac8", "type":"STRING", "class":"0x7ffe490be858", "embedded":true, "bytesize":4, "value":"  #\n", "encoding":"UTF-8", "memsize":40, "flags":{"wb_protected":true}}
{"address":"0x7ffe49047af0", "type":"STRING", "class":"0x7ffe490be858", "bytesize":64, "value":"  #  If _since_ is omitted or is +nil+, all objects are dumped.\n", "encoding":"UTF-8", "memsize":105, "flags":{"wb_protected":true}}
{"address":"0x7ffe49047b18", "type":"STRING", "class":"0x7ffe490be858", "embedded":true, "bytesize":4, "value":"  #\n", "encoding":"UTF-8", "memsize":40, "flags":{"wb_protected":true}}
{"address":"0x7ffe49047b40", "type":"STRING", "class":"0x7ffe490be858", "embedded":true, "bytesize":15, "value":"  #  examples.\n", "encoding":"UTF-8", "memsize":40, "flags":{"wb_protected":true}}
{"address":"0x7ffe49047b68", "type":"STRING", "class":"0x7ffe490be858", "bytesize":74, "value":"  #  are ignored. See ::trace_object_allocations for more information and\n", "encoding":"UTF-8", "memsize":115, "flags":{"wb_protected":true}}
{"address":"0x7ffe49047b90", "type":"STRING", "class":"0x7ffe490be858", "bytesize":75, "value":"  #  Objects that were allocated without object allocation tracing enabled\n", "encoding":"UTF-8", "memsize":116, "flags":{"wb_protected":true}}
{"address":"0x7ffe49047bb8", "type":"STRING", "class":"0x7ffe490be858", "embedded":true, "bytesize":4, "value":"  #\n", "encoding":"UTF-8", "memsize":40, "flags":{"wb_protected":true}}
{"address":"0x7ffe49047be0", "type":"STRING", "class":"0x7ffe490be858", "embedded":true, "bytesize":2, "value":"GC", "encoding":"UTF-8", "memsize":40, "flags":{"wb_protected":true}}
{"address":"0x7ffe49047c08", "type":"STRING", "class":"0x7ffe490be858", "embedded":true, "bytesize":16, "value":"  #  GC::count.\n", "encoding":"UTF-8", "memsize":40, "flags":{"wb_protected":true}}
{"address":"0x7ffe49047c30", "type":"STRING", "class":"0x7ffe490be858", "bytesize":80, "value":"  #  newer generations are dumped. The current generation can be accessed using\n", "encoding":"UTF-8", "memsize":121, "flags":{"wb_protected":true}}
{"address":"0x7ffe49047c58", "type":"STRING", "class":"0x7ffe490be858", "bytesize":75, "value":"  #  If _since_ is a positive integer, only objects of that generation and\n", "encoding":"UTF-8", "memsize":116, "flags":{"wb_protected":true}}
{"address":"0x7ffe49047c80", "type":"STRING", "class":"0x7ffe490be858", "embedded":true, "bytesize":4, "value":"  #\n", "encoding":"UTF-8", "memsize":40, "flags":{"wb_protected":true}}
{"address":"0x7ffe49047ca8", "type":"STRING", "class":"0x7ffe490be858", "bytesize":54, "value":"  #  _since_ must be a non-negative integer or +nil+.\n", "encoding":"UTF-8", "memsize":95, "flags":{"wb_protected":true}}
{"address":"0x7ffe49047cd0", "type":"STRING", "class":"0x7ffe490be858", "embedded":true, "bytesize":4, "value":"  #\n", "encoding":"UTF-8", "memsize":40, "flags":{"wb_protected":true}}
{"address":"0x7ffe49047cf8", "type":"STRING", "class":"0x7ffe490be858", "bytesize":49, "value":"  #  Dump the contents of the ruby heap as JSON.\n", "encoding":"UTF-8", "memsize":90, "flags":{"wb_protected":true}}
{"address":"0x7ffe49047d20", "type":"STRING", "class":"0x7ffe490be858", "embedded":true, "bytesize":4, "value":"  #\n", "encoding":"UTF-8", "memsize":40, "flags":{"wb_protected":true}}
{"address":"0x7ffe49047d48", "type":"STRING", "class":"0x7ffe490be858", "bytesize":70, "value":"  #      since: 42)                          # => \"{...}\\n{...}\\n...\"\n", "encoding":"UTF-8", "memsize":111, "flags":{"wb_protected":true}}
{"address":"0x7ffe49047d70", "type":"STRING", "class":"0x7ffe490be858", "bytesize":27, "value":"ObjectSpace.dump_all(output", "encoding":"UTF-8", "memsize":68, "flags":{"wb_protected":true}}
{"address":"0x7ffe49047d98", "type":"STRING", "class":"0x7ffe490be858", "bytesize":45, "value":"  #    ObjectSpace.dump_all(output: :string,\n", "encoding":"UTF-8", "memsize":86, "flags":{"wb_protected":true}}
{"address":"0x7ffe49047dc0", "type":"STRING", "class":"0x7ffe490be858", "bytesize":68, "value":"  #      File.open('heap.json','w'))         # => #<File:heap.json>\n", "encoding":"UTF-8", "memsize":109, "flags":{"wb_protected":true}}
{"address":"0x7ffe49047de8", "type":"STRING", "class":"0x7ffe490be858", "bytesize":36, "value":"  #    ObjectSpace.dump_all(output:\n", "encoding":"UTF-8", "memsize":77, "flags":{"wb_protected":true}}
{"address":"0x7ffe49047e10", "type":"STRING", "class":"0x7ffe490be858", "bytesize":70, "value":"  #    ObjectSpace.dump_all(output: :string) # => \"{...}\\n{...}\\n...\"\n", "encoding":"UTF-8", "memsize":111, "flags":{"wb_protected":true}}
{"address":"0x7ffe49047e38", "type":"STRING", "class":"0x7ffe490be858", "bytesize":54, "value":"  #    ObjectSpace.dump_all(output: :stdout) # => nil\n", "encoding":"UTF-8", "memsize":95, "flags":{"wb_protected":true}}
{"address":"0x7ffe49047e60", "type":"STRING", "class":"0x7ffe490be858", "bytesize":98, "value":"  #    ObjectSpace.dump_all([output: :file]) # => #<File:/tmp/rubyheap20131125-88469-laoj3v.json>\n", "encoding":"UTF-8", "memsize":139, "flags":{"wb_protected":true}}
{"address":"0x7ffe49047e88", "type":"STRING", "class":"0x7ffe490be858", "embedded":true, "bytesize":15, "value":"  #  call-seq:\n", "encoding":"UTF-8", "memsize":40, "flags":{"wb_protected":true}}
{"address":"0x7ffe49047eb0", "type":"STRING", "class":"0x7ffe490be858", "embedded":true, "bytesize":1, "value":"\n", "encoding":"UTF-8", "memsize":40, "flags":{"wb_protected":true}}
{"address":"0x7ffe49047ed8", "type":"STRING", "class":"0x7ffe490be858", "embedded":true, "bytesize":1, "value":"\n", "encoding":"UTF-8", "memsize":40, "flags":{"wb_protected":true}}
{"address":"0x7ffe49047f00", "type":"STRING", "class":"0x7ffe490be858", "embedded":true, "bytesize":6, "value":"  end\n", "encoding":"UTF-8", "memsize":40, "flags":{"wb_protected":true}}
{"address":"0x7ffe49047f28", "type":"STRING", "class":"0x7ffe490be858", "embedded":true, "bytesize":8, "value":"    ret\n", "encoding":"UTF-8", "memsize":40, "flags":{"wb_protected":true}}
{"address":"0x7ffe49047f50", "type":"STRING", "class":"0x7ffe490be858", "bytesize":36, "value":"    return nil if output == :stdout\n", "encoding":"UTF-8", "memsize":77, "flags":{"wb_protected":true}}
{"address":"0x7ffe49047f78", "type":"STRING", "class":"0x7ffe490be858", "frozen":true, "embedded":true, "fstring":true, "bytesize":3, "value":"ret", "encoding":"US-ASCII", "memsize":40, "flags":{"wb_protected":true}}
{"address":"0x7ffe49047fa0", "type":"STRING", "class":"0x7ffe490be858", "bytesize":26, "value":"    ret = _dump(obj, out)\n", "encoding":"UTF-8", "memsize":67, "flags":{"wb_protected":true}}
{"address":"0x7ffe49047fc8", "type":"STRING", "class":"0x7ffe490be858", "embedded":true, "bytesize":1, "value":"\n", "encoding":"UTF-8", "memsize":40, "flags":{"wb_protected":true}}
{"address":"0x7ffe4904c028", "type":"STRING", "class":"0x7ffe490be858", "embedded":true, "bytesize":8, "value":"    end\n", "encoding":"UTF-8", "memsize":40, "flags":{"wb_protected":true}}
{"address":"0x7ffe4904c050", "type":"STRING", "class":"0x7ffe490be858", "embedded":true, "bytesize":21, "value":"wrong output option: ", "encoding":"UTF-8", "memsize":40, "flags":{"wb_protected":true}}
{"address":"0x7ffe4904c078", "type":"IMEMO", "imemo_type":"parser_strterm", "memsize":40, "flags":{"wb_protected":true}}
{"address":"0x7ffe4904c0a0", "type":"STRING", "class":"0x7ffe490be858", "bytesize":68, "value":"      raise ArgumentError, \"wrong output option: #{output.inspect}\"\n", "encoding":"UTF-8", "memsize":109, "flags":{"wb_protected":true}}
{"address":"0x7ffe4904c0c8", "type":"STRING", "class":"0x7ffe490be858", "embedded":true, "bytesize":9, "value":"    else\n", "encoding":"UTF-8", "memsize":40, "flags":{"wb_protected":true}}
{"address":"0x7ffe4904c0f0", "type":"STRING", "class":"0x7ffe490be858", "embedded":true, "bytesize":13, "value":"      output\n", "encoding":"UTF-8", "memsize":40, "flags":{"wb_protected":true}}
{"address":"0x7ffe4904c118", "type":"STRING", "class":"0x7ffe490be858", "embedded":true, "bytesize":0, "value":"", "encoding":"UTF-8", "memsize":40, "flags":{"wb_protected":true}}
{"address":"0x7ffe4904c140", "type":"STRING", "class":"0x7ffe490be858", "embedded":true, "bytesize":12, "value":"    when IO\n", "encoding":"UTF-8", "memsize":40, "flags":{"wb_protected":true}}
{"address":"0x7ffe4904c168", "type":"IMEMO", "imemo_type":"parser_strterm", "memsize":40, "flags":{"wb_protected":true}}
{"address":"0x7ffe4904c190", "type":"STRING", "class":"0x7ffe490be858", "embedded":true, "bytesize":10, "value":"      +''\n", "encoding":"UTF-8", "memsize":40, "flags":{"wb_protected":true}}
{"address":"0x7ffe4904c1b8", "type":"STRING", "class":"0x7ffe490be858", "embedded":true, "bytesize":17, "value":"    when :string\n", "encoding":"UTF-8", "memsize":40, "flags":{"wb_protected":true}}
{"address":"0x7ffe4904c1e0", "type":"STRING", "class":"0x7ffe490be858", "embedded":true, "bytesize":13, "value":"      STDOUT\n", "encoding":"UTF-8", "memsize":40, "flags":{"wb_protected":true}}
{"address":"0x7ffe4904c208", "type":"STRING", "class":"0x7ffe490be858", "frozen":true, "embedded":true, "fstring":true, "bytesize":6, "value":"stdout", "encoding":"US-ASCII", "memsize":40, "flags":{"wb_protected":true}}
{"address":"0x7ffe4904c230", "type":"STRING", "class":"0x7ffe490be858", "embedded":true, "bytesize":17, "value":"    when :stdout\n", "encoding":"UTF-8", "memsize":40, "flags":{"wb_protected":true}}
{"address":"0x7ffe4904c258", "type":"STRING", "class":"0x7ffe490be858", "embedded":true, "bytesize":5, "value":".json", "encoding":"UTF-8", "memsize":40, "flags":{"wb_protected":true}}
{"address":"0x7ffe4904c280", "type":"STRING", "class":"0x7ffe490be858", "embedded":true, "bytesize":7, "value":"rubyobj", "encoding":"UTF-8", "memsize":40, "flags":{"wb_protected":true}}
{"address":"0x7ffe4904c2a8", "type":"IMEMO", "imemo_type":"parser_strterm", "memsize":40, "flags":{"wb_protected":true}}
{"address":"0x7ffe4904c2d0", "type":"STRING", "class":"0x7ffe490be858", "frozen":true, "embedded":true, "fstring":true, "bytesize":6, "value":"create", "encoding":"US-ASCII", "memsize":40, "flags":{"wb_protected":true}}
{"address":"0x7ffe4904c2f8", "type":"STRING", "class":"0x7ffe490be858", "frozen":true, "embedded":true, "fstring":true, "bytesize":8, "value":"Tempfile", "encoding":"US-ASCII", "memsize":40, "flags":{"wb_protected":true}}
{"address":"0x7ffe4904c320", "type":"STRING", "class":"0x7ffe490be858", "bytesize":41, "value":"      Tempfile.create(%w(rubyobj .json))\n", "encoding":"UTF-8", "memsize":82, "flags":{"wb_protected":true}}
{"address":"0x7ffe4904c348", "type":"STRING", "class":"0x7ffe490be858", "embedded":true, "bytesize":8, "value":"tempfile", "encoding":"UTF-8", "memsize":40, "flags":{"wb_protected":true}}
{"address":"0x7ffe4904c370", "type":"IMEMO", "imemo_type":"parser_strterm", "memsize":40, "flags":{"wb_protected":true}}
{"address":"0x7ffe4904c398", "type":"STRING", "class":"0x7ffe490be858", "bytesize":25, "value":"      require 'tempfile'\n", "encoding":"UTF-8", "memsize":66, "flags":{"wb_protected":true}}
{"address":"0x7ffe4904c3c0", "type":"HASH", "size":0, "memsize":168, "flags":{"wb_protected":true}}
{"address":"0x7ffe4904c3e8", "type":"STRING", "class":"0x7ffe490be858", "embedded":true, "bytesize":20, "value":"    when :file, nil\n", "encoding":"UTF-8", "memsize":40, "flags":{"wb_protected":true}}
{"address":"0x7ffe4904c410", "type":"STRING", "class":"0x7ffe490be858", "embedded":true, "bytesize":22, "value":"    out = case output\n", "encoding":"UTF-8", "memsize":40, "flags":{"wb_protected":true}}
{"address":"0x7ffe4904c438", "type":"IMEMO", "imemo_type":"tmpbuf", "memsize":40, "flags":{"wb_protected":true}}
{"address":"0x7ffe4904c460", "type":"STRING", "class":"0x7ffe490be858", "bytesize":33, "value":"  def dump(obj, output: :string)\n", "encoding":"UTF-8", "memsize":74, "flags":{"wb_protected":true}}
{"address":"0x7ffe4904c488", "type":"STRING", "class":"0x7ffe490be858", "bytesize":64, "value":"  # not guaranteed to be compatible in future versions of ruby.\n", "encoding":"UTF-8", "memsize":105, "flags":{"wb_protected":true}}
{"address":"0x7ffe4904c4b0", "type":"STRING", "class":"0x7ffe490be858", "bytesize":64, "value":"  # In particular, the function signature and output format are\n", "encoding":"UTF-8", "memsize":105, "flags":{"wb_protected":true}}
{"address":"0x7ffe4904c4d8", "type":"STRING", "class":"0x7ffe490be858", "bytesize":61, "value":"  # This is an experimental method and is subject to change.\n", "encoding":"UTF-8", "memsize":102, "flags":{"wb_protected":true}}
{"address":"0x7ffe4904c500", "type":"STRING", "class":"0x7ffe490be858", "bytesize":54, "value":"  # This method is only expected to work with C Ruby.\n", "encoding":"UTF-8", "memsize":95, "flags":{"wb_protected":true}}
{"address":"0x7ffe4904c528", "type":"STRING", "class":"0x7ffe490be858", "embedded":true, "bytesize":4, "value":"  #\n", "encoding":"UTF-8", "memsize":40, "flags":{"wb_protected":true}}
{"address":"0x7ffe4904c550", "type":"STRING", "class":"0x7ffe490be858", "bytesize":48, "value":"  # Dump the contents of a ruby object as JSON.\n", "encoding":"UTF-8", "memsize":89, "flags":{"wb_protected":true}}
{"address":"0x7ffe4904c578", "type":"STRING", "class":"0x7ffe490be858", "embedded":true, "bytesize":4, "value":"  #\n", "encoding":"UTF-8", "memsize":40, "flags":{"wb_protected":true}}
{"address":"0x7ffe4904c5a0", "type":"STRING", "class":"0x7ffe490be858", "bytesize":56, "value":"  #   ObjectSpace.dump(obj, output: :stdout)   # => nil\n", "encoding":"UTF-8", "memsize":97, "flags":{"wb_protected":true}}
{"address":"0x7ffe4904c5c8", "type":"STRING", "class":"0x7ffe490be858", "bytesize":100, "value":"  #   ObjectSpace.dump(obj, output: :file)     # => #<File:/tmp/rubyobj20131125-88733-1xkfmpv.json>\n", "encoding":"UTF-8", "memsize":141, "flags":{"wb_protected":true}}
{"address":"0x7ffe4904c5f0", "type":"STRING", "class":"0x7ffe490be858", "bytesize":62, "value":"  #   ObjectSpace.dump(obj[, output: :string]) # => \"{ ... }\"\n", "encoding":"UTF-8", "memsize":103, "flags":{"wb_protected":true}}
{"address":"0x7ffe4904c618", "type":"STRING", "class":"0x7ffe490be858", "embedded":true, "bytesize":14, "value":"  # call-seq:\n", "encoding":"UTF-8", "memsize":40, "flags":{"wb_protected":true}}
{"address":"0x7ffe4904c640", "type":"STRING", "class":"0x7ffe490be858", "embedded":true, "bytesize":1, "value":"\n", "encoding":"UTF-8", "memsize":40, "flags":{"wb_protected":true}}
{"address":"0x7ffe4904c668", "type":"STRING", "class":"0x7ffe490be858", "embedded":true, "bytesize":18, "value":"  module_function\n", "encoding":"UTF-8", "memsize":40, "flags":{"wb_protected":true}}
{"address":"0x7ffe4904c690", "type":"STRING", "class":"0x7ffe490be858", "embedded":true, "bytesize":1, "value":"\n", "encoding":"UTF-8", "memsize":40, "flags":{"wb_protected":true}}
{"address":"0x7ffe4904c6b8", "type":"STRING", "class":"0x7ffe490be858", "embedded":true, "bytesize":6, "value":"  end\n", "encoding":"UTF-8", "memsize":40, "flags":{"wb_protected":true}}
{"address":"0x7ffe4904c6e0", "type":"STRING", "class":"0x7ffe490be858", "frozen":true, "embedded":true, "fstring":true, "bytesize":9, "value":"_dump_all", "encoding":"US-ASCII", "memsize":40, "flags":{"wb_protected":true}}
{"address":"0x7ffe4904c708", "type":"STRING", "class":"0x7ffe490be858", "embedded":true, "bytesize":23, "value":"    private :_dump_all\n", "encoding":"UTF-8", "memsize":40, "flags":{"wb_protected":true}}
{"address":"0x7ffe4904c730", "type":"STRING", "class":"0x7ffe490be858", "embedded":true, "bytesize":19, "value":"    private :_dump\n", "encoding":"UTF-8", "memsize":40, "flags":{"wb_protected":true}}
{"address":"0x7ffe4904c758", "type":"STRING", "class":"0x7ffe490be858", "embedded":true, "bytesize":16, "value":"  class << self\n", "encoding":"UTF-8", "memsize":40, "flags":{"wb_protected":true}}
{"address":"0x7ffe4904c780", "type":"STRING", "class":"0x7ffe490be858", "embedded":true, "bytesize":19, "value":"module ObjectSpace\n", "encoding":"UTF-8", "memsize":40, "flags":{"wb_protected":true}}
{"address":"0x7ffe4904c7a8", "type":"STRING", "class":"0x7ffe490be858", "embedded":true, "bytesize":1, "value":"\n", "encoding":"UTF-8", "memsize":40, "flags":{"wb_protected":true}}
{"address":"0x7ffe4904c7d0", "type":"STRING", "class":"0x7ffe490be858", "embedded":true, "bytesize":11, "value":"objspace.so", "encoding":"UTF-8", "memsize":40, "flags":{"wb_protected":true}}
{"address":"0x7ffe4904c7f8", "type":"IMEMO", "imemo_type":"parser_strterm", "memsize":40, "flags":{"wb_protected":true}}
{"address":"0x7ffe4904c820", "type":"STRING", "class":"0x7ffe490be858", "embedded":true, "bytesize":22, "value":"require 'objspace.so'\n", "encoding":"UTF-8", "memsize":40, "flags":{"wb_protected":true}}
{"address":"0x7ffe4904c848", "type":"STRING", "class":"0x7ffe490be858", "embedded":true, "bytesize":1, "value":"\n", "encoding":"UTF-8", "memsize":40, "flags":{"wb_protected":true}}
{"address":"0x7ffe4904c870", "type":"HASH", "size":2, "references":["0x7ffe4904cf78"], "memsize":192, "flags":{"wb_protected":true}}
{"address":"0x7ffe4904c898", "type":"STRING", "class":"0x7ffe490be858", "embedded":true, "bytesize":4, "value":"true", "encoding":"UTF-8", "memsize":40, "flags":{"wb_protected":true}}
{"address":"0x7ffe4904c8c0", "type":"STRING", "class":"0x7ffe490be858", "embedded":true, "bytesize":21, "value":"frozen_string_literal", "encoding":"UTF-8", "memsize":40, "flags":{"wb_protected":true}}
{"address":"0x7ffe4904c8e8", "type":"STRING", "class":"0x7ffe490be858", "bytesize":30, "value":"# frozen_string_literal: true\n", "encoding":"UTF-8", "memsize":71, "flags":{"wb_protected":true}}
{"address":"0x7ffe4904c910", "type":"IMEMO", "imemo_type":"ast", "references":["0x7ffe4904c870"], "memsize":40, "flags":{"wb_protected":true}}
{"address":"0x7ffe4904c938", "type":"STRING", "class":"0x7ffe490be858", "bytesize":1, "value":"-", "memsize":40, "flags":{"wb_protected":true}}
{"address":"0x7ffe4904c960", "type":"STRING", "class":"0x7ffe490be858", "frozen":true, "bytesize":44, "value":"/opt/rubies/3.0.0/lib/ruby/3.0.0/objspace.rb", "memsize":85, "flags":{"wb_protected":true}}
{"address":"0x7ffe4904c988", "type":"FILE", "class":"0x7ffe49095a20", "fd":-1, "references":["0x7ffe4904c988", "0x7ffe4904c960"], "memsize":8432}
{"address":"0x7ffe4904c9b0", "type":"STRING", "class":"0x7ffe490be858", "shared":true, "encoding":"UTF-8", "references":["0x7ffe4904ca50"], "memsize":40, "flags":{"wb_protected":true}}
{"address":"0x7ffe4904c9d8", "type":"DATA", "struct":"parser", "references":["0x7ffe4904c988", "0x7ffe4904ca50", "0x7ffe4904c870", "0x7ffe490966f0"], "memsize":436}
{"address":"0x7ffe4904ca00", "type":"DATA", "struct":"thread_shield", "memsize":40}
{"address":"0x7ffe4904ca28", "type":"DATA", "struct":"mutex", "memsize":72}
{"address":"0x7ffe4904ca50", "type":"STRING", "class":"0x7ffe490be858", "frozen":true, "fstring":true, "bytesize":44, "value":"/opt/rubies/3.0.0/lib/ruby/3.0.0/objspace.rb", "encoding":"US-ASCII", "memsize":85, "flags":{"wb_protected":true}}
{"address":"0x7ffe4904ca78", "type":"STRING", "embedded":true, "bytesize":11, "value":"objspace.rb", "encoding":"UTF-8", "memsize":40, "flags":{"wb_protected":true}}
{"address":"0x7ffe4904caa0", "type":"STRING", "embedded":true, "bytesize":0, "value":"", "memsize":40, "flags":{"wb_protected":true}}
{"address":"0x7ffe4904cac8", "type":"STRING", "class":"0x7ffe490be858", "frozen":true, "embedded":true, "bytesize":8, "value":"objspace", "encoding":"UTF-8", "memsize":40, "flags":{"wb_protected":true}}
{"address":"0x7ffe4904caf0", "type":"IMEMO", "class":"0x7ffe490c4488", "imemo_type":"callcache", "references":["0x7ffe4904cb18"], "memsize":40, "flags":{"wb_protected":true}}
{"address":"0x7ffe4904cb18", "type":"IMEMO", "class":"0x7ffe490c65d0", "imemo_type":"ment", "references":["0x7ffe490c6620"], "memsize":48, "flags":{"wb_protected":true}}
{"address":"0x7ffe4904cb40", "type":"STRING", "class":"0x7ffe490be858", "embedded":true, "bytesize":8, "value":"objspace", "encoding":"UTF-8", "memsize":40, "flags":{"wb_protected":true}}
{"address":"0x7ffe4904cb68", "type":"IMEMO", "class":"0x7ffe4904ceb0", "imemo_type":"env", "references":["0x7ffe49046150", "0x7ffe49045ef8", "0x7ffe4904cb68", "0x7ffe4907c098"], "memsize":88, "flags":{"wb_protected":true}}
{"address":"0x7ffe4904cb90", "type":"STRING", "class":"0x7ffe490be858", "frozen":true, "embedded":true, "fstring":true, "bytesize":3, "value":"$-a", "encoding":"US-ASCII", "memsize":40, "flags":{"wb_protected":true}}
{"address":"0x7ffe4904cbb8", "type":"STRING", "class":"0x7ffe490be858", "frozen":true, "embedded":true, "fstring":true, "bytesize":3, "value":"$-l", "encoding":"US-ASCII", "memsize":40, "flags":{"wb_protected":true}}
{"address":"0x7ffe4904cbe0", "type":"STRING", "class":"0x7ffe490be858", "frozen":true, "embedded":true, "fstring":true, "bytesize":3, "value":"$-p", "encoding":"US-ASCII", "memsize":40, "flags":{"wb_protected":true}}
{"address":"0x7ffe4904cc08", "type":"IMEMO", "class":"0x7ffe4887dc90", "imemo_type":"callinfo", "memsize":40, "flags":{"wb_protected":true}}
{"address":"0x7ffe4904cc30", "type":"STRING", "class":"0x7ffe490be858", "frozen":true, "embedded":true, "fstring":true, "bytesize":2, "value":"w+", "encoding":"UTF-8", "memsize":40, "flags":{"wb_protected":true}}
{"address":"0x7ffe4904cc58", "type":"STRING", "class":"0x7ffe490be858", "frozen":true, "embedded":true, "fstring":true, "bytesize":14, "value":"/tmp/test.heap", "encoding":"UTF-8", "memsize":40, "flags":{"wb_protected":true}}
{"address":"0x7ffe4904cc80", "type":"STRING", "class":"0x7ffe490be858", "frozen":true, "embedded":true, "fstring":true, "bytesize":8, "value":"objspace", "encoding":"UTF-8", "memsize":40, "flags":{"wb_protected":true}}
{"address":"0x7ffe4904cca8", "type":"ARRAY", "class":"0x7ffe490a67f8", "frozen":true, "length":2, "embedded":true, "references":["0x7ffe4904d400", "0x7ffe4904ccd0"], "memsize":40, "flags":{"wb_protected":true}}
{"address":"0x7ffe4904ccd0", "type":"STRING", "class":"0x7ffe490be858", "frozen":true, "fstring":true, "bytesize":30, "value":"/private/tmp/dump-singleton.rb", "encoding":"UTF-8", "memsize":71, "flags":{"wb_protected":true}}
{"address":"0x7ffe4904ccf8", "type":"STRING", "class":"0x7ffe490be858", "frozen":true, "embedded":true, "fstring":true, "bytesize":11, "value":"debug_level", "encoding":"US-ASCII", "memsize":40, "flags":{"wb_protected":true}}
{"address":"0x7ffe4904cd20", "type":"STRING", "class":"0x7ffe490be858", "frozen":true, "fstring":true, "bytesize":27, "value":"debug_frozen_string_literal", "encoding":"US-ASCII", "memsize":68, "flags":{"wb_protected":true}}
{"address":"0x7ffe4904cd48", "type":"STRING", "class":"0x7ffe490be858", "frozen":true, "embedded":true, "fstring":true, "bytesize":21, "value":"frozen_string_literal", "encoding":"US-ASCII", "memsize":40, "flags":{"wb_protected":true}}
{"address":"0x7ffe4904cd70", "type":"STRING", "class":"0x7ffe490be858", "frozen":true, "embedded":true, "fstring":true, "bytesize":13, "value":"stack_caching", "encoding":"US-ASCII", "memsize":40, "flags":{"wb_protected":true}}
{"address":"0x7ffe4904cd98", "type":"STRING", "class":"0x7ffe490be858", "frozen":true, "fstring":true, "bytesize":24, "value":"instructions_unification", "encoding":"US-ASCII", "memsize":65, "flags":{"wb_protected":true}}
{"address":"0x7ffe4904cdc0", "type":"STRING", "class":"0x7ffe490be858", "frozen":true, "embedded":true, "fstring":true, "bytesize":20, "value":"operands_unification", "encoding":"US-ASCII", "memsize":40, "flags":{"wb_protected":true}}
{"address":"0x7ffe4904cde8", "type":"STRING", "class":"0x7ffe490be858", "frozen":true, "embedded":true, "fstring":true, "bytesize":23, "value":"specialized_instruction", "encoding":"US-ASCII", "memsize":40, "flags":{"wb_protected":true}}
{"address":"0x7ffe4904ce10", "type":"ARRAY", "length":96, "references":["0x7ffe4904ce38", "0x7ffe4904cde8", "0x7ffe4904cdc0", "0x7ffe4904cd98", "0x7ffe4904cd70", "0x7ffe4904cd48", "0x7ffe4904cd20", "0x7ffe4904cfc8", "0x7ffe4904cf78", "0x7ffe4904ccf8", "0x7ffe4904cbe0", "0x7ffe4904cbb8", "0x7ffe4904cb90", "0x7ffe4904c6e0", "0x7ffe4904c2f8", "0x7ffe4904c2d0", "0x7ffe4904c208", "0x7ffe49047f78", "0x7ffe490479d8", "0x7ffe490479b0", "0x7ffe49047000", "0x7ffe49046f88", "0x7ffe49046f10", "0x7ffe49046e98", "0x7ffe49046e20", "0x7ffe49046da8", "0x7ffe49046d30", "0x7ffe49046cb8", "0x7ffe49046c40", "0x7ffe49046bc8", "0x7ffe49046b50", "0x7ffe49046ad8", "0x7ffe490469e8", "0x7ffe49046998", "0x7ffe490468d0", "0x7ffe49046858", "0x7ffe490467e0", "0x7ffe49046768", "0x7ffe490466f0", "0x7ffe49046678", "0x7ffe49046600", "0x7ffe49046588", "0x7ffe49046470", "0x7ffe49046448", "0x7ffe49046420", "0x7ffe490463f8", "0x7ffe490463d0", "0x7ffe490463a8", "0x7ffe49045de0"], "memsize":8232, "flags":{"wb_protected":true}}
{"address":"0x7ffe4904ce38", "type":"STRING", "class":"0x7ffe490be858", "frozen":true, "embedded":true, "fstring":true, "bytesize":21, "value":"tailcall_optimization", "encoding":"US-ASCII", "memsize":40, "flags":{"wb_protected":true}}
{"address":"0x7ffe4904ce60", "type":"STRING", "class":"0x7ffe490be858", "frozen":true, "embedded":true, "fstring":true, "bytesize":21, "value":"peephole_optimization", "encoding":"US-ASCII", "memsize":40, "flags":{"wb_protected":true}}
{"address":"0x7ffe4904ce88", "type":"STRING", "class":"0x7ffe490be858", "frozen":true, "embedded":true, "fstring":true, "bytesize":18, "value":"inline_const_cache", "encoding":"US-ASCII", "memsize":40, "flags":{"wb_protected":true}}
{"address":"0x7ffe4904ceb0", "type":"IMEMO", "imemo_type":"iseq", "references":["0x7ffe4904cc80", "0x7ffe4904cc58", "0x7ffe4904cc30", "0x7ffe4907c200", "0x7ffe4907c200", "0x7ffe4904cca8", "0x7ffe4907c1d8", "0x7ffe4904caf0", "0x7ffe490461f0", "0x7ffe49046178", "0x7ffe49046128", "0x7ffe49046038", "0x7ffe49045fc0", "0x7ffe490461f0", "0x7ffe49046178", "0x7ffe49046128", "0x7ffe49046038", "0x7ffe49045e08", "0x7ffe4904cc08", "0x7ffe49045cf0"], "memsize":1664, "flags":{"wb_protected":true}}
{"address":"0x7ffe4904ced8", "type":"STRING", "class":"0x7ffe490be858", "shared":true, "encoding":"UTF-8", "references":["0x7ffe4904ccd0"], "memsize":40, "flags":{"wb_protected":true}}
{"address":"0x7ffe4904cf00", "type":"ARRAY", "class":"0x7ffe490a67f8", "frozen":true, "length":2, "embedded":true, "references":["0x7ffe4904d400"], "memsize":40, "flags":{"wb_protected":true}}
{"address":"0x7ffe4904cf28", "type":"STRING", "class":"0x7ffe490be858", "embedded":true, "bytesize":22, "value":"/tmp/dump-singleton.rb", "encoding":"UTF-8", "memsize":40, "flags":{"wb_protected":true}}
{"address":"0x7ffe4904cf50", "type":"STRING", "class":"0x7ffe490be858", "embedded":true, "bytesize":22, "value":"/tmp/dump-singleton.rb", "encoding":"UTF-8", "memsize":40, "flags":{"wb_protected":true}}
{"address":"0x7ffe4904cf78", "type":"SYMBOL", "class":"0x7ffe490bc440", "frozen":true, "bytesize":16, "value":"coverage_enabled", "memsize":40, "flags":{"wb_protected":true}}
{"address":"0x7ffe4904cfa0", "type":"STRING", "class":"0x7ffe490be858", "frozen":true, "embedded":true, "bytesize":16, "value":"coverage_enabled", "encoding":"US-ASCII", "memsize":40, "flags":{"wb_protected":true}}
{"address":"0x7ffe4904cfc8", "type":"STRING", "class":"0x7ffe490be858", "frozen":true, "embedded":true, "fstring":true, "bytesize":16, "value":"coverage_enabled", "encoding":"US-ASCII", "memsize":40, "flags":{"wb_protected":true}}
{"address":"0x7ffe4904cff0", "type":"HASH", "size":1, "references":["0x7ffe4904cf78"], "memsize":192, "flags":{"wb_protected":true}}
{"address":"0x7ffe4904d018", "type":"STRING", "class":"0x7ffe490be858", "embedded":true, "bytesize":2, "value":"w+", "encoding":"UTF-8", "memsize":40, "flags":{"wb_protected":true}}
{"address":"0x7ffe4904d040", "type":"IMEMO", "imemo_type":"parser_strterm", "memsize":40, "flags":{"wb_protected":true}}
{"address":"0x7ffe4904d068", "type":"STRING", "class":"0x7ffe490be858", "embedded":true, "bytesize":14, "value":"/tmp/test.heap", "encoding":"UTF-8", "memsize":40, "flags":{"wb_protected":true}}
{"address":"0x7ffe4904d090", "type":"IMEMO", "imemo_type":"parser_strterm", "memsize":40, "flags":{"wb_protected":true}}
{"address":"0x7ffe4904d0b8", "type":"STRING", "class":"0x7ffe490be858", "frozen":true, "embedded":true, "fstring":true, "bytesize":6, "value":"output", "encoding":"US-ASCII", "memsize":40, "flags":{"wb_protected":true}}
{"address":"0x7ffe4904d0e0", "type":"STRING", "class":"0x7ffe490be858", "frozen":true, "embedded":true, "fstring":true, "bytesize":8, "value":"dump_all", "encoding":"US-ASCII", "memsize":40, "flags":{"wb_protected":true}}
{"address":"0x7ffe4904d108", "type":"STRING", "class":"0x7ffe490be858", "bytesize":59, "value":"ObjectSpace.dump_all(output: open('/tmp/test.heap', 'w+'))\n", "encoding":"UTF-8", "memsize":100, "flags":{"wb_protected":true}}
{"address":"0x7ffe4904d130", "type":"STRING", "class":"0x7ffe490be858", "embedded":true, "bytesize":1, "value":"\n", "encoding":"UTF-8", "memsize":40, "flags":{"wb_protected":true}}
{"address":"0x7ffe4904d158", "type":"STRING", "class":"0x7ffe490be858", "bytesize":28, "value":"puts ObjectSpace.dump(obj2)\n", "encoding":"UTF-8", "memsize":69, "flags":{"wb_protected":true}}
{"address":"0x7ffe4904d180", "type":"STRING", "class":"0x7ffe490be858", "frozen":true, "embedded":true, "fstring":true, "bytesize":4, "value":"obj2", "encoding":"US-ASCII", "memsize":40, "flags":{"wb_protected":true}}
{"address":"0x7ffe4904d1a8", "type":"STRING", "class":"0x7ffe490be858", "bytesize":34, "value":"obj2 = Object.new.singleton_class\n", "encoding":"UTF-8", "memsize":75, "flags":{"wb_protected":true}}
{"address":"0x7ffe4904d1d0", "type":"STRING", "class":"0x7ffe490be858", "embedded":true, "bytesize":1, "value":"\n", "encoding":"UTF-8", "memsize":40, "flags":{"wb_protected":true}}
{"address":"0x7ffe4904d1f8", "type":"STRING", "class":"0x7ffe490be858", "frozen":true, "fstring":true, "bytesize":30, "value":"trace_object_allocations_start", "encoding":"US-ASCII", "memsize":71, "flags":{"wb_protected":true}}
{"address":"0x7ffe4904d220", "type":"STRING", "class":"0x7ffe490be858", "bytesize":43, "value":"ObjectSpace.trace_object_allocations_start\n", "encoding":"UTF-8", "memsize":84, "flags":{"wb_protected":true}}
{"address":"0x7ffe4904d248", "type":"STRING", "class":"0x7ffe490be858", "embedded":true, "bytesize":1, "value":"\n", "encoding":"UTF-8", "memsize":40, "flags":{"wb_protected":true}}
{"address":"0x7ffe4904d270", "type":"STRING", "class":"0x7ffe490be858", "bytesize":27, "value":"puts ObjectSpace.dump(obj)\n", "encoding":"UTF-8", "memsize":68, "flags":{"wb_protected":true}}
{"address":"0x7ffe4904d298", "type":"STRING", "class":"0x7ffe490be858", "bytesize":33, "value":"obj = Object.new.singleton_class\n", "encoding":"UTF-8", "memsize":74, "flags":{"wb_protected":true}}
{"address":"0x7ffe4904d2c0", "type":"STRING", "class":"0x7ffe490be858", "embedded":true, "bytesize":1, "value":"\n", "encoding":"UTF-8", "memsize":40, "flags":{"wb_protected":true}}
{"address":"0x7ffe4904d2e8", "type":"STRING", "class":"0x7ffe490be858", "embedded":true, "bytesize":8, "value":"objspace", "encoding":"UTF-8", "memsize":40, "flags":{"wb_protected":true}}
{"address":"0x7ffe4904d310", "type":"IMEMO", "imemo_type":"parser_strterm", "memsize":40, "flags":{"wb_protected":true}}
{"address":"0x7ffe4904d338", "type":"STRING", "class":"0x7ffe490be858", "embedded":true, "bytesize":19, "value":"require 'objspace'\n", "encoding":"UTF-8", "memsize":40, "flags":{"wb_protected":true}}
{"address":"0x7ffe4904d360", "type":"STRING", "class":"0x7ffe490be858", "frozen":true, "embedded":true, "fstring":true, "bytesize":14, "value":"SCRIPT_LINES__", "encoding":"US-ASCII", "memsize":40, "flags":{"wb_protected":true}}
{"address":"0x7ffe4904d388", "type":"IMEMO", "imemo_type":"ast", "references":["0x7ffe4904cff0"], "memsize":40, "flags":{"wb_protected":true}}
{"address":"0x7ffe4904d3b0", "type":"STRING", "class":"0x7ffe490be858", "bytesize":1, "value":"-", "memsize":40, "flags":{"wb_protected":true}}
{"address":"0x7ffe4904d3d8", "type":"ARRAY", "class":"0x7ffe490a67f8", "frozen":true, "length":2, "embedded":true, "references":["0x7ffe4904d400"], "memsize":40, "flags":{"wb_protected":true}}
{"address":"0x7ffe4904d400", "type":"STRING", "class":"0x7ffe490be858", "frozen":true, "embedded":true, "fstring":true, "bytesize":22, "value":"/tmp/dump-singleton.rb", "encoding":"UTF-8", "memsize":40, "flags":{"wb_protected":true}}
{"address":"0x7ffe4904d428", "type":"STRING", "class":"0x7ffe490be858", "embedded":true, "bytesize":22, "value":"/tmp/dump-singleton.rb", "encoding":"UTF-8", "memsize":40, "flags":{"wb_protected":true}}
{"address":"0x7ffe4904d450", "type":"STRING", "class":"0x7ffe490be858", "embedded":true, "bytesize":22, "value":"/tmp/dump-singleton.rb", "encoding":"UTF-8", "memsize":40, "flags":{"wb_protected":true}}
{"address":"0x7ffe4904d478", "type":"IMEMO", "class":"0x8", "imemo_type":"cref", "references":["0x7ffe490c68a0"], "memsize":40, "flags":{"wb_protected":true}}
{"address":"0x7ffe4904d4a0", "type":"ARRAY", "class":"0x7ffe490a67f8", "frozen":true, "length":2, "embedded":true, "references":["0x7ffe4904d7c0"], "memsize":40, "flags":{"wb_protected":true}}
{"address":"0x7ffe4904d4c8", "type":"ARRAY", "class":"0x7ffe490a67f8", "frozen":true, "length":2, "embedded":true, "references":["0x7ffe4904d7c0"], "memsize":40, "flags":{"wb_protected":true}}
{"address":"0x7ffe4904d4f0", "type":"STRING", "class":"0x7ffe490be858", "frozen":true, "embedded":true, "fstring":true, "bytesize":12, "value":"did_you_mean", "encoding":"UTF-8", "memsize":40, "flags":{"wb_protected":true}}
{"address":"0x7ffe4904d518", "type":"STRING", "class":"0x7ffe490be858", "embedded":true, "bytesize":12, "value":"did_you_mean", "encoding":"UTF-8", "memsize":40, "flags":{"wb_protected":true}}
{"address":"0x7ffe4904d540", "type":"STRING", "class":"0x7ffe490be858", "frozen":true, "embedded":true, "bytesize":10, "value":"DidYouMean", "encoding":"US-ASCII", "memsize":40, "flags":{"wb_protected":true}}
{"address":"0x7ffe4904d568", "type":"STRING", "class":"0x7ffe490be858", "frozen":true, "embedded":true, "fstring":true, "bytesize":10, "value":"DidYouMean", "encoding":"US-ASCII", "memsize":40, "flags":{"wb_protected":true}}
{"address":"0x7ffe4904d590", "type":"STRING", "class":"0x7ffe490be858", "embedded":true, "bytesize":10, "value":"DidYouMean", "encoding":"US-ASCII", "memsize":40, "flags":{"wb_protected":true}}
{"address":"0x7ffe4904d5b8", "type":"STRING", "class":"0x7ffe490be858", "frozen":true, "embedded":true, "fstring":true, "bytesize":8, "value":"rubygems", "encoding":"UTF-8", "memsize":40, "flags":{"wb_protected":true}}
{"address":"0x7ffe4904d5e0", "type":"STRING", "class":"0x7ffe490be858", "embedded":true, "bytesize":8, "value":"rubygems", "encoding":"UTF-8", "memsize":40, "flags":{"wb_protected":true}}
{"address":"0x7ffe4904d608", "type":"STRING", "class":"0x7ffe490be858", "frozen":true, "embedded":true, "bytesize":3, "value":"Gem", "encoding":"US-ASCII", "memsize":40, "flags":{"wb_protected":true}}
{"address":"0x7ffe4904d630", "type":"STRING", "class":"0x7ffe490be858", "frozen":true, "embedded":true, "fstring":true, "bytesize":3, "value":"Gem", "encoding":"US-ASCII", "memsize":40, "flags":{"wb_protected":true}}
{"address":"0x7ffe4904d658", "type":"STRING", "class":"0x7ffe490be858", "embedded":true, "bytesize":3, "value":"Gem", "encoding":"US-ASCII", "memsize":40, "flags":{"wb_protected":true}}
{"address":"0x7ffe4904d680", "type":"ARRAY", "class":"0x7ffe490a67f8", "frozen":true, "length":2, "embedded":true, "references":["0x7ffe4904d7c0"], "memsize":40, "flags":{"wb_protected":true}}
{"address":"0x7ffe4904d6a8", "type":"ARRAY", "class":"0x7ffe490a67f8", "frozen":true, "length":2, "embedded":true, "references":["0x7ffe4904d7c0"], "memsize":40, "flags":{"wb_protected":true}}
{"address":"0x7ffe4904d6d0", "type":"STRING", "class":"0x7ffe490be858", "frozen":true, "fstring":true, "bytesize":30, "value":"`did_you_mean' was not loaded.", "encoding":"UTF-8", "memsize":71, "flags":{"wb_protected":true}}
{"address":"0x7ffe4904d6f8", "type":"STRING", "class":"0x7ffe490be858", "shared":true, "encoding":"UTF-8", "references":["0x7ffe4904d6d0"], "memsize":40, "flags":{"wb_protected":true}}
{"address":"0x7ffe4904d720", "type":"IMEMO", "imemo_type":"iseq", "references":["0x7ffe4904d6d0", "0x7ffe4904d748", "0x7ffe4904d7c0", "0x7ffe4904d680", "0x7ffe4904d950"], "memsize":644, "flags":{"wb_protected":true}}
{"address":"0x7ffe4904d748", "type":"STRING", "class":"0x7ffe490be858", "frozen":true, "fstring":true, "bytesize":32, "value":"rescue in <internal:gem_prelude>", "memsize":73, "flags":{"wb_protected":true}}
{"address":"0x7ffe4904d770", "type":"STRING", "class":"0x7ffe490be858", "shared":true, "references":["0x7ffe4904d748"], "memsize":40, "flags":{"wb_protected":true}}
{"address":"0x7ffe4904d798", "type":"ARRAY", "class":"0x7ffe490a67f8", "frozen":true, "length":2, "embedded":true, "references":["0x7ffe4904d7c0"], "memsize":40, "flags":{"wb_protected":true}}
{"address":"0x7ffe4904d7c0", "type":"STRING", "class":"0x7ffe490be858", "frozen":true, "embedded":true, "fstring":true, "bytesize":22, "value":"<internal:gem_prelude>", "encoding":"US-ASCII", "memsize":40, "flags":{"wb_protected":true}}
{"address":"0x7ffe4904d7e8", "type":"STRING", "class":"0x7ffe490be858", "embedded":true, "bytesize":22, "value":"<internal:gem_prelude>", "encoding":"US-ASCII", "memsize":40, "flags":{"wb_protected":true}}
{"address":"0x7ffe4904d810", "type":"ARRAY", "class":"0x7ffe490a67f8", "frozen":true, "length":2, "embedded":true, "references":["0x7ffe4904d7c0"], "memsize":40, "flags":{"wb_protected":true}}
{"address":"0x7ffe4904d838", "type":"STRING", "class":"0x7ffe490be858", "frozen":true, "fstring":true, "bytesize":27, "value":"`RubyGems' were not loaded.", "encoding":"UTF-8", "memsize":68, "flags":{"wb_protected":true}}
{"address":"0x7ffe4904d860", "type":"STRING", "class":"0x7ffe490be858", "shared":true, "encoding":"UTF-8", "references":["0x7ffe4904d838"], "memsize":40, "flags":{"wb_protected":true}}
{"address":"0x7ffe4904d888", "type":"STRING", "class":"0x7ffe490be858", "embedded":true, "bytesize":9, "value":"LoadError", "encoding":"US-ASCII", "memsize":40, "flags":{"wb_protected":true}}
{"address":"0x7ffe4904d8b0", "type":"STRING", "class":"0x7ffe490be858", "embedded":true, "bytesize":2, "value":"$!", "encoding":"US-ASCII", "memsize":40, "flags":{"wb_protected":true}}
{"address":"0x7ffe4904d8d8", "type":"STRING", "class":"0x7ffe490be858", "embedded":true, "bytesize":4, "value":"warn", "encoding":"US-ASCII", "memsize":40, "flags":{"wb_protected":true}}
{"address":"0x7ffe4904d900", "type":"IMEMO", "imemo_type":"iseq", "references":["0x7ffe4904d838", "0x7ffe4904d748", "0x7ffe4904d7c0", "0x7ffe4904d798", "0x7ffe4904d950"], "memsize":644, "flags":{"wb_protected":true}}
{"address":"0x7ffe4904d928", "type":"STRING", "class":"0x7ffe490be858", "embedded":true, "bytesize":7, "value":"require", "encoding":"US-ASCII", "memsize":40, "flags":{"wb_protected":true}}
{"address":"0x7ffe4904d950", "type":"IMEMO", "imemo_type":"iseq", "references":["0x7ffe4904d5b8", "0x7ffe4904d4f0", "0x7ffe4904d7c0", "0x7ffe4904d7c0", "0x7ffe4904d4a0", "0x7ffe4904d900", "0x7ffe4904d720"], "memsize":872, "flags":{"wb_protected":true}}
{"address":"0x7ffe4904d978", "type":"DATA", "struct":"pinned_list", "references":["0x7ffe4904d4c8", "0x7ffe4904d7c0", "0x7ffe4904d5b8", "0x7ffe4904d4f0", "0x7ffe4904d810", "0x7ffe4904d748", "0x7ffe4904d838", "0x7ffe4904d6a8", "0x7ffe4904d6d0", "0x7ffe4904d630", "0x7ffe4904d568", "0x7ffe49087c90", "0x7ffe490b7378", "0x7ffe490c69b8", "0x7ffe490b6860"], "memsize":248, "flags":{"wb_protected":true}}
{"address":"0x7ffe4904d9a0", "type":"DATA", "struct":"pinned_list", "references":["0x7ffe4904d950", "0x7ffe4904d900", "0x7ffe4904d720"], "memsize":80, "flags":{"wb_protected":true}}
{"address":"0x7ffe4904d9c8", "type":"DATA", "struct":"ibf_loader", "references":["0x7ffe4904d9a0", "0x7ffe4904d978"], "memsize":120, "flags":{"wb_protected":true}}
{"address":"0x7ffe4904d9f0", "type":"IMEMO", "class":"0x7ffe490c5a90", "imemo_type":"callcache", "references":["0x7ffe490b5730"], "memsize":40, "flags":{"wb_protected":true}}
{"address":"0x7ffe4904da18", "type":"IMEMO", "imemo_type":"ment", "references":["0x7ffe490c6620", "0x7ffe4904da40"], "memsize":48, "flags":{"wb_protected":true}}
{"address":"0x7ffe4904da40", "type":"IMEMO", "imemo_type":"ment", "references":["0x7ffe490c6620", "0x7ffe4904dd10", "0x7ffe4904da90"], "memsize":48, "flags":{"wb_protected":true}}
{"address":"0x7ffe4904da68", "type":"IMEMO", "imemo_type":"ment", "references":["0x7ffe490c6620", "0x7ffe4904dd10", "0x7ffe4904da90"], "memsize":48, "flags":{"wb_protected":true}}
{"address":"0x7ffe4904da90", "type":"IMEMO", "class":"0x8", "imemo_type":"cref", "references":["0x7ffe490c6620", "0x7ffe4904db08"], "memsize":40, "flags":{"wb_protected":true}}
{"address":"0x7ffe4904dab8", "type":"IMEMO", "class":"0x7ffe49086840", "imemo_type":"ment", "references":["0x7ffe4904dfe0", "0x7ffe4904dae0"], "memsize":48, "flags":{"wb_protected":true}}
{"address":"0x7ffe4904dae0", "type":"IMEMO", "class":"0x8", "imemo_type":"cref", "references":["0x7ffe49086840", "0x7ffe4904db08"], "memsize":40, "flags":{"wb_protected":true}}
{"address":"0x7ffe4904db08", "type":"IMEMO", "class":"0x8", "imemo_type":"cref", "references":["0x7ffe490c68a0"], "memsize":40, "flags":{"wb_protected":true}}
{"address":"0x7ffe4904db30", "type":"ARRAY", "class":"0x7ffe490a67f8", "frozen":true, "length":2, "embedded":true, "references":["0x7ffe4904def0"], "memsize":40, "flags":{"wb_protected":true}}
{"address":"0x7ffe4904db58", "type":"ARRAY", "class":"0x7ffe490a67f8", "frozen":true, "length":2, "embedded":true, "references":["0x7ffe4904def0"], "memsize":40, "flags":{"wb_protected":true}}
{"address":"0x7ffe4904db80", "type":"STRING", "class":"0x7ffe490be858", "embedded":true, "bytesize":15, "value":"<module:Kernel>", "memsize":40, "flags":{"wb_protected":true}}
{"address":"0x7ffe4904dba8", "type":"ARRAY", "class":"0x7ffe490a67f8", "frozen":true, "length":2, "embedded":true, "references":["0x7ffe4904def0"], "memsize":40, "flags":{"wb_protected":true}}
{"address":"0x7ffe4904dbd0", "type":"ARRAY", "class":"0x7ffe490a67f8", "frozen":true, "length":2, "embedded":true, "references":["0x7ffe4904def0"], "memsize":40, "flags":{"wb_protected":true}}
{"address":"0x7ffe4904dbf8", "type":"ARRAY", "class":"0x7ffe490a67f8", "frozen":true, "length":2, "embedded":true, "references":["0x7ffe4904def0"], "memsize":40, "flags":{"wb_protected":true}}
{"address":"0x7ffe4904dc20", "type":"ARRAY", "class":"0x7ffe490a67f8", "frozen":true, "length":2, "embedded":true, "references":["0x7ffe4904def0"], "memsize":40, "flags":{"wb_protected":true}}
{"address":"0x7ffe4904dc48", "type":"STRING", "class":"0x7ffe490be858", "frozen":true, "embedded":true, "fstring":true, "bytesize":2, "value":"pp", "encoding":"UTF-8", "memsize":40, "flags":{"wb_protected":true}}
{"address":"0x7ffe4904dc70", "type":"STRING", "class":"0x7ffe490be858", "embedded":true, "bytesize":2, "value":"pp", "encoding":"UTF-8", "memsize":40, "flags":{"wb_protected":true}}
{"address":"0x7ffe4904dc98", "type":"STRING", "class":"0x7ffe490be858", "frozen":true, "embedded":true, "bytesize":4, "value":"objs", "encoding":"US-ASCII", "memsize":40, "flags":{"wb_protected":true}}
{"address":"0x7ffe4904dcc0", "type":"STRING", "class":"0x7ffe490be858", "frozen":true, "embedded":true, "fstring":true, "bytesize":4, "value":"objs", "encoding":"US-ASCII", "memsize":40, "flags":{"wb_protected":true}}
{"address":"0x7ffe4904dce8", "type":"STRING", "class":"0x7ffe490be858", "embedded":true, "bytesize":4, "value":"objs", "encoding":"US-ASCII", "memsize":40, "flags":{"wb_protected":true}}
{"address":"0x7ffe4904dd10", "type":"IMEMO", "imemo_type":"iseq", "references":["0x7ffe4904dc48", "0x7ffe4904dd60", "0x7ffe4904dd60", "0x7ffe4904dbf8"], "memsize":548, "flags":{"wb_protected":true}}
{"address":"0x7ffe4904dd38", "type":"STRING", "class":"0x7ffe490be858", "frozen":true, "embedded":true, "bytesize":2, "value":"pp", "encoding":"US-ASCII", "memsize":40, "flags":{"wb_protected":true}}
{"address":"0x7ffe4904dd60", "type":"STRING", "class":"0x7ffe490be858", "frozen":true, "embedded":true, "fstring":true, "bytesize":2, "value":"pp", "encoding":"US-ASCII", "memsize":40, "flags":{"wb_protected":true}}
{"address":"0x7ffe4904dd88", "type":"STRING", "class":"0x7ffe490be858", "embedded":true, "bytesize":2, "value":"pp", "encoding":"US-ASCII", "memsize":40, "flags":{"wb_protected":true}}
{"address":"0x7ffe4904ddb0", "type":"STRING", "class":"0x7ffe490be858", "embedded":true, "bytesize":7, "value":"private", "encoding":"US-ASCII", "memsize":40, "flags":{"wb_protected":true}}
{"address":"0x7ffe4904ddd8", "type":"IMEMO", "imemo_type":"iseq", "references":["0x7ffe4904dd10", "0x7ffe4904f3b8", "0x7ffe4904f3b8", "0x7ffe4904dba8", "0x7ffe4904e0f8", "0x7ffe4905c6a8", "0x7ffe4904d9f0"], "memsize":600, "flags":{"wb_protected":true}}
{"address":"0x7ffe4904de00", "type":"STRING", "class":"0x7ffe490be858", "embedded":true, "bytesize":6, "value":"Kernel", "encoding":"US-ASCII", "memsize":40, "flags":{"wb_protected":true}}
{"address":"0x7ffe4904de28", "type":"STRING", "class":"0x7ffe490be858", "frozen":true, "embedded":true, "fstring":true, "bytesize":15, "value":"<class:Binding>", "memsize":40, "flags":{"wb_protected":true}}
{"address":"0x7ffe4904de50", "type":"STRING", "class":"0x7ffe490be858", "embedded":true, "bytesize":15, "value":"<class:Binding>", "memsize":40, "flags":{"wb_protected":true}}
{"address":"0x7ffe4904de78", "type":"ARRAY", "class":"0x7ffe490a67f8", "frozen":true, "length":2, "embedded":true, "references":["0x7ffe4904def0"], "memsize":40, "flags":{"wb_protected":true}}
{"address":"0x7ffe4904dea0", "type":"ARRAY", "class":"0x7ffe490a67f8", "frozen":true, "length":2, "embedded":true, "references":["0x7ffe4904def0"], "memsize":40, "flags":{"wb_protected":true}}
{"address":"0x7ffe4904dec8", "type":"ARRAY", "class":"0x7ffe490a67f8", "frozen":true, "length":2, "embedded":true, "references":["0x7ffe4904def0"], "memsize":40, "flags":{"wb_protected":true}}
{"address":"0x7ffe4904def0", "type":"STRING", "class":"0x7ffe490be858", "frozen":true, "embedded":true, "fstring":true, "bytesize":18, "value":"<internal:prelude>", "encoding":"US-ASCII", "memsize":40, "flags":{"wb_protected":true}}
{"address":"0x7ffe4904df18", "type":"STRING", "class":"0x7ffe490be858", "embedded":true, "bytesize":18, "value":"<internal:prelude>", "encoding":"US-ASCII", "memsize":40, "flags":{"wb_protected":true}}
{"address":"0x7ffe4904df40", "type":"ARRAY", "class":"0x7ffe490a67f8", "frozen":true, "length":2, "embedded":true, "references":["0x7ffe4904def0"], "memsize":40, "flags":{"wb_protected":true}}
{"address":"0x7ffe4904df68", "type":"STRING", "class":"0x7ffe490be858", "frozen":true, "embedded":true, "fstring":true, "bytesize":3, "value":"irb", "encoding":"UTF-8", "memsize":40, "flags":{"wb_protected":true}}
{"address":"0x7ffe4904df90", "type":"STRING", "class":"0x7ffe490be858", "embedded":true, "bytesize":3, "value":"irb", "encoding":"UTF-8", "memsize":40, "flags":{"wb_protected":true}}
{"address":"0x7ffe4904dfb8", "type":"STRING", "class":"0x7ffe490be858", "embedded":true, "bytesize":7, "value":"require", "encoding":"US-ASCII", "memsize":40, "flags":{"wb_protected":true}}
{"address":"0x7ffe4904dfe0", "type":"IMEMO", "imemo_type":"iseq", "references":["0x7ffe4904df68", "0x7ffe4904e030", "0x7ffe4904e030", "0x7ffe4904dec8"], "memsize":508, "flags":{"wb_protected":true}}
{"address":"0x7ffe4904e008", "type":"STRING", "class":"0x7ffe490be858", "frozen":true, "embedded":true, "bytesize":3, "value":"irb", "encoding":"US-ASCII", "memsize":40, "flags":{"wb_protected":true}}
{"address":"0x7ffe4904e030", "type":"STRING", "class":"0x7ffe490be858", "frozen":true, "embedded":true, "fstring":true, "bytesize":3, "value":"irb", "encoding":"US-ASCII", "memsize":40, "flags":{"wb_protected":true}}
{"address":"0x7ffe4904e058", "type":"STRING", "class":"0x7ffe490be858", "embedded":true, "bytesize":3, "value":"irb", "encoding":"US-ASCII", "memsize":40, "flags":{"wb_protected":true}}
{"address":"0x7ffe4904e080", "type":"STRING", "class":"0x7ffe490be858", "embedded":true, "bytesize":21, "value":"core#set_method_alias", "encoding":"US-ASCII", "memsize":40, "flags":{"wb_protected":true}}
{"address":"0x7ffe4904e0a8", "type":"IMEMO", "imemo_type":"iseq", "references":["0x7ffe4904dfe0", "0x7ffe4904de28", "0x7ffe4904de28", "0x7ffe4904de78", "0x7ffe4904e0f8", "0x7ffe4905c6a8"], "memsize":512, "flags":{"wb_protected":true}}
{"address":"0x7ffe4904e0d0", "type":"STRING", "class":"0x7ffe490be858", "embedded":true, "bytesize":7, "value":"Binding", "encoding":"US-ASCII", "memsize":40, "flags":{"wb_protected":true}}
{"address":"0x7ffe4904e0f8", "type":"IMEMO", "imemo_type":"iseq", "references":["0x7ffe4904e0a8", "0x7ffe4904ddd8", "0x7ffe4904def0", "0x7ffe4904def0", "0x7ffe4904db30"], "memsize":512, "flags":{"wb_protected":true}}
{"address":"0x7ffe4904e120", "type":"DATA", "struct":"pinned_list", "references":["0x7ffe4904db58", "0x7ffe4904def0", "0x7ffe4904dea0", "0x7ffe4904de28", "0x7ffe4904dbd0", "0x7ffe4904f3b8", "0x7ffe4904df40", "0x7ffe4904e030", "0x7ffe4904df68", "0x7ffe4904dc20", "0x7ffe4904dd60", "0x7ffe4904dc48", "0x7ffe49086868", "0x7ffe490c6648", "0x7ffe490c6b70", "0x7ffe490b5758", "0x7ffe49087c90", "0x7ffe4904dcc0"], "memsize":280, "flags":{"wb_protected":true}}
{"address":"0x7ffe4904e148", "type":"DATA", "struct":"pinned_list", "references":["0x7ffe4904e0f8", "0x7ffe4904e0a8", "0x7ffe4904ddd8", "0x7ffe4904dfe0", "0x7ffe4904dd10"], "memsize":96, "flags":{"wb_protected":true}}
{"address":"0x7ffe4904e170", "type":"DATA", "struct":"ibf_loader", "references":["0x7ffe4904e148", "0x7ffe4904e120"], "memsize":120, "flags":{"wb_protected":true}}
{"address":"0x7ffe4904e198", "type":"IMEMO", "class":"0x7ffe490c5a90", "imemo_type":"ment", "references":["0x7ffe4904e490", "0x7ffe4904e2d8"], "memsize":48, "flags":{"wb_protected":true}}
{"address":"0x7ffe4904e1c0", "type":"IMEMO", "imemo_type":"ment", "references":["0x7ffe490c6620", "0x7ffe4904e490", "0x7ffe4904e2d8"], "memsize":48, "flags":{"wb_protected":true}}
{"address":"0x7ffe4904e1e8", "type":"IMEMO", "imemo_type":"ment", "references":["0x7ffe490c6620", "0x7ffe4904e530", "0x7ffe4904e2d8"], "memsize":48, "flags":{"wb_protected":true}}
{"address":"0x7ffe4904e210", "type":"IMEMO", "imemo_type":"ment", "references":["0x7ffe490c6620", "0x7ffe4904e620", "0x7ffe4904e2d8"], "memsize":48, "flags":{"wb_protected":true}}
{"address":"0x7ffe4904e238", "type":"IMEMO", "imemo_type":"ment", "references":["0x7ffe490c6620", "0x7ffe4904e710", "0x7ffe4904e2d8"], "memsize":48, "flags":{"wb_protected":true}}
{"address":"0x7ffe4904e260", "type":"IMEMO", "imemo_type":"ment", "references":["0x7ffe490c6620", "0x7ffe4904e800", "0x7ffe4904e2d8"], "memsize":48, "flags":{"wb_protected":true}}
{"address":"0x7ffe4904e288", "type":"IMEMO", "imemo_type":"ment", "references":["0x7ffe490c6620", "0x7ffe4904e918", "0x7ffe4904e2d8"], "memsize":48, "flags":{"wb_protected":true}}
{"address":"0x7ffe4904e2b0", "type":"IMEMO", "imemo_type":"ment", "references":["0x7ffe490c6620", "0x7ffe4904ea08", "0x7ffe4904e2d8"], "memsize":48, "flags":{"wb_protected":true}}
{"address":"0x7ffe4904e2d8", "type":"IMEMO", "class":"0x8", "imemo_type":"cref", "references":["0x7ffe490c6620", "0x7ffe4904e300"], "memsize":40, "flags":{"wb_protected":true}}
{"address":"0x7ffe4904e300", "type":"IMEMO", "class":"0x8", "imemo_type":"cref", "references":["0x7ffe490c68a0"], "memsize":40, "flags":{"wb_protected":true}}
{"address":"0x7ffe4904e328", "type":"ARRAY", "class":"0x7ffe490a67f8", "frozen":true, "length":2, "embedded":true, "references":["0x7ffe4904e990"], "memsize":40, "flags":{"wb_protected":true}}
{"address":"0x7ffe4904e350", "type":"ARRAY", "class":"0x7ffe490a67f8", "frozen":true, "length":2, "embedded":true, "references":["0x7ffe4904e990"], "memsize":40, "flags":{"wb_protected":true}}
{"address":"0x7ffe4904e378", "type":"STRING", "class":"0x7ffe490be858", "embedded":true, "bytesize":15, "value":"<module:Kernel>", "memsize":40, "flags":{"wb_protected":true}}
{"address":"0x7ffe4904e3a0", "type":"ARRAY", "class":"0x7ffe490a67f8", "frozen":true, "length":2, "embedded":true, "references":["0x7ffe4904e990"], "memsize":40, "flags":{"wb_protected":true}}
{"address":"0x7ffe4904e3c8", "type":"ARRAY", "class":"0x7ffe490a67f8", "frozen":true, "length":2, "embedded":true, "references":["0x7ffe4904e990"], "memsize":40, "flags":{"wb_protected":true}}
{"address":"0x7ffe4904e3f0", "type":"ARRAY", "class":"0x7ffe490a67f8", "frozen":true, "length":2, "embedded":true, "references":["0x7ffe4904e990"], "memsize":40, "flags":{"wb_protected":true}}
{"address":"0x7ffe4904e418", "type":"ARRAY", "class":"0x7ffe490a67f8", "frozen":true, "length":2, "embedded":true, "references":["0x7ffe4904e990"], "memsize":40, "flags":{"wb_protected":true}}
{"address":"0x7ffe4904e440", "type":"STRING", "class":"0x7ffe490be858", "embedded":true, "bytesize":3, "value":"arg", "encoding":"US-ASCII", "memsize":40, "flags":{"wb_protected":true}}
{"address":"0x7ffe4904e468", "type":"STRING", "class":"0x7ffe490be858", "embedded":true, "bytesize":9, "value":"exception", "encoding":"US-ASCII", "memsize":40, "flags":{"wb_protected":true}}
{"address":"0x7ffe4904e490", "type":"IMEMO", "imemo_type":"iseq", "references":["0x7ffe490afd80", "0x7ffe490afd80", "0x7ffe4904e3f0"], "memsize":456, "flags":{"wb_protected":true}}
{"address":"0x7ffe4904e4b8", "type":"STRING", "class":"0x7ffe490be858", "embedded":true, "bytesize":5, "value":"Float", "encoding":"US-ASCII", "memsize":40, "flags":{"wb_protected":true}}
{"address":"0x7ffe4904e4e0", "type":"ARRAY", "class":"0x7ffe490a67f8", "frozen":true, "length":2, "embedded":true, "references":["0x7ffe4904e990"], "memsize":40, "flags":{"wb_protected":true}}
{"address":"0x7ffe4904e508", "type":"ARRAY", "class":"0x7ffe490a67f8", "frozen":true, "length":2, "embedded":true, "references":["0x7ffe4904e990"], "memsize":40, "flags":{"wb_protected":true}}
{"address":"0x7ffe4904e530", "type":"IMEMO", "imemo_type":"iseq", "references":["0x7ffe4904e580", "0x7ffe4904e580", "0x7ffe4904e4e0"], "memsize":540, "flags":{"wb_protected":true}}
{"address":"0x7ffe4904e558", "type":"STRING", "class":"0x7ffe490be858", "frozen":true, "embedded":true, "bytesize":10, "value":"yield_self", "encoding":"US-ASCII", "memsize":40, "flags":{"wb_protected":true}}
{"address":"0x7ffe4904e580", "type":"STRING", "class":"0x7ffe490be858", "frozen":true, "embedded":true, "fstring":true, "bytesize":10, "value":"yield_self", "encoding":"US-ASCII", "memsize":40, "flags":{"wb_protected":true}}
{"address":"0x7ffe4904e5a8", "type":"STRING", "class":"0x7ffe490be858", "embedded":true, "bytesize":10, "value":"yield_self", "encoding":"US-ASCII", "memsize":40, "flags":{"wb_protected":true}}
{"address":"0x7ffe4904e5d0", "type":"ARRAY", "class":"0x7ffe490a67f8", "frozen":true, "length":2, "embedded":true, "references":["0x7ffe4904e990"], "memsize":40, "flags":{"wb_protected":true}}
{"address":"0x7ffe4904e5f8", "type":"ARRAY", "class":"0x7ffe490a67f8", "frozen":true, "length":2, "embedded":true, "references":["0x7ffe4904e990"], "memsize":40, "flags":{"wb_protected":true}}
{"address":"0x7ffe4904e620", "type":"IMEMO", "imemo_type":"iseq", "references":["0x7ffe4904e670", "0x7ffe4904e670", "0x7ffe4904e5d0"], "memsize":540, "flags":{"wb_protected":true}}
{"address":"0x7ffe4904e648", "type":"STRING", "class":"0x7ffe490be858", "frozen":true, "embedded":true, "bytesize":4, "value":"then", "encoding":"US-ASCII", "memsize":40, "flags":{"wb_protected":true}}
{"address":"0x7ffe4904e670", "type":"STRING", "class":"0x7ffe490be858", "frozen":true, "embedded":true, "fstring":true, "bytesize":4, "value":"then", "encoding":"US-ASCII", "memsize":40, "flags":{"wb_protected":true}}
{"address":"0x7ffe4904e698", "type":"STRING", "class":"0x7ffe490be858", "embedded":true, "bytesize":4, "value":"then", "encoding":"US-ASCII", "memsize":40, "flags":{"wb_protected":true}}
{"address":"0x7ffe4904e6c0", "type":"ARRAY", "class":"0x7ffe490a67f8", "frozen":true, "length":2, "embedded":true, "references":["0x7ffe4904e990"], "memsize":40, "flags":{"wb_protected":true}}
{"address":"0x7ffe4904e6e8", "type":"ARRAY", "class":"0x7ffe490a67f8", "frozen":true, "length":2, "embedded":true, "references":["0x7ffe4904e990"], "memsize":40, "flags":{"wb_protected":true}}
{"address":"0x7ffe4904e710", "type":"IMEMO", "imemo_type":"iseq", "references":["0x7ffe4904e760", "0x7ffe4904e760", "0x7ffe4904e6c0"], "memsize":448, "flags":{"wb_protected":true}}
{"address":"0x7ffe4904e738", "type":"STRING", "class":"0x7ffe490be858", "frozen":true, "embedded":true, "bytesize":3, "value":"tap", "encoding":"US-ASCII", "memsize":40, "flags":{"wb_protected":true}}
{"address":"0x7ffe4904e760", "type":"STRING", "class":"0x7ffe490be858", "frozen":true, "embedded":true, "fstring":true, "bytesize":3, "value":"tap", "encoding":"US-ASCII", "memsize":40, "flags":{"wb_protected":true}}
{"address":"0x7ffe4904e788", "type":"STRING", "class":"0x7ffe490be858", "embedded":true, "bytesize":3, "value":"tap", "encoding":"US-ASCII", "memsize":40, "flags":{"wb_protected":true}}
{"address":"0x7ffe4904e7b0", "type":"ARRAY", "class":"0x7ffe490a67f8", "frozen":true, "length":2, "embedded":true, "references":["0x7ffe4904e990"], "memsize":40, "flags":{"wb_protected":true}}
{"address":"0x7ffe4904e7d8", "type":"ARRAY", "class":"0x7ffe490a67f8", "frozen":true, "length":2, "embedded":true, "references":["0x7ffe4904e990"], "memsize":40, "flags":{"wb_protected":true}}
{"address":"0x7ffe4904e800", "type":"IMEMO", "imemo_type":"iseq", "references":["0x7ffe4904e850", "0x7ffe4904e850", "0x7ffe4904e7b0"], "memsize":392, "flags":{"wb_protected":true}}
{"address":"0x7ffe4904e828", "type":"STRING", "class":"0x7ffe490be858", "frozen":true, "embedded":true, "bytesize":7, "value":"frozen?", "encoding":"US-ASCII", "memsize":40, "flags":{"wb_protected":true}}
{"address":"0x7ffe4904e850", "type":"STRING", "class":"0x7ffe490be858", "frozen":true, "embedded":true, "fstring":true, "bytesize":7, "value":"frozen?", "encoding":"US-ASCII", "memsize":40, "flags":{"wb_protected":true}}
{"address":"0x7ffe4904e878", "type":"STRING", "class":"0x7ffe490be858", "embedded":true, "bytesize":7, "value":"frozen?", "encoding":"US-ASCII", "memsize":40, "flags":{"wb_protected":true}}
{"address":"0x7ffe4904e8a0", "type":"ARRAY", "class":"0x7ffe490a67f8", "frozen":true, "length":2, "embedded":true, "references":["0x7ffe4904e990"], "memsize":40, "flags":{"wb_protected":true}}
{"address":"0x7ffe4904e8c8", "type":"ARRAY", "class":"0x7ffe490a67f8", "frozen":true, "length":2, "embedded":true, "references":["0x7ffe4904e990"], "memsize":40, "flags":{"wb_protected":true}}
{"address":"0x7ffe4904e8f0", "type":"STRING", "class":"0x7ffe490be858", "embedded":true, "bytesize":6, "value":"freeze", "encoding":"US-ASCII", "memsize":40, "flags":{"wb_protected":true}}
{"address":"0x7ffe4904e918", "type":"IMEMO", "imemo_type":"iseq", "references":["0x7ffe490b4e20", "0x7ffe490b4e20", "0x7ffe4904e8a0"], "memsize":448, "flags":{"wb_protected":true}}
{"address":"0x7ffe4904e940", "type":"STRING", "class":"0x7ffe490be858", "embedded":true, "bytesize":5, "value":"clone", "encoding":"US-ASCII", "memsize":40, "flags":{"wb_protected":true}}
{"address":"0x7ffe4904e968", "type":"ARRAY", "class":"0x7ffe490a67f8", "frozen":true, "length":2, "embedded":true, "references":["0x7ffe4904e990"], "memsize":40, "flags":{"wb_protected":true}}
{"address":"0x7ffe4904e990", "type":"STRING", "class":"0x7ffe490be858", "frozen":true, "embedded":true, "fstring":true, "bytesize":17, "value":"<internal:kernel>", "encoding":"US-ASCII", "memsize":40, "flags":{"wb_protected":true}}
{"address":"0x7ffe4904e9b8", "type":"STRING", "class":"0x7ffe490be858", "embedded":true, "bytesize":17, "value":"<internal:kernel>", "encoding":"US-ASCII", "memsize":40, "flags":{"wb_protected":true}}
{"address":"0x7ffe4904e9e0", "type":"ARRAY", "class":"0x7ffe490a67f8", "frozen":true, "length":2, "embedded":true, "references":["0x7ffe4904e990"], "memsize":40, "flags":{"wb_protected":true}}
{"address":"0x7ffe4904ea08", "type":"IMEMO", "imemo_type":"iseq", "references":["0x7ffe4904ea58", "0x7ffe4904ea58", "0x7ffe4904e968"], "memsize":392, "flags":{"wb_protected":true}}
{"address":"0x7ffe4904ea30", "type":"STRING", "class":"0x7ffe490be858", "frozen":true, "embedded":true, "bytesize":5, "value":"class", "encoding":"US-ASCII", "memsize":40, "flags":{"wb_protected":true}}
{"address":"0x7ffe4904ea58", "type":"STRING", "class":"0x7ffe490be858", "frozen":true, "embedded":true, "fstring":true, "bytesize":5, "value":"class", "encoding":"US-ASCII", "memsize":40, "flags":{"wb_protected":true}}
{"address":"0x7ffe4904ea80", "type":"STRING", "class":"0x7ffe490be858", "embedded":true, "bytesize":5, "value":"class", "encoding":"US-ASCII", "memsize":40, "flags":{"wb_protected":true}}
{"address":"0x7ffe4904eaa8", "type":"STRING", "class":"0x7ffe490be858", "embedded":true, "bytesize":15, "value":"module_function", "encoding":"US-ASCII", "memsize":40, "flags":{"wb_protected":true}}
{"address":"0x7ffe4904ead0", "type":"IMEMO", "imemo_type":"iseq", "references":["0x7ffe4904ea08", "0x7ffe4904e918", "0x7ffe4904e800", "0x7ffe4904e710", "0x7ffe4904e620", "0x7ffe4904e530", "0x7ffe4904e490", "0x7ffe4904f3b8", "0x7ffe4904f3b8", "0x7ffe4904e3a0", "0x7ffe4904eb20", "0x7ffe4904f2f0"], "memsize":708, "flags":{"wb_protected":true}}
{"address":"0x7ffe4904eaf8", "type":"STRING", "class":"0x7ffe490be858", "embedded":true, "bytesize":6, "value":"Kernel", "encoding":"US-ASCII", "memsize":40, "flags":{"wb_protected":true}}
{"address":"0x7ffe4904eb20", "type":"IMEMO", "imemo_type":"iseq", "references":["0x7ffe4904ead0", "0x7ffe4904e990", "0x7ffe4904e990", "0x7ffe4904e328"], "memsize":424, "flags":{"wb_protected":true}}
{"address":"0x7ffe4904eb48", "type":"DATA", "struct":"pinned_list", "references":["0x7ffe4904e350", "0x7ffe4904e990", "0x7ffe4904e3c8", "0x7ffe4904f3b8", "0x7ffe4904e9e0", "0x7ffe4904ea58", "0x7ffe4904e8c8", "0x7ffe490b4e20", "0x7ffe4904e7d8", "0x7ffe4904e850", "0x7ffe4904e6e8", "0x7ffe4904e760", "0x7ffe4904e5f8", "0x7ffe4904e670", "0x7ffe4904e508", "0x7ffe4904e580", "0x7ffe4904e418", "0x7ffe490afd80", "0x7ffe490c6648", "0x7ffe490b60e0", "0x7ffe490c7688", "0x7ffe490c6fd0", "0x7ffe4906ce90"], "memsize":352, "flags":{"wb_protected":true}}
{"address":"0x7ffe4904eb70", "type":"DATA", "struct":"pinned_list", "references":["0x7ffe4904eb20", "0x7ffe4904ead0", "0x7ffe4904ea08", "0x7ffe4904e918", "0x7ffe4904e800", "0x7ffe4904e710", "0x7ffe4904e620", "0x7ffe4904e530", "0x7ffe4904e490"], "memsize":128, "flags":{"wb_protected":true}}
{"address":"0x7ffe4904eb98", "type":"DATA", "struct":"ibf_loader", "references":["0x7ffe4904eb70", "0x7ffe4904eb48"], "memsize":120, "flags":{"wb_protected":true}}
{"address":"0x7ffe4904ebc0", "type":"IMEMO", "class":"0x7ffe490a67f8", "imemo_type":"ment", "references":["0x7ffe4904ee90", "0x7ffe4904ec38"], "memsize":48, "flags":{"wb_protected":true}}
{"address":"0x7ffe4904ebe8", "type":"IMEMO", "class":"0x7ffe490a67f8", "imemo_type":"ment", "references":["0x7ffe4904ef80", "0x7ffe4904ec38"], "memsize":48, "flags":{"wb_protected":true}}
{"address":"0x7ffe4904ec10", "type":"IMEMO", "class":"0x7ffe490a67f8", "imemo_type":"ment", "references":["0x7ffe4904f110", "0x7ffe4904ec38"], "memsize":48, "flags":{"wb_protected":true}}
{"address":"0x7ffe4904ec38", "type":"IMEMO", "class":"0x8", "imemo_type":"cref", "references":["0x7ffe490a67f8", "0x7ffe4904ec60"], "memsize":40, "flags":{"wb_protected":true}}
{"address":"0x7ffe4904ec60", "type":"IMEMO", "class":"0x8", "imemo_type":"cref", "references":["0x7ffe490c68a0"], "memsize":40, "flags":{"wb_protected":true}}
{"address":"0x7ffe4904ec88", "type":"ARRAY", "class":"0x7ffe490a67f8", "frozen":true, "length":2, "embedded":true, "references":["0x7ffe4904f048"], "memsize":40, "flags":{"wb_protected":true}}
{"address":"0x7ffe4904ecb0", "type":"ARRAY", "class":"0x7ffe490a67f8", "frozen":true, "length":2, "embedded":true, "references":["0x7ffe4904f048"], "memsize":40, "flags":{"wb_protected":true}}
{"address":"0x7ffe4904ecd8", "type":"STRING", "class":"0x7ffe490be858", "embedded":true, "bytesize":13, "value":"<class:Array>", "memsize":40, "flags":{"wb_protected":true}}
{"address":"0x7ffe4904ed00", "type":"ARRAY", "class":"0x7ffe490a67f8", "frozen":true, "length":2, "embedded":true, "references":["0x7ffe4904f048"], "memsize":40, "flags":{"wb_protected":true}}
{"address":"0x7ffe4904ed28", "type":"ARRAY", "class":"0x7ffe490a67f8", "frozen":true, "length":2, "embedded":true, "references":["0x7ffe4904f048"], "memsize":40, "flags":{"wb_protected":true}}
{"address":"0x7ffe4904ed50", "type":"ARRAY", "class":"0x7ffe490a67f8", "frozen":true, "length":2, "embedded":true, "references":["0x7ffe4904f048"], "memsize":40, "flags":{"wb_protected":true}}
{"address":"0x7ffe4904ed78", "type":"ARRAY", "class":"0x7ffe490a67f8", "frozen":true, "length":2, "embedded":true, "references":["0x7ffe4904f048"], "memsize":40, "flags":{"wb_protected":true}}
{"address":"0x7ffe4904eda0", "type":"STRING", "class":"0x7ffe490be858", "frozen":true, "embedded":true, "bytesize":3, "value":"ary", "encoding":"US-ASCII", "memsize":40, "flags":{"wb_protected":true}}
{"address":"0x7ffe4904edc8", "type":"STRING", "class":"0x7ffe490be858", "frozen":true, "embedded":true, "fstring":true, "bytesize":3, "value":"ary", "encoding":"US-ASCII", "memsize":40, "flags":{"wb_protected":true}}
{"address":"0x7ffe4904edf0", "type":"STRING", "class":"0x7ffe490be858", "embedded":true, "bytesize":3, "value":"ary", "encoding":"US-ASCII", "memsize":40, "flags":{"wb_protected":true}}
{"address":"0x7ffe4904ee18", "type":"STRING", "class":"0x7ffe490be858", "frozen":true, "embedded":true, "bytesize":1, "value":"n", "encoding":"US-ASCII", "memsize":40, "flags":{"wb_protected":true}}
{"address":"0x7ffe4904ee40", "type":"STRING", "class":"0x7ffe490be858", "frozen":true, "embedded":true, "fstring":true, "bytesize":1, "value":"n", "encoding":"US-ASCII", "memsize":40, "flags":{"wb_protected":true}}
{"address":"0x7ffe4904ee68", "type":"STRING", "class":"0x7ffe490be858", "embedded":true, "bytesize":1, "value":"n", "encoding":"US-ASCII", "memsize":40, "flags":{"wb_protected":true}}
{"address":"0x7ffe4904ee90", "type":"IMEMO", "imemo_type":"iseq", "references":["0x7ffe4904eee0", "0x7ffe4904eee0", "0x7ffe4904ed50"], "memsize":756, "flags":{"wb_protected":true}}
{"address":"0x7ffe4904eeb8", "type":"STRING", "class":"0x7ffe490be858", "frozen":true, "embedded":true, "bytesize":6, "value":"sample", "encoding":"US-ASCII", "memsize":40, "flags":{"wb_protected":true}}
{"address":"0x7ffe4904eee0", "type":"STRING", "class":"0x7ffe490be858", "frozen":true, "embedded":true, "fstring":true, "bytesize":6, "value":"sample", "encoding":"US-ASCII", "memsize":40, "flags":{"wb_protected":true}}
{"address":"0x7ffe4904ef08", "type":"STRING", "class":"0x7ffe490be858", "embedded":true, "bytesize":6, "value":"sample", "encoding":"US-ASCII", "memsize":40, "flags":{"wb_protected":true}}
{"address":"0x7ffe4904ef30", "type":"ARRAY", "class":"0x7ffe490a67f8", "frozen":true, "length":2, "embedded":true, "references":["0x7ffe4904f048"], "memsize":40, "flags":{"wb_protected":true}}
{"address":"0x7ffe4904ef58", "type":"ARRAY", "class":"0x7ffe490a67f8", "frozen":true, "length":2, "embedded":true, "references":["0x7ffe4904f048"], "memsize":40, "flags":{"wb_protected":true}}
{"address":"0x7ffe4904ef80", "type":"IMEMO", "imemo_type":"iseq", "references":["0x7ffe4904efd0", "0x7ffe4904efd0", "0x7ffe4904ef30"], "memsize":612, "flags":{"wb_protected":true}}
{"address":"0x7ffe4904efa8", "type":"STRING", "class":"0x7ffe490be858", "frozen":true, "embedded":true, "bytesize":7, "value":"shuffle", "encoding":"US-ASCII", "memsize":40, "flags":{"wb_protected":true}}
{"address":"0x7ffe4904efd0", "type":"STRING", "class":"0x7ffe490be858", "frozen":true, "embedded":true, "fstring":true, "bytesize":7, "value":"shuffle", "encoding":"US-ASCII", "memsize":40, "flags":{"wb_protected":true}}
{"address":"0x7ffe4904eff8", "type":"STRING", "class":"0x7ffe490be858", "embedded":true, "bytesize":7, "value":"shuffle", "encoding":"US-ASCII", "memsize":40, "flags":{"wb_protected":true}}
{"address":"0x7ffe4904f020", "type":"ARRAY", "class":"0x7ffe490a67f8", "frozen":true, "length":2, "embedded":true, "references":["0x7ffe4904f048"], "memsize":40, "flags":{"wb_protected":true}}
{"address":"0x7ffe4904f048", "type":"STRING", "class":"0x7ffe490be858", "frozen":true, "embedded":true, "fstring":true, "bytesize":16, "value":"<internal:array>", "encoding":"US-ASCII", "memsize":40, "flags":{"wb_protected":true}}
{"address":"0x7ffe4904f070", "type":"STRING", "class":"0x7ffe490be858", "embedded":true, "bytesize":16, "value":"<internal:array>", "encoding":"US-ASCII", "memsize":40, "flags":{"wb_protected":true}}
{"address":"0x7ffe4904f098", "type":"ARRAY", "class":"0x7ffe490a67f8", "frozen":true, "length":2, "embedded":true, "references":["0x7ffe4904f048"], "memsize":40, "flags":{"wb_protected":true}}
{"address":"0x7ffe4904f0c0", "type":"STRING", "class":"0x7ffe490be858", "embedded":true, "bytesize":6, "value":"Random", "encoding":"US-ASCII", "memsize":40, "flags":{"wb_protected":true}}
{"address":"0x7ffe4904f0e8", "type":"STRING", "class":"0x7ffe490be858", "embedded":true, "bytesize":6, "value":"random", "encoding":"US-ASCII", "memsize":40, "flags":{"wb_protected":true}}
{"address":"0x7ffe4904f110", "type":"IMEMO", "imemo_type":"iseq", "references":["0x7ffe4904f160", "0x7ffe4904f160", "0x7ffe4904f020"], "memsize":612, "flags":{"wb_protected":true}}
{"address":"0x7ffe4904f138", "type":"STRING", "class":"0x7ffe490be858", "frozen":true, "embedded":true, "bytesize":8, "value":"shuffle!", "encoding":"US-ASCII", "memsize":40, "flags":{"wb_protected":true}}
{"address":"0x7ffe4904f160", "type":"STRING", "class":"0x7ffe490be858", "frozen":true, "embedded":true, "fstring":true, "bytesize":8, "value":"shuffle!", "encoding":"US-ASCII", "memsize":40, "flags":{"wb_protected":true}}
{"address":"0x7ffe4904f188", "type":"STRING", "class":"0x7ffe490be858", "embedded":true, "bytesize":8, "value":"shuffle!", "encoding":"US-ASCII", "memsize":40, "flags":{"wb_protected":true}}
{"address":"0x7ffe4904f1b0", "type":"IMEMO", "imemo_type":"iseq", "references":["0x7ffe4904f110", "0x7ffe4904ef80", "0x7ffe4904ee90", "0x7ffe4904fb88", "0x7ffe4904fb88", "0x7ffe4904ed00", "0x7ffe4904f200"], "memsize":492, "flags":{"wb_protected":true}}
{"address":"0x7ffe4904f1d8", "type":"STRING", "class":"0x7ffe490be858", "embedded":true, "bytesize":5, "value":"Array", "encoding":"US-ASCII", "memsize":40, "flags":{"wb_protected":true}}
{"address":"0x7ffe4904f200", "type":"IMEMO", "imemo_type":"iseq", "references":["0x7ffe4904f1b0", "0x7ffe4904f048", "0x7ffe4904f048", "0x7ffe4904ec88"], "memsize":424, "flags":{"wb_protected":true}}
{"address":"0x7ffe4904f228", "type":"DATA", "struct":"pinned_list", "references":["0x7ffe4904ecb0", "0x7ffe4904f048", "0x7ffe4904ed28", "0x7ffe4904fb88", "0x7ffe4904f098", "0x7ffe4904f160", "0x7ffe4904ef58", "0x7ffe4904efd0", "0x7ffe4904ed78", "0x7ffe4904eee0", "0x7ffe490c58d8", "0x7ffe4908c7e0", "0x7ffe4908ed38", "0x7ffe4904ee40", "0x7ffe4904edc8"], "memsize":272, "flags":{"wb_protected":true}}
{"address":"0x7ffe4904f250", "type":"DATA", "struct":"pinned_list", "references":["0x7ffe4904f200", "0x7ffe4904f1b0", "0x7ffe4904f110", "0x7ffe4904ef80", "0x7ffe4904ee90"], "memsize":96, "flags":{"wb_protected":true}}
{"address":"0x7ffe4904f278", "type":"DATA", "struct":"ibf_loader", "references":["0x7ffe4904f250", "0x7ffe4904f228"], "memsize":120, "flags":{"wb_protected":true}}
{"address":"0x7ffe4904f2a0", "type":"IMEMO", "class":"0x7ffe490c5a90", "imemo_type":"ment", "references":["0x7ffe4904f610", "0x7ffe4904f318"], "memsize":48, "flags":{"wb_protected":true}}
{"address":"0x7ffe4904f2c8", "type":"IMEMO", "imemo_type":"ment", "references":["0x7ffe490c6620", "0x7ffe4904f610", "0x7ffe4904f318"], "memsize":48, "flags":{"wb_protected":true}}
{"address":"0x7ffe4904f2f0", "type":"IMEMO", "class":"0x7ffe490c5a90", "imemo_type":"callcache", "references":["0x7ffe490b5708"], "memsize":40, "flags":{"wb_protected":true}}
{"address":"0x7ffe4904f318", "type":"IMEMO", "class":"0x8", "imemo_type":"cref", "references":["0x7ffe490c6620", "0x7ffe4904f340"], "memsize":40, "flags":{"wb_protected":true}}
{"address":"0x7ffe4904f340", "type":"IMEMO", "class":"0x8", "imemo_type":"cref", "references":["0x7ffe490c68a0"], "memsize":40, "flags":{"wb_protected":true}}
{"address":"0x7ffe4904f368", "type":"ARRAY", "class":"0x7ffe490a67f8", "frozen":true, "length":2, "embedded":true, "references":["0x7ffe4904f480"], "memsize":40, "flags":{"wb_protected":true}}
{"address":"0x7ffe4904f390", "type":"ARRAY", "class":"0x7ffe490a67f8", "frozen":true, "length":2, "embedded":true, "references":["0x7ffe4904f480"], "memsize":40, "flags":{"wb_protected":true}}
{"address":"0x7ffe4904f3b8", "type":"STRING", "class":"0x7ffe490be858", "frozen":true, "embedded":true, "fstring":true, "bytesize":15, "value":"<module:Kernel>", "memsize":40, "flags":{"wb_protected":true}}
{"address":"0x7ffe4904f3e0", "type":"STRING", "class":"0x7ffe490be858", "embedded":true, "bytesize":15, "value":"<module:Kernel>", "memsize":40, "flags":{"wb_protected":true}}
{"address":"0x7ffe4904f408", "type":"ARRAY", "class":"0x7ffe490a67f8", "frozen":true, "length":2, "embedded":true, "references":["0x7ffe4904f480"], "memsize":40, "flags":{"wb_protected":true}}
{"address":"0x7ffe4904f430", "type":"ARRAY", "class":"0x7ffe490a67f8", "frozen":true, "length":2, "embedded":true, "references":["0x7ffe4904f480"], "memsize":40, "flags":{"wb_protected":true}}
{"address":"0x7ffe4904f458", "type":"ARRAY", "class":"0x7ffe490a67f8", "frozen":true, "length":2, "embedded":true, "references":["0x7ffe4904f480"], "memsize":40, "flags":{"wb_protected":true}}
{"address":"0x7ffe4904f480", "type":"STRING", "class":"0x7ffe490be858", "frozen":true, "embedded":true, "fstring":true, "bytesize":18, "value":"<internal:warning>", "encoding":"US-ASCII", "memsize":40, "flags":{"wb_protected":true}}
{"address":"0x7ffe4904f4a8", "type":"STRING", "class":"0x7ffe490be858", "embedded":true, "bytesize":18, "value":"<internal:warning>", "encoding":"US-ASCII", "memsize":40, "flags":{"wb_protected":true}}
{"address":"0x7ffe4904f4d0", "type":"ARRAY", "class":"0x7ffe490a67f8", "frozen":true, "length":2, "embedded":true, "references":["0x7ffe4904f480"], "memsize":40, "flags":{"wb_protected":true}}
{"address":"0x7ffe4904f4f8", "type":"STRING", "class":"0x7ffe490be858", "frozen":true, "embedded":true, "bytesize":4, "value":"msgs", "encoding":"US-ASCII", "memsize":40, "flags":{"wb_protected":true}}
{"address":"0x7ffe4904f520", "type":"STRING", "class":"0x7ffe490be858", "frozen":true, "embedded":true, "fstring":true, "bytesize":4, "value":"msgs", "encoding":"US-ASCII", "memsize":40, "flags":{"wb_protected":true}}
{"address":"0x7ffe4904f548", "type":"STRING", "class":"0x7ffe490be858", "embedded":true, "bytesize":4, "value":"msgs", "encoding":"US-ASCII", "memsize":40, "flags":{"wb_protected":true}}
{"address":"0x7ffe4904f570", "type":"STRING", "class":"0x7ffe490be858", "embedded":true, "bytesize":8, "value":"category", "encoding":"US-ASCII", "memsize":40, "flags":{"wb_protected":true}}
{"address":"0x7ffe4904f598", "type":"STRING", "class":"0x7ffe490be858", "frozen":true, "embedded":true, "bytesize":7, "value":"uplevel", "encoding":"US-ASCII", "memsize":40, "flags":{"wb_protected":true}}
{"address":"0x7ffe4904f5c0", "type":"STRING", "class":"0x7ffe490be858", "frozen":true, "embedded":true, "fstring":true, "bytesize":7, "value":"uplevel", "encoding":"US-ASCII", "memsize":40, "flags":{"wb_protected":true}}
{"address":"0x7ffe4904f5e8", "type":"STRING", "class":"0x7ffe490be858", "embedded":true, "bytesize":7, "value":"uplevel", "encoding":"US-ASCII", "memsize":40, "flags":{"wb_protected":true}}
{"address":"0x7ffe4904f610", "type":"IMEMO", "imemo_type":"iseq", "references":["0x7ffe490b6860", "0x7ffe490b6860", "0x7ffe4904f458"], "memsize":472, "flags":{"wb_protected":true}}
{"address":"0x7ffe4904f638", "type":"STRING", "class":"0x7ffe490be858", "embedded":true, "bytesize":4, "value":"warn", "encoding":"US-ASCII", "memsize":40, "flags":{"wb_protected":true}}
{"address":"0x7ffe4904f660", "type":"STRING", "class":"0x7ffe490be858", "embedded":true, "bytesize":15, "value":"module_function", "encoding":"US-ASCII", "memsize":40, "flags":{"wb_protected":true}}
{"address":"0x7ffe4904f688", "type":"IMEMO", "imemo_type":"iseq", "references":["0x7ffe4904f610", "0x7ffe4904f3b8", "0x7ffe4904f3b8", "0x7ffe4904f408", "0x7ffe4904f6d8", "0x7ffe4904f2f0"], "memsize":492, "flags":{"wb_protected":true}}
{"address":"0x7ffe4904f6b0", "type":"STRING", "class":"0x7ffe490be858", "embedded":true, "bytesize":6, "value":"Kernel", "encoding":"US-ASCII", "memsize":40, "flags":{"wb_protected":true}}
{"address":"0x7ffe4904f6d8", "type":"IMEMO", "imemo_type":"iseq", "references":["0x7ffe4904f688", "0x7ffe4904f480", "0x7ffe4904f480", "0x7ffe4904f368"], "memsize":424, "flags":{"wb_protected":true}}
{"address":"0x7ffe4904f700", "type":"DATA", "struct":"pinned_list", "references":["0x7ffe4904f390", "0x7ffe4904f480", "0x7ffe4904f430", "0x7ffe4904f3b8", "0x7ffe4904f4d0", "0x7ffe490b6860", "0x7ffe490c6648", "0x7ffe490b60e0", "0x7ffe4904f5c0", "0x7ffe490b66f8", "0x7ffe4904f520"], "memsize":200, "flags":{"wb_protected":true}}
{"address":"0x7ffe4904f728", "type":"DATA", "struct":"pinned_list", "references":["0x7ffe4904f6d8", "0x7ffe4904f688", "0x7ffe4904f610"], "memsize":80, "flags":{"wb_protected":true}}
{"address":"0x7ffe4904f750", "type":"DATA", "struct":"ibf_loader", "references":["0x7ffe4904f728", "0x7ffe4904f700"], "memsize":120, "flags":{"wb_protected":true}}
{"address":"0x7ffe4904f778", "type":"IMEMO", "class":"0x7ffe490be858", "imemo_type":"ment", "references":["0x7ffe4904f9a8", "0x7ffe4904f7c8"], "memsize":48, "flags":{"wb_protected":true}}
{"address":"0x7ffe4904f7a0", "type":"IMEMO", "class":"0x7ffe490be858", "imemo_type":"ment", "references":["0x7ffe4904fa98", "0x7ffe4904f7c8"], "memsize":48, "flags":{"wb_protected":true}}
{"address":"0x7ffe4904f7c8", "type":"IMEMO", "class":"0x8", "imemo_type":"cref", "references":["0x7ffe490be858", "0x7ffe4904f840"], "memsize":40, "flags":{"wb_protected":true}}
{"address":"0x7ffe4904f7f0", "type":"IMEMO", "class":"0x7ffe490a67f8", "imemo_type":"ment", "references":["0x7ffe4904fd68", "0x7ffe4904f818"], "memsize":48, "flags":{"wb_protected":true}}
{"address":"0x7ffe4904f818", "type":"IMEMO", "class":"0x8", "imemo_type":"cref", "references":["0x7ffe490a67f8", "0x7ffe4904f840"], "memsize":40, "flags":{"wb_protected":true}}
{"address":"0x7ffe4904f840", "type":"IMEMO", "class":"0x8", "imemo_type":"cref", "references":["0x7ffe490c68a0"], "memsize":40, "flags":{"wb_protected":true}}
{"address":"0x7ffe4904f868", "type":"ARRAY", "class":"0x7ffe490a67f8", "frozen":true, "length":2, "embedded":true, "references":["0x7ffe4904fc50"], "memsize":40, "flags":{"wb_protected":true}}
{"address":"0x7ffe4904f890", "type":"ARRAY", "class":"0x7ffe490a67f8", "frozen":true, "length":2, "embedded":true, "references":["0x7ffe4904fc50"], "memsize":40, "flags":{"wb_protected":true}}
{"address":"0x7ffe4904f8b8", "type":"STRING", "class":"0x7ffe490be858", "frozen":true, "embedded":true, "fstring":true, "bytesize":14, "value":"<class:String>", "memsize":40, "flags":{"wb_protected":true}}
{"address":"0x7ffe4904f8e0", "type":"STRING", "class":"0x7ffe490be858", "embedded":true, "bytesize":14, "value":"<class:String>", "memsize":40, "flags":{"wb_protected":true}}
{"address":"0x7ffe4904f908", "type":"ARRAY", "class":"0x7ffe490a67f8", "frozen":true, "length":2, "embedded":true, "references":["0x7ffe4904fc50"], "memsize":40, "flags":{"wb_protected":true}}
{"address":"0x7ffe4904f930", "type":"ARRAY", "class":"0x7ffe490a67f8", "frozen":true, "length":2, "embedded":true, "references":["0x7ffe4904fc50"], "memsize":40, "flags":{"wb_protected":true}}
{"address":"0x7ffe4904f958", "type":"ARRAY", "class":"0x7ffe490a67f8", "frozen":true, "length":2, "embedded":true, "references":["0x7ffe4904fc50"], "memsize":40, "flags":{"wb_protected":true}}
{"address":"0x7ffe4904f980", "type":"ARRAY", "class":"0x7ffe490a67f8", "frozen":true, "length":2, "embedded":true, "references":["0x7ffe4904fc50"], "memsize":40, "flags":{"wb_protected":true}}
{"address":"0x7ffe4904f9a8", "type":"IMEMO", "imemo_type":"iseq", "references":["0x7ffe4904f9f8", "0x7ffe4904f9f8", "0x7ffe4904f958"], "memsize":400, "flags":{"wb_protected":true}}
{"address":"0x7ffe4904f9d0", "type":"STRING", "class":"0x7ffe490be858", "frozen":true, "embedded":true, "bytesize":7, "value":"unpack1", "encoding":"US-ASCII", "memsize":40, "flags":{"wb_protected":true}}
{"address":"0x7ffe4904f9f8", "type":"STRING", "class":"0x7ffe490be858", "frozen":true, "embedded":true, "fstring":true, "bytesize":7, "value":"unpack1", "encoding":"US-ASCII", "memsize":40, "flags":{"wb_protected":true}}
{"address":"0x7ffe4904fa20", "type":"STRING", "class":"0x7ffe490be858", "embedded":true, "bytesize":7, "value":"unpack1", "encoding":"US-ASCII", "memsize":40, "flags":{"wb_protected":true}}
{"address":"0x7ffe4904fa48", "type":"ARRAY", "class":"0x7ffe490a67f8", "frozen":true, "length":2, "embedded":true, "references":["0x7ffe4904fc50"], "memsize":40, "flags":{"wb_protected":true}}
{"address":"0x7ffe4904fa70", "type":"ARRAY", "class":"0x7ffe490a67f8", "frozen":true, "length":2, "embedded":true, "references":["0x7ffe4904fc50"], "memsize":40, "flags":{"wb_protected":true}}
{"address":"0x7ffe4904fa98", "type":"IMEMO", "imemo_type":"iseq", "references":["0x7ffe4904fae8", "0x7ffe4904fae8", "0x7ffe4904fa48"], "memsize":400, "flags":{"wb_protected":true}}
{"address":"0x7ffe4904fac0", "type":"STRING", "class":"0x7ffe490be858", "frozen":true, "embedded":true, "bytesize":6, "value":"unpack", "encoding":"US-ASCII", "memsize":40, "flags":{"wb_protected":true}}
{"address":"0x7ffe4904fae8", "type":"STRING", "class":"0x7ffe490be858", "frozen":true, "embedded":true, "fstring":true, "bytesize":6, "value":"unpack", "encoding":"US-ASCII", "memsize":40, "flags":{"wb_protected":true}}
{"address":"0x7ffe4904fb10", "type":"STRING", "class":"0x7ffe490be858", "embedded":true, "bytesize":6, "value":"unpack", "encoding":"US-ASCII", "memsize":40, "flags":{"wb_protected":true}}
{"address":"0x7ffe4904fb38", "type":"IMEMO", "imemo_type":"iseq", "references":["0x7ffe4904fa98", "0x7ffe4904f9a8", "0x7ffe4904f8b8", "0x7ffe4904f8b8", "0x7ffe4904f908", "0x7ffe4904fe58"], "memsize":456, "flags":{"wb_protected":true}}
{"address":"0x7ffe4904fb60", "type":"STRING", "class":"0x7ffe490be858", "embedded":true, "bytesize":6, "value":"String", "encoding":"US-ASCII", "memsize":40, "flags":{"wb_protected":true}}
{"address":"0x7ffe4904fb88", "type":"STRING", "class":"0x7ffe490be858", "frozen":true, "embedded":true, "fstring":true, "bytesize":13, "value":"<class:Array>", "memsize":40, "flags":{"wb_protected":true}}
{"address":"0x7ffe4904fbb0", "type":"STRING", "class":"0x7ffe490be858", "embedded":true, "bytesize":13, "value":"<class:Array>", "memsize":40, "flags":{"wb_protected":true}}
{"address":"0x7ffe4904fbd8", "type":"ARRAY", "class":"0x7ffe490a67f8", "frozen":true, "length":2, "embedded":true, "references":["0x7ffe4904fc50"], "memsize":40, "flags":{"wb_protected":true}}
{"address":"0x7ffe4904fc00", "type":"ARRAY", "class":"0x7ffe490a67f8", "frozen":true, "length":2, "embedded":true, "references":["0x7ffe4904fc50"], "memsize":40, "flags":{"wb_protected":true}}
{"address":"0x7ffe4904fc28", "type":"ARRAY", "class":"0x7ffe490a67f8", "frozen":true, "length":2, "embedded":true, "references":["0x7ffe4904fc50"], "memsize":40, "flags":{"wb_protected":true}}
{"address":"0x7ffe4904fc50", "type":"STRING", "class":"0x7ffe490be858", "frozen":true, "embedded":true, "fstring":true, "bytesize":15, "value":"<internal:pack>", "encoding":"US-ASCII", "memsize":40, "flags":{"wb_protected":true}}
{"address":"0x7ffe4904fc78", "type":"STRING", "class":"0x7ffe490be858", "embedded":true, "bytesize":15, "value":"<internal:pack>", "encoding":"US-ASCII", "memsize":40, "flags":{"wb_protected":true}}
{"address":"0x7ffe4904fca0", "type":"ARRAY", "class":"0x7ffe490a67f8", "frozen":true, "length":2, "embedded":true, "references":["0x7ffe4904fc50"], "memsize":40, "flags":{"wb_protected":true}}
{"address":"0x7ffe4904fcc8", "type":"STRING", "class":"0x7ffe490be858", "frozen":true, "embedded":true, "bytesize":3, "value":"fmt", "encoding":"US-ASCII", "memsize":40, "flags":{"wb_protected":true}}
{"address":"0x7ffe4904fcf0", "type":"STRING", "class":"0x7ffe490be858", "frozen":true, "embedded":true, "fstring":true, "bytesize":3, "value":"fmt", "encoding":"US-ASCII", "memsize":40, "flags":{"wb_protected":true}}
{"address":"0x7ffe4904fd18", "type":"STRING", "class":"0x7ffe490be858", "embedded":true, "bytesize":3, "value":"fmt", "encoding":"US-ASCII", "memsize":40, "flags":{"wb_protected":true}}
{"address":"0x7ffe4904fd40", "type":"STRING", "class":"0x7ffe490be858", "embedded":true, "bytesize":6, "value":"buffer", "encoding":"US-ASCII", "memsize":40, "flags":{"wb_protected":true}}
{"address":"0x7ffe4904fd68", "type":"IMEMO", "imemo_type":"iseq", "references":["0x7ffe4904fdb8", "0x7ffe4904fdb8", "0x7ffe4904fc28"], "memsize":456, "flags":{"wb_protected":true}}
{"address":"0x7ffe4904fd90", "type":"STRING", "class":"0x7ffe490be858", "frozen":true, "embedded":true, "bytesize":4, "value":"pack", "encoding":"US-ASCII", "memsize":40, "flags":{"wb_protected":true}}
{"address":"0x7ffe4904fdb8", "type":"STRING", "class":"0x7ffe490be858", "frozen":true, "embedded":true, "fstring":true, "bytesize":4, "value":"pack", "encoding":"US-ASCII", "memsize":40, "flags":{"wb_protected":true}}
{"address":"0x7ffe4904fde0", "type":"STRING", "class":"0x7ffe490be858", "embedded":true, "bytesize":4, "value":"pack", "encoding":"US-ASCII", "memsize":40, "flags":{"wb_protected":true}}
{"address":"0x7ffe4904fe08", "type":"IMEMO", "imemo_type":"iseq", "references":["0x7ffe4904fd68", "0x7ffe4904fb88", "0x7ffe4904fb88", "0x7ffe4904fbd8", "0x7ffe4904fe58"], "memsize":420, "flags":{"wb_protected":true}}
{"address":"0x7ffe4904fe30", "type":"STRING", "class":"0x7ffe490be858", "embedded":true, "bytesize":5, "value":"Array", "encoding":"US-ASCII", "memsize":40, "flags":{"wb_protected":true}}
{"address":"0x7ffe4904fe58", "type":"IMEMO", "imemo_type":"iseq", "references":["0x7ffe4904fe08", "0x7ffe4904fb38", "0x7ffe4904fc50", "0x7ffe4904fc50", "0x7ffe4904f868"], "memsize":512, "flags":{"wb_protected":true}}
{"address":"0x7ffe4904fe80", "type":"DATA", "struct":"pinned_list", "references":["0x7ffe4904f890", "0x7ffe4904fc50", "0x7ffe4904fc00", "0x7ffe4904fb88", "0x7ffe4904f930", "0x7ffe4904f8b8", "0x7ffe4904fca0", "0x7ffe4904fdb8", "0x7ffe4904fa70", "0x7ffe4904fae8", "0x7ffe4904f980", "0x7ffe4904f9f8", "0x7ffe490c58d8", "0x7ffe490c5950", "0x7ffe490b67e8", "0x7ffe4904fcf0"], "memsize":248, "flags":{"wb_protected":true}}
{"address":"0x7ffe4904fea8", "type":"DATA", "struct":"pinned_list", "references":["0x7ffe4904fe58", "0x7ffe4904fe08", "0x7ffe4904fb38", "0x7ffe4904fd68", "0x7ffe4904fa98", "0x7ffe4904f9a8"], "memsize":104, "flags":{"wb_protected":true}}
{"address":"0x7ffe4904fed0", "type":"DATA", "struct":"ibf_loader", "references":["0x7ffe4904fea8", "0x7ffe4904fe80"], "memsize":120, "flags":{"wb_protected":true}}
{"address":"0x7ffe4904fef8", "type":"IMEMO", "class":"0x7ffe49067878", "imemo_type":"ment", "references":["0x7ffe49054408", "0x7ffe49054278"], "memsize":48, "flags":{"wb_protected":true}}
{"address":"0x7ffe4904ff20", "type":"IMEMO", "class":"0x7ffe49067878", "imemo_type":"ment", "references":["0x7ffe490544f8", "0x7ffe49054278"], "memsize":48, "flags":{"wb_protected":true}}
{"address":"0x7ffe4904ff48", "type":"IMEMO", "class":"0x7ffe49067878", "imemo_type":"ment", "references":["0x7ffe490545e8", "0x7ffe49054278"], "memsize":48, "flags":{"wb_protected":true}}
{"address":"0x7ffe4904ff70", "type":"IMEMO", "class":"0x7ffe49067878", "imemo_type":"ment", "references":["0x7ffe490546d8", "0x7ffe49054278"], "memsize":48, "flags":{"wb_protected":true}}
{"address":"0x7ffe4904ff98", "type":"IMEMO", "class":"0x7ffe49067878", "imemo_type":"ment", "references":["0x7ffe490547c8", "0x7ffe49054278"], "memsize":48, "flags":{"wb_protected":true}}
{"address":"0x7ffe4904ffc0", "type":"IMEMO", "class":"0x7ffe49067878", "imemo_type":"ment", "references":["0x7ffe490548b8", "0x7ffe49054278"], "memsize":48, "flags":{"wb_protected":true}}
{"address":"0x7ffe49054020", "type":"IMEMO", "class":"0x7ffe49067878", "imemo_type":"ment", "references":["0x7ffe49054958", "0x7ffe49054278"], "memsize":48, "flags":{"wb_protected":true}}
{"address":"0x7ffe49054048", "type":"IMEMO", "class":"0x7ffe49067878", "imemo_type":"ment", "references":["0x7ffe49054a48", "0x7ffe49054278"], "memsize":48, "flags":{"wb_protected":true}}
{"address":"0x7ffe49054070", "type":"IMEMO", "class":"0x7ffe49067878", "imemo_type":"ment", "references":["0x7ffe49054b38", "0x7ffe49054278"], "memsize":48, "flags":{"wb_protected":true}}
{"address":"0x7ffe49054098", "type":"IMEMO", "class":"0x7ffe49067878", "imemo_type":"ment", "references":["0x7ffe49054c28", "0x7ffe49054278"], "memsize":48, "flags":{"wb_protected":true}}
{"address":"0x7ffe490540c0", "type":"IMEMO", "class":"0x7ffe49067878", "imemo_type":"ment", "references":["0x7ffe49054cc8", "0x7ffe49054278"], "memsize":48, "flags":{"wb_protected":true}}
{"address":"0x7ffe490540e8", "type":"IMEMO", "class":"0x7ffe49067878", "imemo_type":"ment", "references":["0x7ffe49054d68", "0x7ffe49054278"], "memsize":48, "flags":{"wb_protected":true}}
{"address":"0x7ffe49054110", "type":"IMEMO", "class":"0x7ffe49067878", "imemo_type":"ment", "references":["0x7ffe49054e08", "0x7ffe49054278"], "memsize":48, "flags":{"wb_protected":true}}
{"address":"0x7ffe49054138", "type":"IMEMO", "class":"0x7ffe49067878", "imemo_type":"ment", "references":["0x7ffe49054ef8", "0x7ffe49054278"], "memsize":48, "flags":{"wb_protected":true}}
{"address":"0x7ffe49054160", "type":"IMEMO", "class":"0x7ffe49067878", "imemo_type":"ment", "references":["0x7ffe49054f98", "0x7ffe49054278"], "memsize":48, "flags":{"wb_protected":true}}
{"address":"0x7ffe49054188", "type":"IMEMO", "class":"0x7ffe49067878", "imemo_type":"ment", "references":["0x7ffe490551a0", "0x7ffe49054278"], "memsize":48, "flags":{"wb_protected":true}}
{"address":"0x7ffe490541b0", "type":"IMEMO", "class":"0x7ffe49067850", "imemo_type":"ment", "references":["0x7ffe49055240", "0x7ffe49054278"], "memsize":48, "flags":{"wb_protected":true}}
{"address":"0x7ffe490541d8", "type":"IMEMO", "class":"0x7ffe49067850", "imemo_type":"ment", "references":["0x7ffe49055330", "0x7ffe49054278"], "memsize":48, "flags":{"wb_protected":true}}
{"address":"0x7ffe49054200", "type":"IMEMO", "class":"0x7ffe49067878", "imemo_type":"ment", "references":["0x7ffe490553d0", "0x7ffe49054278"], "memsize":48, "flags":{"wb_protected":true}}
{"address":"0x7ffe49054228", "type":"IMEMO", "class":"0x7ffe49067850", "imemo_type":"ment", "references":["0x7ffe49055538", "0x7ffe49054278"], "memsize":48, "flags":{"wb_protected":true}}
{"address":"0x7ffe49054250", "type":"CLASS", "class":"0x7ffe4908d050", "references":["0x7ffe4908d000", "0x7ffe49067850"], "memsize":472, "flags":{"wb_protected":true}}
{"address":"0x7ffe49054278", "type":"IMEMO", "class":"0x8", "imemo_type":"cref", "references":["0x7ffe49067878", "0x7ffe490542a0"], "memsize":40, "flags":{"wb_protected":true}}
{"address":"0x7ffe490542a0", "type":"IMEMO", "class":"0x8", "imemo_type":"cref", "references":["0x7ffe490c68a0"], "memsize":40, "flags":{"wb_protected":true}}
{"address":"0x7ffe490542c8", "type":"ARRAY", "class":"0x7ffe490a67f8", "frozen":true, "length":2, "embedded":true, "references":["0x7ffe49055448"], "memsize":40, "flags":{"wb_protected":true}}
{"address":"0x7ffe490542f0", "type":"ARRAY", "class":"0x7ffe490a67f8", "frozen":true, "length":2, "embedded":true, "references":["0x7ffe49055448"], "memsize":40, "flags":{"wb_protected":true}}
{"address":"0x7ffe49054318", "type":"STRING", "class":"0x7ffe490be858", "frozen":true, "embedded":true, "fstring":true, "bytesize":18, "value":"<class:TracePoint>", "memsize":40, "flags":{"wb_protected":true}}
{"address":"0x7ffe49054340", "type":"STRING", "class":"0x7ffe490be858", "embedded":true, "bytesize":18, "value":"<class:TracePoint>", "memsize":40, "flags":{"wb_protected":true}}
{"address":"0x7ffe49054368", "type":"ARRAY", "class":"0x7ffe490a67f8", "frozen":true, "length":2, "embedded":true, "references":["0x7ffe49055448"], "memsize":40, "flags":{"wb_protected":true}}
{"address":"0x7ffe49054390", "type":"ARRAY", "class":"0x7ffe490a67f8", "frozen":true, "length":2, "embedded":true, "references":["0x7ffe49055448"], "memsize":40, "flags":{"wb_protected":true}}
{"address":"0x7ffe490543b8", "type":"ARRAY", "class":"0x7ffe490a67f8", "frozen":true, "length":2, "embedded":true, "references":["0x7ffe49055448"], "memsize":40, "flags":{"wb_protected":true}}
{"address":"0x7ffe490543e0", "type":"ARRAY", "class":"0x7ffe490a67f8", "frozen":true, "length":2, "embedded":true, "references":["0x7ffe49055448"], "memsize":40, "flags":{"wb_protected":true}}
{"address":"0x7ffe49054408", "type":"IMEMO", "imemo_type":"iseq", "references":["0x7ffe49054458", "0x7ffe49054458", "0x7ffe490543b8"], "memsize":392, "flags":{"wb_protected":true}}
{"address":"0x7ffe49054430", "type":"STRING", "class":"0x7ffe490be858", "frozen":true, "embedded":true, "bytesize":20, "value":"instruction_sequence", "encoding":"US-ASCII", "memsize":40, "flags":{"wb_protected":true}}
{"address":"0x7ffe49054458", "type":"STRING", "class":"0x7ffe490be858", "frozen":true, "embedded":true, "fstring":true, "bytesize":20, "value":"instruction_sequence", "encoding":"US-ASCII", "memsize":40, "flags":{"wb_protected":true}}
{"address":"0x7ffe49054480", "type":"STRING", "class":"0x7ffe490be858", "embedded":true, "bytesize":20, "value":"instruction_sequence", "encoding":"US-ASCII", "memsize":40, "flags":{"wb_protected":true}}
{"address":"0x7ffe490544a8", "type":"ARRAY", "class":"0x7ffe490a67f8", "frozen":true, "length":2, "embedded":true, "references":["0x7ffe49055448"], "memsize":40, "flags":{"wb_protected":true}}
{"address":"0x7ffe490544d0", "type":"ARRAY", "class":"0x7ffe490a67f8", "frozen":true, "length":2, "embedded":true, "references":["0x7ffe49055448"], "memsize":40, "flags":{"wb_protected":true}}
{"address":"0x7ffe490544f8", "type":"IMEMO", "imemo_type":"iseq", "references":["0x7ffe49054548", "0x7ffe49054548", "0x7ffe490544a8"], "memsize":392, "flags":{"wb_protected":true}}
{"address":"0x7ffe49054520", "type":"STRING", "class":"0x7ffe490be858", "frozen":true, "embedded":true, "bytesize":11, "value":"eval_script", "encoding":"US-ASCII", "memsize":40, "flags":{"wb_protected":true}}
{"address":"0x7ffe49054548", "type":"STRING", "class":"0x7ffe490be858", "frozen":true, "embedded":true, "fstring":true, "bytesize":11, "value":"eval_script", "encoding":"US-ASCII", "memsize":40, "flags":{"wb_protected":true}}
{"address":"0x7ffe49054570", "type":"STRING", "class":"0x7ffe490be858", "embedded":true, "bytesize":11, "value":"eval_script", "encoding":"US-ASCII", "memsize":40, "flags":{"wb_protected":true}}
{"address":"0x7ffe49054598", "type":"ARRAY", "class":"0x7ffe490a67f8", "frozen":true, "length":2, "embedded":true, "references":["0x7ffe49055448"], "memsize":40, "flags":{"wb_protected":true}}
{"address":"0x7ffe490545c0", "type":"ARRAY", "class":"0x7ffe490a67f8", "frozen":true, "length":2, "embedded":true, "references":["0x7ffe49055448"], "memsize":40, "flags":{"wb_protected":true}}
{"address":"0x7ffe490545e8", "type":"IMEMO", "imemo_type":"iseq", "references":["0x7ffe49054638", "0x7ffe49054638", "0x7ffe49054598"], "memsize":392, "flags":{"wb_protected":true}}
{"address":"0x7ffe49054610", "type":"STRING", "class":"0x7ffe490be858", "frozen":true, "embedded":true, "bytesize":16, "value":"raised_exception", "encoding":"US-ASCII", "memsize":40, "flags":{"wb_protected":true}}
{"address":"0x7ffe49054638", "type":"STRING", "class":"0x7ffe490be858", "frozen":true, "embedded":true, "fstring":true, "bytesize":16, "value":"raised_exception", "encoding":"US-ASCII", "memsize":40, "flags":{"wb_protected":true}}
{"address":"0x7ffe49054660", "type":"STRING", "class":"0x7ffe490be858", "embedded":true, "bytesize":16, "value":"raised_exception", "encoding":"US-ASCII", "memsize":40, "flags":{"wb_protected":true}}
{"address":"0x7ffe49054688", "type":"ARRAY", "class":"0x7ffe490a67f8", "frozen":true, "length":2, "embedded":true, "references":["0x7ffe49055448"], "memsize":40, "flags":{"wb_protected":true}}
{"address":"0x7ffe490546b0", "type":"ARRAY", "class":"0x7ffe490a67f8", "frozen":true, "length":2, "embedded":true, "references":["0x7ffe49055448"], "memsize":40, "flags":{"wb_protected":true}}
{"address":"0x7ffe490546d8", "type":"IMEMO", "imemo_type":"iseq", "references":["0x7ffe49054728", "0x7ffe49054728", "0x7ffe49054688"], "memsize":392, "flags":{"wb_protected":true}}
{"address":"0x7ffe49054700", "type":"STRING", "class":"0x7ffe490be858", "frozen":true, "embedded":true, "bytesize":12, "value":"return_value", "encoding":"US-ASCII", "memsize":40, "flags":{"wb_protected":true}}
{"address":"0x7ffe49054728", "type":"STRING", "class":"0x7ffe490be858", "frozen":true, "embedded":true, "fstring":true, "bytesize":12, "value":"return_value", "encoding":"US-ASCII", "memsize":40, "flags":{"wb_protected":true}}
{"address":"0x7ffe49054750", "type":"STRING", "class":"0x7ffe490be858", "embedded":true, "bytesize":12, "value":"return_value", "encoding":"US-ASCII", "memsize":40, "flags":{"wb_protected":true}}
{"address":"0x7ffe49054778", "type":"ARRAY", "class":"0x7ffe490a67f8", "frozen":true, "length":2, "embedded":true, "references":["0x7ffe49055448"], "memsize":40, "flags":{"wb_protected":true}}
{"address":"0x7ffe490547a0", "type":"ARRAY", "class":"0x7ffe490a67f8", "frozen":true, "length":2, "embedded":true, "references":["0x7ffe49055448"], "memsize":40, "flags":{"wb_protected":true}}
{"address":"0x7ffe490547c8", "type":"IMEMO", "imemo_type":"iseq", "references":["0x7ffe49054818", "0x7ffe49054818", "0x7ffe49054778"], "memsize":392, "flags":{"wb_protected":true}}
{"address":"0x7ffe490547f0", "type":"STRING", "class":"0x7ffe490be858", "frozen":true, "embedded":true, "bytesize":4, "value":"self", "encoding":"US-ASCII", "memsize":40, "flags":{"wb_protected":true}}
{"address":"0x7ffe49054818", "type":"STRING", "class":"0x7ffe490be858", "frozen":true, "embedded":true, "fstring":true, "bytesize":4, "value":"self", "encoding":"US-ASCII", "memsize":40, "flags":{"wb_protected":true}}
{"address":"0x7ffe49054840", "type":"STRING", "class":"0x7ffe490be858", "embedded":true, "bytesize":4, "value":"self", "encoding":"US-ASCII", "memsize":40, "flags":{"wb_protected":true}}
{"address":"0x7ffe49054868", "type":"ARRAY", "class":"0x7ffe490a67f8", "frozen":true, "length":2, "embedded":true, "references":["0x7ffe49055448"], "memsize":40, "flags":{"wb_protected":true}}
{"address":"0x7ffe49054890", "type":"ARRAY", "class":"0x7ffe490a67f8", "frozen":true, "length":2, "embedded":true, "references":["0x7ffe49055448"], "memsize":40, "flags":{"wb_protected":true}}
{"address":"0x7ffe490548b8", "type":"IMEMO", "imemo_type":"iseq", "references":["0x7ffe49087740", "0x7ffe49087740", "0x7ffe49054868"], "memsize":392, "flags":{"wb_protected":true}}
{"address":"0x7ffe490548e0", "type":"STRING", "class":"0x7ffe490be858", "embedded":true, "bytesize":7, "value":"binding", "encoding":"US-ASCII", "memsize":40, "flags":{"wb_protected":true}}
{"address":"0x7ffe49054908", "type":"ARRAY", "class":"0x7ffe490a67f8", "frozen":true, "length":2, "embedded":true, "references":["0x7ffe49055448"], "memsize":40, "flags":{"wb_protected":true}}
{"address":"0x7ffe49054930", "type":"ARRAY", "class":"0x7ffe490a67f8", "frozen":true, "length":2, "embedded":true, "references":["0x7ffe49055448"], "memsize":40, "flags":{"wb_protected":true}}
{"address":"0x7ffe49054958", "type":"IMEMO", "imemo_type":"iseq", "references":["0x7ffe490549a8", "0x7ffe490549a8", "0x7ffe49054908"], "memsize":392, "flags":{"wb_protected":true}}
{"address":"0x7ffe49054980", "type":"STRING", "class":"0x7ffe490be858", "frozen":true, "embedded":true, "bytesize":13, "value":"defined_class", "encoding":"US-ASCII", "memsize":40, "flags":{"wb_protected":true}}
{"address":"0x7ffe490549a8", "type":"STRING", "class":"0x7ffe490be858", "frozen":true, "embedded":true, "fstring":true, "bytesize":13, "value":"defined_class", "encoding":"US-ASCII", "memsize":40, "flags":{"wb_protected":true}}
{"address":"0x7ffe490549d0", "type":"STRING", "class":"0x7ffe490be858", "embedded":true, "bytesize":13, "value":"defined_class", "encoding":"US-ASCII", "memsize":40, "flags":{"wb_protected":true}}
{"address":"0x7ffe490549f8", "type":"ARRAY", "class":"0x7ffe490a67f8", "frozen":true, "length":2, "embedded":true, "references":["0x7ffe49055448"], "memsize":40, "flags":{"wb_protected":true}}
{"address":"0x7ffe49054a20", "type":"ARRAY", "class":"0x7ffe490a67f8", "frozen":true, "length":2, "embedded":true, "references":["0x7ffe49055448"], "memsize":40, "flags":{"wb_protected":true}}
{"address":"0x7ffe49054a48", "type":"IMEMO", "imemo_type":"iseq", "references":["0x7ffe49054a98", "0x7ffe49054a98", "0x7ffe490549f8"], "memsize":392, "flags":{"wb_protected":true}}
{"address":"0x7ffe49054a70", "type":"STRING", "class":"0x7ffe490be858", "frozen":true, "embedded":true, "bytesize":9, "value":"callee_id", "encoding":"US-ASCII", "memsize":40, "flags":{"wb_protected":true}}
{"address":"0x7ffe49054a98", "type":"STRING", "class":"0x7ffe490be858", "frozen":true, "embedded":true, "fstring":true, "bytesize":9, "value":"callee_id", "encoding":"US-ASCII", "memsize":40, "flags":{"wb_protected":true}}
{"address":"0x7ffe49054ac0", "type":"STRING", "class":"0x7ffe490be858", "embedded":true, "bytesize":9, "value":"callee_id", "encoding":"US-ASCII", "memsize":40, "flags":{"wb_protected":true}}
{"address":"0x7ffe49054ae8", "type":"ARRAY", "class":"0x7ffe490a67f8", "frozen":true, "length":2, "embedded":true, "references":["0x7ffe49055448"], "memsize":40, "flags":{"wb_protected":true}}
{"address":"0x7ffe49054b10", "type":"ARRAY", "class":"0x7ffe490a67f8", "frozen":true, "length":2, "embedded":true, "references":["0x7ffe49055448"], "memsize":40, "flags":{"wb_protected":true}}
{"address":"0x7ffe49054b38", "type":"IMEMO", "imemo_type":"iseq", "references":["0x7ffe49054b88", "0x7ffe49054b88", "0x7ffe49054ae8"], "memsize":392, "flags":{"wb_protected":true}}
{"address":"0x7ffe49054b60", "type":"STRING", "class":"0x7ffe490be858", "frozen":true, "embedded":true, "bytesize":9, "value":"method_id", "encoding":"US-ASCII", "memsize":40, "flags":{"wb_protected":true}}
{"address":"0x7ffe49054b88", "type":"STRING", "class":"0x7ffe490be858", "frozen":true, "embedded":true, "fstring":true, "bytesize":9, "value":"method_id", "encoding":"US-ASCII", "memsize":40, "flags":{"wb_protected":true}}
{"address":"0x7ffe49054bb0", "type":"STRING", "class":"0x7ffe490be858", "embedded":true, "bytesize":9, "value":"method_id", "encoding":"US-ASCII", "memsize":40, "flags":{"wb_protected":true}}
{"address":"0x7ffe49054bd8", "type":"ARRAY", "class":"0x7ffe490a67f8", "frozen":true, "length":2, "embedded":true, "references":["0x7ffe49055448"], "memsize":40, "flags":{"wb_protected":true}}
{"address":"0x7ffe49054c00", "type":"ARRAY", "class":"0x7ffe490a67f8", "frozen":true, "length":2, "embedded":true, "references":["0x7ffe49055448"], "memsize":40, "flags":{"wb_protected":true}}
{"address":"0x7ffe49054c28", "type":"IMEMO", "imemo_type":"iseq", "references":["0x7ffe490875b0", "0x7ffe490875b0", "0x7ffe49054bd8"], "memsize":392, "flags":{"wb_protected":true}}
{"address":"0x7ffe49054c50", "type":"STRING", "class":"0x7ffe490be858", "embedded":true, "bytesize":10, "value":"parameters", "encoding":"US-ASCII", "memsize":40, "flags":{"wb_protected":true}}
{"address":"0x7ffe49054c78", "type":"ARRAY", "class":"0x7ffe490a67f8", "frozen":true, "length":2, "embedded":true, "references":["0x7ffe49055448"], "memsize":40, "flags":{"wb_protected":true}}
{"address":"0x7ffe49054ca0", "type":"ARRAY", "class":"0x7ffe490a67f8", "frozen":true, "length":2, "embedded":true, "references":["0x7ffe49055448"], "memsize":40, "flags":{"wb_protected":true}}
{"address":"0x7ffe49054cc8", "type":"IMEMO", "imemo_type":"iseq", "references":["0x7ffe490b7300", "0x7ffe490b7300", "0x7ffe49054c78"], "memsize":392, "flags":{"wb_protected":true}}
{"address":"0x7ffe49054cf0", "type":"STRING", "class":"0x7ffe490be858", "embedded":true, "bytesize":4, "value":"path", "encoding":"US-ASCII", "memsize":40, "flags":{"wb_protected":true}}
{"address":"0x7ffe49054d18", "type":"ARRAY", "class":"0x7ffe490a67f8", "frozen":true, "length":2, "embedded":true, "references":["0x7ffe49055448"], "memsize":40, "flags":{"wb_protected":true}}
{"address":"0x7ffe49054d40", "type":"ARRAY", "class":"0x7ffe490a67f8", "frozen":true, "length":2, "embedded":true, "references":["0x7ffe49055448"], "memsize":40, "flags":{"wb_protected":true}}
{"address":"0x7ffe49054d68", "type":"IMEMO", "imemo_type":"iseq", "references":["0x7ffe490974d8", "0x7ffe490974d8", "0x7ffe49054d18"], "memsize":392, "flags":{"wb_protected":true}}
{"address":"0x7ffe49054d90", "type":"STRING", "class":"0x7ffe490be858", "embedded":true, "bytesize":6, "value":"lineno", "encoding":"US-ASCII", "memsize":40, "flags":{"wb_protected":true}}
{"address":"0x7ffe49054db8", "type":"ARRAY", "class":"0x7ffe490a67f8", "frozen":true, "length":2, "embedded":true, "references":["0x7ffe49055448"], "memsize":40, "flags":{"wb_protected":true}}
{"address":"0x7ffe49054de0", "type":"ARRAY", "class":"0x7ffe490a67f8", "frozen":true, "length":2, "embedded":true, "references":["0x7ffe49055448"], "memsize":40, "flags":{"wb_protected":true}}
{"address":"0x7ffe49054e08", "type":"IMEMO", "imemo_type":"iseq", "references":["0x7ffe49054e58", "0x7ffe49054e58", "0x7ffe49054db8"], "memsize":392, "flags":{"wb_protected":true}}
{"address":"0x7ffe49054e30", "type":"STRING", "class":"0x7ffe490be858", "frozen":true, "embedded":true, "bytesize":5, "value":"event", "encoding":"US-ASCII", "memsize":40, "flags":{"wb_protected":true}}
{"address":"0x7ffe49054e58", "type":"STRING", "class":"0x7ffe490be858", "frozen":true, "embedded":true, "fstring":true, "bytesize":5, "value":"event", "encoding":"US-ASCII", "memsize":40, "flags":{"wb_protected":true}}
{"address":"0x7ffe49054e80", "type":"STRING", "class":"0x7ffe490be858", "embedded":true, "bytesize":5, "value":"event", "encoding":"US-ASCII", "memsize":40, "flags":{"wb_protected":true}}
{"address":"0x7ffe49054ea8", "type":"ARRAY", "class":"0x7ffe490a67f8", "frozen":true, "length":2, "embedded":true, "references":["0x7ffe49055448"], "memsize":40, "flags":{"wb_protected":true}}
{"address":"0x7ffe49054ed0", "type":"ARRAY", "class":"0x7ffe490a67f8", "frozen":true, "length":2, "embedded":true, "references":["0x7ffe49055448"], "memsize":40, "flags":{"wb_protected":true}}
{"address":"0x7ffe49054ef8", "type":"IMEMO", "imemo_type":"iseq", "references":["0x7ffe490855f8", "0x7ffe490855f8", "0x7ffe49054ea8"], "memsize":392, "flags":{"wb_protected":true}}
{"address":"0x7ffe49054f20", "type":"STRING", "class":"0x7ffe490be858", "embedded":true, "bytesize":8, "value":"enabled?", "encoding":"US-ASCII", "memsize":40, "flags":{"wb_protected":true}}
{"address":"0x7ffe49054f48", "type":"ARRAY", "class":"0x7ffe490a67f8", "frozen":true, "length":2, "embedded":true, "references":["0x7ffe49055448"], "memsize":40, "flags":{"wb_protected":true}}
{"address":"0x7ffe49054f70", "type":"ARRAY", "class":"0x7ffe490a67f8", "frozen":true, "length":2, "embedded":true, "references":["0x7ffe49055448"], "memsize":40, "flags":{"wb_protected":true}}
{"address":"0x7ffe49054f98", "type":"IMEMO", "imemo_type":"iseq", "references":["0x7ffe49085508", "0x7ffe49085508", "0x7ffe49054f48"], "memsize":392, "flags":{"wb_protected":true}}
{"address":"0x7ffe49054fc0", "type":"STRING", "class":"0x7ffe490be858", "embedded":true, "bytesize":7, "value":"disable", "encoding":"US-ASCII", "memsize":40, "flags":{"wb_protected":true}}
{"address":"0x7ffe49054fe8", "type":"ARRAY", "class":"0x7ffe490a67f8", "frozen":true, "length":2, "embedded":true, "references":["0x7ffe49055448"], "memsize":40, "flags":{"wb_protected":true}}
{"address":"0x7ffe49055010", "type":"ARRAY", "class":"0x7ffe490a67f8", "frozen":true, "length":2, "embedded":true, "references":["0x7ffe49055448"], "memsize":40, "flags":{"wb_protected":true}}
{"address":"0x7ffe49055038", "type":"STRING", "class":"0x7ffe490be858", "frozen":true, "embedded":true, "bytesize":13, "value":"target_thread", "encoding":"US-ASCII", "memsize":40, "flags":{"wb_protected":true}}
{"address":"0x7ffe49055060", "type":"STRING", "class":"0x7ffe490be858", "frozen":true, "embedded":true, "fstring":true, "bytesize":13, "value":"target_thread", "encoding":"US-ASCII", "memsize":40, "flags":{"wb_protected":true}}
{"address":"0x7ffe49055088", "type":"STRING", "class":"0x7ffe490be858", "embedded":true, "bytesize":13, "value":"target_thread", "encoding":"US-ASCII", "memsize":40, "flags":{"wb_protected":true}}
{"address":"0x7ffe490550b0", "type":"STRING", "class":"0x7ffe490be858", "frozen":true, "embedded":true, "bytesize":11, "value":"target_line", "encoding":"US-ASCII", "memsize":40, "flags":{"wb_protected":true}}
{"address":"0x7ffe490550d8", "type":"STRING", "class":"0x7ffe490be858", "frozen":true, "embedded":true, "fstring":true, "bytesize":11, "value":"target_line", "encoding":"US-ASCII", "memsize":40, "flags":{"wb_protected":true}}
{"address":"0x7ffe49055100", "type":"STRING", "class":"0x7ffe490be858", "embedded":true, "bytesize":11, "value":"target_line", "encoding":"US-ASCII", "memsize":40, "flags":{"wb_protected":true}}
{"address":"0x7ffe49055128", "type":"STRING", "class":"0x7ffe490be858", "frozen":true, "embedded":true, "bytesize":6, "value":"target", "encoding":"US-ASCII", "memsize":40, "flags":{"wb_protected":true}}
{"address":"0x7ffe49055150", "type":"STRING", "class":"0x7ffe490be858", "frozen":true, "embedded":true, "fstring":true, "bytesize":6, "value":"target", "encoding":"US-ASCII", "memsize":40, "flags":{"wb_protected":true}}
{"address":"0x7ffe49055178", "type":"STRING", "class":"0x7ffe490be858", "embedded":true, "bytesize":6, "value":"target", "encoding":"US-ASCII", "memsize":40, "flags":{"wb_protected":true}}
{"address":"0x7ffe490551a0", "type":"IMEMO", "imemo_type":"iseq", "references":["0x7ffe490855a8", "0x7ffe490855a8", "0x7ffe49054fe8"], "memsize":480, "flags":{"wb_protected":true}}
{"address":"0x7ffe490551c8", "type":"STRING", "class":"0x7ffe490be858", "embedded":true, "bytesize":6, "value":"enable", "encoding":"US-ASCII", "memsize":40, "flags":{"wb_protected":true}}
{"address":"0x7ffe490551f0", "type":"ARRAY", "class":"0x7ffe490a67f8", "frozen":true, "length":2, "embedded":true, "references":["0x7ffe49055448"], "memsize":40, "flags":{"wb_protected":true}}
{"address":"0x7ffe49055218", "type":"ARRAY", "class":"0x7ffe490a67f8", "frozen":true, "length":2, "embedded":true, "references":["0x7ffe49055448"], "memsize":40, "flags":{"wb_protected":true}}
{"address":"0x7ffe49055240", "type":"IMEMO", "imemo_type":"iseq", "references":["0x7ffe49055290", "0x7ffe49055290", "0x7ffe490551f0"], "memsize":400, "flags":{"wb_protected":true}}
{"address":"0x7ffe49055268", "type":"STRING", "class":"0x7ffe490be858", "frozen":true, "embedded":true, "bytesize":5, "value":"trace", "encoding":"US-ASCII", "memsize":40, "flags":{"wb_protected":true}}
{"address":"0x7ffe49055290", "type":"STRING", "class":"0x7ffe490be858", "frozen":true, "embedded":true, "fstring":true, "bytesize":5, "value":"trace", "encoding":"US-ASCII", "memsize":40, "flags":{"wb_protected":true}}
{"address":"0x7ffe490552b8", "type":"STRING", "class":"0x7ffe490be858", "embedded":true, "bytesize":5, "value":"trace", "encoding":"US-ASCII", "memsize":40, "flags":{"wb_protected":true}}
{"address":"0x7ffe490552e0", "type":"ARRAY", "class":"0x7ffe490a67f8", "frozen":true, "length":2, "embedded":true, "references":["0x7ffe49055448"], "memsize":40, "flags":{"wb_protected":true}}
{"address":"0x7ffe49055308", "type":"ARRAY", "class":"0x7ffe490a67f8", "frozen":true, "length":2, "embedded":true, "references":["0x7ffe49055448"], "memsize":40, "flags":{"wb_protected":true}}
{"address":"0x7ffe49055330", "type":"IMEMO", "imemo_type":"iseq", "references":["0x7ffe49094940", "0x7ffe49094940", "0x7ffe490552e0"], "memsize":392, "flags":{"wb_protected":true}}
{"address":"0x7ffe49055358", "type":"STRING", "class":"0x7ffe490be858", "embedded":true, "bytesize":4, "value":"stat", "encoding":"US-ASCII", "memsize":40, "flags":{"wb_protected":true}}
{"address":"0x7ffe49055380", "type":"ARRAY", "class":"0x7ffe490a67f8", "frozen":true, "length":2, "embedded":true, "references":["0x7ffe49055448"], "memsize":40, "flags":{"wb_protected":true}}
{"address":"0x7ffe490553a8", "type":"ARRAY", "class":"0x7ffe490a67f8", "frozen":true, "length":2, "embedded":true, "references":["0x7ffe49055448"], "memsize":40, "flags":{"wb_protected":true}}
{"address":"0x7ffe490553d0", "type":"IMEMO", "imemo_type":"iseq", "references":["0x7ffe490c7638", "0x7ffe490c7638", "0x7ffe49055380"], "memsize":392, "flags":{"wb_protected":true}}
{"address":"0x7ffe490553f8", "type":"STRING", "class":"0x7ffe490be858", "embedded":true, "bytesize":7, "value":"inspect", "encoding":"US-ASCII", "memsize":40, "flags":{"wb_protected":true}}
{"address":"0x7ffe49055420", "type":"ARRAY", "class":"0x7ffe490a67f8", "frozen":true, "length":2, "embedded":true, "references":["0x7ffe49055448"], "memsize":40, "flags":{"wb_protected":true}}
{"address":"0x7ffe49055448", "type":"STRING", "class":"0x7ffe490be858", "frozen":true, "embedded":true, "fstring":true, "bytesize":22, "value":"<internal:trace_point>", "encoding":"US-ASCII", "memsize":40, "flags":{"wb_protected":true}}
{"address":"0x7ffe49055470", "type":"STRING", "class":"0x7ffe490be858", "embedded":true, "bytesize":22, "value":"<internal:trace_point>", "encoding":"US-ASCII", "memsize":40, "flags":{"wb_protected":true}}
{"address":"0x7ffe49055498", "type":"ARRAY", "class":"0x7ffe490a67f8", "frozen":true, "length":2, "embedded":true, "references":["0x7ffe49055448"], "memsize":40, "flags":{"wb_protected":true}}
{"address":"0x7ffe490554c0", "type":"STRING", "class":"0x7ffe490be858", "frozen":true, "embedded":true, "bytesize":6, "value":"events", "encoding":"US-ASCII", "memsize":40, "flags":{"wb_protected":true}}
{"address":"0x7ffe490554e8", "type":"STRING", "class":"0x7ffe490be858", "frozen":true, "embedded":true, "fstring":true, "bytesize":6, "value":"events", "encoding":"US-ASCII", "memsize":40, "flags":{"wb_protected":true}}
{"address":"0x7ffe49055510", "type":"STRING", "class":"0x7ffe490be858", "embedded":true, "bytesize":6, "value":"events", "encoding":"US-ASCII", "memsize":40, "flags":{"wb_protected":true}}
{"address":"0x7ffe49055538", "type":"IMEMO", "imemo_type":"iseq", "references":["0x7ffe490c54c8", "0x7ffe490c54c8", "0x7ffe49055420"], "memsize":400, "flags":{"wb_protected":true}}
{"address":"0x7ffe49055560", "type":"STRING", "class":"0x7ffe490be858", "embedded":true, "bytesize":3, "value":"new", "encoding":"US-ASCII", "memsize":40, "flags":{"wb_protected":true}}
{"address":"0x7ffe49055588", "type":"IMEMO", "imemo_type":"iseq", "references":["0x7ffe49055538", "0x7ffe490553d0", "0x7ffe49055330", "0x7ffe49055240", "0x7ffe490551a0", "0x7ffe49054f98", "0x7ffe49054ef8", "0x7ffe49054e08", "0x7ffe49054d68", "0x7ffe49054cc8", "0x7ffe49054c28", "0x7ffe49054b38", "0x7ffe49054a48", "0x7ffe49054958", "0x7ffe490548b8", "0x7ffe490547c8", "0x7ffe490546d8", "0x7ffe490545e8", "0x7ffe490544f8", "0x7ffe49054408", "0x7ffe49054318", "0x7ffe49054318", "0x7ffe49054368", "0x7ffe490555d8"], "memsize":1164, "flags":{"wb_protected":true}}
{"address":"0x7ffe490555b0", "type":"STRING", "class":"0x7ffe490be858", "embedded":true, "bytesize":10, "value":"TracePoint", "encoding":"US-ASCII", "memsize":40, "flags":{"wb_protected":true}}
{"address":"0x7ffe490555d8", "type":"IMEMO", "imemo_type":"iseq", "references":["0x7ffe49055588", "0x7ffe49055448", "0x7ffe49055448", "0x7ffe490542c8"], "memsize":424, "flags":{"wb_protected":true}}
{"address":"0x7ffe49055600", "type":"DATA", "struct":"pinned_list", "references":["0x7ffe490542f0", "0x7ffe49055448", "0x7ffe49054390", "0x7ffe49054318", "0x7ffe49055498", "0x7ffe490c54c8", "0x7ffe490553a8", "0x7ffe490c7638", "0x7ffe49055308", "0x7ffe49094940", "0x7ffe49055218", "0x7ffe49055290", "0x7ffe49055010", "0x7ffe490855a8", "0x7ffe49054f70", "0x7ffe49085508", "0x7ffe49054ed0", "0x7ffe490855f8", "0x7ffe49054de0", "0x7ffe49054e58", "0x7ffe49054d40", "0x7ffe490974d8", "0x7ffe49054ca0", "0x7ffe490b7300", "0x7ffe49054c00", "0x7ffe490875b0", "0x7ffe49054b10", "0x7ffe49054b88", "0x7ffe49054a20", "0x7ffe49054a98", "0x7ffe49054930", "0x7ffe490549a8", "0x7ffe49054890", "0x7ffe49087740", "0x7ffe490547a0", "0x7ffe49054818", "0x7ffe490546b0", "0x7ffe49054728", "0x7ffe490545c0", "0x7ffe49054638", "0x7ffe490544d0", "0x7ffe49054548", "0x7ffe490543e0", "0x7ffe49054458", "0x7ffe490678a0", "0x7ffe490554e8", "0x7ffe49055150", "0x7ffe490550d8", "0x7ffe49055060"], "memsize":656, "flags":{"wb_protected":true}}
{"address":"0x7ffe49055628", "type":"DATA", "struct":"pinned_list", "references":["0x7ffe490555d8", "0x7ffe49055588", "0x7ffe49055538", "0x7ffe490553d0", "0x7ffe49055330", "0x7ffe49055240", "0x7ffe490551a0", "0x7ffe49054f98", "0x7ffe49054ef8", "0x7ffe49054e08", "0x7ffe49054d68", "0x7ffe49054cc8", "0x7ffe49054c28", "0x7ffe49054b38", "0x7ffe49054a48", "0x7ffe49054958", "0x7ffe490548b8", "0x7ffe490547c8", "0x7ffe490546d8", "0x7ffe490545e8", "0x7ffe490544f8", "0x7ffe49054408"], "memsize":232, "flags":{"wb_protected":true}}
{"address":"0x7ffe49055650", "type":"DATA", "struct":"ibf_loader", "references":["0x7ffe49055628", "0x7ffe49055600"], "memsize":120, "flags":{"wb_protected":true}}
{"address":"0x7ffe49055678", "type":"IMEMO", "class":"0x7ffe49067760", "imemo_type":"ment", "references":["0x7ffe49055b50", "0x7ffe49055790"], "memsize":48, "flags":{"wb_protected":true}}
{"address":"0x7ffe490556a0", "type":"IMEMO", "class":"0x7ffe49067760", "imemo_type":"ment", "references":["0x7ffe49055bf0", "0x7ffe49055790"], "memsize":48, "flags":{"wb_protected":true}}
{"address":"0x7ffe490556c8", "type":"IMEMO", "class":"0x7ffe49067760", "imemo_type":"ment", "references":["0x7ffe49055c90", "0x7ffe49055790"], "memsize":48, "flags":{"wb_protected":true}}
{"address":"0x7ffe490556f0", "type":"IMEMO", "class":"0x7ffe49067760", "imemo_type":"ment", "references":["0x7ffe49055d80", "0x7ffe49055790"], "memsize":48, "flags":{"wb_protected":true}}
{"address":"0x7ffe49055718", "type":"IMEMO", "class":"0x7ffe49067760", "imemo_type":"ment", "references":["0x7ffe49055e70", "0x7ffe49055790"], "memsize":48, "flags":{"wb_protected":true}}
{"address":"0x7ffe49055740", "type":"IMEMO", "class":"0x7ffe49067760", "imemo_type":"ment", "references":["0x7ffe49055f60", "0x7ffe49055790"], "memsize":48, "flags":{"wb_protected":true}}
{"address":"0x7ffe49055768", "type":"IMEMO", "class":"0x7ffe49067760", "imemo_type":"ment", "references":["0x7ffe49056000", "0x7ffe49055790"], "memsize":48, "flags":{"wb_protected":true}}
{"address":"0x7ffe49055790", "type":"IMEMO", "class":"0x8", "imemo_type":"cref", "references":["0x7ffe49067760", "0x7ffe49055858"], "memsize":40, "flags":{"wb_protected":true}}
{"address":"0x7ffe490557b8", "type":"IMEMO", "class":"0x7ffe49055830", "imemo_type":"ment", "references":["0x7ffe490561b8", "0x7ffe49055858"], "memsize":48, "flags":{"wb_protected":true}}
{"address":"0x7ffe490557e0", "type":"IMEMO", "class":"0x7ffe49055830", "imemo_type":"ment", "references":["0x7ffe490562d0", "0x7ffe49055858"], "memsize":48, "flags":{"wb_protected":true}}
{"address":"0x7ffe49055808", "type":"IMEMO", "class":"0x7ffe49055830", "imemo_type":"ment", "references":["0x7ffe49056438", "0x7ffe49055858"], "memsize":48, "flags":{"wb_protected":true}}
{"address":"0x7ffe49055830", "type":"CLASS", "class":"0x7ffe490c5748", "references":["0x7ffe490c6850", "0x7ffe490557b8", "0x7ffe49055808", "0x7ffe490557e0", "0x7ffe490c66c0", "0x7ffe49067800"], "memsize":648, "flags":{"wb_protected":true}}
{"address":"0x7ffe49055858", "type":"IMEMO", "class":"0x8", "imemo_type":"cref", "references":["0x7ffe49067800", "0x7ffe49055880"], "memsize":40, "flags":{"wb_protected":true}}
{"address":"0x7ffe49055880", "type":"IMEMO", "class":"0x8", "imemo_type":"cref", "references":["0x7ffe4907e7f8", "0x7ffe490558a8"], "memsize":40, "flags":{"wb_protected":true}}
{"address":"0x7ffe490558a8", "type":"IMEMO", "class":"0x8", "imemo_type":"cref", "references":["0x7ffe490c68a0"], "memsize":40, "flags":{"wb_protected":true}}
{"address":"0x7ffe490558d0", "type":"ARRAY", "class":"0x7ffe490a67f8", "frozen":true, "length":2, "embedded":true, "references":["0x7ffe49056398"], "memsize":40, "flags":{"wb_protected":true}}
{"address":"0x7ffe490558f8", "type":"ARRAY", "class":"0x7ffe490a67f8", "frozen":true, "length":2, "embedded":true, "references":["0x7ffe49056398"], "memsize":40, "flags":{"wb_protected":true}}
{"address":"0x7ffe49055920", "type":"STRING", "class":"0x7ffe490be858", "frozen":true, "embedded":true, "fstring":true, "bytesize":14, "value":"<class:RubyVM>", "memsize":40, "flags":{"wb_protected":true}}
{"address":"0x7ffe49055948", "type":"STRING", "class":"0x7ffe490be858", "embedded":true, "bytesize":14, "value":"<class:RubyVM>", "memsize":40, "flags":{"wb_protected":true}}
{"address":"0x7ffe49055970", "type":"ARRAY", "class":"0x7ffe490a67f8", "frozen":true, "length":2, "embedded":true, "references":["0x7ffe49056398"], "memsize":40, "flags":{"wb_protected":true}}
{"address":"0x7ffe49055998", "type":"ARRAY", "class":"0x7ffe490a67f8", "frozen":true, "length":2, "embedded":true, "references":["0x7ffe49056398"], "memsize":40, "flags":{"wb_protected":true}}
{"address":"0x7ffe490559c0", "type":"STRING", "class":"0x7ffe490be858", "frozen":true, "fstring":true, "bytesize":27, "value":"<module:AbstractSyntaxTree>", "memsize":68, "flags":{"wb_protected":true}}
{"address":"0x7ffe490559e8", "type":"STRING", "class":"0x7ffe490be858", "shared":true, "references":["0x7ffe490559c0"], "memsize":40, "flags":{"wb_protected":true}}
{"address":"0x7ffe49055a10", "type":"ARRAY", "class":"0x7ffe490a67f8", "frozen":true, "length":2, "embedded":true, "references":["0x7ffe49056398"], "memsize":40, "flags":{"wb_protected":true}}
{"address":"0x7ffe49055a38", "type":"ARRAY", "class":"0x7ffe490a67f8", "frozen":true, "length":2, "embedded":true, "references":["0x7ffe49056398"], "memsize":40, "flags":{"wb_protected":true}}
{"address":"0x7ffe49055a60", "type":"STRING", "class":"0x7ffe490be858", "frozen":true, "embedded":true, "fstring":true, "bytesize":12, "value":"<class:Node>", "memsize":40, "flags":{"wb_protected":true}}
{"address":"0x7ffe49055a88", "type":"STRING", "class":"0x7ffe490be858", "embedded":true, "bytesize":12, "value":"<class:Node>", "memsize":40, "flags":{"wb_protected":true}}
{"address":"0x7ffe49055ab0", "type":"ARRAY", "class":"0x7ffe490a67f8", "frozen":true, "length":2, "embedded":true, "references":["0x7ffe49056398"], "memsize":40, "flags":{"wb_protected":true}}
{"address":"0x7ffe49055ad8", "type":"ARRAY", "class":"0x7ffe490a67f8", "frozen":true, "length":2, "embedded":true, "references":["0x7ffe49056398"], "memsize":40, "flags":{"wb_protected":true}}
{"address":"0x7ffe49055b00", "type":"ARRAY", "class":"0x7ffe490a67f8", "frozen":true, "length":2, "embedded":true, "references":["0x7ffe49056398"], "memsize":40, "flags":{"wb_protected":true}}
{"address":"0x7ffe49055b28", "type":"ARRAY", "class":"0x7ffe490a67f8", "frozen":true, "length":2, "embedded":true, "references":["0x7ffe49056398"], "memsize":40, "flags":{"wb_protected":true}}
{"address":"0x7ffe49055b50", "type":"IMEMO", "imemo_type":"iseq", "references":["0x7ffe490c7638", "0x7ffe490c7638", "0x7ffe49055b00"], "memsize":392, "flags":{"wb_protected":true}}
{"address":"0x7ffe49055b78", "type":"STRING", "class":"0x7ffe490be858", "embedded":true, "bytesize":7, "value":"inspect", "encoding":"US-ASCII", "memsize":40, "flags":{"wb_protected":true}}
{"address":"0x7ffe49055ba0", "type":"ARRAY", "class":"0x7ffe490a67f8", "frozen":true, "length":2, "embedded":true, "references":["0x7ffe49056398"], "memsize":40, "flags":{"wb_protected":true}}
{"address":"0x7ffe49055bc8", "type":"ARRAY", "class":"0x7ffe490a67f8", "frozen":true, "length":2, "embedded":true, "references":["0x7ffe49056398"], "memsize":40, "flags":{"wb_protected":true}}
{"address":"0x7ffe49055bf0", "type":"IMEMO", "imemo_type":"iseq", "references":["0x7ffe4908ea40", "0x7ffe4908ea40", "0x7ffe49055ba0"], "memsize":392, "flags":{"wb_protected":true}}
{"address":"0x7ffe49055c18", "type":"STRING", "class":"0x7ffe490be858", "embedded":true, "bytesize":8, "value":"children", "encoding":"US-ASCII", "memsize":40, "flags":{"wb_protected":true}}
{"address":"0x7ffe49055c40", "type":"ARRAY", "class":"0x7ffe490a67f8", "frozen":true, "length":2, "embedded":true, "references":["0x7ffe49056398"], "memsize":40, "flags":{"wb_protected":true}}
{"address":"0x7ffe49055c68", "type":"ARRAY", "class":"0x7ffe490a67f8", "frozen":true, "length":2, "embedded":true, "references":["0x7ffe49056398"], "memsize":40, "flags":{"wb_protected":true}}
{"address":"0x7ffe49055c90", "type":"IMEMO", "imemo_type":"iseq", "references":["0x7ffe49055ce0", "0x7ffe49055ce0", "0x7ffe49055c40"], "memsize":392, "flags":{"wb_protected":true}}
{"address":"0x7ffe49055cb8", "type":"STRING", "class":"0x7ffe490be858", "frozen":true, "embedded":true, "bytesize":11, "value":"last_column", "encoding":"US-ASCII", "memsize":40, "flags":{"wb_protected":true}}
{"address":"0x7ffe49055ce0", "type":"STRING", "class":"0x7ffe490be858", "frozen":true, "embedded":true, "fstring":true, "bytesize":11, "value":"last_column", "encoding":"US-ASCII", "memsize":40, "flags":{"wb_protected":true}}
{"address":"0x7ffe49055d08", "type":"STRING", "class":"0x7ffe490be858", "embedded":true, "bytesize":11, "value":"last_column", "encoding":"US-ASCII", "memsize":40, "flags":{"wb_protected":true}}
{"address":"0x7ffe49055d30", "type":"ARRAY", "class":"0x7ffe490a67f8", "frozen":true, "length":2, "embedded":true, "references":["0x7ffe49056398"], "memsize":40, "flags":{"wb_protected":true}}
{"address":"0x7ffe49055d58", "type":"ARRAY", "class":"0x7ffe490a67f8", "frozen":true, "length":2, "embedded":true, "references":["0x7ffe49056398"], "memsize":40, "flags":{"wb_protected":true}}
{"address":"0x7ffe49055d80", "type":"IMEMO", "imemo_type":"iseq", "references":["0x7ffe49055dd0", "0x7ffe49055dd0", "0x7ffe49055d30"], "memsize":392, "flags":{"wb_protected":true}}
{"address":"0x7ffe49055da8", "type":"STRING", "class":"0x7ffe490be858", "frozen":true, "embedded":true, "bytesize":11, "value":"last_lineno", "encoding":"US-ASCII", "memsize":40, "flags":{"wb_protected":true}}
{"address":"0x7ffe49055dd0", "type":"STRING", "class":"0x7ffe490be858", "frozen":true, "embedded":true, "fstring":true, "bytesize":11, "value":"last_lineno", "encoding":"US-ASCII", "memsize":40, "flags":{"wb_protected":true}}
{"address":"0x7ffe49055df8", "type":"STRING", "class":"0x7ffe490be858", "embedded":true, "bytesize":11, "value":"last_lineno", "encoding":"US-ASCII", "memsize":40, "flags":{"wb_protected":true}}
{"address":"0x7ffe49055e20", "type":"ARRAY", "class":"0x7ffe490a67f8", "frozen":true, "length":2, "embedded":true, "references":["0x7ffe49056398"], "memsize":40, "flags":{"wb_protected":true}}
{"address":"0x7ffe49055e48", "type":"ARRAY", "class":"0x7ffe490a67f8", "frozen":true, "length":2, "embedded":true, "references":["0x7ffe49056398"], "memsize":40, "flags":{"wb_protected":true}}
{"address":"0x7ffe49055e70", "type":"IMEMO", "imemo_type":"iseq", "references":["0x7ffe49055ec0", "0x7ffe49055ec0", "0x7ffe49055e20"], "memsize":392, "flags":{"wb_protected":true}}
{"address":"0x7ffe49055e98", "type":"STRING", "class":"0x7ffe490be858", "frozen":true, "embedded":true, "bytesize":12, "value":"first_column", "encoding":"US-ASCII", "memsize":40, "flags":{"wb_protected":true}}
{"address":"0x7ffe49055ec0", "type":"STRING", "class":"0x7ffe490be858", "frozen":true, "embedded":true, "fstring":true, "bytesize":12, "value":"first_column", "encoding":"US-ASCII", "memsize":40, "flags":{"wb_protected":true}}
{"address":"0x7ffe49055ee8", "type":"STRING", "class":"0x7ffe490be858", "embedded":true, "bytesize":12, "value":"first_column", "encoding":"US-ASCII", "memsize":40, "flags":{"wb_protected":true}}
{"address":"0x7ffe49055f10", "type":"ARRAY", "class":"0x7ffe490a67f8", "frozen":true, "length":2, "embedded":true, "references":["0x7ffe49056398"], "memsize":40, "flags":{"wb_protected":true}}
{"address":"0x7ffe49055f38", "type":"ARRAY", "class":"0x7ffe490a67f8", "frozen":true, "length":2, "embedded":true, "references":["0x7ffe49056398"], "memsize":40, "flags":{"wb_protected":true}}
{"address":"0x7ffe49055f60", "type":"IMEMO", "imemo_type":"iseq", "references":["0x7ffe49077840", "0x7ffe49077840", "0x7ffe49055f10"], "memsize":392, "flags":{"wb_protected":true}}
{"address":"0x7ffe49055f88", "type":"STRING", "class":"0x7ffe490be858", "embedded":true, "bytesize":12, "value":"first_lineno", "encoding":"US-ASCII", "memsize":40, "flags":{"wb_protected":true}}
{"address":"0x7ffe49055fb0", "type":"ARRAY", "class":"0x7ffe490a67f8", "frozen":true, "length":2, "embedded":true, "references":["0x7ffe49056398"], "memsize":40, "flags":{"wb_protected":true}}
{"address":"0x7ffe49055fd8", "type":"ARRAY", "class":"0x7ffe490a67f8", "frozen":true, "length":2, "embedded":true, "references":["0x7ffe49056398"], "memsize":40, "flags":{"wb_protected":true}}
{"address":"0x7ffe49056000", "type":"IMEMO", "imemo_type":"iseq", "references":["0x7ffe49056050", "0x7ffe49056050", "0x7ffe49055fb0"], "memsize":392, "flags":{"wb_protected":true}}
{"address":"0x7ffe49056028", "type":"STRING", "class":"0x7ffe490be858", "frozen":true, "embedded":true, "bytesize":4, "value":"type", "encoding":"US-ASCII", "memsize":40, "flags":{"wb_protected":true}}
{"address":"0x7ffe49056050", "type":"STRING", "class":"0x7ffe490be858", "frozen":true, "embedded":true, "fstring":true, "bytesize":4, "value":"type", "encoding":"US-ASCII", "memsize":40, "flags":{"wb_protected":true}}
{"address":"0x7ffe49056078", "type":"STRING", "class":"0x7ffe490be858", "embedded":true, "bytesize":4, "value":"type", "encoding":"US-ASCII", "memsize":40, "flags":{"wb_protected":true}}
{"address":"0x7ffe490560a0", "type":"IMEMO", "imemo_type":"iseq", "references":["0x7ffe49056000", "0x7ffe49055f60", "0x7ffe49055e70", "0x7ffe49055d80", "0x7ffe49055c90", "0x7ffe49055bf0", "0x7ffe49055b50", "0x7ffe49055a60", "0x7ffe49055a60", "0x7ffe49055ab0", "0x7ffe490564d8"], "memsize":636, "flags":{"wb_protected":true}}
{"address":"0x7ffe490560c8", "type":"STRING", "class":"0x7ffe490be858", "embedded":true, "bytesize":4, "value":"Node", "encoding":"US-ASCII", "memsize":40, "flags":{"wb_protected":true}}
{"address":"0x7ffe490560f0", "type":"ARRAY", "class":"0x7ffe490a67f8", "frozen":true, "length":2, "embedded":true, "references":["0x7ffe49056398"], "memsize":40, "flags":{"wb_protected":true}}
{"address":"0x7ffe49056118", "type":"ARRAY", "class":"0x7ffe490a67f8", "frozen":true, "length":2, "embedded":true, "references":["0x7ffe49056398"], "memsize":40, "flags":{"wb_protected":true}}
{"address":"0x7ffe49056140", "type":"STRING", "class":"0x7ffe490be858", "frozen":true, "embedded":true, "bytesize":4, "value":"body", "encoding":"US-ASCII", "memsize":40, "flags":{"wb_protected":true}}
{"address":"0x7ffe49056168", "type":"STRING", "class":"0x7ffe490be858", "frozen":true, "embedded":true, "fstring":true, "bytesize":4, "value":"body", "encoding":"US-ASCII", "memsize":40, "flags":{"wb_protected":true}}
{"address":"0x7ffe49056190", "type":"STRING", "class":"0x7ffe490be858", "embedded":true, "bytesize":4, "value":"body", "encoding":"US-ASCII", "memsize":40, "flags":{"wb_protected":true}}
{"address":"0x7ffe490561b8", "type":"IMEMO", "imemo_type":"iseq", "references":["0x7ffe490775e8", "0x7ffe490775e8", "0x7ffe490560f0"], "memsize":400, "flags":{"wb_protected":true}}
{"address":"0x7ffe490561e0", "type":"STRING", "class":"0x7ffe490be858", "embedded":true, "bytesize":2, "value":"of", "encoding":"US-ASCII", "memsize":40, "flags":{"wb_protected":true}}
{"address":"0x7ffe49056208", "type":"ARRAY", "class":"0x7ffe490a67f8", "frozen":true, "length":2, "embedded":true, "references":["0x7ffe49056398"], "memsize":40, "flags":{"wb_protected":true}}
{"address":"0x7ffe49056230", "type":"ARRAY", "class":"0x7ffe490a67f8", "frozen":true, "length":2, "embedded":true, "references":["0x7ffe49056398"], "memsize":40, "flags":{"wb_protected":true}}
{"address":"0x7ffe49056258", "type":"STRING", "class":"0x7ffe490be858", "frozen":true, "embedded":true, "bytesize":8, "value":"pathname", "encoding":"US-ASCII", "memsize":40, "flags":{"wb_protected":true}}
{"address":"0x7ffe49056280", "type":"STRING", "class":"0x7ffe490be858", "frozen":true, "embedded":true, "fstring":true, "bytesize":8, "value":"pathname", "encoding":"US-ASCII", "memsize":40, "flags":{"wb_protected":true}}
{"address":"0x7ffe490562a8", "type":"STRING", "class":"0x7ffe490be858", "embedded":true, "bytesize":8, "value":"pathname", "encoding":"US-ASCII", "memsize":40, "flags":{"wb_protected":true}}
{"address":"0x7ffe490562d0", "type":"IMEMO", "imemo_type":"iseq", "references":["0x7ffe49056320", "0x7ffe49056320", "0x7ffe49056208"], "memsize":400, "flags":{"wb_protected":true}}
{"address":"0x7ffe490562f8", "type":"STRING", "class":"0x7ffe490be858", "frozen":true, "embedded":true, "bytesize":10, "value":"parse_file", "encoding":"US-ASCII", "memsize":40, "flags":{"wb_protected":true}}
{"address":"0x7ffe49056320", "type":"STRING", "class":"0x7ffe490be858", "frozen":true, "embedded":true, "fstring":true, "bytesize":10, "value":"parse_file", "encoding":"US-ASCII", "memsize":40, "flags":{"wb_protected":true}}
{"address":"0x7ffe49056348", "type":"STRING", "class":"0x7ffe490be858", "embedded":true, "bytesize":10, "value":"parse_file", "encoding":"US-ASCII", "memsize":40, "flags":{"wb_protected":true}}
{"address":"0x7ffe49056370", "type":"ARRAY", "class":"0x7ffe490a67f8", "frozen":true, "length":2, "embedded":true, "references":["0x7ffe49056398"], "memsize":40, "flags":{"wb_protected":true}}
{"address":"0x7ffe49056398", "type":"STRING", "class":"0x7ffe490be858", "frozen":true, "embedded":true, "fstring":true, "bytesize":14, "value":"<internal:ast>", "encoding":"US-ASCII", "memsize":40, "flags":{"wb_protected":true}}
{"address":"0x7ffe490563c0", "type":"STRING", "class":"0x7ffe490be858", "embedded":true, "bytesize":14, "value":"<internal:ast>", "encoding":"US-ASCII", "memsize":40, "flags":{"wb_protected":true}}
{"address":"0x7ffe490563e8", "type":"ARRAY", "class":"0x7ffe490a67f8", "frozen":true, "length":2, "embedded":true, "references":["0x7ffe49056398"], "memsize":40, "flags":{"wb_protected":true}}
{"address":"0x7ffe49056410", "type":"STRING", "class":"0x7ffe490be858", "embedded":true, "bytesize":6, "value":"string", "encoding":"US-ASCII", "memsize":40, "flags":{"wb_protected":true}}
{"address":"0x7ffe49056438", "type":"IMEMO", "imemo_type":"iseq", "references":["0x7ffe49056488", "0x7ffe49056488", "0x7ffe49056370"], "memsize":400, "flags":{"wb_protected":true}}
{"address":"0x7ffe49056460", "type":"STRING", "class":"0x7ffe490be858", "frozen":true, "embedded":true, "bytesize":5, "value":"parse", "encoding":"US-ASCII", "memsize":40, "flags":{"wb_protected":true}}
{"address":"0x7ffe49056488", "type":"STRING", "class":"0x7ffe490be858", "frozen":true, "embedded":true, "fstring":true, "bytesize":5, "value":"parse", "encoding":"US-ASCII", "memsize":40, "flags":{"wb_protected":true}}
{"address":"0x7ffe490564b0", "type":"STRING", "class":"0x7ffe490be858", "embedded":true, "bytesize":5, "value":"parse", "encoding":"US-ASCII", "memsize":40, "flags":{"wb_protected":true}}
{"address":"0x7ffe490564d8", "type":"IMEMO", "imemo_type":"iseq", "references":["0x7ffe49056438", "0x7ffe490562d0", "0x7ffe490561b8", "0x7ffe490560a0", "0x7ffe490559c0", "0x7ffe490559c0", "0x7ffe49055a10", "0x7ffe49056528"], "memsize":604, "flags":{"wb_protected":true}}
{"address":"0x7ffe49056500", "type":"STRING", "class":"0x7ffe490be858", "embedded":true, "bytesize":18, "value":"AbstractSyntaxTree", "encoding":"US-ASCII", "memsize":40, "flags":{"wb_protected":true}}
{"address":"0x7ffe49056528", "type":"IMEMO", "imemo_type":"iseq", "references":["0x7ffe490564d8", "0x7ffe49055920", "0x7ffe49055920", "0x7ffe49055970", "0x7ffe49056578"], "memsize":436, "flags":{"wb_protected":true}}
{"address":"0x7ffe49056550", "type":"STRING", "class":"0x7ffe490be858", "embedded":true, "bytesize":6, "value":"RubyVM", "encoding":"US-ASCII", "memsize":40, "flags":{"wb_protected":true}}
{"address":"0x7ffe49056578", "type":"IMEMO", "imemo_type":"iseq", "references":["0x7ffe49056528", "0x7ffe49056398", "0x7ffe49056398", "0x7ffe490558d0"], "memsize":424, "flags":{"wb_protected":true}}
{"address":"0x7ffe490565a0", "type":"DATA", "struct":"pinned_list", "references":["0x7ffe490558f8", "0x7ffe49056398", "0x7ffe49055998", "0x7ffe49055920", "0x7ffe49055a38", "0x7ffe490559c0", "0x7ffe490563e8", "0x7ffe49056488", "0x7ffe49056230", "0x7ffe49056320", "0x7ffe49056118", "0x7ffe490775e8", "0x7ffe49055ad8", "0x7ffe49055a60", "0x7ffe49055fd8", "0x7ffe49056050", "0x7ffe49055f38", "0x7ffe49077840", "0x7ffe49055e48", "0x7ffe49055ec0", "0x7ffe49055d58", "0x7ffe49055dd0", "0x7ffe49055c68", "0x7ffe49055ce0", "0x7ffe49055bc8", "0x7ffe4908ea40", "0x7ffe49055b28", "0x7ffe490c7638", "0x7ffe4907e820", "0x7ffe49067828", "0x7ffe49067788", "0x7ffe4909e530", "0x7ffe49056280", "0x7ffe49056168"], "memsize":464, "flags":{"wb_protected":true}}
{"address":"0x7ffe490565c8", "type":"DATA", "struct":"pinned_list", "references":["0x7ffe49056578", "0x7ffe49056528", "0x7ffe490564d8", "0x7ffe49056438", "0x7ffe490562d0", "0x7ffe490561b8", "0x7ffe490560a0", "0x7ffe49056000", "0x7ffe49055f60", "0x7ffe49055e70", "0x7ffe49055d80", "0x7ffe49055c90", "0x7ffe49055bf0", "0x7ffe49055b50"], "memsize":168, "flags":{"wb_protected":true}}
{"address":"0x7ffe490565f0", "type":"DATA", "struct":"ibf_loader", "references":["0x7ffe490565c8", "0x7ffe490565a0"], "memsize":120, "flags":{"wb_protected":true}}
{"address":"0x7ffe49056618", "type":"IMEMO", "class":"0x7ffe4908eb30", "imemo_type":"ment", "references":["0x7ffe49056988", "0x7ffe490566e0"], "memsize":48, "flags":{"wb_protected":true}}
{"address":"0x7ffe49056640", "type":"IMEMO", "class":"0x7ffe4908eb30", "imemo_type":"ment", "references":["0x7ffe49056b40", "0x7ffe490566e0"], "memsize":48, "flags":{"wb_protected":true}}
{"address":"0x7ffe49056668", "type":"IMEMO", "class":"0x7ffe4908eb58", "imemo_type":"ment", "references":["0x7ffe49056be0", "0x7ffe490566e0"], "memsize":48, "flags":{"wb_protected":true}}
{"address":"0x7ffe49056690", "type":"IMEMO", "class":"0x7ffe4908eb30", "imemo_type":"ment", "references":["0x7ffe49056eb0", "0x7ffe490566e0"], "memsize":48, "flags":{"wb_protected":true}}
{"address":"0x7ffe490566b8", "type":"CLASS", "class":"0x7ffe4908d050", "references":["0x7ffe4908d000", "0x7ffe4908eb30"], "memsize":472, "flags":{"wb_protected":true}}
{"address":"0x7ffe490566e0", "type":"IMEMO", "class":"0x8", "imemo_type":"cref", "references":["0x7ffe4908eb58", "0x7ffe49056708"], "memsize":40, "flags":{"wb_protected":true}}
{"address":"0x7ffe49056708", "type":"IMEMO", "class":"0x8", "imemo_type":"cref", "references":["0x7ffe490c68a0"], "memsize":40, "flags":{"wb_protected":true}}
{"address":"0x7ffe49056730", "type":"ARRAY", "class":"0x7ffe490a67f8", "frozen":true, "length":2, "embedded":true, "references":["0x7ffe49056cf8"], "memsize":40, "flags":{"wb_protected":true}}
{"address":"0x7ffe49056758", "type":"ARRAY", "class":"0x7ffe490a67f8", "frozen":true, "length":2, "embedded":true, "references":["0x7ffe49056cf8"], "memsize":40, "flags":{"wb_protected":true}}
{"address":"0x7ffe49056780", "type":"STRING", "class":"0x7ffe490be858", "frozen":true, "embedded":true, "fstring":true, "bytesize":11, "value":"<class:Dir>", "memsize":40, "flags":{"wb_protected":true}}
{"address":"0x7ffe490567a8", "type":"STRING", "class":"0x7ffe490be858", "embedded":true, "bytesize":11, "value":"<class:Dir>", "memsize":40, "flags":{"wb_protected":true}}
{"address":"0x7ffe490567d0", "type":"ARRAY", "class":"0x7ffe490a67f8", "frozen":true, "length":2, "embedded":true, "references":["0x7ffe49056cf8"], "memsize":40, "flags":{"wb_protected":true}}
{"address":"0x7ffe490567f8", "type":"ARRAY", "class":"0x7ffe490a67f8", "frozen":true, "length":2, "embedded":true, "references":["0x7ffe49056cf8"], "memsize":40, "flags":{"wb_protected":true}}
{"address":"0x7ffe49056820", "type":"ARRAY", "class":"0x7ffe490a67f8", "frozen":true, "length":2, "embedded":true, "references":["0x7ffe49056cf8"], "memsize":40, "flags":{"wb_protected":true}}
{"address":"0x7ffe49056848", "type":"ARRAY", "class":"0x7ffe490a67f8", "frozen":true, "length":2, "embedded":true, "references":["0x7ffe49056cf8"], "memsize":40, "flags":{"wb_protected":true}}
{"address":"0x7ffe49056870", "type":"STRING", "class":"0x7ffe490be858", "frozen":true, "embedded":true, "bytesize":6, "value":"_flags", "encoding":"US-ASCII", "memsize":40, "flags":{"wb_protected":true}}
{"address":"0x7ffe49056898", "type":"STRING", "class":"0x7ffe490be858", "frozen":true, "embedded":true, "fstring":true, "bytesize":6, "value":"_flags", "encoding":"US-ASCII", "memsize":40, "flags":{"wb_protected":true}}
{"address":"0x7ffe490568c0", "type":"STRING", "class":"0x7ffe490be858", "embedded":true, "bytesize":6, "value":"_flags", "encoding":"US-ASCII", "memsize":40, "flags":{"wb_protected":true}}
{"address":"0x7ffe490568e8", "type":"STRING", "class":"0x7ffe490be858", "frozen":true, "embedded":true, "bytesize":7, "value":"pattern", "encoding":"US-ASCII", "memsize":40, "flags":{"wb_protected":true}}
{"address":"0x7ffe49056910", "type":"STRING", "class":"0x7ffe490be858", "frozen":true, "embedded":true, "fstring":true, "bytesize":7, "value":"pattern", "encoding":"US-ASCII", "memsize":40, "flags":{"wb_protected":true}}
{"address":"0x7ffe49056938", "type":"STRING", "class":"0x7ffe490be858", "embedded":true, "bytesize":7, "value":"pattern", "encoding":"US-ASCII", "memsize":40, "flags":{"wb_protected":true}}
{"address":"0x7ffe49056960", "type":"STRING", "class":"0x7ffe490be858", "embedded":true, "bytesize":5, "value":"flags", "encoding":"US-ASCII", "memsize":40, "flags":{"wb_protected":true}}
{"address":"0x7ffe49056988", "type":"IMEMO", "imemo_type":"iseq", "references":["0x7ffe490569d8", "0x7ffe490569d8", "0x7ffe49056820"], "memsize":680, "flags":{"wb_protected":true}}
{"address":"0x7ffe490569b0", "type":"STRING", "class":"0x7ffe490be858", "frozen":true, "embedded":true, "bytesize":4, "value":"glob", "encoding":"US-ASCII", "memsize":40, "flags":{"wb_protected":true}}
{"address":"0x7ffe490569d8", "type":"STRING", "class":"0x7ffe490be858", "frozen":true, "embedded":true, "fstring":true, "bytesize":4, "value":"glob", "encoding":"US-ASCII", "memsize":40, "flags":{"wb_protected":true}}
{"address":"0x7ffe49056a00", "type":"STRING", "class":"0x7ffe490be858", "embedded":true, "bytesize":4, "value":"glob", "encoding":"US-ASCII", "memsize":40, "flags":{"wb_protected":true}}
{"address":"0x7ffe49056a28", "type":"ARRAY", "class":"0x7ffe490a67f8", "frozen":true, "length":2, "embedded":true, "references":["0x7ffe49056cf8"], "memsize":40, "flags":{"wb_protected":true}}
{"address":"0x7ffe49056a50", "type":"ARRAY", "class":"0x7ffe490a67f8", "frozen":true, "length":2, "embedded":true, "references":["0x7ffe49056cf8"], "memsize":40, "flags":{"wb_protected":true}}
{"address":"0x7ffe49056a78", "type":"STRING", "class":"0x7ffe490be858", "embedded":true, "bytesize":4, "value":"args", "encoding":"US-ASCII", "memsize":40, "flags":{"wb_protected":true}}
{"address":"0x7ffe49056aa0", "type":"STRING", "class":"0x7ffe490be858", "embedded":true, "bytesize":4, "value":"sort", "encoding":"US-ASCII", "memsize":40, "flags":{"wb_protected":true}}
{"address":"0x7ffe49056ac8", "type":"STRING", "class":"0x7ffe490be858", "frozen":true, "embedded":true, "bytesize":4, "value":"base", "encoding":"US-ASCII", "memsize":40, "flags":{"wb_protected":true}}
{"address":"0x7ffe49056af0", "type":"STRING", "class":"0x7ffe490be858", "frozen":true, "embedded":true, "fstring":true, "bytesize":4, "value":"base", "encoding":"US-ASCII", "memsize":40, "flags":{"wb_protected":true}}
{"address":"0x7ffe49056b18", "type":"STRING", "class":"0x7ffe490be858", "embedded":true, "bytesize":4, "value":"base", "encoding":"US-ASCII", "memsize":40, "flags":{"wb_protected":true}}
{"address":"0x7ffe49056b40", "type":"IMEMO", "imemo_type":"iseq", "references":["0x7ffe490c77c8", "0x7ffe490c77c8", "0x7ffe49056a28"], "memsize":472, "flags":{"wb_protected":true}}
{"address":"0x7ffe49056b68", "type":"STRING", "class":"0x7ffe490be858", "embedded":true, "bytesize":2, "value":"[]", "encoding":"US-ASCII", "memsize":40, "flags":{"wb_protected":true}}
{"address":"0x7ffe49056b90", "type":"ARRAY", "class":"0x7ffe490a67f8", "frozen":true, "length":2, "embedded":true, "references":["0x7ffe49056cf8"], "memsize":40, "flags":{"wb_protected":true}}
{"address":"0x7ffe49056bb8", "type":"ARRAY", "class":"0x7ffe490a67f8", "frozen":true, "length":2, "embedded":true, "references":["0x7ffe49056cf8"], "memsize":40, "flags":{"wb_protected":true}}
{"address":"0x7ffe49056be0", "type":"IMEMO", "imemo_type":"iseq", "references":["0x7ffe490c72f0", "0x7ffe490c72f0", "0x7ffe49056b90"], "memsize":456, "flags":{"wb_protected":true}}
{"address":"0x7ffe49056c08", "type":"STRING", "class":"0x7ffe490be858", "embedded":true, "bytesize":10, "value":"initialize", "encoding":"US-ASCII", "memsize":40, "flags":{"wb_protected":true}}
{"address":"0x7ffe49056c30", "type":"ARRAY", "class":"0x7ffe490a67f8", "frozen":true, "length":2, "embedded":true, "references":["0x7ffe49056cf8"], "memsize":40, "flags":{"wb_protected":true}}
{"address":"0x7ffe49056c58", "type":"ARRAY", "class":"0x7ffe490a67f8", "frozen":true, "length":2, "embedded":true, "references":["0x7ffe49056cf8"], "memsize":40, "flags":{"wb_protected":true}}
{"address":"0x7ffe49056c80", "type":"STRING", "class":"0x7ffe490be858", "frozen":true, "embedded":true, "fstring":true, "bytesize":14, "value":"ensure in open", "memsize":40, "flags":{"wb_protected":true}}
{"address":"0x7ffe49056ca8", "type":"STRING", "class":"0x7ffe490be858", "embedded":true, "bytesize":14, "value":"ensure in open", "memsize":40, "flags":{"wb_protected":true}}
{"address":"0x7ffe49056cd0", "type":"ARRAY", "class":"0x7ffe490a67f8", "frozen":true, "length":2, "embedded":true, "references":["0x7ffe49056cf8"], "memsize":40, "flags":{"wb_protected":true}}
{"address":"0x7ffe49056cf8", "type":"STRING", "class":"0x7ffe490be858", "frozen":true, "embedded":true, "fstring":true, "bytesize":14, "value":"<internal:dir>", "encoding":"US-ASCII", "memsize":40, "flags":{"wb_protected":true}}
{"address":"0x7ffe49056d20", "type":"STRING", "class":"0x7ffe490be858", "embedded":true, "bytesize":14, "value":"<internal:dir>", "encoding":"US-ASCII", "memsize":40, "flags":{"wb_protected":true}}
{"address":"0x7ffe49056d48", "type":"ARRAY", "class":"0x7ffe490a67f8", "frozen":true, "length":2, "embedded":true, "references":["0x7ffe49056cf8"], "memsize":40, "flags":{"wb_protected":true}}
{"address":"0x7ffe49056d70", "type":"STRING", "class":"0x7ffe490be858", "embedded":true, "bytesize":2, "value":"$!", "encoding":"US-ASCII", "memsize":40, "flags":{"wb_protected":true}}
{"address":"0x7ffe49056d98", "type":"IMEMO", "imemo_type":"iseq", "references":["0x7ffe49056c80", "0x7ffe4909c988", "0x7ffe49056cd0", "0x7ffe49056eb0"], "memsize":452, "flags":{"wb_protected":true}}
{"address":"0x7ffe49056dc0", "type":"STRING", "class":"0x7ffe490be858", "frozen":true, "embedded":true, "bytesize":3, "value":"dir", "encoding":"US-ASCII", "memsize":40, "flags":{"wb_protected":true}}
{"address":"0x7ffe49056de8", "type":"STRING", "class":"0x7ffe490be858", "frozen":true, "embedded":true, "fstring":true, "bytesize":3, "value":"dir", "encoding":"US-ASCII", "memsize":40, "flags":{"wb_protected":true}}
{"address":"0x7ffe49056e10", "type":"STRING", "class":"0x7ffe490be858", "embedded":true, "bytesize":3, "value":"dir", "encoding":"US-ASCII", "memsize":40, "flags":{"wb_protected":true}}
{"address":"0x7ffe49056e38", "type":"STRING", "class":"0x7ffe490be858", "embedded":true, "bytesize":5, "value":"block", "encoding":"US-ASCII", "memsize":40, "flags":{"wb_protected":true}}
{"address":"0x7ffe49056e60", "type":"STRING", "class":"0x7ffe490be858", "embedded":true, "bytesize":4, "value":"name", "encoding":"US-ASCII", "memsize":40, "flags":{"wb_protected":true}}
{"address":"0x7ffe49056e88", "type":"STRING", "class":"0x7ffe490be858", "embedded":true, "bytesize":8, "value":"encoding", "encoding":"US-ASCII", "memsize":40, "flags":{"wb_protected":true}}
{"address":"0x7ffe49056eb0", "type":"IMEMO", "imemo_type":"iseq", "references":["0x7ffe4909c988", "0x7ffe4909c988", "0x7ffe49056c30", "0x7ffe49056d98"], "memsize":776, "flags":{"wb_protected":true}}
{"address":"0x7ffe49056ed8", "type":"STRING", "class":"0x7ffe490be858", "embedded":true, "bytesize":4, "value":"open", "encoding":"US-ASCII", "memsize":40, "flags":{"wb_protected":true}}
{"address":"0x7ffe49056f00", "type":"IMEMO", "imemo_type":"iseq", "references":["0x7ffe49056eb0", "0x7ffe49056be0", "0x7ffe49056b40", "0x7ffe49056988", "0x7ffe49056780", "0x7ffe49056780", "0x7ffe490567d0", "0x7ffe49056f50"], "memsize":576, "flags":{"wb_protected":true}}
{"address":"0x7ffe49056f28", "type":"STRING", "class":"0x7ffe490be858", "embedded":true, "bytesize":3, "value":"Dir", "encoding":"US-ASCII", "memsize":40, "flags":{"wb_protected":true}}
{"address":"0x7ffe49056f50", "type":"IMEMO", "imemo_type":"iseq", "references":["0x7ffe49056f00", "0x7ffe49056cf8", "0x7ffe49056cf8", "0x7ffe49056730"], "memsize":424, "flags":{"wb_protected":true}}
{"address":"0x7ffe49056f78", "type":"DATA", "struct":"pinned_list", "references":["0x7ffe49056758", "0x7ffe49056cf8", "0x7ffe490567f8", "0x7ffe49056780", "0x7ffe49056c58", "0x7ffe4909c988", "0x7ffe49056bb8", "0x7ffe490c72f0", "0x7ffe49056a50", "0x7ffe490c77c8", "0x7ffe49056848", "0x7ffe490569d8", "0x7ffe49056d48", "0x7ffe49056c80", "0x7ffe4908eb80", "0x7ffe490bc7d8", "0x7ffe490c6e68", "0x7ffe49075860", "0x7ffe49056de8", "0x7ffe49056af0", "0x7ffe490bf8c0", "0x7ffe490b6ef0", "0x7ffe4908ee28", "0x7ffe49056910", "0x7ffe49056898", "0x7ffe490c69b8"], "memsize":416, "flags":{"wb_protected":true}}
{"address":"0x7ffe49056fa0", "type":"DATA", "struct":"pinned_list", "references":["0x7ffe49056f50", "0x7ffe49056f00", "0x7ffe49056eb0", "0x7ffe49056be0", "0x7ffe49056b40", "0x7ffe49056988", "0x7ffe49056d98"], "memsize":112, "flags":{"wb_protected":true}}
{"address":"0x7ffe49056fc8", "type":"DATA", "struct":"ibf_loader", "references":["0x7ffe49056fa0", "0x7ffe49056f78"], "memsize":120, "flags":{"wb_protected":true}}
{"address":"0x7ffe49056ff0", "type":"IMEMO", "class":"0x7ffe4909c460", "imemo_type":"ment", "references":["0x7ffe490571d0", "0x7ffe49057040"], "memsize":48, "flags":{"wb_protected":true}}
{"address":"0x7ffe49057018", "type":"IMEMO", "class":"0x7ffe4909c460", "imemo_type":"ment", "references":["0x7ffe49057428", "0x7ffe49057040"], "memsize":48, "flags":{"wb_protected":true}}
{"address":"0x7ffe49057040", "type":"IMEMO", "class":"0x8", "imemo_type":"cref", "references":["0x7ffe4909c460", "0x7ffe49057068"], "memsize":40, "flags":{"wb_protected":true}}
{"address":"0x7ffe49057068", "type":"IMEMO", "class":"0x8", "imemo_type":"cref", "references":["0x7ffe490c68a0"], "memsize":40, "flags":{"wb_protected":true}}
{"address":"0x7ffe49057090", "type":"ARRAY", "class":"0x7ffe490a67f8", "frozen":true, "length":2, "embedded":true, "references":["0x7ffe49057298"], "memsize":40, "flags":{"wb_protected":true}}
{"address":"0x7ffe490570b8", "type":"ARRAY", "class":"0x7ffe490a67f8", "frozen":true, "length":2, "embedded":true, "references":["0x7ffe49057298"], "memsize":40, "flags":{"wb_protected":true}}
{"address":"0x7ffe490570e0", "type":"STRING", "class":"0x7ffe490be858", "frozen":true, "embedded":true, "fstring":true, "bytesize":10, "value":"<class:IO>", "memsize":40, "flags":{"wb_protected":true}}
{"address":"0x7ffe49057108", "type":"STRING", "class":"0x7ffe490be858", "embedded":true, "bytesize":10, "value":"<class:IO>", "memsize":40, "flags":{"wb_protected":true}}
{"address":"0x7ffe49057130", "type":"ARRAY", "class":"0x7ffe490a67f8", "frozen":true, "length":2, "embedded":true, "references":["0x7ffe49057298"], "memsize":40, "flags":{"wb_protected":true}}
{"address":"0x7ffe49057158", "type":"ARRAY", "class":"0x7ffe490a67f8", "frozen":true, "length":2, "embedded":true, "references":["0x7ffe49057298"], "memsize":40, "flags":{"wb_protected":true}}
{"address":"0x7ffe49057180", "type":"ARRAY", "class":"0x7ffe490a67f8", "frozen":true, "length":2, "embedded":true, "references":["0x7ffe49057298"], "memsize":40, "flags":{"wb_protected":true}}
{"address":"0x7ffe490571a8", "type":"ARRAY", "class":"0x7ffe490a67f8", "frozen":true, "length":2, "embedded":true, "references":["0x7ffe49057298"], "memsize":40, "flags":{"wb_protected":true}}
{"address":"0x7ffe490571d0", "type":"IMEMO", "imemo_type":"iseq", "references":["0x7ffe49057220", "0x7ffe49057220", "0x7ffe49057180"], "memsize":456, "flags":{"wb_protected":true}}
{"address":"0x7ffe490571f8", "type":"STRING", "class":"0x7ffe490be858", "frozen":true, "embedded":true, "bytesize":14, "value":"write_nonblock", "encoding":"US-ASCII", "memsize":40, "flags":{"wb_protected":true}}
{"address":"0x7ffe49057220", "type":"STRING", "class":"0x7ffe490be858", "frozen":true, "embedded":true, "fstring":true, "bytesize":14, "value":"write_nonblock", "encoding":"US-ASCII", "memsize":40, "flags":{"wb_protected":true}}
{"address":"0x7ffe49057248", "type":"STRING", "class":"0x7ffe490be858", "embedded":true, "bytesize":14, "value":"write_nonblock", "encoding":"US-ASCII", "memsize":40, "flags":{"wb_protected":true}}
{"address":"0x7ffe49057270", "type":"ARRAY", "class":"0x7ffe490a67f8", "frozen":true, "length":2, "embedded":true, "references":["0x7ffe49057298"], "memsize":40, "flags":{"wb_protected":true}}
{"address":"0x7ffe49057298", "type":"STRING", "class":"0x7ffe490be858", "frozen":true, "embedded":true, "fstring":true, "bytesize":13, "value":"<internal:io>", "encoding":"US-ASCII", "memsize":40, "flags":{"wb_protected":true}}
{"address":"0x7ffe490572c0", "type":"STRING", "class":"0x7ffe490be858", "embedded":true, "bytesize":13, "value":"<internal:io>", "encoding":"US-ASCII", "memsize":40, "flags":{"wb_protected":true}}
{"address":"0x7ffe490572e8", "type":"ARRAY", "class":"0x7ffe490a67f8", "frozen":true, "length":2, "embedded":true, "references":["0x7ffe49057298"], "memsize":40, "flags":{"wb_protected":true}}
{"address":"0x7ffe49057310", "type":"STRING", "class":"0x7ffe490be858", "frozen":true, "embedded":true, "bytesize":3, "value":"buf", "encoding":"US-ASCII", "memsize":40, "flags":{"wb_protected":true}}
{"address":"0x7ffe49057338", "type":"STRING", "class":"0x7ffe490be858", "frozen":true, "embedded":true, "fstring":true, "bytesize":3, "value":"buf", "encoding":"US-ASCII", "memsize":40, "flags":{"wb_protected":true}}
{"address":"0x7ffe49057360", "type":"STRING", "class":"0x7ffe490be858", "embedded":true, "bytesize":3, "value":"buf", "encoding":"US-ASCII", "memsize":40, "flags":{"wb_protected":true}}
{"address":"0x7ffe49057388", "type":"STRING", "class":"0x7ffe490be858", "frozen":true, "embedded":true, "bytesize":3, "value":"len", "encoding":"US-ASCII", "memsize":40, "flags":{"wb_protected":true}}
{"address":"0x7ffe490573b0", "type":"STRING", "class":"0x7ffe490be858", "frozen":true, "embedded":true, "fstring":true, "bytesize":3, "value":"len", "encoding":"US-ASCII", "memsize":40, "flags":{"wb_protected":true}}
{"address":"0x7ffe490573d8", "type":"STRING", "class":"0x7ffe490be858", "embedded":true, "bytesize":3, "value":"len", "encoding":"US-ASCII", "memsize":40, "flags":{"wb_protected":true}}
{"address":"0x7ffe49057400", "type":"STRING", "class":"0x7ffe490be858", "embedded":true, "bytesize":9, "value":"exception", "encoding":"US-ASCII", "memsize":40, "flags":{"wb_protected":true}}
{"address":"0x7ffe49057428", "type":"IMEMO", "imemo_type":"iseq", "references":["0x7ffe49096290", "0x7ffe49096290", "0x7ffe49057270"], "memsize":508, "flags":{"wb_protected":true}}
{"address":"0x7ffe49057450", "type":"STRING", "class":"0x7ffe490be858", "embedded":true, "bytesize":13, "value":"read_nonblock", "encoding":"US-ASCII", "memsize":40, "flags":{"wb_protected":true}}
{"address":"0x7ffe49057478", "type":"IMEMO", "imemo_type":"iseq", "references":["0x7ffe49057428", "0x7ffe490571d0", "0x7ffe490570e0", "0x7ffe490570e0", "0x7ffe49057130", "0x7ffe490574c8"], "memsize":456, "flags":{"wb_protected":true}}
{"address":"0x7ffe490574a0", "type":"STRING", "class":"0x7ffe490be858", "embedded":true, "bytesize":2, "value":"IO", "encoding":"US-ASCII", "memsize":40, "flags":{"wb_protected":true}}
{"address":"0x7ffe490574c8", "type":"IMEMO", "imemo_type":"iseq", "references":["0x7ffe49057478", "0x7ffe49057298", "0x7ffe49057298", "0x7ffe49057090"], "memsize":424, "flags":{"wb_protected":true}}
{"address":"0x7ffe490574f0", "type":"DATA", "struct":"pinned_list", "references":["0x7ffe490570b8", "0x7ffe49057298", "0x7ffe49057158", "0x7ffe490570e0", "0x7ffe490572e8", "0x7ffe49096290", "0x7ffe490571a8", "0x7ffe49057220", "0x7ffe4909c488", "0x7ffe490c6fd0", "0x7ffe490573b0", "0x7ffe49057338"], "memsize":216, "flags":{"wb_protected":true}}
{"address":"0x7ffe49057518", "type":"DATA", "struct":"pinned_list", "references":["0x7ffe490574c8", "0x7ffe49057478", "0x7ffe49057428", "0x7ffe490571d0"], "memsize":88, "flags":{"wb_protected":true}}
{"address":"0x7ffe49057540", "type":"DATA", "struct":"ibf_loader", "references":["0x7ffe49057518", "0x7ffe490574f0"], "memsize":120, "flags":{"wb_protected":true}}
{"address":"0x7ffe49057568", "type":"IMEMO", "class":"0x7ffe490b46a0", "imemo_type":"ment", "references":["0x7ffe490578d8", "0x7ffe49057748"], "memsize":48, "flags":{"wb_protected":true}}
{"address":"0x7ffe49057590", "type":"IMEMO", "class":"0x7ffe490b46a0", "imemo_type":"ment", "references":["0x7ffe49057978", "0x7ffe49057748"], "memsize":48, "flags":{"wb_protected":true}}
{"address":"0x7ffe490575b8", "type":"IMEMO", "class":"0x7ffe490b46a0", "imemo_type":"ment", "references":["0x7ffe49057a18", "0x7ffe49057748"], "memsize":48, "flags":{"wb_protected":true}}
{"address":"0x7ffe490575e0", "type":"IMEMO", "class":"0x7ffe490b46a0", "imemo_type":"ment", "references":["0x7ffe49057ab8", "0x7ffe49057748"], "memsize":48, "flags":{"wb_protected":true}}
{"address":"0x7ffe49057608", "type":"IMEMO", "class":"0x7ffe490b46a0", "imemo_type":"ment", "references":["0x7ffe49057b58", "0x7ffe49057748"], "memsize":48, "flags":{"wb_protected":true}}
{"address":"0x7ffe49057630", "type":"IMEMO", "class":"0x7ffe490b46a0", "imemo_type":"ment", "references":["0x7ffe49057c48", "0x7ffe49057748"], "memsize":48, "flags":{"wb_protected":true}}
{"address":"0x7ffe49057658", "type":"IMEMO", "class":"0x7ffe490b46a0", "imemo_type":"ment", "references":["0x7ffe49057ce8", "0x7ffe49057748"], "memsize":48, "flags":{"wb_protected":true}}
{"address":"0x7ffe49057680", "type":"IMEMO", "class":"0x7ffe490b46a0", "imemo_type":"ment", "references":["0x7ffe49057d88", "0x7ffe49057748"], "memsize":48, "flags":{"wb_protected":true}}
{"address":"0x7ffe490576a8", "type":"IMEMO", "class":"0x7ffe490b46a0", "imemo_type":"ment", "references":["0x7ffe49057e78", "0x7ffe49057748"], "memsize":48, "flags":{"wb_protected":true}}
{"address":"0x7ffe490576d0", "type":"IMEMO", "class":"0x7ffe490b46a0", "imemo_type":"ment", "references":["0x7ffe49057f68", "0x7ffe49057748"], "memsize":48, "flags":{"wb_protected":true}}
{"address":"0x7ffe490576f8", "type":"IMEMO", "class":"0x7ffe490b46a0", "imemo_type":"ment", "references":["0x7ffe4905c040", "0x7ffe49057748"], "memsize":48, "flags":{"wb_protected":true}}
{"address":"0x7ffe49057720", "type":"IMEMO", "class":"0x7ffe490b46a0", "imemo_type":"ment", "references":["0x7ffe4905c130", "0x7ffe49057748"], "memsize":48, "flags":{"wb_protected":true}}
{"address":"0x7ffe49057748", "type":"IMEMO", "class":"0x8", "imemo_type":"cref", "references":["0x7ffe490b46a0", "0x7ffe49057770"], "memsize":40, "flags":{"wb_protected":true}}
{"address":"0x7ffe49057770", "type":"IMEMO", "class":"0x8", "imemo_type":"cref", "references":["0x7ffe490c68a0"], "memsize":40, "flags":{"wb_protected":true}}
{"address":"0x7ffe49057798", "type":"ARRAY", "class":"0x7ffe490a67f8", "frozen":true, "length":2, "embedded":true, "references":["0x7ffe4905c0b8"], "memsize":40, "flags":{"wb_protected":true}}
{"address":"0x7ffe490577c0", "type":"ARRAY", "class":"0x7ffe490a67f8", "frozen":true, "length":2, "embedded":true, "references":["0x7ffe4905c0b8"], "memsize":40, "flags":{"wb_protected":true}}
{"address":"0x7ffe490577e8", "type":"STRING", "class":"0x7ffe490be858", "frozen":true, "embedded":true, "fstring":true, "bytesize":15, "value":"<class:Integer>", "memsize":40, "flags":{"wb_protected":true}}
{"address":"0x7ffe49057810", "type":"STRING", "class":"0x7ffe490be858", "embedded":true, "bytesize":15, "value":"<class:Integer>", "memsize":40, "flags":{"wb_protected":true}}
{"address":"0x7ffe49057838", "type":"ARRAY", "class":"0x7ffe490a67f8", "frozen":true, "length":2, "embedded":true, "references":["0x7ffe4905c0b8"], "memsize":40, "flags":{"wb_protected":true}}
{"address":"0x7ffe49057860", "type":"ARRAY", "class":"0x7ffe490a67f8", "frozen":true, "length":2, "embedded":true, "references":["0x7ffe4905c0b8"], "memsize":40, "flags":{"wb_protected":true}}
{"address":"0x7ffe49057888", "type":"ARRAY", "class":"0x7ffe490a67f8", "frozen":true, "length":2, "embedded":true, "references":["0x7ffe4905c0b8"], "memsize":40, "flags":{"wb_protected":true}}
{"address":"0x7ffe490578b0", "type":"ARRAY", "class":"0x7ffe490a67f8", "frozen":true, "length":2, "embedded":true, "references":["0x7ffe4905c0b8"], "memsize":40, "flags":{"wb_protected":true}}
{"address":"0x7ffe490578d8", "type":"IMEMO", "imemo_type":"iseq", "references":["0x7ffe490b4a10", "0x7ffe490b4a10", "0x7ffe49057888"], "memsize":392, "flags":{"wb_protected":true}}
{"address":"0x7ffe49057900", "type":"STRING", "class":"0x7ffe490be858", "embedded":true, "bytesize":5, "value":"zero?", "encoding":"US-ASCII", "memsize":40, "flags":{"wb_protected":true}}
{"address":"0x7ffe49057928", "type":"ARRAY", "class":"0x7ffe490a67f8", "frozen":true, "length":2, "embedded":true, "references":["0x7ffe4905c0b8"], "memsize":40, "flags":{"wb_protected":true}}
{"address":"0x7ffe49057950", "type":"ARRAY", "class":"0x7ffe490a67f8", "frozen":true, "length":2, "embedded":true, "references":["0x7ffe4905c0b8"], "memsize":40, "flags":{"wb_protected":true}}
{"address":"0x7ffe49057978", "type":"IMEMO", "imemo_type":"iseq", "references":["0x7ffe490c7250", "0x7ffe490c7250", "0x7ffe49057928"], "memsize":376, "flags":{"wb_protected":true}}
{"address":"0x7ffe490579a0", "type":"STRING", "class":"0x7ffe490be858", "embedded":true, "bytesize":6, "value":"to_int", "encoding":"US-ASCII", "memsize":40, "flags":{"wb_protected":true}}
{"address":"0x7ffe490579c8", "type":"ARRAY", "class":"0x7ffe490a67f8", "frozen":true, "length":2, "embedded":true, "references":["0x7ffe4905c0b8"], "memsize":40, "flags":{"wb_protected":true}}
{"address":"0x7ffe490579f0", "type":"ARRAY", "class":"0x7ffe490a67f8", "frozen":true, "length":2, "embedded":true, "references":["0x7ffe4905c0b8"], "memsize":40, "flags":{"wb_protected":true}}
{"address":"0x7ffe49057a18", "type":"IMEMO", "imemo_type":"iseq", "references":["0x7ffe490c70e8", "0x7ffe490c70e8", "0x7ffe490579c8"], "memsize":376, "flags":{"wb_protected":true}}
{"address":"0x7ffe49057a40", "type":"STRING", "class":"0x7ffe490be858", "embedded":true, "bytesize":4, "value":"to_i", "encoding":"US-ASCII", "memsize":40, "flags":{"wb_protected":true}}
{"address":"0x7ffe49057a68", "type":"ARRAY", "class":"0x7ffe490a67f8", "frozen":true, "length":2, "embedded":true, "references":["0x7ffe4905c0b8"], "memsize":40, "flags":{"wb_protected":true}}
{"address":"0x7ffe49057a90", "type":"ARRAY", "class":"0x7ffe490a67f8", "frozen":true, "length":2, "embedded":true, "references":["0x7ffe4905c0b8"], "memsize":40, "flags":{"wb_protected":true}}
{"address":"0x7ffe49057ab8", "type":"IMEMO", "imemo_type":"iseq", "references":["0x7ffe490bd548", "0x7ffe490bd548", "0x7ffe49057a68"], "memsize":376, "flags":{"wb_protected":true}}
{"address":"0x7ffe49057ae0", "type":"STRING", "class":"0x7ffe490be858", "embedded":true, "bytesize":3, "value":"ord", "encoding":"US-ASCII", "memsize":40, "flags":{"wb_protected":true}}
{"address":"0x7ffe49057b08", "type":"ARRAY", "class":"0x7ffe490a67f8", "frozen":true, "length":2, "embedded":true, "references":["0x7ffe4905c0b8"], "memsize":40, "flags":{"wb_protected":true}}
{"address":"0x7ffe49057b30", "type":"ARRAY", "class":"0x7ffe490a67f8", "frozen":true, "length":2, "embedded":true, "references":["0x7ffe4905c0b8"], "memsize":40, "flags":{"wb_protected":true}}
{"address":"0x7ffe49057b58", "type":"IMEMO", "imemo_type":"iseq", "references":["0x7ffe49057ba8", "0x7ffe49057ba8", "0x7ffe49057b08"], "memsize":392, "flags":{"wb_protected":true}}
{"address":"0x7ffe49057b80", "type":"STRING", "class":"0x7ffe490be858", "frozen":true, "embedded":true, "bytesize":4, "value":"odd?", "encoding":"US-ASCII", "memsize":40, "flags":{"wb_protected":true}}
{"address":"0x7ffe49057ba8", "type":"STRING", "class":"0x7ffe490be858", "frozen":true, "embedded":true, "fstring":true, "bytesize":4, "value":"odd?", "encoding":"US-ASCII", "memsize":40, "flags":{"wb_protected":true}}
{"address":"0x7ffe49057bd0", "type":"STRING", "class":"0x7ffe490be858", "embedded":true, "bytesize":4, "value":"odd?", "encoding":"US-ASCII", "memsize":40, "flags":{"wb_protected":true}}
{"address":"0x7ffe49057bf8", "type":"ARRAY", "class":"0x7ffe490a67f8", "frozen":true, "length":2, "embedded":true, "references":["0x7ffe4905c0b8"], "memsize":40, "flags":{"wb_protected":true}}
{"address":"0x7ffe49057c20", "type":"ARRAY", "class":"0x7ffe490a67f8", "frozen":true, "length":2, "embedded":true, "references":["0x7ffe4905c0b8"], "memsize":40, "flags":{"wb_protected":true}}
{"address":"0x7ffe49057c48", "type":"IMEMO", "imemo_type":"iseq", "references":["0x7ffe490b4b28", "0x7ffe490b4b28", "0x7ffe49057bf8"], "memsize":392, "flags":{"wb_protected":true}}
{"address":"0x7ffe49057c70", "type":"STRING", "class":"0x7ffe490be858", "embedded":true, "bytesize":9, "value":"magnitude", "encoding":"US-ASCII", "memsize":40, "flags":{"wb_protected":true}}
{"address":"0x7ffe49057c98", "type":"ARRAY", "class":"0x7ffe490a67f8", "frozen":true, "length":2, "embedded":true, "references":["0x7ffe4905c0b8"], "memsize":40, "flags":{"wb_protected":true}}
{"address":"0x7ffe49057cc0", "type":"ARRAY", "class":"0x7ffe490a67f8", "frozen":true, "length":2, "embedded":true, "references":["0x7ffe4905c0b8"], "memsize":40, "flags":{"wb_protected":true}}
{"address":"0x7ffe49057ce8", "type":"IMEMO", "imemo_type":"iseq", "references":["0x7ffe490b4a60", "0x7ffe490b4a60", "0x7ffe49057c98"], "memsize":384, "flags":{"wb_protected":true}}
{"address":"0x7ffe49057d10", "type":"STRING", "class":"0x7ffe490be858", "embedded":true, "bytesize":8, "value":"integer?", "encoding":"US-ASCII", "memsize":40, "flags":{"wb_protected":true}}
{"address":"0x7ffe49057d38", "type":"ARRAY", "class":"0x7ffe490a67f8", "frozen":true, "length":2, "embedded":true, "references":["0x7ffe4905c0b8"], "memsize":40, "flags":{"wb_protected":true}}
{"address":"0x7ffe49057d60", "type":"ARRAY", "class":"0x7ffe490a67f8", "frozen":true, "length":2, "embedded":true, "references":["0x7ffe4905c0b8"], "memsize":40, "flags":{"wb_protected":true}}
{"address":"0x7ffe49057d88", "type":"IMEMO", "imemo_type":"iseq", "references":["0x7ffe49057dd8", "0x7ffe49057dd8", "0x7ffe49057d38"], "memsize":392, "flags":{"wb_protected":true}}
{"address":"0x7ffe49057db0", "type":"STRING", "class":"0x7ffe490be858", "frozen":true, "embedded":true, "bytesize":5, "value":"even?", "encoding":"US-ASCII", "memsize":40, "flags":{"wb_protected":true}}
{"address":"0x7ffe49057dd8", "type":"STRING", "class":"0x7ffe490be858", "frozen":true, "embedded":true, "fstring":true, "bytesize":5, "value":"even?", "encoding":"US-ASCII", "memsize":40, "flags":{"wb_protected":true}}
{"address":"0x7ffe49057e00", "type":"STRING", "class":"0x7ffe490be858", "embedded":true, "bytesize":5, "value":"even?", "encoding":"US-ASCII", "memsize":40, "flags":{"wb_protected":true}}
{"address":"0x7ffe49057e28", "type":"ARRAY", "class":"0x7ffe490a67f8", "frozen":true, "length":2, "embedded":true, "references":["0x7ffe4905c0b8"], "memsize":40, "flags":{"wb_protected":true}}
{"address":"0x7ffe49057e50", "type":"ARRAY", "class":"0x7ffe490a67f8", "frozen":true, "length":2, "embedded":true, "references":["0x7ffe4905c0b8"], "memsize":40, "flags":{"wb_protected":true}}
{"address":"0x7ffe49057e78", "type":"IMEMO", "imemo_type":"iseq", "references":["0x7ffe49057ec8", "0x7ffe49057ec8", "0x7ffe49057e28"], "memsize":392, "flags":{"wb_protected":true}}
{"address":"0x7ffe49057ea0", "type":"STRING", "class":"0x7ffe490be858", "frozen":true, "embedded":true, "bytesize":10, "value":"bit_length", "encoding":"US-ASCII", "memsize":40, "flags":{"wb_protected":true}}
{"address":"0x7ffe49057ec8", "type":"STRING", "class":"0x7ffe490be858", "frozen":true, "embedded":true, "fstring":true, "bytesize":10, "value":"bit_length", "encoding":"US-ASCII", "memsize":40, "flags":{"wb_protected":true}}
{"address":"0x7ffe49057ef0", "type":"STRING", "class":"0x7ffe490be858", "embedded":true, "bytesize":10, "value":"bit_length", "encoding":"US-ASCII", "memsize":40, "flags":{"wb_protected":true}}
{"address":"0x7ffe49057f18", "type":"ARRAY", "class":"0x7ffe490a67f8", "frozen":true, "length":2, "embedded":true, "references":["0x7ffe4905c0b8"], "memsize":40, "flags":{"wb_protected":true}}
{"address":"0x7ffe49057f40", "type":"ARRAY", "class":"0x7ffe490a67f8", "frozen":true, "length":2, "embedded":true, "references":["0x7ffe4905c0b8"], "memsize":40, "flags":{"wb_protected":true}}
{"address":"0x7ffe49057f68", "type":"IMEMO", "imemo_type":"iseq", "references":["0x7ffe490b4b78", "0x7ffe490b4b78", "0x7ffe49057f18"], "memsize":392, "flags":{"wb_protected":true}}
{"address":"0x7ffe49057f90", "type":"STRING", "class":"0x7ffe490be858", "embedded":true, "bytesize":3, "value":"abs", "encoding":"US-ASCII", "memsize":40, "flags":{"wb_protected":true}}
{"address":"0x7ffe49057fb8", "type":"ARRAY", "class":"0x7ffe490a67f8", "frozen":true, "length":2, "embedded":true, "references":["0x7ffe4905c0b8"], "memsize":40, "flags":{"wb_protected":true}}
{"address":"0x7ffe4905c018", "type":"ARRAY", "class":"0x7ffe490a67f8", "frozen":true, "length":2, "embedded":true, "references":["0x7ffe4905c0b8"], "memsize":40, "flags":{"wb_protected":true}}
{"address":"0x7ffe4905c040", "type":"IMEMO", "imemo_type":"iseq", "references":["0x7ffe490c7a48", "0x7ffe490c7a48", "0x7ffe49057fb8"], "memsize":392, "flags":{"wb_protected":true}}
{"address":"0x7ffe4905c068", "type":"STRING", "class":"0x7ffe490be858", "embedded":true, "bytesize":1, "value":"~", "encoding":"US-ASCII", "memsize":40, "flags":{"wb_protected":true}}
{"address":"0x7ffe4905c090", "type":"ARRAY", "class":"0x7ffe490a67f8", "frozen":true, "length":2, "embedded":true, "references":["0x7ffe4905c0b8"], "memsize":40, "flags":{"wb_protected":true}}
{"address":"0x7ffe4905c0b8", "type":"STRING", "class":"0x7ffe490be858", "frozen":true, "embedded":true, "fstring":true, "bytesize":18, "value":"<internal:integer>", "encoding":"US-ASCII", "memsize":40, "flags":{"wb_protected":true}}
{"address":"0x7ffe4905c0e0", "type":"STRING", "class":"0x7ffe490be858", "embedded":true, "bytesize":18, "value":"<internal:integer>", "encoding":"US-ASCII", "memsize":40, "flags":{"wb_protected":true}}
{"address":"0x7ffe4905c108", "type":"ARRAY", "class":"0x7ffe490a67f8", "frozen":true, "length":2, "embedded":true, "references":["0x7ffe4905c0b8"], "memsize":40, "flags":{"wb_protected":true}}
{"address":"0x7ffe4905c130", "type":"IMEMO", "imemo_type":"iseq", "references":["0x7ffe490c79a8", "0x7ffe490c79a8", "0x7ffe4905c090"], "memsize":392, "flags":{"wb_protected":true}}
{"address":"0x7ffe4905c158", "type":"STRING", "class":"0x7ffe490be858", "embedded":true, "bytesize":2, "value":"-@", "encoding":"US-ASCII", "memsize":40, "flags":{"wb_protected":true}}
{"address":"0x7ffe4905c180", "type":"IMEMO", "imemo_type":"iseq", "references":["0x7ffe4905c130", "0x7ffe4905c040", "0x7ffe49057f68", "0x7ffe49057e78", "0x7ffe49057d88", "0x7ffe49057ce8", "0x7ffe49057c48", "0x7ffe49057b58", "0x7ffe49057ab8", "0x7ffe49057a18", "0x7ffe49057978", "0x7ffe490578d8", "0x7ffe490577e8", "0x7ffe490577e8", "0x7ffe49057838", "0x7ffe4905c1d0"], "memsize":816, "flags":{"wb_protected":true}}
{"address":"0x7ffe4905c1a8", "type":"STRING", "class":"0x7ffe490be858", "embedded":true, "bytesize":7, "value":"Integer", "encoding":"US-ASCII", "memsize":40, "flags":{"wb_protected":true}}
{"address":"0x7ffe4905c1d0", "type":"IMEMO", "imemo_type":"iseq", "references":["0x7ffe4905c180", "0x7ffe4905c0b8", "0x7ffe4905c0b8", "0x7ffe49057798"], "memsize":424, "flags":{"wb_protected":true}}
{"address":"0x7ffe4905c1f8", "type":"DATA", "struct":"pinned_list", "references":["0x7ffe490577c0", "0x7ffe4905c0b8", "0x7ffe49057860", "0x7ffe490577e8", "0x7ffe4905c108", "0x7ffe490c79a8", "0x7ffe4905c018", "0x7ffe490c7a48", "0x7ffe49057f40", "0x7ffe490b4b78", "0x7ffe49057e50", "0x7ffe49057ec8", "0x7ffe49057d60", "0x7ffe49057dd8", "0x7ffe49057cc0", "0x7ffe490b4a60", "0x7ffe49057c20", "0x7ffe490b4b28", "0x7ffe49057b30", "0x7ffe49057ba8", "0x7ffe49057a90", "0x7ffe490bd548", "0x7ffe490579f0", "0x7ffe490c70e8", "0x7ffe49057950", "0x7ffe490c7250", "0x7ffe490578b0", "0x7ffe490b4a10", "0x7ffe490c59c8"], "memsize":408, "flags":{"wb_protected":true}}
{"address":"0x7ffe4905c220", "type":"DATA", "struct":"pinned_list", "references":["0x7ffe4905c1d0", "0x7ffe4905c180", "0x7ffe4905c130", "0x7ffe4905c040", "0x7ffe49057f68", "0x7ffe49057e78", "0x7ffe49057d88", "0x7ffe49057ce8", "0x7ffe49057c48", "0x7ffe49057b58", "0x7ffe49057ab8", "0x7ffe49057a18", "0x7ffe49057978", "0x7ffe490578d8"], "memsize":168, "flags":{"wb_protected":true}}
{"address":"0x7ffe4905c248", "type":"DATA", "struct":"ibf_loader", "references":["0x7ffe4905c220", "0x7ffe4905c1f8"], "memsize":120, "flags":{"wb_protected":true}}
{"address":"0x7ffe4905c270", "type":"IMEMO", "class":"0x7ffe4907ee10", "imemo_type":"ment", "references":["0x7ffe4905c978", "0x7ffe4905c7e8"], "memsize":48, "flags":{"wb_protected":true}}
{"address":"0x7ffe4905c298", "type":"IMEMO", "class":"0x7ffe4907ee38", "imemo_type":"ment", "references":["0x7ffe4905ca90", "0x7ffe4905c7e8"], "memsize":48, "flags":{"wb_protected":true}}
{"address":"0x7ffe4905c2c0", "type":"IMEMO", "class":"0x7ffe4907ee38", "imemo_type":"ment", "references":["0x7ffe4905cba8", "0x7ffe4905c7e8"], "memsize":48, "flags":{"wb_protected":true}}
{"address":"0x7ffe4905c2e8", "type":"IMEMO", "class":"0x7ffe4907ee10", "imemo_type":"ment", "references":["0x7ffe4905ccc0", "0x7ffe4905c7e8"], "memsize":48, "flags":{"wb_protected":true}}
{"address":"0x7ffe4905c310", "type":"IMEMO", "class":"0x7ffe4907ee10", "imemo_type":"ment", "references":["0x7ffe4905cd60", "0x7ffe4905c7e8"], "memsize":48, "flags":{"wb_protected":true}}
{"address":"0x7ffe4905c338", "type":"IMEMO", "class":"0x7ffe4907ee38", "imemo_type":"ment", "references":["0x7ffe4905ce50", "0x7ffe4905c7e8"], "memsize":48, "flags":{"wb_protected":true}}
{"address":"0x7ffe4905c360", "type":"IMEMO", "class":"0x7ffe4907ee38", "imemo_type":"ment", "references":["0x7ffe4905cf40", "0x7ffe4905c7e8"], "memsize":48, "flags":{"wb_protected":true}}
{"address":"0x7ffe4905c388", "type":"ARRAY", "class":"0x7ffe490a67f8", "frozen":true, "length":2, "embedded":true, "references":["0x7ffe4905dff8"], "memsize":40, "flags":{"wb_protected":true}}
{"address":"0x7ffe4905c3b0", "type":"IMEMO", "class":"0x7ffe4907ec80", "imemo_type":"ment", "references":["0x7ffe4905c388"], "memsize":48, "flags":{"wb_protected":true}}
{"address":"0x7ffe4905c3d8", "type":"STRING", "class":"0x7ffe490be858", "frozen":true, "embedded":true, "fstring":true, "bytesize":7, "value":"@ractor", "encoding":"US-ASCII", "memsize":40, "flags":{"wb_protected":true}}
{"address":"0x7ffe4905c400", "type":"STRING", "class":"0x7ffe490be858", "embedded":true, "bytesize":7, "value":"@ractor", "memsize":40, "flags":{"wb_protected":true}}
{"address":"0x7ffe4905c428", "type":"ARRAY", "class":"0x7ffe490a67f8", "length":1, "embedded":true, "memsize":40, "flags":{"wb_protected":true}}
{"address":"0x7ffe4905c450", "type":"IMEMO", "class":"0x7ffe4907ec58", "imemo_type":"callcache", "references":["0x7ffe490c5130"], "memsize":40, "flags":{"wb_protected":true}}
{"address":"0x7ffe4905c478", "type":"IMEMO", "class":"0x8", "imemo_type":"cref", "references":["0x7ffe4907ec80", "0x7ffe4905c7e8"], "memsize":40, "flags":{"wb_protected":true}}
{"address":"0x7ffe4905c4a0", "type":"IMEMO", "class":"0x7ffe4907ee38", "imemo_type":"ment", "references":["0x7ffe4905d1c0", "0x7ffe4905c7e8"], "memsize":48, "flags":{"wb_protected":true}}
{"address":"0x7ffe4905c4c8", "type":"IMEMO", "class":"0x7ffe4907ee38", "imemo_type":"ment", "references":["0x7ffe4905d440", "0x7ffe4905c7e8"], "memsize":48, "flags":{"wb_protected":true}}
{"address":"0x7ffe4905c4f0", "type":"IMEMO", "class":"0x7ffe4907ee38", "imemo_type":"ment", "references":["0x7ffe4905d440", "0x7ffe4905c7e8"], "memsize":48, "flags":{"wb_protected":true}}
{"address":"0x7ffe4905c518", "type":"IMEMO", "class":"0x7ffe4907ee38", "imemo_type":"ment", "references":["0x7ffe4905d4e0", "0x7ffe4905c7e8"], "memsize":48, "flags":{"wb_protected":true}}
{"address":"0x7ffe4905c540", "type":"IMEMO", "class":"0x7ffe4907ee10", "imemo_type":"ment", "references":["0x7ffe4905d580", "0x7ffe4905c7e8"], "memsize":48, "flags":{"wb_protected":true}}
{"address":"0x7ffe4905c568", "type":"IMEMO", "class":"0x7ffe4907ee38", "imemo_type":"ment", "references":["0x7ffe4905d6c0", "0x7ffe4905c7e8"], "memsize":48, "flags":{"wb_protected":true}}
{"address":"0x7ffe4905c590", "type":"IMEMO", "class":"0x7ffe4907ee38", "imemo_type":"ment", "references":["0x7ffe4905d6c0", "0x7ffe4905c7e8"], "memsize":48, "flags":{"wb_protected":true}}
{"address":"0x7ffe4905c5b8", "type":"IMEMO", "class":"0x7ffe4907ee38", "imemo_type":"ment", "references":["0x7ffe4905d760", "0x7ffe4905c7e8"], "memsize":48, "flags":{"wb_protected":true}}
{"address":"0x7ffe4905c5e0", "type":"IMEMO", "class":"0x7ffe4907ee10", "imemo_type":"ment", "references":["0x7ffe4905d7d8", "0x7ffe4905c7e8"], "memsize":48, "flags":{"wb_protected":true}}
{"address":"0x7ffe4905c608", "type":"IMEMO", "class":"0x7ffe4907ee38", "imemo_type":"ment", "references":["0x7ffe4905d8c8", "0x7ffe4905c7e8"], "memsize":48, "flags":{"wb_protected":true}}
{"address":"0x7ffe4905c630", "type":"IMEMO", "class":"0x7ffe4907ee10", "imemo_type":"callcache", "references":["0x7ffe490b5730"], "memsize":40, "flags":{"wb_protected":true}}
{"address":"0x7ffe4905c658", "type":"IMEMO", "class":"0x7ffe4907ee38", "imemo_type":"ment", "references":["0x7ffe4905d8c8", "0x7ffe4905c7e8"], "memsize":48, "flags":{"wb_protected":true}}
{"address":"0x7ffe4905c680", "type":"IMEMO", "class":"0x7ffe4907ee10", "imemo_type":"ment", "references":["0x7ffe4905daf8", "0x7ffe4905c7e8"], "memsize":48, "flags":{"wb_protected":true}}
{"address":"0x7ffe4905c6a8", "type":"IMEMO", "class":"0x7ffe4907e6e0", "imemo_type":"callcache", "references":["0x7ffe4907e6b8"], "memsize":40, "flags":{"wb_protected":true}}
{"address":"0x7ffe4905c6d0", "type":"IMEMO", "class":"0x8", "imemo_type":"cref", "references":["0x7ffe4907ee10", "0x7ffe4905c7e8"], "memsize":40, "flags":{"wb_protected":true}}
{"address":"0x7ffe4905c6f8", "type":"IMEMO", "class":"0x7ffe4907ee10", "imemo_type":"ment", "references":["0x7ffe4905daf8", "0x7ffe4905c7e8"], "memsize":48, "flags":{"wb_protected":true}}
{"address":"0x7ffe4905c720", "type":"IMEMO", "class":"0x7ffe4907ee10", "imemo_type":"ment", "references":["0x7ffe4905de40", "0x7ffe4905c7e8"], "memsize":48, "flags":{"wb_protected":true}}
{"address":"0x7ffe4905c748", "type":"IMEMO", "class":"0x7ffe4907ee10", "imemo_type":"ment", "references":["0x7ffe4905dee0", "0x7ffe4905c7e8"], "memsize":48, "flags":{"wb_protected":true}}
{"address":"0x7ffe4905c770", "type":"IMEMO", "class":"0x7ffe4907ee10", "imemo_type":"ment", "references":["0x7ffe4905df80", "0x7ffe4905c7e8"], "memsize":48, "flags":{"wb_protected":true}}
{"address":"0x7ffe4905c798", "type":"IMEMO", "class":"0x7ffe4907ee10", "imemo_type":"ment", "references":["0x7ffe4905e340", "0x7ffe4905c7e8"], "memsize":48, "flags":{"wb_protected":true}}
{"address":"0x7ffe4905c7c0", "type":"CLASS", "class":"0x7ffe4908d050", "references":["0x7ffe4908d000", "0x7ffe4907ee10"], "memsize":472, "flags":{"wb_protected":true}}
{"address":"0x7ffe4905c7e8", "type":"IMEMO", "class":"0x8", "imemo_type":"cref", "references":["0x7ffe4907ee38", "0x7ffe4905c810"], "memsize":40, "flags":{"wb_protected":true}}
{"address":"0x7ffe4905c810", "type":"IMEMO", "class":"0x8", "imemo_type":"cref", "references":["0x7ffe490c68a0"], "memsize":40, "flags":{"wb_protected":true}}
{"address":"0x7ffe4905c838", "type":"ARRAY", "class":"0x7ffe490a67f8", "frozen":true, "length":2, "embedded":true, "references":["0x7ffe4905dff8"], "memsize":40, "flags":{"wb_protected":true}}
{"address":"0x7ffe4905c860", "type":"ARRAY", "class":"0x7ffe490a67f8", "frozen":true, "length":2, "embedded":true, "references":["0x7ffe4905dff8"], "memsize":40, "flags":{"wb_protected":true}}
{"address":"0x7ffe4905c888", "type":"STRING", "class":"0x7ffe490be858", "frozen":true, "embedded":true, "fstring":true, "bytesize":14, "value":"<class:Ractor>", "memsize":40, "flags":{"wb_protected":true}}
{"address":"0x7ffe4905c8b0", "type":"STRING", "class":"0x7ffe490be858", "embedded":true, "bytesize":14, "value":"<class:Ractor>", "memsize":40, "flags":{"wb_protected":true}}
{"address":"0x7ffe4905c8d8", "type":"ARRAY", "class":"0x7ffe490a67f8", "frozen":true, "length":2, "embedded":true, "references":["0x7ffe4905dff8"], "memsize":40, "flags":{"wb_protected":true}}
{"address":"0x7ffe4905c900", "type":"ARRAY", "class":"0x7ffe490a67f8", "frozen":true, "length":2, "embedded":true, "references":["0x7ffe4905dff8"], "memsize":40, "flags":{"wb_protected":true}}
{"address":"0x7ffe4905c928", "type":"ARRAY", "class":"0x7ffe490a67f8", "frozen":true, "length":2, "embedded":true, "references":["0x7ffe4905dff8"], "memsize":40, "flags":{"wb_protected":true}}
{"address":"0x7ffe4905c950", "type":"ARRAY", "class":"0x7ffe490a67f8", "frozen":true, "length":2, "embedded":true, "references":["0x7ffe4905dff8"], "memsize":40, "flags":{"wb_protected":true}}
{"address":"0x7ffe4905c978", "type":"IMEMO", "imemo_type":"iseq", "references":["0x7ffe490773e0", "0x7ffe490773e0", "0x7ffe4905c928"], "memsize":392, "flags":{"wb_protected":true}}
{"address":"0x7ffe4905c9a0", "type":"STRING", "class":"0x7ffe490be858", "embedded":true, "bytesize":4, "value":"main", "encoding":"US-ASCII", "memsize":40, "flags":{"wb_protected":true}}
{"address":"0x7ffe4905c9c8", "type":"ARRAY", "class":"0x7ffe490a67f8", "frozen":true, "length":2, "embedded":true, "references":["0x7ffe4905dff8"], "memsize":40, "flags":{"wb_protected":true}}
{"address":"0x7ffe4905c9f0", "type":"ARRAY", "class":"0x7ffe490a67f8", "frozen":true, "length":2, "embedded":true, "references":["0x7ffe4905dff8"], "memsize":40, "flags":{"wb_protected":true}}
{"address":"0x7ffe4905ca18", "type":"STRING", "class":"0x7ffe490be858", "frozen":true, "embedded":true, "bytesize":3, "value":"val", "encoding":"US-ASCII", "memsize":40, "flags":{"wb_protected":true}}
{"address":"0x7ffe4905ca40", "type":"STRING", "class":"0x7ffe490be858", "frozen":true, "embedded":true, "fstring":true, "bytesize":3, "value":"val", "encoding":"US-ASCII", "memsize":40, "flags":{"wb_protected":true}}
{"address":"0x7ffe4905ca68", "type":"STRING", "class":"0x7ffe490be858", "embedded":true, "bytesize":3, "value":"val", "encoding":"US-ASCII", "memsize":40, "flags":{"wb_protected":true}}
{"address":"0x7ffe4905ca90", "type":"IMEMO", "imemo_type":"iseq", "references":["0x7ffe490c77a0", "0x7ffe490c77a0", "0x7ffe4905c9c8"], "memsize":408, "flags":{"wb_protected":true}}
{"address":"0x7ffe4905cab8", "type":"STRING", "class":"0x7ffe490be858", "embedded":true, "bytesize":3, "value":"[]=", "encoding":"US-ASCII", "memsize":40, "flags":{"wb_protected":true}}
{"address":"0x7ffe4905cae0", "type":"ARRAY", "class":"0x7ffe490a67f8", "frozen":true, "length":2, "embedded":true, "references":["0x7ffe4905dff8"], "memsize":40, "flags":{"wb_protected":true}}
{"address":"0x7ffe4905cb08", "type":"ARRAY", "class":"0x7ffe490a67f8", "frozen":true, "length":2, "embedded":true, "references":["0x7ffe4905dff8"], "memsize":40, "flags":{"wb_protected":true}}
{"address":"0x7ffe4905cb30", "type":"STRING", "class":"0x7ffe490be858", "frozen":true, "embedded":true, "bytesize":3, "value":"sym", "encoding":"US-ASCII", "memsize":40, "flags":{"wb_protected":true}}
{"address":"0x7ffe4905cb58", "type":"STRING", "class":"0x7ffe490be858", "frozen":true, "embedded":true, "fstring":true, "bytesize":3, "value":"sym", "encoding":"US-ASCII", "memsize":40, "flags":{"wb_protected":true}}
{"address":"0x7ffe4905cb80", "type":"STRING", "class":"0x7ffe490be858", "embedded":true, "bytesize":3, "value":"sym", "encoding":"US-ASCII", "memsize":40, "flags":{"wb_protected":true}}
{"address":"0x7ffe4905cba8", "type":"IMEMO", "imemo_type":"iseq", "references":["0x7ffe490c77c8", "0x7ffe490c77c8", "0x7ffe4905cae0"], "memsize":400, "flags":{"wb_protected":true}}
{"address":"0x7ffe4905cbd0", "type":"STRING", "class":"0x7ffe490be858", "embedded":true, "bytesize":2, "value":"[]", "encoding":"US-ASCII", "memsize":40, "flags":{"wb_protected":true}}
{"address":"0x7ffe4905cbf8", "type":"ARRAY", "class":"0x7ffe490a67f8", "frozen":true, "length":2, "embedded":true, "references":["0x7ffe4905dff8"], "memsize":40, "flags":{"wb_protected":true}}
{"address":"0x7ffe4905cc20", "type":"ARRAY", "class":"0x7ffe490a67f8", "frozen":true, "length":2, "embedded":true, "references":["0x7ffe4905dff8"], "memsize":40, "flags":{"wb_protected":true}}
{"address":"0x7ffe4905cc48", "type":"STRING", "class":"0x7ffe490be858", "frozen":true, "embedded":true, "bytesize":4, "value":"copy", "encoding":"US-ASCII", "memsize":40, "flags":{"wb_protected":true}}
{"address":"0x7ffe4905cc70", "type":"STRING", "class":"0x7ffe490be858", "frozen":true, "embedded":true, "fstring":true, "bytesize":4, "value":"copy", "encoding":"US-ASCII", "memsize":40, "flags":{"wb_protected":true}}
{"address":"0x7ffe4905cc98", "type":"STRING", "class":"0x7ffe490be858", "embedded":true, "bytesize":4, "value":"copy", "encoding":"US-ASCII", "memsize":40, "flags":{"wb_protected":true}}
{"address":"0x7ffe4905ccc0", "type":"IMEMO", "imemo_type":"iseq", "references":["0x7ffe4907e550", "0x7ffe4907e550", "0x7ffe4905cbf8"], "memsize":568, "flags":{"wb_protected":true}}
{"address":"0x7ffe4905cce8", "type":"STRING", "class":"0x7ffe490be858", "embedded":true, "bytesize":14, "value":"make_shareable", "encoding":"US-ASCII", "memsize":40, "flags":{"wb_protected":true}}
{"address":"0x7ffe4905cd10", "type":"ARRAY", "class":"0x7ffe490a67f8", "frozen":true, "length":2, "embedded":true, "references":["0x7ffe4905dff8"], "memsize":40, "flags":{"wb_protected":true}}
{"address":"0x7ffe4905cd38", "type":"ARRAY", "class":"0x7ffe490a67f8", "frozen":true, "length":2, "embedded":true, "references":["0x7ffe4905dff8"], "memsize":40, "flags":{"wb_protected":true}}
{"address":"0x7ffe4905cd60", "type":"IMEMO", "imemo_type":"iseq", "references":["0x7ffe4905cdb0", "0x7ffe4905cdb0", "0x7ffe4905cd10"], "memsize":400, "flags":{"wb_protected":true}}
{"address":"0x7ffe4905cd88", "type":"STRING", "class":"0x7ffe490be858", "frozen":true, "embedded":true, "bytesize":10, "value":"shareable?", "encoding":"US-ASCII", "memsize":40, "flags":{"wb_protected":true}}
{"address":"0x7ffe4905cdb0", "type":"STRING", "class":"0x7ffe490be858", "frozen":true, "embedded":true, "fstring":true, "bytesize":10, "value":"shareable?", "encoding":"US-ASCII", "memsize":40, "flags":{"wb_protected":true}}
{"address":"0x7ffe4905cdd8", "type":"STRING", "class":"0x7ffe490be858", "embedded":true, "bytesize":10, "value":"shareable?", "encoding":"US-ASCII", "memsize":40, "flags":{"wb_protected":true}}
{"address":"0x7ffe4905ce00", "type":"ARRAY", "class":"0x7ffe490a67f8", "frozen":true, "length":2, "embedded":true, "references":["0x7ffe4905dff8"], "memsize":40, "flags":{"wb_protected":true}}
{"address":"0x7ffe4905ce28", "type":"ARRAY", "class":"0x7ffe490a67f8", "frozen":true, "length":2, "embedded":true, "references":["0x7ffe4905dff8"], "memsize":40, "flags":{"wb_protected":true}}
{"address":"0x7ffe4905ce50", "type":"IMEMO", "imemo_type":"iseq", "references":["0x7ffe4905cea0", "0x7ffe4905cea0", "0x7ffe4905ce00"], "memsize":392, "flags":{"wb_protected":true}}
{"address":"0x7ffe4905ce78", "type":"STRING", "class":"0x7ffe490be858", "frozen":true, "embedded":true, "bytesize":14, "value":"close_outgoing", "encoding":"US-ASCII", "memsize":40, "flags":{"wb_protected":true}}
{"address":"0x7ffe4905cea0", "type":"STRING", "class":"0x7ffe490be858", "frozen":true, "embedded":true, "fstring":true, "bytesize":14, "value":"close_outgoing", "encoding":"US-ASCII", "memsize":40, "flags":{"wb_protected":true}}
{"address":"0x7ffe4905cec8", "type":"STRING", "class":"0x7ffe490be858", "embedded":true, "bytesize":14, "value":"close_outgoing", "encoding":"US-ASCII", "memsize":40, "flags":{"wb_protected":true}}
{"address":"0x7ffe4905cef0", "type":"ARRAY", "class":"0x7ffe490a67f8", "frozen":true, "length":2, "embedded":true, "references":["0x7ffe4905dff8"], "memsize":40, "flags":{"wb_protected":true}}
{"address":"0x7ffe4905cf18", "type":"ARRAY", "class":"0x7ffe490a67f8", "frozen":true, "length":2, "embedded":true, "references":["0x7ffe4905dff8"], "memsize":40, "flags":{"wb_protected":true}}
{"address":"0x7ffe4905cf40", "type":"IMEMO", "imemo_type":"iseq", "references":["0x7ffe4905cf90", "0x7ffe4905cf90", "0x7ffe4905cef0"], "memsize":392, "flags":{"wb_protected":true}}
{"address":"0x7ffe4905cf68", "type":"STRING", "class":"0x7ffe490be858", "frozen":true, "embedded":true, "bytesize":14, "value":"close_incoming", "encoding":"US-ASCII", "memsize":40, "flags":{"wb_protected":true}}
{"address":"0x7ffe4905cf90", "type":"STRING", "class":"0x7ffe490be858", "frozen":true, "embedded":true, "fstring":true, "bytesize":14, "value":"close_incoming", "encoding":"US-ASCII", "memsize":40, "flags":{"wb_protected":true}}
{"address":"0x7ffe4905cfb8", "type":"STRING", "class":"0x7ffe490be858", "embedded":true, "bytesize":14, "value":"close_incoming", "encoding":"US-ASCII", "memsize":40, "flags":{"wb_protected":true}}
{"address":"0x7ffe4905cfe0", "type":"STRING", "class":"0x7ffe490be858", "frozen":true, "embedded":true, "fstring":true, "bytesize":19, "value":"<class:RemoteError>", "memsize":40, "flags":{"wb_protected":true}}
{"address":"0x7ffe4905d008", "type":"STRING", "class":"0x7ffe490be858", "embedded":true, "bytesize":19, "value":"<class:RemoteError>", "memsize":40, "flags":{"wb_protected":true}}
{"address":"0x7ffe4905d030", "type":"ARRAY", "class":"0x7ffe490a67f8", "frozen":true, "length":2, "embedded":true, "references":["0x7ffe4905dff8"], "memsize":40, "flags":{"wb_protected":true}}
{"address":"0x7ffe4905d058", "type":"ARRAY", "class":"0x7ffe490a67f8", "frozen":true, "length":2, "embedded":true, "references":["0x7ffe4905dff8"], "memsize":40, "flags":{"wb_protected":true}}
{"address":"0x7ffe4905d080", "type":"STRING", "class":"0x7ffe490be858", "frozen":true, "embedded":true, "bytesize":6, "value":"ractor", "encoding":"US-ASCII", "memsize":40, "flags":{"wb_protected":true}}
{"address":"0x7ffe4905d0a8", "type":"STRING", "class":"0x7ffe490be858", "frozen":true, "embedded":true, "fstring":true, "bytesize":6, "value":"ractor", "encoding":"US-ASCII", "memsize":40, "flags":{"wb_protected":true}}
{"address":"0x7ffe4905d0d0", "type":"STRING", "class":"0x7ffe490be858", "embedded":true, "bytesize":6, "value":"ractor", "encoding":"US-ASCII", "memsize":40, "flags":{"wb_protected":true}}
{"address":"0x7ffe4905d0f8", "type":"STRING", "class":"0x7ffe490be858", "embedded":true, "bytesize":11, "value":"attr_reader", "encoding":"US-ASCII", "memsize":40, "flags":{"wb_protected":true}}
{"address":"0x7ffe4905d120", "type":"IMEMO", "imemo_type":"iseq", "references":["0x7ffe4905cfe0", "0x7ffe4905cfe0", "0x7ffe4905d030", "0x7ffe4905e3e0", "0x7ffe4905c450"], "memsize":436, "flags":{"wb_protected":true}}
{"address":"0x7ffe4905d148", "type":"STRING", "class":"0x7ffe490be858", "embedded":true, "bytesize":11, "value":"RemoteError", "encoding":"US-ASCII", "memsize":40, "flags":{"wb_protected":true}}
{"address":"0x7ffe4905d170", "type":"ARRAY", "class":"0x7ffe490a67f8", "frozen":true, "length":2, "embedded":true, "references":["0x7ffe4905dff8"], "memsize":40, "flags":{"wb_protected":true}}
{"address":"0x7ffe4905d198", "type":"ARRAY", "class":"0x7ffe490a67f8", "frozen":true, "length":2, "embedded":true, "references":["0x7ffe4905dff8"], "memsize":40, "flags":{"wb_protected":true}}
{"address":"0x7ffe4905d1c0", "type":"IMEMO", "imemo_type":"iseq", "references":["0x7ffe490c6e68", "0x7ffe490c6e68", "0x7ffe4905d170"], "memsize":392, "flags":{"wb_protected":true}}
{"address":"0x7ffe4905d1e8", "type":"ARRAY", "class":"0x7ffe490a67f8", "frozen":true, "length":2, "embedded":true, "references":["0x7ffe4905dff8"], "memsize":40, "flags":{"wb_protected":true}}
{"address":"0x7ffe4905d210", "type":"ARRAY", "class":"0x7ffe490a67f8", "frozen":true, "length":2, "embedded":true, "references":["0x7ffe4905dff8"], "memsize":40, "flags":{"wb_protected":true}}
{"address":"0x7ffe4905d238", "type":"STRING", "class":"0x7ffe490be858", "frozen":true, "embedded":true, "fstring":true, "bytesize":1, "value":">", "encoding":"UTF-8", "memsize":40, "flags":{"wb_protected":true}}
{"address":"0x7ffe4905d260", "type":"STRING", "class":"0x7ffe490be858", "embedded":true, "bytesize":1, "value":">", "encoding":"UTF-8", "memsize":40, "flags":{"wb_protected":true}}
{"address":"0x7ffe4905d288", "type":"STRING", "class":"0x7ffe490be858", "frozen":true, "embedded":true, "fstring":true, "bytesize":0, "value":"", "encoding":"UTF-8", "memsize":40, "flags":{"wb_protected":true}}
{"address":"0x7ffe4905d2b0", "type":"STRING", "class":"0x7ffe490be858", "embedded":true, "bytesize":0, "value":"", "encoding":"UTF-8", "memsize":40, "flags":{"wb_protected":true}}
{"address":"0x7ffe4905d2d8", "type":"STRING", "class":"0x7ffe490be858", "frozen":true, "embedded":true, "fstring":true, "bytesize":1, "value":" ", "encoding":"UTF-8", "memsize":40, "flags":{"wb_protected":true}}
{"address":"0x7ffe4905d300", "type":"STRING", "class":"0x7ffe490be858", "embedded":true, "bytesize":1, "value":" ", "encoding":"UTF-8", "memsize":40, "flags":{"wb_protected":true}}
{"address":"0x7ffe4905d328", "type":"STRING", "class":"0x7ffe490be858", "frozen":true, "embedded":true, "fstring":true, "bytesize":10, "value":"#<Ractor:#", "encoding":"UTF-8", "memsize":40, "flags":{"wb_protected":true}}
{"address":"0x7ffe4905d350", "type":"STRING", "class":"0x7ffe490be858", "embedded":true, "bytesize":10, "value":"#<Ractor:#", "encoding":"UTF-8", "memsize":40, "flags":{"wb_protected":true}}
{"address":"0x7ffe4905d378", "type":"STRING", "class":"0x7ffe490be858", "embedded":true, "bytesize":6, "value":"status", "encoding":"US-ASCII", "memsize":40, "flags":{"wb_protected":true}}
{"address":"0x7ffe4905d3a0", "type":"STRING", "class":"0x7ffe490be858", "frozen":true, "embedded":true, "bytesize":2, "value":"id", "encoding":"US-ASCII", "memsize":40, "flags":{"wb_protected":true}}
{"address":"0x7ffe4905d3c8", "type":"STRING", "class":"0x7ffe490be858", "frozen":true, "embedded":true, "fstring":true, "bytesize":2, "value":"id", "encoding":"US-ASCII", "memsize":40, "flags":{"wb_protected":true}}
{"address":"0x7ffe4905d3f0", "type":"STRING", "class":"0x7ffe490be858", "embedded":true, "bytesize":2, "value":"id", "encoding":"US-ASCII", "memsize":40, "flags":{"wb_protected":true}}
{"address":"0x7ffe4905d418", "type":"STRING", "class":"0x7ffe490be858", "embedded":true, "bytesize":1, "value":"+", "encoding":"US-ASCII", "memsize":40, "flags":{"wb_protected":true}}
{"address":"0x7ffe4905d440", "type":"IMEMO", "imemo_type":"iseq", "references":["0x7ffe4905d328", "0x7ffe4905d2d8", "0x7ffe4905d288", "0x7ffe4905d2d8", "0x7ffe4905d288", "0x7ffe4905d2d8", "0x7ffe4905d238", "0x7ffe490c7638", "0x7ffe490c7638", "0x7ffe4905d1e8"], "memsize":1404, "flags":{"wb_protected":true}}
{"address":"0x7ffe4905d468", "type":"STRING", "class":"0x7ffe490be858", "embedded":true, "bytesize":7, "value":"inspect", "encoding":"US-ASCII", "memsize":40, "flags":{"wb_protected":true}}
{"address":"0x7ffe4905d490", "type":"ARRAY", "class":"0x7ffe490a67f8", "frozen":true, "length":2, "embedded":true, "references":["0x7ffe4905dff8"], "memsize":40, "flags":{"wb_protected":true}}
{"address":"0x7ffe4905d4b8", "type":"ARRAY", "class":"0x7ffe490a67f8", "frozen":true, "length":2, "embedded":true, "references":["0x7ffe4905dff8"], "memsize":40, "flags":{"wb_protected":true}}
{"address":"0x7ffe4905d4e0", "type":"IMEMO", "imemo_type":"iseq", "references":["0x7ffe490bec40", "0x7ffe490bec40", "0x7ffe4905d490"], "memsize":392, "flags":{"wb_protected":true}}
{"address":"0x7ffe4905d508", "type":"STRING", "class":"0x7ffe490be858", "embedded":true, "bytesize":4, "value":"take", "encoding":"US-ASCII", "memsize":40, "flags":{"wb_protected":true}}
{"address":"0x7ffe4905d530", "type":"ARRAY", "class":"0x7ffe490a67f8", "frozen":true, "length":2, "embedded":true, "references":["0x7ffe4905dff8"], "memsize":40, "flags":{"wb_protected":true}}
{"address":"0x7ffe4905d558", "type":"ARRAY", "class":"0x7ffe490a67f8", "frozen":true, "length":2, "embedded":true, "references":["0x7ffe4905dff8"], "memsize":40, "flags":{"wb_protected":true}}
{"address":"0x7ffe4905d580", "type":"IMEMO", "imemo_type":"iseq", "references":["0x7ffe49087920", "0x7ffe49087920", "0x7ffe4905d530"], "memsize":456, "flags":{"wb_protected":true}}
{"address":"0x7ffe4905d5a8", "type":"STRING", "class":"0x7ffe490be858", "embedded":true, "bytesize":5, "value":"yield", "encoding":"US-ASCII", "memsize":40, "flags":{"wb_protected":true}}
{"address":"0x7ffe4905d5d0", "type":"STRING", "class":"0x7ffe490be858", "embedded":true, "bytesize":2, "value":"<<", "encoding":"US-ASCII", "memsize":40, "flags":{"wb_protected":true}}
{"address":"0x7ffe4905d5f8", "type":"ARRAY", "class":"0x7ffe490a67f8", "frozen":true, "length":2, "embedded":true, "references":["0x7ffe4905dff8"], "memsize":40, "flags":{"wb_protected":true}}
{"address":"0x7ffe4905d620", "type":"ARRAY", "class":"0x7ffe490a67f8", "frozen":true, "length":2, "embedded":true, "references":["0x7ffe4905dff8"], "memsize":40, "flags":{"wb_protected":true}}
{"address":"0x7ffe4905d648", "type":"STRING", "class":"0x7ffe490be858", "frozen":true, "embedded":true, "bytesize":3, "value":"obj", "encoding":"US-ASCII", "memsize":40, "flags":{"wb_protected":true}}
{"address":"0x7ffe4905d670", "type":"STRING", "class":"0x7ffe490be858", "frozen":true, "embedded":true, "fstring":true, "bytesize":3, "value":"obj", "encoding":"US-ASCII", "memsize":40, "flags":{"wb_protected":true}}
{"address":"0x7ffe4905d698", "type":"STRING", "class":"0x7ffe490be858", "embedded":true, "bytesize":3, "value":"obj", "encoding":"US-ASCII", "memsize":40, "flags":{"wb_protected":true}}
{"address":"0x7ffe4905d6c0", "type":"IMEMO", "imemo_type":"iseq", "references":["0x7ffe490c7368", "0x7ffe490c7368", "0x7ffe4905d5f8"], "memsize":456, "flags":{"wb_protected":true}}
{"address":"0x7ffe4905d6e8", "type":"STRING", "class":"0x7ffe490be858", "embedded":true, "bytesize":4, "value":"send", "encoding":"US-ASCII", "memsize":40, "flags":{"wb_protected":true}}
{"address":"0x7ffe4905d710", "type":"ARRAY", "class":"0x7ffe490a67f8", "frozen":true, "length":2, "embedded":true, "references":["0x7ffe4905dff8"], "memsize":40, "flags":{"wb_protected":true}}
{"address":"0x7ffe4905d738", "type":"ARRAY", "class":"0x7ffe490a67f8", "frozen":true, "length":2, "embedded":true, "references":["0x7ffe4905dff8"], "memsize":40, "flags":{"wb_protected":true}}
{"address":"0x7ffe4905d760", "type":"IMEMO", "imemo_type":"iseq", "references":["0x7ffe4905d828", "0x7ffe4905d828", "0x7ffe4905d710"], "memsize":428, "flags":{"wb_protected":true}}
{"address":"0x7ffe4905d788", "type":"ARRAY", "class":"0x7ffe490a67f8", "frozen":true, "length":2, "embedded":true, "references":["0x7ffe4905dff8"], "memsize":40, "flags":{"wb_protected":true}}
{"address":"0x7ffe4905d7b0", "type":"ARRAY", "class":"0x7ffe490a67f8", "frozen":true, "length":2, "embedded":true, "references":["0x7ffe4905dff8"], "memsize":40, "flags":{"wb_protected":true}}
{"address":"0x7ffe4905d7d8", "type":"IMEMO", "imemo_type":"iseq", "references":["0x7ffe4905d828", "0x7ffe4905d828", "0x7ffe4905d788"], "memsize":428, "flags":{"wb_protected":true}}
{"address":"0x7ffe4905d800", "type":"STRING", "class":"0x7ffe490be858", "frozen":true, "embedded":true, "bytesize":10, "value":"receive_if", "encoding":"US-ASCII", "memsize":40, "flags":{"wb_protected":true}}
{"address":"0x7ffe4905d828", "type":"STRING", "class":"0x7ffe490be858", "frozen":true, "embedded":true, "fstring":true, "bytesize":10, "value":"receive_if", "encoding":"US-ASCII", "memsize":40, "flags":{"wb_protected":true}}
{"address":"0x7ffe4905d850", "type":"STRING", "class":"0x7ffe490be858", "embedded":true, "bytesize":10, "value":"receive_if", "encoding":"US-ASCII", "memsize":40, "flags":{"wb_protected":true}}
{"address":"0x7ffe4905d878", "type":"ARRAY", "class":"0x7ffe490a67f8", "frozen":true, "length":2, "embedded":true, "references":["0x7ffe4905dff8"], "memsize":40, "flags":{"wb_protected":true}}
{"address":"0x7ffe4905d8a0", "type":"ARRAY", "class":"0x7ffe490a67f8", "frozen":true, "length":2, "embedded":true, "references":["0x7ffe4905dff8"], "memsize":40, "flags":{"wb_protected":true}}
{"address":"0x7ffe4905d8c8", "type":"IMEMO", "imemo_type":"iseq", "references":["0x7ffe4905db48", "0x7ffe4905db48", "0x7ffe4905d878"], "memsize":392, "flags":{"wb_protected":true}}
{"address":"0x7ffe4905d8f0", "type":"STRING", "class":"0x7ffe490be858", "frozen":true, "embedded":true, "fstring":true, "bytesize":15, "value":"singleton class", "encoding":"US-ASCII", "memsize":40, "flags":{"wb_protected":true}}
{"address":"0x7ffe4905d918", "type":"STRING", "class":"0x7ffe490be858", "embedded":true, "bytesize":15, "value":"singleton class", "encoding":"US-ASCII", "memsize":40, "flags":{"wb_protected":true}}
{"address":"0x7ffe4905d940", "type":"ARRAY", "class":"0x7ffe490a67f8", "frozen":true, "length":2, "embedded":true, "references":["0x7ffe4905dff8"], "memsize":40, "flags":{"wb_protected":true}}
{"address":"0x7ffe4905d968", "type":"ARRAY", "class":"0x7ffe490a67f8", "frozen":true, "length":2, "embedded":true, "references":["0x7ffe4905dff8"], "memsize":40, "flags":{"wb_protected":true}}
{"address":"0x7ffe4905d990", "type":"STRING", "class":"0x7ffe490be858", "frozen":true, "embedded":true, "bytesize":4, "value":"recv", "encoding":"US-ASCII", "memsize":40, "flags":{"wb_protected":true}}
{"address":"0x7ffe4905d9b8", "type":"STRING", "class":"0x7ffe490be858", "frozen":true, "embedded":true, "fstring":true, "bytesize":4, "value":"recv", "encoding":"US-ASCII", "memsize":40, "flags":{"wb_protected":true}}
{"address":"0x7ffe4905d9e0", "type":"STRING", "class":"0x7ffe490be858", "embedded":true, "bytesize":4, "value":"recv", "encoding":"US-ASCII", "memsize":40, "flags":{"wb_protected":true}}
{"address":"0x7ffe4905da08", "type":"IMEMO", "imemo_type":"iseq", "references":["0x7ffe4905d8f0", "0x7ffe4905d8f0", "0x7ffe4905d940", "0x7ffe4905c6a8"], "memsize":476, "flags":{"wb_protected":true}}
{"address":"0x7ffe4905da30", "type":"STRING", "class":"0x7ffe490be858", "frozen":true, "embedded":true, "bytesize":14, "value":"singletonclass", "encoding":"US-ASCII", "memsize":40, "flags":{"wb_protected":true}}
{"address":"0x7ffe4905da58", "type":"STRING", "class":"0x7ffe490be858", "frozen":true, "embedded":true, "fstring":true, "bytesize":14, "value":"singletonclass", "encoding":"US-ASCII", "memsize":40, "flags":{"wb_protected":true}}
{"address":"0x7ffe4905da80", "type":"STRING", "class":"0x7ffe490be858", "embedded":true, "bytesize":14, "value":"singletonclass", "encoding":"US-ASCII", "memsize":40, "flags":{"wb_protected":true}}
{"address":"0x7ffe4905daa8", "type":"ARRAY", "class":"0x7ffe490a67f8", "frozen":true, "length":2, "embedded":true, "references":["0x7ffe4905dff8"], "memsize":40, "flags":{"wb_protected":true}}
{"address":"0x7ffe4905dad0", "type":"ARRAY", "class":"0x7ffe490a67f8", "frozen":true, "length":2, "embedded":true, "references":["0x7ffe4905dff8"], "memsize":40, "flags":{"wb_protected":true}}
{"address":"0x7ffe4905daf8", "type":"IMEMO", "imemo_type":"iseq", "references":["0x7ffe4905db48", "0x7ffe4905db48", "0x7ffe4905daa8"], "memsize":392, "flags":{"wb_protected":true}}
{"address":"0x7ffe4905db20", "type":"STRING", "class":"0x7ffe490be858", "frozen":true, "embedded":true, "bytesize":7, "value":"receive", "encoding":"US-ASCII", "memsize":40, "flags":{"wb_protected":true}}
{"address":"0x7ffe4905db48", "type":"STRING", "class":"0x7ffe490be858", "frozen":true, "embedded":true, "fstring":true, "bytesize":7, "value":"receive", "encoding":"US-ASCII", "memsize":40, "flags":{"wb_protected":true}}
{"address":"0x7ffe4905db70", "type":"STRING", "class":"0x7ffe490be858", "embedded":true, "bytesize":7, "value":"receive", "encoding":"US-ASCII", "memsize":40, "flags":{"wb_protected":true}}
{"address":"0x7ffe4905db98", "type":"ARRAY", "class":"0x7ffe490a67f8", "frozen":true, "length":2, "embedded":true, "references":["0x7ffe4905dff8"], "memsize":40, "flags":{"wb_protected":true}}
{"address":"0x7ffe4905dbc0", "type":"ARRAY", "class":"0x7ffe490a67f8", "frozen":true, "length":2, "embedded":true, "references":["0x7ffe4905dff8"], "memsize":40, "flags":{"wb_protected":true}}
{"address":"0x7ffe4905dbe8", "type":"STRING", "class":"0x7ffe490be858", "frozen":true, "fstring":true, "bytesize":44, "value":"specify at least one ractor or `yield_value`", "encoding":"UTF-8", "memsize":85, "flags":{"wb_protected":true}}
{"address":"0x7ffe4905dc10", "type":"STRING", "class":"0x7ffe490be858", "shared":true, "encoding":"UTF-8", "references":["0x7ffe4905dbe8"], "memsize":40, "flags":{"wb_protected":true}}
{"address":"0x7ffe4905dc38", "type":"STRING", "class":"0x7ffe490be858", "frozen":true, "embedded":true, "bytesize":17, "value":"yield_unspecified", "encoding":"US-ASCII", "memsize":40, "flags":{"wb_protected":true}}
{"address":"0x7ffe4905dc60", "type":"STRING", "class":"0x7ffe490be858", "frozen":true, "embedded":true, "fstring":true, "bytesize":17, "value":"yield_unspecified", "encoding":"US-ASCII", "memsize":40, "flags":{"wb_protected":true}}
{"address":"0x7ffe4905dc88", "type":"STRING", "class":"0x7ffe490be858", "embedded":true, "bytesize":17, "value":"yield_unspecified", "encoding":"US-ASCII", "memsize":40, "flags":{"wb_protected":true}}
{"address":"0x7ffe4905dcb0", "type":"STRING", "class":"0x7ffe490be858", "frozen":true, "embedded":true, "bytesize":7, "value":"ractors", "encoding":"US-ASCII", "memsize":40, "flags":{"wb_protected":true}}
{"address":"0x7ffe4905dcd8", "type":"STRING", "class":"0x7ffe490be858", "frozen":true, "embedded":true, "fstring":true, "bytesize":7, "value":"ractors", "encoding":"US-ASCII", "memsize":40, "flags":{"wb_protected":true}}
{"address":"0x7ffe4905dd00", "type":"STRING", "class":"0x7ffe490be858", "embedded":true, "bytesize":7, "value":"ractors", "encoding":"US-ASCII", "memsize":40, "flags":{"wb_protected":true}}
{"address":"0x7ffe4905dd28", "type":"STRING", "class":"0x7ffe490be858", "frozen":true, "embedded":true, "bytesize":4, "value":"move", "encoding":"US-ASCII", "memsize":40, "flags":{"wb_protected":true}}
{"address":"0x7ffe4905dd50", "type":"STRING", "class":"0x7ffe490be858", "frozen":true, "embedded":true, "fstring":true, "bytesize":4, "value":"move", "encoding":"US-ASCII", "memsize":40, "flags":{"wb_protected":true}}
{"address":"0x7ffe4905dd78", "type":"STRING", "class":"0x7ffe490be858", "embedded":true, "bytesize":4, "value":"move", "encoding":"US-ASCII", "memsize":40, "flags":{"wb_protected":true}}
{"address":"0x7ffe4905dda0", "type":"STRING", "class":"0x7ffe490be858", "frozen":true, "embedded":true, "bytesize":11, "value":"yield_value", "encoding":"US-ASCII", "memsize":40, "flags":{"wb_protected":true}}
{"address":"0x7ffe4905ddc8", "type":"STRING", "class":"0x7ffe490be858", "frozen":true, "embedded":true, "fstring":true, "bytesize":11, "value":"yield_value", "encoding":"US-ASCII", "memsize":40, "flags":{"wb_protected":true}}
{"address":"0x7ffe4905ddf0", "type":"STRING", "class":"0x7ffe490be858", "embedded":true, "bytesize":11, "value":"yield_value", "encoding":"US-ASCII", "memsize":40, "flags":{"wb_protected":true}}
{"address":"0x7ffe4905de18", "type":"STRING", "class":"0x7ffe490be858", "embedded":true, "bytesize":6, "value":"empty?", "encoding":"US-ASCII", "memsize":40, "flags":{"wb_protected":true}}
{"address":"0x7ffe4905de40", "type":"IMEMO", "imemo_type":"iseq", "references":["0x7ffe4905dbe8", "0x7ffe490bf618", "0x7ffe490bf618", "0x7ffe4905db98"], "memsize":868, "flags":{"wb_protected":true}}
{"address":"0x7ffe4905de68", "type":"STRING", "class":"0x7ffe490be858", "embedded":true, "bytesize":6, "value":"select", "encoding":"US-ASCII", "memsize":40, "flags":{"wb_protected":true}}
{"address":"0x7ffe4905de90", "type":"ARRAY", "class":"0x7ffe490a67f8", "frozen":true, "length":2, "embedded":true, "references":["0x7ffe4905dff8"], "memsize":40, "flags":{"wb_protected":true}}
{"address":"0x7ffe4905deb8", "type":"ARRAY", "class":"0x7ffe490a67f8", "frozen":true, "length":2, "embedded":true, "references":["0x7ffe4905dff8"], "memsize":40, "flags":{"wb_protected":true}}
{"address":"0x7ffe4905dee0", "type":"IMEMO", "imemo_type":"iseq", "references":["0x7ffe490bf780", "0x7ffe490bf780", "0x7ffe4905de90"], "memsize":392, "flags":{"wb_protected":true}}
{"address":"0x7ffe4905df08", "type":"STRING", "class":"0x7ffe490be858", "embedded":true, "bytesize":5, "value":"count", "encoding":"US-ASCII", "memsize":40, "flags":{"wb_protected":true}}
{"address":"0x7ffe4905df30", "type":"ARRAY", "class":"0x7ffe490a67f8", "frozen":true, "length":2, "embedded":true, "references":["0x7ffe4905dff8"], "memsize":40, "flags":{"wb_protected":true}}
{"address":"0x7ffe4905df58", "type":"ARRAY", "class":"0x7ffe490a67f8", "frozen":true, "length":2, "embedded":true, "references":["0x7ffe4905dff8"], "memsize":40, "flags":{"wb_protected":true}}
{"address":"0x7ffe4905df80", "type":"IMEMO", "imemo_type":"iseq", "references":["0x7ffe49077390", "0x7ffe49077390", "0x7ffe4905df30"], "memsize":392, "flags":{"wb_protected":true}}
{"address":"0x7ffe4905dfa8", "type":"STRING", "class":"0x7ffe490be858", "embedded":true, "bytesize":7, "value":"current", "encoding":"US-ASCII", "memsize":40, "flags":{"wb_protected":true}}
{"address":"0x7ffe4905dfd0", "type":"ARRAY", "class":"0x7ffe490a67f8", "frozen":true, "length":2, "embedded":true, "references":["0x7ffe4905dff8"], "memsize":40, "flags":{"wb_protected":true}}
{"address":"0x7ffe4905dff8", "type":"STRING", "class":"0x7ffe490be858", "frozen":true, "embedded":true, "fstring":true, "bytesize":17, "value":"<internal:ractor>", "encoding":"US-ASCII", "memsize":40, "flags":{"wb_protected":true}}
{"address":"0x7ffe4905e020", "type":"STRING", "class":"0x7ffe490be858", "embedded":true, "bytesize":17, "value":"<internal:ractor>", "encoding":"US-ASCII", "memsize":40, "flags":{"wb_protected":true}}
{"address":"0x7ffe4905e048", "type":"ARRAY", "class":"0x7ffe490a67f8", "frozen":true, "length":2, "embedded":true, "references":["0x7ffe4905dff8"], "memsize":40, "flags":{"wb_protected":true}}
{"address":"0x7ffe4905e070", "type":"STRING", "class":"0x7ffe490be858", "frozen":true, "embedded":true, "fstring":true, "bytesize":1, "value":":", "encoding":"UTF-8", "memsize":40, "flags":{"wb_protected":true}}
{"address":"0x7ffe4905e098", "type":"STRING", "class":"0x7ffe490be858", "embedded":true, "bytesize":1, "value":":", "encoding":"UTF-8", "memsize":40, "flags":{"wb_protected":true}}
{"address":"0x7ffe4905e0c0", "type":"STRING", "class":"0x7ffe490be858", "frozen":true, "fstring":true, "bytesize":27, "value":"must be called with a block", "encoding":"UTF-8", "memsize":68, "flags":{"wb_protected":true}}
{"address":"0x7ffe4905e0e8", "type":"STRING", "class":"0x7ffe490be858", "shared":true, "encoding":"UTF-8", "references":["0x7ffe4905e0c0"], "memsize":40, "flags":{"wb_protected":true}}
{"address":"0x7ffe4905e110", "type":"STRING", "class":"0x7ffe490be858", "embedded":true, "bytesize":13, "value":"ArgumentError", "encoding":"US-ASCII", "memsize":40, "flags":{"wb_protected":true}}
{"address":"0x7ffe4905e138", "type":"STRING", "class":"0x7ffe490be858", "frozen":true, "embedded":true, "bytesize":3, "value":"loc", "encoding":"US-ASCII", "memsize":40, "flags":{"wb_protected":true}}
{"address":"0x7ffe4905e160", "type":"STRING", "class":"0x7ffe490be858", "frozen":true, "embedded":true, "fstring":true, "bytesize":3, "value":"loc", "encoding":"US-ASCII", "memsize":40, "flags":{"wb_protected":true}}
{"address":"0x7ffe4905e188", "type":"STRING", "class":"0x7ffe490be858", "embedded":true, "bytesize":3, "value":"loc", "encoding":"US-ASCII", "memsize":40, "flags":{"wb_protected":true}}
{"address":"0x7ffe4905e1b0", "type":"STRING", "class":"0x7ffe490be858", "embedded":true, "bytesize":1, "value":"b", "encoding":"US-ASCII", "memsize":40, "flags":{"wb_protected":true}}
{"address":"0x7ffe4905e1d8", "type":"STRING", "class":"0x7ffe490be858", "embedded":true, "bytesize":5, "value":"block", "encoding":"US-ASCII", "memsize":40, "flags":{"wb_protected":true}}
{"address":"0x7ffe4905e200", "type":"STRING", "class":"0x7ffe490be858", "embedded":true, "bytesize":4, "value":"args", "encoding":"US-ASCII", "memsize":40, "flags":{"wb_protected":true}}
{"address":"0x7ffe4905e228", "type":"STRING", "class":"0x7ffe490be858", "embedded":true, "bytesize":4, "value":"name", "encoding":"US-ASCII", "memsize":40, "flags":{"wb_protected":true}}
{"address":"0x7ffe4905e250", "type":"STRING", "class":"0x7ffe490be858", "embedded":true, "bytesize":6, "value":"lineno", "encoding":"US-ASCII", "memsize":40, "flags":{"wb_protected":true}}
{"address":"0x7ffe4905e278", "type":"STRING", "class":"0x7ffe490be858", "embedded":true, "bytesize":4, "value":"to_s", "encoding":"US-ASCII", "memsize":40, "flags":{"wb_protected":true}}
{"address":"0x7ffe4905e2a0", "type":"STRING", "class":"0x7ffe490be858", "embedded":true, "bytesize":4, "value":"path", "encoding":"US-ASCII", "memsize":40, "flags":{"wb_protected":true}}
{"address":"0x7ffe4905e2c8", "type":"STRING", "class":"0x7ffe490be858", "embedded":true, "bytesize":5, "value":"first", "encoding":"US-ASCII", "memsize":40, "flags":{"wb_protected":true}}
{"address":"0x7ffe4905e2f0", "type":"STRING", "class":"0x7ffe490be858", "embedded":true, "bytesize":16, "value":"caller_locations", "encoding":"US-ASCII", "memsize":40, "flags":{"wb_protected":true}}
{"address":"0x7ffe4905e318", "type":"STRING", "class":"0x7ffe490be858", "embedded":true, "bytesize":5, "value":"raise", "encoding":"US-ASCII", "memsize":40, "flags":{"wb_protected":true}}
{"address":"0x7ffe4905e340", "type":"IMEMO", "imemo_type":"iseq", "references":["0x7ffe4905e0c0", "0x7ffe4905e070", "0x7ffe490c54c8", "0x7ffe490c54c8", "0x7ffe4905dfd0"], "memsize":1308, "flags":{"wb_protected":true}}
{"address":"0x7ffe4905e368", "type":"STRING", "class":"0x7ffe490be858", "embedded":true, "bytesize":3, "value":"new", "encoding":"US-ASCII", "memsize":40, "flags":{"wb_protected":true}}
{"address":"0x7ffe4905e390", "type":"STRING", "class":"0x7ffe490be858", "embedded":true, "bytesize":21, "value":"core#set_method_alias", "encoding":"US-ASCII", "memsize":40, "flags":{"wb_protected":true}}
{"address":"0x7ffe4905e3b8", "type":"STRING", "class":"0x7ffe490be858", "embedded":true, "bytesize":7, "value":"private", "encoding":"US-ASCII", "memsize":40, "flags":{"wb_protected":true}}
{"address":"0x7ffe4905e3e0", "type":"IMEMO", "imemo_type":"iseq", "references":["0x7ffe4905e340", "0x7ffe4905df80", "0x7ffe4905dee0", "0x7ffe4905de40", "0x7ffe4905daf8", "0x7ffe4905da08", "0x7ffe4905d8c8", "0x7ffe4905d7d8", "0x7ffe4905d760", "0x7ffe4905d6c0", "0x7ffe4905d580", "0x7ffe4905d4e0", "0x7ffe4905d440", "0x7ffe4905d1c0", "0x7ffe4905d120", "0x7ffe4905cf40", "0x7ffe4905ce50", "0x7ffe4905cd60", "0x7ffe4905ccc0", "0x7ffe4905cba8", "0x7ffe4905ca90", "0x7ffe4905c978", "0x7ffe4905c888", "0x7ffe4905c888", "0x7ffe4905c8d8", "0x7ffe4905e430", "0x7ffe4905c630", "0x7ffe4905c6a8", "0x7ffe4905c630", "0x7ffe4905c6a8", "0x7ffe4905c6a8"], "memsize":1996, "flags":{"wb_protected":true}}
{"address":"0x7ffe4905e408", "type":"STRING", "class":"0x7ffe490be858", "embedded":true, "bytesize":6, "value":"Ractor", "encoding":"US-ASCII", "memsize":40, "flags":{"wb_protected":true}}
{"address":"0x7ffe4905e430", "type":"IMEMO", "imemo_type":"iseq", "references":["0x7ffe4905e3e0", "0x7ffe4905dff8", "0x7ffe4905dff8", "0x7ffe4905c838"], "memsize":424, "flags":{"wb_protected":true}}
{"address":"0x7ffe4905e458", "type":"DATA", "struct":"pinned_list", "references":["0x7ffe4905c860", "0x7ffe4905dff8", "0x7ffe4905c900", "0x7ffe4905c888", "0x7ffe4905e048", "0x7ffe490c54c8", "0x7ffe4905e0c0", "0x7ffe4905e070", "0x7ffe4905df58", "0x7ffe49077390", "0x7ffe4905deb8", "0x7ffe490bf780", "0x7ffe4905dbc0", "0x7ffe490bf618", "0x7ffe4905dbe8", "0x7ffe4905dad0", "0x7ffe4905db48", "0x7ffe4905d968", "0x7ffe4905d8f0", "0x7ffe4905d8a0", "0x7ffe4905d7b0", "0x7ffe4905d828", "0x7ffe4905d738", "0x7ffe4905d620", "0x7ffe490c7368", "0x7ffe4905d558", "0x7ffe49087920", "0x7ffe4905d4b8", "0x7ffe490bec40", "0x7ffe4905d210", "0x7ffe490c7638", "0x7ffe4905d328", "0x7ffe4905d2d8", "0x7ffe4905d288", "0x7ffe4905d238", "0x7ffe4905d198", "0x7ffe490c6e68", "0x7ffe4905d058", "0x7ffe4905cfe0", "0x7ffe4905cf18", "0x7ffe4905cf90", "0x7ffe4905ce28", "0x7ffe4905cea0", "0x7ffe4905cd38", "0x7ffe4905cdb0", "0x7ffe4905cc20", "0x7ffe4907e550", "0x7ffe4905cb08", "0x7ffe490c77c8", "0x7ffe4905c9f0", "0x7ffe490c77a0", "0x7ffe4905c950", "0x7ffe490773e0", "0x7ffe4907ee60", "0x7ffe4905da58", "0x7ffe4905d9b8", "0x7ffe490c7930", "0x7ffe490c7110", "0x7ffe4907eca8", "0x7ffe490b5758", "0x7ffe490c6b70", "0x7ffe490b7760", "0x7ffe490b6ef0", "0x7ffe49075860", "0x7ffe490bc738", "0x7ffe4905e160", "0x7ffe490b65b8", "0x7ffe49077c00", "0x7ffe490bf208", "0x7ffe490b7300", "0x7ffe490974d8", "0x7ffe4905ddc8", "0x7ffe4905dd50", "0x7ffe4905dcd8", "0x7ffe4905dc60", "0x7ffe490c6c60", "0x7ffe4905d670", "0x7ffe4905d3c8", "0x7ffe490b7a58", "0x7ffe490c7d68", "0x7ffe4905d0a8", "0x7ffe490c5158", "0x7ffe4905cc70", "0x7ffe4905cb58", "0x7ffe4905ca40"], "memsize":1168, "flags":{"wb_protected":true}}
{"address":"0x7ffe4905e480", "type":"DATA", "struct":"pinned_list", "references":["0x7ffe4905e430", "0x7ffe4905e3e0", "0x7ffe4905e340", "0x7ffe4905df80", "0x7ffe4905dee0", "0x7ffe4905de40", "0x7ffe4905daf8", "0x7ffe4905da08", "0x7ffe4905d8c8", "0x7ffe4905d7d8", "0x7ffe4905d760", "0x7ffe4905d6c0", "0x7ffe4905d580", "0x7ffe4905d4e0", "0x7ffe4905d440", "0x7ffe4905d1c0", "0x7ffe4905d120", "0x7ffe4905cf40", "0x7ffe4905ce50", "0x7ffe4905cd60", "0x7ffe4905ccc0", "0x7ffe4905cba8", "0x7ffe4905ca90", "0x7ffe4905c978"], "memsize":248, "flags":{"wb_protected":true}}
{"address":"0x7ffe4905e4a8", "type":"DATA", "struct":"ibf_loader", "references":["0x7ffe4905e480", "0x7ffe4905e458"], "memsize":120, "flags":{"wb_protected":true}}
{"address":"0x7ffe4905e4d0", "type":"IMEMO", "class":"0x7ffe49085328", "imemo_type":"ment", "references":["0x7ffe4905e930", "0x7ffe4905e548"], "memsize":48, "flags":{"wb_protected":true}}
{"address":"0x7ffe4905e4f8", "type":"IMEMO", "class":"0x7ffe49085328", "imemo_type":"callcache", "references":["0x7ffe490b5708"], "memsize":40, "flags":{"wb_protected":true}}
{"address":"0x7ffe4905e520", "type":"IMEMO", "imemo_type":"ment", "references":["0x7ffe490853a0", "0x7ffe4905e930", "0x7ffe4905e548"], "memsize":48, "flags":{"wb_protected":true}}
{"address":"0x7ffe4905e548", "type":"IMEMO", "class":"0x8", "imemo_type":"cref", "references":["0x7ffe490853a0", "0x7ffe4905e7c8"], "memsize":40, "flags":{"wb_protected":true}}
{"address":"0x7ffe4905e570", "type":"IMEMO", "class":"0x7ffe49084d38", "imemo_type":"ment", "references":["0x7ffe4905ec50", "0x7ffe4905e7a0"], "memsize":48, "flags":{"wb_protected":true}}
{"address":"0x7ffe4905e598", "type":"IMEMO", "class":"0x7ffe49084d38", "imemo_type":"ment", "references":["0x7ffe4905ed40", "0x7ffe4905e7a0"], "memsize":48, "flags":{"wb_protected":true}}
{"address":"0x7ffe4905e5c0", "type":"IMEMO", "class":"0x7ffe49084d38", "imemo_type":"ment", "references":["0x7ffe4905ede0", "0x7ffe4905e7a0"], "memsize":48, "flags":{"wb_protected":true}}
{"address":"0x7ffe4905e5e8", "type":"IMEMO", "class":"0x7ffe49084d38", "imemo_type":"ment", "references":["0x7ffe4905eed0", "0x7ffe4905e7a0"], "memsize":48, "flags":{"wb_protected":true}}
{"address":"0x7ffe4905e610", "type":"IMEMO", "class":"0x7ffe49084d38", "imemo_type":"ment", "references":["0x7ffe4905f038", "0x7ffe4905e7a0"], "memsize":48, "flags":{"wb_protected":true}}
{"address":"0x7ffe4905e638", "type":"IMEMO", "class":"0x7ffe49084d38", "imemo_type":"ment", "references":["0x7ffe4905f0d8", "0x7ffe4905e7a0"], "memsize":48, "flags":{"wb_protected":true}}
{"address":"0x7ffe4905e660", "type":"IMEMO", "class":"0x7ffe49084d38", "imemo_type":"ment", "references":["0x7ffe4905f178", "0x7ffe4905e7a0"], "memsize":48, "flags":{"wb_protected":true}}
{"address":"0x7ffe4905e688", "type":"IMEMO", "class":"0x7ffe49084d38", "imemo_type":"ment", "references":["0x7ffe4905f268", "0x7ffe4905e7a0"], "memsize":48, "flags":{"wb_protected":true}}
{"address":"0x7ffe4905e6b0", "type":"IMEMO", "class":"0x7ffe49084d38", "imemo_type":"ment", "references":["0x7ffe4905f358", "0x7ffe4905e7a0"], "memsize":48, "flags":{"wb_protected":true}}
{"address":"0x7ffe4905e6d8", "type":"IMEMO", "class":"0x7ffe49084d38", "imemo_type":"ment", "references":["0x7ffe4905f3f8", "0x7ffe4905e7a0"], "memsize":48, "flags":{"wb_protected":true}}
{"address":"0x7ffe4905e700", "type":"IMEMO", "class":"0x7ffe49084d38", "imemo_type":"ment", "references":["0x7ffe4905f510", "0x7ffe4905e7a0"], "memsize":48, "flags":{"wb_protected":true}}
{"address":"0x7ffe4905e728", "type":"IMEMO", "class":"0x7ffe49084d38", "imemo_type":"ment", "references":["0x7ffe4905f600", "0x7ffe4905e7a0"], "memsize":48, "flags":{"wb_protected":true}}
{"address":"0x7ffe4905e750", "type":"IMEMO", "imemo_type":"ment", "references":["0x7ffe49085828", "0x7ffe4905f6f0", "0x7ffe4905e7a0"], "memsize":48, "flags":{"wb_protected":true}}
{"address":"0x7ffe4905e778", "type":"IMEMO", "class":"0x7ffe49084d38", "imemo_type":"ment", "references":["0x7ffe4905f998", "0x7ffe4905e7a0"], "memsize":48, "flags":{"wb_protected":true}}
{"address":"0x7ffe4905e7a0", "type":"IMEMO", "class":"0x8", "imemo_type":"cref", "references":["0x7ffe49085828", "0x7ffe4905e7c8"], "memsize":40, "flags":{"wb_protected":true}}
{"address":"0x7ffe4905e7c8", "type":"IMEMO", "class":"0x8", "imemo_type":"cref", "references":["0x7ffe490c68a0"], "memsize":40, "flags":{"wb_protected":true}}
{"address":"0x7ffe4905e7f0", "type":"ARRAY", "class":"0x7ffe490a67f8", "frozen":true, "length":2, "embedded":true, "references":["0x7ffe4905f7b8"], "memsize":40, "flags":{"wb_protected":true}}
{"address":"0x7ffe4905e818", "type":"ARRAY", "class":"0x7ffe490a67f8", "frozen":true, "length":2, "embedded":true, "references":["0x7ffe4905f7b8"], "memsize":40, "flags":{"wb_protected":true}}
{"address":"0x7ffe4905e840", "type":"STRING", "class":"0x7ffe490be858", "frozen":true, "embedded":true, "fstring":true, "bytesize":20, "value":"<module:ObjectSpace>", "memsize":40, "flags":{"wb_protected":true}}
{"address":"0x7ffe4905e868", "type":"STRING", "class":"0x7ffe490be858", "embedded":true, "bytesize":20, "value":"<module:ObjectSpace>", "memsize":40, "flags":{"wb_protected":true}}
{"address":"0x7ffe4905e890", "type":"ARRAY", "class":"0x7ffe490a67f8", "frozen":true, "length":2, "embedded":true, "references":["0x7ffe4905f7b8"], "memsize":40, "flags":{"wb_protected":true}}
{"address":"0x7ffe4905e8b8", "type":"ARRAY", "class":"0x7ffe490a67f8", "frozen":true, "length":2, "embedded":true, "references":["0x7ffe4905f7b8"], "memsize":40, "flags":{"wb_protected":true}}
{"address":"0x7ffe4905e8e0", "type":"ARRAY", "class":"0x7ffe490a67f8", "frozen":true, "length":2, "embedded":true, "references":["0x7ffe4905f7b8"], "memsize":40, "flags":{"wb_protected":true}}
{"address":"0x7ffe4905e908", "type":"ARRAY", "class":"0x7ffe490a67f8", "frozen":true, "length":2, "embedded":true, "references":["0x7ffe4905f7b8"], "memsize":40, "flags":{"wb_protected":true}}
{"address":"0x7ffe4905e930", "type":"IMEMO", "imemo_type":"iseq", "references":["0x7ffe4905f740", "0x7ffe4905f740", "0x7ffe4905e8e0"], "memsize":548, "flags":{"wb_protected":true}}
{"address":"0x7ffe4905e958", "type":"STRING", "class":"0x7ffe490be858", "embedded":true, "bytesize":15, "value":"module_function", "encoding":"US-ASCII", "memsize":40, "flags":{"wb_protected":true}}
{"address":"0x7ffe4905e980", "type":"IMEMO", "imemo_type":"iseq", "references":["0x7ffe4905e930", "0x7ffe4905e840", "0x7ffe4905e840", "0x7ffe4905e890", "0x7ffe4905fa38", "0x7ffe4905e4f8"], "memsize":472, "flags":{"wb_protected":true}}
{"address":"0x7ffe4905e9a8", "type":"STRING", "class":"0x7ffe490be858", "embedded":true, "bytesize":11, "value":"ObjectSpace", "encoding":"US-ASCII", "memsize":40, "flags":{"wb_protected":true}}
{"address":"0x7ffe4905e9d0", "type":"STRING", "class":"0x7ffe490be858", "frozen":true, "embedded":true, "fstring":true, "bytesize":11, "value":"<module:GC>", "memsize":40, "flags":{"wb_protected":true}}
{"address":"0x7ffe4905e9f8", "type":"STRING", "class":"0x7ffe490be858", "embedded":true, "bytesize":11, "value":"<module:GC>", "memsize":40, "flags":{"wb_protected":true}}
{"address":"0x7ffe4905ea20", "type":"ARRAY", "class":"0x7ffe490a67f8", "frozen":true, "length":2, "embedded":true, "references":["0x7ffe4905f7b8"], "memsize":40, "flags":{"wb_protected":true}}
{"address":"0x7ffe4905ea48", "type":"ARRAY", "class":"0x7ffe490a67f8", "frozen":true, "length":2, "embedded":true, "references":["0x7ffe4905f7b8"], "memsize":40, "flags":{"wb_protected":true}}
{"address":"0x7ffe4905ea70", "type":"ARRAY", "class":"0x7ffe490a67f8", "frozen":true, "length":2, "embedded":true, "references":["0x7ffe4905f7b8"], "memsize":40, "flags":{"wb_protected":true}}
{"address":"0x7ffe4905ea98", "type":"ARRAY", "class":"0x7ffe490a67f8", "frozen":true, "length":2, "embedded":true, "references":["0x7ffe4905f7b8"], "memsize":40, "flags":{"wb_protected":true}}
{"address":"0x7ffe4905eac0", "type":"STRING", "class":"0x7ffe490be858", "frozen":true, "embedded":true, "bytesize":5, "value":"empty", "encoding":"US-ASCII", "memsize":40, "flags":{"wb_protected":true}}
{"address":"0x7ffe4905eae8", "type":"STRING", "class":"0x7ffe490be858", "frozen":true, "embedded":true, "fstring":true, "bytesize":5, "value":"empty", "encoding":"US-ASCII", "memsize":40, "flags":{"wb_protected":true}}
{"address":"0x7ffe4905eb10", "type":"STRING", "class":"0x7ffe490be858", "embedded":true, "bytesize":5, "value":"empty", "encoding":"US-ASCII", "memsize":40, "flags":{"wb_protected":true}}
{"address":"0x7ffe4905eb38", "type":"STRING", "class":"0x7ffe490be858", "frozen":true, "embedded":true, "bytesize":11, "value":"double_heap", "encoding":"US-ASCII", "memsize":40, "flags":{"wb_protected":true}}
{"address":"0x7ffe4905eb60", "type":"STRING", "class":"0x7ffe490be858", "frozen":true, "embedded":true, "fstring":true, "bytesize":11, "value":"double_heap", "encoding":"US-ASCII", "memsize":40, "flags":{"wb_protected":true}}
{"address":"0x7ffe4905eb88", "type":"STRING", "class":"0x7ffe490be858", "embedded":true, "bytesize":11, "value":"double_heap", "encoding":"US-ASCII", "memsize":40, "flags":{"wb_protected":true}}
{"address":"0x7ffe4905ebb0", "type":"STRING", "class":"0x7ffe490be858", "frozen":true, "embedded":true, "bytesize":6, "value":"toward", "encoding":"US-ASCII", "memsize":40, "flags":{"wb_protected":true}}
{"address":"0x7ffe4905ebd8", "type":"STRING", "class":"0x7ffe490be858", "frozen":true, "embedded":true, "fstring":true, "bytesize":6, "value":"toward", "encoding":"US-ASCII", "memsize":40, "flags":{"wb_protected":true}}
{"address":"0x7ffe4905ec00", "type":"STRING", "class":"0x7ffe490be858", "embedded":true, "bytesize":6, "value":"toward", "encoding":"US-ASCII", "memsize":40, "flags":{"wb_protected":true}}
{"address":"0x7ffe4905ec28", "type":"STRING", "class":"0x7ffe490be858", "embedded":true, "bytesize":2, "value":"==", "encoding":"US-ASCII", "memsize":40, "flags":{"wb_protected":true}}
{"address":"0x7ffe4905ec50", "type":"IMEMO", "imemo_type":"iseq", "references":["0x7ffe4905eca0", "0x7ffe4905eca0", "0x7ffe4905ea70"], "memsize":548, "flags":{"wb_protected":true}}
{"address":"0x7ffe4905ec78", "type":"STRING", "class":"0x7ffe490be858", "frozen":true, "shared":true, "encoding":"US-ASCII", "references":["0x7ffe4905eca0"], "memsize":40, "flags":{"wb_protected":true}}
{"address":"0x7ffe4905eca0", "type":"STRING", "class":"0x7ffe490be858", "frozen":true, "fstring":true, "bytesize":28, "value":"verify_compaction_references", "encoding":"US-ASCII", "memsize":69, "flags":{"wb_protected":true}}
{"address":"0x7ffe4905ecc8", "type":"STRING", "class":"0x7ffe490be858", "shared":true, "encoding":"US-ASCII", "references":["0x7ffe4905eca0"], "memsize":40, "flags":{"wb_protected":true}}
{"address":"0x7ffe4905ecf0", "type":"ARRAY", "class":"0x7ffe490a67f8", "frozen":true, "length":2, "embedded":true, "references":["0x7ffe4905f7b8"], "memsize":40, "flags":{"wb_protected":true}}
{"address":"0x7ffe4905ed18", "type":"ARRAY", "class":"0x7ffe490a67f8", "frozen":true, "length":2, "embedded":true, "references":["0x7ffe4905f7b8"], "memsize":40, "flags":{"wb_protected":true}}
{"address":"0x7ffe4905ed40", "type":"IMEMO", "imemo_type":"iseq", "references":["0x7ffe490a55b0", "0x7ffe490a55b0", "0x7ffe4905ecf0"], "memsize":392, "flags":{"wb_protected":true}}
{"address":"0x7ffe4905ed68", "type":"STRING", "class":"0x7ffe490be858", "embedded":true, "bytesize":7, "value":"compact", "encoding":"US-ASCII", "memsize":40, "flags":{"wb_protected":true}}
{"address":"0x7ffe4905ed90", "type":"ARRAY", "class":"0x7ffe490a67f8", "frozen":true, "length":2, "embedded":true, "references":["0x7ffe4905f7b8"], "memsize":40, "flags":{"wb_protected":true}}
{"address":"0x7ffe4905edb8", "type":"ARRAY", "class":"0x7ffe490a67f8", "frozen":true, "length":2, "embedded":true, "references":["0x7ffe4905f7b8"], "memsize":40, "flags":{"wb_protected":true}}
{"address":"0x7ffe4905ede0", "type":"IMEMO", "imemo_type":"iseq", "references":["0x7ffe4905ee30", "0x7ffe4905ee30", "0x7ffe4905ed90"], "memsize":392, "flags":{"wb_protected":true}}
{"address":"0x7ffe4905ee08", "type":"STRING", "class":"0x7ffe490be858", "frozen":true, "embedded":true, "bytesize":19, "value":"latest_compact_info", "encoding":"US-ASCII", "memsize":40, "flags":{"wb_protected":true}}
{"address":"0x7ffe4905ee30", "type":"STRING", "class":"0x7ffe490be858", "frozen":true, "embedded":true, "fstring":true, "bytesize":19, "value":"latest_compact_info", "encoding":"US-ASCII", "memsize":40, "flags":{"wb_protected":true}}
{"address":"0x7ffe4905ee58", "type":"STRING", "class":"0x7ffe490be858", "embedded":true, "bytesize":19, "value":"latest_compact_info", "encoding":"US-ASCII", "memsize":40, "flags":{"wb_protected":true}}
{"address":"0x7ffe4905ee80", "type":"ARRAY", "class":"0x7ffe490a67f8", "frozen":true, "length":2, "embedded":true, "references":["0x7ffe4905f7b8"], "memsize":40, "flags":{"wb_protected":true}}
{"address":"0x7ffe4905eea8", "type":"ARRAY", "class":"0x7ffe490a67f8", "frozen":true, "length":2, "embedded":true, "references":["0x7ffe4905f7b8"], "memsize":40, "flags":{"wb_protected":true}}
{"address":"0x7ffe4905eed0", "type":"IMEMO", "imemo_type":"iseq", "references":["0x7ffe4905ef20", "0x7ffe4905ef20", "0x7ffe4905ee80"], "memsize":444, "flags":{"wb_protected":true}}
{"address":"0x7ffe4905eef8", "type":"STRING", "class":"0x7ffe490be858", "frozen":true, "embedded":true, "bytesize":14, "value":"latest_gc_info", "encoding":"US-ASCII", "memsize":40, "flags":{"wb_protected":true}}
{"address":"0x7ffe4905ef20", "type":"STRING", "class":"0x7ffe490be858", "frozen":true, "embedded":true, "fstring":true, "bytesize":14, "value":"latest_gc_info", "encoding":"US-ASCII", "memsize":40, "flags":{"wb_protected":true}}
{"address":"0x7ffe4905ef48", "type":"STRING", "class":"0x7ffe490be858", "embedded":true, "bytesize":14, "value":"latest_gc_info", "encoding":"US-ASCII", "memsize":40, "flags":{"wb_protected":true}}
{"address":"0x7ffe4905ef70", "type":"ARRAY", "class":"0x7ffe490a67f8", "frozen":true, "length":2, "embedded":true, "references":["0x7ffe4905f7b8"], "memsize":40, "flags":{"wb_protected":true}}
{"address":"0x7ffe4905ef98", "type":"ARRAY", "class":"0x7ffe490a67f8", "frozen":true, "length":2, "embedded":true, "references":["0x7ffe4905f7b8"], "memsize":40, "flags":{"wb_protected":true}}
{"address":"0x7ffe4905efc0", "type":"STRING", "class":"0x7ffe490be858", "frozen":true, "embedded":true, "bytesize":11, "value":"hash_or_key", "encoding":"US-ASCII", "memsize":40, "flags":{"wb_protected":true}}
{"address":"0x7ffe4905efe8", "type":"STRING", "class":"0x7ffe490be858", "frozen":true, "embedded":true, "fstring":true, "bytesize":11, "value":"hash_or_key", "encoding":"US-ASCII", "memsize":40, "flags":{"wb_protected":true}}
{"address":"0x7ffe4905f010", "type":"STRING", "class":"0x7ffe490be858", "embedded":true, "bytesize":11, "value":"hash_or_key", "encoding":"US-ASCII", "memsize":40, "flags":{"wb_protected":true}}
{"address":"0x7ffe4905f038", "type":"IMEMO", "imemo_type":"iseq", "references":["0x7ffe49094940", "0x7ffe49094940", "0x7ffe4905ef70"], "memsize":444, "flags":{"wb_protected":true}}
{"address":"0x7ffe4905f060", "type":"STRING", "class":"0x7ffe490be858", "embedded":true, "bytesize":4, "value":"stat", "encoding":"US-ASCII", "memsize":40, "flags":{"wb_protected":true}}
{"address":"0x7ffe4905f088", "type":"ARRAY", "class":"0x7ffe490a67f8", "frozen":true, "length":2, "embedded":true, "references":["0x7ffe4905f7b8"], "memsize":40, "flags":{"wb_protected":true}}
{"address":"0x7ffe4905f0b0", "type":"ARRAY", "class":"0x7ffe490a67f8", "frozen":true, "length":2, "embedded":true, "references":["0x7ffe4905f7b8"], "memsize":40, "flags":{"wb_protected":true}}
{"address":"0x7ffe4905f0d8", "type":"IMEMO", "imemo_type":"iseq", "references":["0x7ffe490bf780", "0x7ffe490bf780", "0x7ffe4905f088"], "memsize":392, "flags":{"wb_protected":true}}
{"address":"0x7ffe4905f100", "type":"STRING", "class":"0x7ffe490be858", "embedded":true, "bytesize":5, "value":"count", "encoding":"US-ASCII", "memsize":40, "flags":{"wb_protected":true}}
{"address":"0x7ffe4905f128", "type":"ARRAY", "class":"0x7ffe490a67f8", "frozen":true, "length":2, "embedded":true, "references":["0x7ffe4905f7b8"], "memsize":40, "flags":{"wb_protected":true}}
{"address":"0x7ffe4905f150", "type":"ARRAY", "class":"0x7ffe490a67f8", "frozen":true, "length":2, "embedded":true, "references":["0x7ffe4905f7b8"], "memsize":40, "flags":{"wb_protected":true}}
{"address":"0x7ffe4905f178", "type":"IMEMO", "imemo_type":"iseq", "references":["0x7ffe4905f1c8", "0x7ffe4905f1c8", "0x7ffe4905f128"], "memsize":400, "flags":{"wb_protected":true}}
{"address":"0x7ffe4905f1a0", "type":"STRING", "class":"0x7ffe490be858", "frozen":true, "embedded":true, "bytesize":7, "value":"stress=", "encoding":"US-ASCII", "memsize":40, "flags":{"wb_protected":true}}
{"address":"0x7ffe4905f1c8", "type":"STRING", "class":"0x7ffe490be858", "frozen":true, "embedded":true, "fstring":true, "bytesize":7, "value":"stress=", "encoding":"US-ASCII", "memsize":40, "flags":{"wb_protected":true}}
{"address":"0x7ffe4905f1f0", "type":"STRING", "class":"0x7ffe490be858", "embedded":true, "bytesize":7, "value":"stress=", "encoding":"US-ASCII", "memsize":40, "flags":{"wb_protected":true}}
{"address":"0x7ffe4905f218", "type":"ARRAY", "class":"0x7ffe490a67f8", "frozen":true, "length":2, "embedded":true, "references":["0x7ffe4905f7b8"], "memsize":40, "flags":{"wb_protected":true}}
{"address":"0x7ffe4905f240", "type":"ARRAY", "class":"0x7ffe490a67f8", "frozen":true, "length":2, "embedded":true, "references":["0x7ffe4905f7b8"], "memsize":40, "flags":{"wb_protected":true}}
{"address":"0x7ffe4905f268", "type":"IMEMO", "imemo_type":"iseq", "references":["0x7ffe4905f2b8", "0x7ffe4905f2b8", "0x7ffe4905f218"], "memsize":392, "flags":{"wb_protected":true}}
{"address":"0x7ffe4905f290", "type":"STRING", "class":"0x7ffe490be858", "frozen":true, "embedded":true, "bytesize":6, "value":"stress", "encoding":"US-ASCII", "memsize":40, "flags":{"wb_protected":true}}
{"address":"0x7ffe4905f2b8", "type":"STRING", "class":"0x7ffe490be858", "frozen":true, "embedded":true, "fstring":true, "bytesize":6, "value":"stress", "encoding":"US-ASCII", "memsize":40, "flags":{"wb_protected":true}}
{"address":"0x7ffe4905f2e0", "type":"STRING", "class":"0x7ffe490be858", "embedded":true, "bytesize":6, "value":"stress", "encoding":"US-ASCII", "memsize":40, "flags":{"wb_protected":true}}
{"address":"0x7ffe4905f308", "type":"ARRAY", "class":"0x7ffe490a67f8", "frozen":true, "length":2, "embedded":true, "references":["0x7ffe4905f7b8"], "memsize":40, "flags":{"wb_protected":true}}
{"address":"0x7ffe4905f330", "type":"ARRAY", "class":"0x7ffe490a67f8", "frozen":true, "length":2, "embedded":true, "references":["0x7ffe4905f7b8"], "memsize":40, "flags":{"wb_protected":true}}
{"address":"0x7ffe4905f358", "type":"IMEMO", "imemo_type":"iseq", "references":["0x7ffe49085508", "0x7ffe49085508", "0x7ffe4905f308"], "memsize":392, "flags":{"wb_protected":true}}
{"address":"0x7ffe4905f380", "type":"STRING", "class":"0x7ffe490be858", "embedded":true, "bytesize":7, "value":"disable", "encoding":"US-ASCII", "memsize":40, "flags":{"wb_protected":true}}
{"address":"0x7ffe4905f3a8", "type":"ARRAY", "class":"0x7ffe490a67f8", "frozen":true, "length":2, "embedded":true, "references":["0x7ffe4905f7b8"], "memsize":40, "flags":{"wb_protected":true}}
{"address":"0x7ffe4905f3d0", "type":"ARRAY", "class":"0x7ffe490a67f8", "frozen":true, "length":2, "embedded":true, "references":["0x7ffe4905f7b8"], "memsize":40, "flags":{"wb_protected":true}}
{"address":"0x7ffe4905f3f8", "type":"IMEMO", "imemo_type":"iseq", "references":["0x7ffe490855a8", "0x7ffe490855a8", "0x7ffe4905f3a8"], "memsize":392, "flags":{"wb_protected":true}}
{"address":"0x7ffe4905f420", "type":"STRING", "class":"0x7ffe490be858", "embedded":true, "bytesize":6, "value":"enable", "encoding":"US-ASCII", "memsize":40, "flags":{"wb_protected":true}}
{"address":"0x7ffe4905f448", "type":"ARRAY", "class":"0x7ffe490a67f8", "frozen":true, "length":2, "embedded":true, "references":["0x7ffe4905f7b8"], "memsize":40, "flags":{"wb_protected":true}}
{"address":"0x7ffe4905f470", "type":"ARRAY", "class":"0x7ffe490a67f8", "frozen":true, "length":2, "embedded":true, "references":["0x7ffe4905f7b8"], "memsize":40, "flags":{"wb_protected":true}}
{"address":"0x7ffe4905f498", "type":"STRING", "class":"0x7ffe490be858", "frozen":true, "embedded":true, "bytesize":4, "value":"flag", "encoding":"US-ASCII", "memsize":40, "flags":{"wb_protected":true}}
{"address":"0x7ffe4905f4c0", "type":"STRING", "class":"0x7ffe490be858", "frozen":true, "embedded":true, "fstring":true, "bytesize":4, "value":"flag", "encoding":"US-ASCII", "memsize":40, "flags":{"wb_protected":true}}
{"address":"0x7ffe4905f4e8", "type":"STRING", "class":"0x7ffe490be858", "embedded":true, "bytesize":4, "value":"flag", "encoding":"US-ASCII", "memsize":40, "flags":{"wb_protected":true}}
{"address":"0x7ffe4905f510", "type":"IMEMO", "imemo_type":"iseq", "references":["0x7ffe4905f560", "0x7ffe4905f560", "0x7ffe4905f448"], "memsize":400, "flags":{"wb_protected":true}}
{"address":"0x7ffe4905f538", "type":"STRING", "class":"0x7ffe490be858", "frozen":true, "embedded":true, "bytesize":13, "value":"auto_compact=", "encoding":"US-ASCII", "memsize":40, "flags":{"wb_protected":true}}
{"address":"0x7ffe4905f560", "type":"STRING", "class":"0x7ffe490be858", "frozen":true, "embedded":true, "fstring":true, "bytesize":13, "value":"auto_compact=", "encoding":"US-ASCII", "memsize":40, "flags":{"wb_protected":true}}
{"address":"0x7ffe4905f588", "type":"STRING", "class":"0x7ffe490be858", "embedded":true, "bytesize":13, "value":"auto_compact=", "encoding":"US-ASCII", "memsize":40, "flags":{"wb_protected":true}}
{"address":"0x7ffe4905f5b0", "type":"ARRAY", "class":"0x7ffe490a67f8", "frozen":true, "length":2, "embedded":true, "references":["0x7ffe4905f7b8"], "memsize":40, "flags":{"wb_protected":true}}
{"address":"0x7ffe4905f5d8", "type":"ARRAY", "class":"0x7ffe490a67f8", "frozen":true, "length":2, "embedded":true, "references":["0x7ffe4905f7b8"], "memsize":40, "flags":{"wb_protected":true}}
{"address":"0x7ffe4905f600", "type":"IMEMO", "imemo_type":"iseq", "references":["0x7ffe4905f650", "0x7ffe4905f650", "0x7ffe4905f5b0"], "memsize":392, "flags":{"wb_protected":true}}
{"address":"0x7ffe4905f628", "type":"STRING", "class":"0x7ffe490be858", "frozen":true, "embedded":true, "bytesize":12, "value":"auto_compact", "encoding":"US-ASCII", "memsize":40, "flags":{"wb_protected":true}}
{"address":"0x7ffe4905f650", "type":"STRING", "class":"0x7ffe490be858", "frozen":true, "embedded":true, "fstring":true, "bytesize":12, "value":"auto_compact", "encoding":"US-ASCII", "memsize":40, "flags":{"wb_protected":true}}
{"address":"0x7ffe4905f678", "type":"STRING", "class":"0x7ffe490be858", "embedded":true, "bytesize":12, "value":"auto_compact", "encoding":"US-ASCII", "memsize":40, "flags":{"wb_protected":true}}
{"address":"0x7ffe4905f6a0", "type":"ARRAY", "class":"0x7ffe490a67f8", "frozen":true, "length":2, "embedded":true, "references":["0x7ffe4905f7b8"], "memsize":40, "flags":{"wb_protected":true}}
{"address":"0x7ffe4905f6c8", "type":"ARRAY", "class":"0x7ffe490a67f8", "frozen":true, "length":2, "embedded":true, "references":["0x7ffe4905f7b8"], "memsize":40, "flags":{"wb_protected":true}}
{"address":"0x7ffe4905f6f0", "type":"IMEMO", "imemo_type":"iseq", "references":["0x7ffe4905f740", "0x7ffe4905f740", "0x7ffe4905f6a0"], "memsize":548, "flags":{"wb_protected":true}}
{"address":"0x7ffe4905f718", "type":"STRING", "class":"0x7ffe490be858", "frozen":true, "embedded":true, "bytesize":15, "value":"garbage_collect", "encoding":"US-ASCII", "memsize":40, "flags":{"wb_protected":true}}
{"address":"0x7ffe4905f740", "type":"STRING", "class":"0x7ffe490be858", "frozen":true, "embedded":true, "fstring":true, "bytesize":15, "value":"garbage_collect", "encoding":"US-ASCII", "memsize":40, "flags":{"wb_protected":true}}
{"address":"0x7ffe4905f768", "type":"STRING", "class":"0x7ffe490be858", "embedded":true, "bytesize":15, "value":"garbage_collect", "encoding":"US-ASCII", "memsize":40, "flags":{"wb_protected":true}}
{"address":"0x7ffe4905f790", "type":"ARRAY", "class":"0x7ffe490a67f8", "frozen":true, "length":2, "embedded":true, "references":["0x7ffe4905f7b8"], "memsize":40, "flags":{"wb_protected":true}}
{"address":"0x7ffe4905f7b8", "type":"STRING", "class":"0x7ffe490be858", "frozen":true, "embedded":true, "fstring":true, "bytesize":13, "value":"<internal:gc>", "encoding":"US-ASCII", "memsize":40, "flags":{"wb_protected":true}}
{"address":"0x7ffe4905f7e0", "type":"STRING", "class":"0x7ffe490be858", "embedded":true, "bytesize":13, "value":"<internal:gc>", "encoding":"US-ASCII", "memsize":40, "flags":{"wb_protected":true}}
{"address":"0x7ffe4905f808", "type":"ARRAY", "class":"0x7ffe490a67f8", "frozen":true, "length":2, "embedded":true, "references":["0x7ffe4905f7b8"], "memsize":40, "flags":{"wb_protected":true}}
{"address":"0x7ffe4905f830", "type":"STRING", "class":"0x7ffe490be858", "frozen":true, "embedded":true, "bytesize":15, "value":"immediate_sweep", "encoding":"US-ASCII", "memsize":40, "flags":{"wb_protected":true}}
{"address":"0x7ffe4905f858", "type":"STRING", "class":"0x7ffe490be858", "frozen":true, "embedded":true, "fstring":true, "bytesize":15, "value":"immediate_sweep", "encoding":"US-ASCII", "memsize":40, "flags":{"wb_protected":true}}
{"address":"0x7ffe4905f880", "type":"STRING", "class":"0x7ffe490be858", "embedded":true, "bytesize":15, "value":"immediate_sweep", "encoding":"US-ASCII", "memsize":40, "flags":{"wb_protected":true}}
{"address":"0x7ffe4905f8a8", "type":"STRING", "class":"0x7ffe490be858", "frozen":true, "embedded":true, "bytesize":14, "value":"immediate_mark", "encoding":"US-ASCII", "memsize":40, "flags":{"wb_protected":true}}
{"address":"0x7ffe4905f8d0", "type":"STRING", "class":"0x7ffe490be858", "frozen":true, "embedded":true, "fstring":true, "bytesize":14, "value":"immediate_mark", "encoding":"US-ASCII", "memsize":40, "flags":{"wb_protected":true}}
{"address":"0x7ffe4905f8f8", "type":"STRING", "class":"0x7ffe490be858", "embedded":true, "bytesize":14, "value":"immediate_mark", "encoding":"US-ASCII", "memsize":40, "flags":{"wb_protected":true}}
{"address":"0x7ffe4905f920", "type":"STRING", "class":"0x7ffe490be858", "frozen":true, "embedded":true, "bytesize":9, "value":"full_mark", "encoding":"US-ASCII", "memsize":40, "flags":{"wb_protected":true}}
{"address":"0x7ffe4905f948", "type":"STRING", "class":"0x7ffe490be858", "frozen":true, "embedded":true, "fstring":true, "bytesize":9, "value":"full_mark", "encoding":"US-ASCII", "memsize":40, "flags":{"wb_protected":true}}
{"address":"0x7ffe4905f970", "type":"STRING", "class":"0x7ffe490be858", "embedded":true, "bytesize":9, "value":"full_mark", "encoding":"US-ASCII", "memsize":40, "flags":{"wb_protected":true}}
{"address":"0x7ffe4905f998", "type":"IMEMO", "imemo_type":"iseq", "references":["0x7ffe49077480", "0x7ffe49077480", "0x7ffe4905f790"], "memsize":548, "flags":{"wb_protected":true}}
{"address":"0x7ffe4905f9c0", "type":"STRING", "class":"0x7ffe490be858", "embedded":true, "bytesize":5, "value":"start", "encoding":"US-ASCII", "memsize":40, "flags":{"wb_protected":true}}
{"address":"0x7ffe4905f9e8", "type":"IMEMO", "imemo_type":"iseq", "references":["0x7ffe4905f998", "0x7ffe4905f6f0", "0x7ffe4905f600", "0x7ffe4905f510", "0x7ffe4905f3f8", "0x7ffe4905f358", "0x7ffe4905f268", "0x7ffe4905f178", "0x7ffe4905f0d8", "0x7ffe4905f038", "0x7ffe4905eed0", "0x7ffe4905ede0", "0x7ffe4905ed40", "0x7ffe4905ec50", "0x7ffe4905e9d0", "0x7ffe4905e9d0", "0x7ffe4905ea20", "0x7ffe4905fa38"], "memsize":1136, "flags":{"wb_protected":true}}
{"address":"0x7ffe4905fa10", "type":"STRING", "class":"0x7ffe490be858", "embedded":true, "bytesize":2, "value":"GC", "encoding":"US-ASCII", "memsize":40, "flags":{"wb_protected":true}}
{"address":"0x7ffe4905fa38", "type":"IMEMO", "imemo_type":"iseq", "references":["0x7ffe4905f9e8", "0x7ffe4905e980", "0x7ffe4905f7b8", "0x7ffe4905f7b8", "0x7ffe4905e7f0"], "memsize":512, "flags":{"wb_protected":true}}
{"address":"0x7ffe4905fa60", "type":"DATA", "struct":"pinned_list", "references":["0x7ffe4905e818", "0x7ffe4905f7b8", "0x7ffe4905ea48", "0x7ffe4905e9d0", "0x7ffe4905e8b8", "0x7ffe4905e840", "0x7ffe4905f808", "0x7ffe49077480", "0x7ffe4905f6c8", "0x7ffe4905f740", "0x7ffe4905f5d8", "0x7ffe4905f650", "0x7ffe4905f470", "0x7ffe4905f560", "0x7ffe4905f3d0", "0x7ffe490855a8", "0x7ffe4905f330", "0x7ffe49085508", "0x7ffe4905f240", "0x7ffe4905f2b8", "0x7ffe4905f150", "0x7ffe4905f1c8", "0x7ffe4905f0b0", "0x7ffe490bf780", "0x7ffe4905ef98", "0x7ffe49094940", "0x7ffe4905eea8", "0x7ffe4905ef20", "0x7ffe4905edb8", "0x7ffe4905ee30", "0x7ffe4905ed18", "0x7ffe490a55b0", "0x7ffe4905ea98", "0x7ffe4905eca0", "0x7ffe4905e908", "0x7ffe49085850", "0x7ffe490853c8", "0x7ffe490b60e0", "0x7ffe4905f948", "0x7ffe4905f8d0", "0x7ffe4905f858", "0x7ffe4905f4c0", "0x7ffe4905efe8", "0x7ffe4905eae8", "0x7ffe4905ebd8", "0x7ffe4905eb60", "0x7ffe490c7890"], "memsize":664, "flags":{"wb_protected":true}}
{"address":"0x7ffe4905fa88", "type":"DATA", "struct":"pinned_list", "references":["0x7ffe4905fa38", "0x7ffe4905f9e8", "0x7ffe4905e980", "0x7ffe4905f998", "0x7ffe4905f6f0", "0x7ffe4905f600", "0x7ffe4905f510", "0x7ffe4905f3f8", "0x7ffe4905f358", "0x7ffe4905f268", "0x7ffe4905f178", "0x7ffe4905f0d8", "0x7ffe4905f038", "0x7ffe4905eed0", "0x7ffe4905ede0", "0x7ffe4905ed40", "0x7ffe4905ec50", "0x7ffe4905e930"], "memsize":200, "flags":{"wb_protected":true}}
{"address":"0x7ffe4905fab0", "type":"DATA", "struct":"ibf_loader", "references":["0x7ffe4905fa88", "0x7ffe4905fa60"], "memsize":120, "flags":{"wb_protected":true}}
{"address":"0x7ffe4905fad8", "type":"STRING", "class":"0x7ffe490be858", "embedded":true, "bytesize":1, "value":"r", "memsize":40, "flags":{"wb_protected":true}}
{"address":"0x7ffe4905fb00", "type":"IMEMO", "class":"0x8", "imemo_type":"ment", "memsize":48, "flags":{"wb_protected":true}}
{"address":"0x7ffe4905fb28", "type":"STRING", "class":"0x7ffe490be858", "frozen":true, "embedded":true, "bytesize":22, "value":"/tmp/dump-singleton.rb", "memsize":40, "flags":{"wb_protected":true}}
{"address":"0x7ffe4905fb50", "type":"FILE", "class":"0x7ffe49095a20", "fd":-1, "references":["0x7ffe4905fb50", "0x7ffe4905fb28"], "memsize":8432}
{"address":"0x7ffe4905fb78", "type":"ARRAY", "frozen":true, "length":8, "references":["0x7ffe4905fcb8", "0x7ffe4905fc90", "0x7ffe4905fc68", "0x7ffe4905fc40", "0x7ffe4905fc18", "0x7ffe4905fbf0", "0x7ffe4905fbc8", "0x7ffe4905fba0"], "memsize":104, "flags":{"wb_protected":true}}
{"address":"0x7ffe4905fba0", "type":"STRING", "class":"0x7ffe490be858", "shared":true, "encoding":"UTF-8", "references":["0x7ffe4905fba0", "0x7ffe49067238"], "memsize":56, "flags":{"wb_protected":true}}
{"address":"0x7ffe4905fbc8", "type":"STRING", "class":"0x7ffe490be858", "shared":true, "encoding":"UTF-8", "references":["0x7ffe4905fbc8", "0x7ffe49067260"], "memsize":56, "flags":{"wb_protected":true}}
{"address":"0x7ffe4905fbf0", "type":"STRING", "class":"0x7ffe490be858", "shared":true, "encoding":"UTF-8", "references":["0x7ffe4905fbf0", "0x7ffe49067288"], "memsize":56, "flags":{"wb_protected":true}}
{"address":"0x7ffe4905fc18", "type":"STRING", "class":"0x7ffe490be858", "shared":true, "encoding":"UTF-8", "references":["0x7ffe4905fc18", "0x7ffe490672b0"], "memsize":56, "flags":{"wb_protected":true}}
{"address":"0x7ffe4905fc40", "type":"STRING", "class":"0x7ffe490be858", "shared":true, "encoding":"UTF-8", "references":["0x7ffe4905fc40", "0x7ffe490672d8"], "memsize":56, "flags":{"wb_protected":true}}
{"address":"0x7ffe4905fc68", "type":"STRING", "class":"0x7ffe490be858", "shared":true, "encoding":"UTF-8", "references":["0x7ffe4905fc68", "0x7ffe49067300"], "memsize":56, "flags":{"wb_protected":true}}
{"address":"0x7ffe4905fc90", "type":"STRING", "class":"0x7ffe490be858", "shared":true, "encoding":"UTF-8", "references":["0x7ffe4905fc90", "0x7ffe49067328"], "memsize":56, "flags":{"wb_protected":true}}
{"address":"0x7ffe4905fcb8", "type":"STRING", "class":"0x7ffe490be858", "shared":true, "encoding":"UTF-8", "references":["0x7ffe4905fcb8", "0x7ffe49067350"], "memsize":56, "flags":{"wb_protected":true}}
{"address":"0x7ffe4905fce0", "type":"DATA", "struct":"parser", "references":["0x7ffe4905fb50", "0x7ffe4904d400", "0x7ffe490966f0"], "memsize":436}
{"address":"0x7ffe4905fd30", "type":"IMEMO", "class":"0x8", "imemo_type":"cref", "references":["0x7ffe490c68a0"], "memsize":40, "flags":{"wb_protected":true}}
{"address":"0x7ffe4905fd58", "type":"ARRAY", "class":"0x7ffe490a67f8", "frozen":true, "length":2, "embedded":true, "references":["0x7ffe4905fdf8"], "memsize":40, "flags":{"wb_protected":true}}
{"address":"0x7ffe4905fd80", "type":"IMEMO", "imemo_type":"iseq", "references":["0x7ffe4905fdf8", "0x7ffe4905fdf8", "0x7ffe4905fd58"], "memsize":364, "flags":{"wb_protected":true}}
{"address":"0x7ffe4905fda8", "type":"DATA", "struct":"thread_shield", "memsize":40}
{"address":"0x7ffe4905fdd0", "type":"DATA", "struct":"mutex", "memsize":72}
{"address":"0x7ffe4905fdf8", "type":"STRING", "class":"0x7ffe490be858", "frozen":true, "fstring":true, "bytesize":73, "capacity":120, "value":"/opt/rubies/3.0.0/lib/ruby/3.0.0/x86_64-darwin19/enc/trans/transdb.bundle", "encoding":"US-ASCII", "memsize":161, "flags":{"wb_protected":true}}
{"address":"0x7ffe4905fe20", "type":"STRING", "class":"0x7ffe490be858", "frozen":true, "bytesize":24, "capacity":47, "value":"enc/trans/transdb.bundle", "memsize":88, "flags":{"wb_protected":true}}
{"address":"0x7ffe4905fe48", "type":"STRING", "class":"0x7ffe490be858", "frozen":true, "embedded":true, "bytesize":20, "value":"enc/trans/transdb.so", "memsize":40, "flags":{"wb_protected":true}}
{"address":"0x7ffe4905fe98", "type":"STRING", "class":"0x7ffe490be858", "frozen":true, "embedded":true, "fstring":true, "bytesize":13, "value":"SJIS_SOFTBANK", "encoding":"US-ASCII", "memsize":40, "flags":{"wb_protected":true}}
{"address":"0x7ffe4905fec0", "type":"STRING", "class":"0x7ffe490be858", "frozen":true, "embedded":true, "fstring":true, "bytesize":13, "value":"SJIS_SoftBank", "encoding":"US-ASCII", "memsize":40, "flags":{"wb_protected":true}}
{"address":"0x7ffe4905fee8", "type":"DATA", "class":"0x7ffe490c43e8", "frozen":true, "struct":"encoding", "memsize":40}
{"address":"0x7ffe4905ff10", "type":"STRING", "class":"0x7ffe490be858", "frozen":true, "embedded":true, "fstring":true, "bytesize":13, "value":"UTF8_SOFTBANK", "encoding":"US-ASCII", "memsize":40, "flags":{"wb_protected":true}}
{"address":"0x7ffe4905ff38", "type":"STRING", "class":"0x7ffe490be858", "frozen":true, "embedded":true, "fstring":true, "bytesize":13, "value":"UTF8_SoftBank", "encoding":"US-ASCII", "memsize":40, "flags":{"wb_protected":true}}
{"address":"0x7ffe4905ff60", "type":"DATA", "class":"0x7ffe490c43e8", "frozen":true, "struct":"encoding", "memsize":40}
{"address":"0x7ffe4905ff88", "type":"STRING", "class":"0x7ffe490be858", "frozen":true, "fstring":true, "bytesize":26, "value":"STATELESS_ISO_2022_JP_KDDI", "encoding":"US-ASCII", "memsize":67, "flags":{"wb_protected":true}}
{"address":"0x7ffe4905ffb0", "type":"STRING", "class":"0x7ffe490be858", "frozen":true, "fstring":true, "bytesize":26, "value":"Stateless_ISO_2022_JP_KDDI", "encoding":"US-ASCII", "memsize":67, "flags":{"wb_protected":true}}
{"address":"0x7ffe4905ffd8", "type":"DATA", "class":"0x7ffe490c43e8", "frozen":true, "struct":"encoding", "memsize":40}
{"address":"0x7ffe49064010", "type":"STRING", "class":"0x7ffe490be858", "frozen":true, "embedded":true, "fstring":true, "bytesize":16, "value":"ISO_2022_JP_KDDI", "encoding":"US-ASCII", "memsize":40, "flags":{"wb_protected":true}}
{"address":"0x7ffe49064038", "type":"DATA", "class":"0x7ffe490c43e8", "frozen":true, "struct":"encoding", "memsize":40}
{"address":"0x7ffe49064060", "type":"STRING", "class":"0x7ffe490be858", "frozen":true, "embedded":true, "fstring":true, "bytesize":9, "value":"SJIS_KDDI", "encoding":"US-ASCII", "memsize":40, "flags":{"wb_protected":true}}
{"address":"0x7ffe49064088", "type":"DATA", "class":"0x7ffe490c43e8", "frozen":true, "struct":"encoding", "memsize":40}
{"address":"0x7ffe490640b0", "type":"STRING", "class":"0x7ffe490be858", "frozen":true, "embedded":true, "fstring":true, "bytesize":9, "value":"UTF8_KDDI", "encoding":"US-ASCII", "memsize":40, "flags":{"wb_protected":true}}
{"address":"0x7ffe490640d8", "type":"DATA", "class":"0x7ffe490c43e8", "frozen":true, "struct":"encoding", "memsize":40}
{"address":"0x7ffe49064100", "type":"STRING", "class":"0x7ffe490be858", "frozen":true, "embedded":true, "fstring":true, "bytesize":11, "value":"SJIS_DOCOMO", "encoding":"US-ASCII", "memsize":40, "flags":{"wb_protected":true}}
{"address":"0x7ffe49064128", "type":"STRING", "class":"0x7ffe490be858", "frozen":true, "embedded":true, "fstring":true, "bytesize":11, "value":"SJIS_DoCoMo", "encoding":"US-ASCII", "memsize":40, "flags":{"wb_protected":true}}
{"address":"0x7ffe49064150", "type":"DATA", "class":"0x7ffe490c43e8", "frozen":true, "struct":"encoding", "memsize":40}
{"address":"0x7ffe49064178", "type":"STRING", "class":"0x7ffe490be858", "frozen":true, "embedded":true, "fstring":true, "bytesize":11, "value":"UTF8_DOCOMO", "encoding":"US-ASCII", "memsize":40, "flags":{"wb_protected":true}}
{"address":"0x7ffe490641a0", "type":"STRING", "class":"0x7ffe490be858", "frozen":true, "embedded":true, "fstring":true, "bytesize":11, "value":"UTF8_DoCoMo", "encoding":"US-ASCII", "memsize":40, "flags":{"wb_protected":true}}
{"address":"0x7ffe490641c8", "type":"DATA", "class":"0x7ffe490c43e8", "frozen":true, "struct":"encoding", "memsize":40}
{"address":"0x7ffe490641f0", "type":"STRING", "class":"0x7ffe490be858", "frozen":true, "embedded":true, "fstring":true, "bytesize":6, "value":"CP1257", "encoding":"US-ASCII", "memsize":40, "flags":{"wb_protected":true}}
{"address":"0x7ffe49064218", "type":"STRING", "class":"0x7ffe490be858", "frozen":true, "embedded":true, "fstring":true, "bytesize":6, "value":"CP1254", "encoding":"US-ASCII", "memsize":40, "flags":{"wb_protected":true}}
{"address":"0x7ffe49064240", "type":"STRING", "class":"0x7ffe490be858", "frozen":true, "embedded":true, "fstring":true, "bytesize":6, "value":"CP1253", "encoding":"US-ASCII", "memsize":40, "flags":{"wb_protected":true}}
{"address":"0x7ffe49064268", "type":"STRING", "class":"0x7ffe490be858", "frozen":true, "embedded":true, "fstring":true, "bytesize":6, "value":"CP1252", "encoding":"US-ASCII", "memsize":40, "flags":{"wb_protected":true}}
{"address":"0x7ffe49064290", "type":"STRING", "class":"0x7ffe490be858", "frozen":true, "embedded":true, "fstring":true, "bytesize":6, "value":"CP1251", "encoding":"US-ASCII", "memsize":40, "flags":{"wb_protected":true}}
{"address":"0x7ffe490642b8", "type":"STRING", "class":"0x7ffe490be858", "frozen":true, "embedded":true, "fstring":true, "bytesize":6, "value":"CP1250", "encoding":"US-ASCII", "memsize":40, "flags":{"wb_protected":true}}
{"address":"0x7ffe490642e0", "type":"STRING", "class":"0x7ffe490be858", "frozen":true, "embedded":true, "fstring":true, "bytesize":3, "value":"PCK", "encoding":"US-ASCII", "memsize":40, "flags":{"wb_protected":true}}
{"address":"0x7ffe49064308", "type":"STRING", "class":"0x7ffe490be858", "frozen":true, "embedded":true, "fstring":true, "bytesize":4, "value":"SJIS", "encoding":"US-ASCII", "memsize":40, "flags":{"wb_protected":true}}
{"address":"0x7ffe49064330", "type":"STRING", "class":"0x7ffe490be858", "frozen":true, "embedded":true, "fstring":true, "bytesize":12, "value":"CSWINDOWS31J", "encoding":"US-ASCII", "memsize":40, "flags":{"wb_protected":true}}
{"address":"0x7ffe49064358", "type":"STRING", "class":"0x7ffe490be858", "frozen":true, "embedded":true, "fstring":true, "bytesize":12, "value":"CsWindows31J", "encoding":"US-ASCII", "memsize":40, "flags":{"wb_protected":true}}
{"address":"0x7ffe49064380", "type":"STRING", "class":"0x7ffe490be858", "frozen":true, "embedded":true, "fstring":true, "bytesize":5, "value":"CP932", "encoding":"US-ASCII", "memsize":40, "flags":{"wb_protected":true}}
{"address":"0x7ffe490643a8", "type":"STRING", "class":"0x7ffe490be858", "frozen":true, "embedded":true, "fstring":true, "bytesize":7, "value":"UCS_4LE", "encoding":"US-ASCII", "memsize":40, "flags":{"wb_protected":true}}
{"address":"0x7ffe490643d0", "type":"STRING", "class":"0x7ffe490be858", "frozen":true, "embedded":true, "fstring":true, "bytesize":7, "value":"UCS_4BE", "encoding":"US-ASCII", "memsize":40, "flags":{"wb_protected":true}}
{"address":"0x7ffe490643f8", "type":"STRING", "class":"0x7ffe490be858", "frozen":true, "embedded":true, "fstring":true, "bytesize":7, "value":"UCS_2BE", "encoding":"US-ASCII", "memsize":40, "flags":{"wb_protected":true}}
{"address":"0x7ffe49064420", "type":"STRING", "class":"0x7ffe490be858", "frozen":true, "embedded":true, "fstring":true, "bytesize":6, "value":"UTF_32", "encoding":"US-ASCII", "memsize":40, "flags":{"wb_protected":true}}
{"address":"0x7ffe49064448", "type":"STRING", "class":"0x7ffe490be858", "frozen":true, "embedded":true, "fstring":true, "bytesize":6, "value":"UTF_16", "encoding":"US-ASCII", "memsize":40, "flags":{"wb_protected":true}}
{"address":"0x7ffe49064470", "type":"STRING", "class":"0x7ffe490be858", "frozen":true, "embedded":true, "fstring":true, "bytesize":9, "value":"UTF_8_HFS", "encoding":"US-ASCII", "memsize":40, "flags":{"wb_protected":true}}
{"address":"0x7ffe49064498", "type":"STRING", "class":"0x7ffe490be858", "frozen":true, "embedded":true, "fstring":true, "bytesize":9, "value":"UTF_8_MAC", "encoding":"US-ASCII", "memsize":40, "flags":{"wb_protected":true}}
{"address":"0x7ffe490644c0", "type":"STRING", "class":"0x7ffe490be858", "frozen":true, "embedded":true, "fstring":true, "bytesize":8, "value":"UTF8_MAC", "encoding":"US-ASCII", "memsize":40, "flags":{"wb_protected":true}}
{"address":"0x7ffe490644e8", "type":"STRING", "class":"0x7ffe490be858", "frozen":true, "embedded":true, "fstring":true, "bytesize":7, "value":"CP65001", "encoding":"US-ASCII", "memsize":40, "flags":{"wb_protected":true}}
{"address":"0x7ffe49064510", "type":"STRING", "class":"0x7ffe490be858", "frozen":true, "embedded":true, "fstring":true, "bytesize":7, "value":"CP65000", "encoding":"US-ASCII", "memsize":40, "flags":{"wb_protected":true}}
{"address":"0x7ffe49064538", "type":"STRING", "class":"0x7ffe490be858", "frozen":true, "embedded":true, "fstring":true, "bytesize":5, "value":"UTF_7", "encoding":"US-ASCII", "memsize":40, "flags":{"wb_protected":true}}
{"address":"0x7ffe49064560", "type":"DATA", "class":"0x7ffe490c43e8", "frozen":true, "struct":"encoding", "memsize":40}
{"address":"0x7ffe49064588", "type":"STRING", "class":"0x7ffe490be858", "frozen":true, "embedded":true, "fstring":true, "bytesize":14, "value":"ANSI_X3_4_1968", "encoding":"US-ASCII", "memsize":40, "flags":{"wb_protected":true}}
{"address":"0x7ffe490645b0", "type":"STRING", "class":"0x7ffe490be858", "frozen":true, "embedded":true, "fstring":true, "bytesize":5, "value":"ASCII", "encoding":"US-ASCII", "memsize":40, "flags":{"wb_protected":true}}
{"address":"0x7ffe490645d8", "type":"STRING", "class":"0x7ffe490be858", "frozen":true, "embedded":true, "fstring":true, "bytesize":8, "value":"MACJAPAN", "encoding":"US-ASCII", "memsize":40, "flags":{"wb_protected":true}}
{"address":"0x7ffe49064600", "type":"STRING", "class":"0x7ffe490be858", "frozen":true, "embedded":true, "fstring":true, "bytesize":8, "value":"MacJapan", "encoding":"US-ASCII", "memsize":40, "flags":{"wb_protected":true}}
{"address":"0x7ffe49064628", "type":"STRING", "class":"0x7ffe490be858", "frozen":true, "embedded":true, "fstring":true, "bytesize":11, "value":"MACJAPANESE", "encoding":"US-ASCII", "memsize":40, "flags":{"wb_protected":true}}
{"address":"0x7ffe49064650", "type":"STRING", "class":"0x7ffe490be858", "frozen":true, "embedded":true, "fstring":true, "bytesize":11, "value":"MacJapanese", "encoding":"US-ASCII", "memsize":40, "flags":{"wb_protected":true}}
{"address":"0x7ffe49064678", "type":"DATA", "class":"0x7ffe490c43e8", "frozen":true, "struct":"encoding", "memsize":40}
{"address":"0x7ffe490646a0", "type":"STRING", "class":"0x7ffe490be858", "frozen":true, "embedded":true, "fstring":true, "bytesize":5, "value":"CP878", "encoding":"US-ASCII", "memsize":40, "flags":{"wb_protected":true}}
{"address":"0x7ffe490646c8", "type":"STRING", "class":"0x7ffe490be858", "frozen":true, "embedded":true, "fstring":true, "bytesize":10, "value":"ISO8859_16", "encoding":"US-ASCII", "memsize":40, "flags":{"wb_protected":true}}
{"address":"0x7ffe490646f0", "type":"STRING", "class":"0x7ffe490be858", "frozen":true, "embedded":true, "fstring":true, "bytesize":10, "value":"ISO8859_15", "encoding":"US-ASCII", "memsize":40, "flags":{"wb_protected":true}}
{"address":"0x7ffe49064718", "type":"STRING", "class":"0x7ffe490be858", "frozen":true, "embedded":true, "fstring":true, "bytesize":10, "value":"ISO8859_14", "encoding":"US-ASCII", "memsize":40, "flags":{"wb_protected":true}}
{"address":"0x7ffe49064740", "type":"STRING", "class":"0x7ffe490be858", "frozen":true, "embedded":true, "fstring":true, "bytesize":10, "value":"ISO8859_13", "encoding":"US-ASCII", "memsize":40, "flags":{"wb_protected":true}}
{"address":"0x7ffe49064768", "type":"STRING", "class":"0x7ffe490be858", "frozen":true, "embedded":true, "fstring":true, "bytesize":5, "value":"CP874", "encoding":"US-ASCII", "memsize":40, "flags":{"wb_protected":true}}
{"address":"0x7ffe49064790", "type":"STRING", "class":"0x7ffe490be858", "frozen":true, "embedded":true, "fstring":true, "bytesize":11, "value":"WINDOWS_874", "encoding":"US-ASCII", "memsize":40, "flags":{"wb_protected":true}}
{"address":"0x7ffe490647b8", "type":"STRING", "class":"0x7ffe490be858", "frozen":true, "embedded":true, "fstring":true, "bytesize":11, "value":"Windows_874", "encoding":"US-ASCII", "memsize":40, "flags":{"wb_protected":true}}
{"address":"0x7ffe490647e0", "type":"DATA", "class":"0x7ffe490c43e8", "frozen":true, "struct":"encoding", "memsize":40}
{"address":"0x7ffe49064808", "type":"STRING", "class":"0x7ffe490be858", "frozen":true, "embedded":true, "fstring":true, "bytesize":7, "value":"TIS_620", "encoding":"US-ASCII", "memsize":40, "flags":{"wb_protected":true}}
{"address":"0x7ffe49064830", "type":"DATA", "class":"0x7ffe490c43e8", "frozen":true, "struct":"encoding", "memsize":40}
{"address":"0x7ffe49064858", "type":"STRING", "class":"0x7ffe490be858", "frozen":true, "embedded":true, "fstring":true, "bytesize":10, "value":"ISO8859_11", "encoding":"US-ASCII", "memsize":40, "flags":{"wb_protected":true}}
{"address":"0x7ffe49064880", "type":"STRING", "class":"0x7ffe490be858", "frozen":true, "embedded":true, "fstring":true, "bytesize":10, "value":"ISO8859_10", "encoding":"US-ASCII", "memsize":40, "flags":{"wb_protected":true}}
{"address":"0x7ffe490648a8", "type":"STRING", "class":"0x7ffe490be858", "frozen":true, "embedded":true, "fstring":true, "bytesize":9, "value":"ISO8859_9", "encoding":"US-ASCII", "memsize":40, "flags":{"wb_protected":true}}
{"address":"0x7ffe490648d0", "type":"STRING", "class":"0x7ffe490be858", "frozen":true, "embedded":true, "fstring":true, "bytesize":6, "value":"CP1255", "encoding":"US-ASCII", "memsize":40, "flags":{"wb_protected":true}}
{"address":"0x7ffe490648f8", "type":"STRING", "class":"0x7ffe490be858", "frozen":true, "embedded":true, "fstring":true, "bytesize":12, "value":"WINDOWS_1255", "encoding":"US-ASCII", "memsize":40, "flags":{"wb_protected":true}}
{"address":"0x7ffe49064920", "type":"STRING", "class":"0x7ffe490be858", "frozen":true, "embedded":true, "fstring":true, "bytesize":12, "value":"Windows_1255", "encoding":"US-ASCII", "memsize":40, "flags":{"wb_protected":true}}
{"address":"0x7ffe49064948", "type":"DATA", "class":"0x7ffe490c43e8", "frozen":true, "struct":"encoding", "memsize":40}
{"address":"0x7ffe49064970", "type":"STRING", "class":"0x7ffe490be858", "frozen":true, "embedded":true, "fstring":true, "bytesize":9, "value":"ISO8859_8", "encoding":"US-ASCII", "memsize":40, "flags":{"wb_protected":true}}
{"address":"0x7ffe49064998", "type":"STRING", "class":"0x7ffe490be858", "frozen":true, "embedded":true, "fstring":true, "bytesize":9, "value":"ISO8859_7", "encoding":"US-ASCII", "memsize":40, "flags":{"wb_protected":true}}
{"address":"0x7ffe490649c0", "type":"STRING", "class":"0x7ffe490be858", "frozen":true, "embedded":true, "fstring":true, "bytesize":6, "value":"CP1256", "encoding":"US-ASCII", "memsize":40, "flags":{"wb_protected":true}}
{"address":"0x7ffe490649e8", "type":"STRING", "class":"0x7ffe490be858", "frozen":true, "embedded":true, "fstring":true, "bytesize":12, "value":"WINDOWS_1256", "encoding":"US-ASCII", "memsize":40, "flags":{"wb_protected":true}}
{"address":"0x7ffe49064a10", "type":"STRING", "class":"0x7ffe490be858", "frozen":true, "embedded":true, "fstring":true, "bytesize":12, "value":"Windows_1256", "encoding":"US-ASCII", "memsize":40, "flags":{"wb_protected":true}}
{"address":"0x7ffe49064a38", "type":"DATA", "class":"0x7ffe490c43e8", "frozen":true, "struct":"encoding", "memsize":40}
{"address":"0x7ffe49064a60", "type":"STRING", "class":"0x7ffe490be858", "frozen":true, "embedded":true, "fstring":true, "bytesize":9, "value":"ISO8859_6", "encoding":"US-ASCII", "memsize":40, "flags":{"wb_protected":true}}
{"address":"0x7ffe49064a88", "type":"STRING", "class":"0x7ffe490be858", "frozen":true, "embedded":true, "fstring":true, "bytesize":9, "value":"ISO8859_5", "encoding":"US-ASCII", "memsize":40, "flags":{"wb_protected":true}}
{"address":"0x7ffe49064ab0", "type":"STRING", "class":"0x7ffe490be858", "frozen":true, "embedded":true, "fstring":true, "bytesize":9, "value":"ISO8859_4", "encoding":"US-ASCII", "memsize":40, "flags":{"wb_protected":true}}
{"address":"0x7ffe49064ad8", "type":"STRING", "class":"0x7ffe490be858", "frozen":true, "embedded":true, "fstring":true, "bytesize":9, "value":"ISO8859_3", "encoding":"US-ASCII", "memsize":40, "flags":{"wb_protected":true}}
{"address":"0x7ffe49064b00", "type":"STRING", "class":"0x7ffe490be858", "frozen":true, "embedded":true, "fstring":true, "bytesize":9, "value":"ISO8859_2", "encoding":"US-ASCII", "memsize":40, "flags":{"wb_protected":true}}
{"address":"0x7ffe49064b28", "type":"STRING", "class":"0x7ffe490be858", "frozen":true, "embedded":true, "fstring":true, "bytesize":9, "value":"ISO8859_1", "encoding":"US-ASCII", "memsize":40, "flags":{"wb_protected":true}}
{"address":"0x7ffe49064b50", "type":"STRING", "class":"0x7ffe490be858", "frozen":true, "embedded":true, "fstring":true, "bytesize":7, "value":"CP50221", "encoding":"US-ASCII", "memsize":40, "flags":{"wb_protected":true}}
{"address":"0x7ffe49064b78", "type":"DATA", "class":"0x7ffe490c43e8", "frozen":true, "struct":"encoding", "memsize":40}
{"address":"0x7ffe49064ba0", "type":"STRING", "class":"0x7ffe490be858", "frozen":true, "embedded":true, "fstring":true, "bytesize":7, "value":"CP50220", "encoding":"US-ASCII", "memsize":40, "flags":{"wb_protected":true}}
{"address":"0x7ffe49064bc8", "type":"DATA", "class":"0x7ffe490c43e8", "frozen":true, "struct":"encoding", "memsize":40}
{"address":"0x7ffe49064bf0", "type":"STRING", "class":"0x7ffe490be858", "frozen":true, "embedded":true, "fstring":true, "bytesize":11, "value":"ISO2022_JP2", "encoding":"US-ASCII", "memsize":40, "flags":{"wb_protected":true}}
{"address":"0x7ffe49064c18", "type":"STRING", "class":"0x7ffe490be858", "frozen":true, "embedded":true, "fstring":true, "bytesize":13, "value":"ISO_2022_JP_2", "encoding":"US-ASCII", "memsize":40, "flags":{"wb_protected":true}}
{"address":"0x7ffe49064c40", "type":"DATA", "class":"0x7ffe490c43e8", "frozen":true, "struct":"encoding", "memsize":40}
{"address":"0x7ffe49064c68", "type":"STRING", "class":"0x7ffe490be858", "frozen":true, "embedded":true, "fstring":true, "bytesize":10, "value":"ISO2022_JP", "encoding":"US-ASCII", "memsize":40, "flags":{"wb_protected":true}}
{"address":"0x7ffe49064c90", "type":"STRING", "class":"0x7ffe490be858", "frozen":true, "embedded":true, "fstring":true, "bytesize":11, "value":"ISO_2022_JP", "encoding":"US-ASCII", "memsize":40, "flags":{"wb_protected":true}}
{"address":"0x7ffe49064cb8", "type":"DATA", "class":"0x7ffe490c43e8", "frozen":true, "struct":"encoding", "memsize":40}
{"address":"0x7ffe49064ce0", "type":"STRING", "class":"0x7ffe490be858", "frozen":true, "embedded":true, "fstring":true, "bytesize":5, "value":"CP936", "encoding":"US-ASCII", "memsize":40, "flags":{"wb_protected":true}}
{"address":"0x7ffe49064d08", "type":"STRING", "class":"0x7ffe490be858", "frozen":true, "embedded":true, "fstring":true, "bytesize":7, "value":"GB12345", "encoding":"US-ASCII", "memsize":40, "flags":{"wb_protected":true}}
{"address":"0x7ffe49064d30", "type":"DATA", "class":"0x7ffe490c43e8", "frozen":true, "struct":"encoding", "memsize":40}
{"address":"0x7ffe49064d58", "type":"STRING", "class":"0x7ffe490be858", "frozen":true, "embedded":true, "fstring":true, "bytesize":5, "value":"EUCCN", "encoding":"US-ASCII", "memsize":40, "flags":{"wb_protected":true}}
{"address":"0x7ffe49064d80", "type":"STRING", "class":"0x7ffe490be858", "frozen":true, "embedded":true, "fstring":true, "bytesize":5, "value":"EucCN", "encoding":"US-ASCII", "memsize":40, "flags":{"wb_protected":true}}
{"address":"0x7ffe49064da8", "type":"STRING", "class":"0x7ffe490be858", "frozen":true, "embedded":true, "fstring":true, "bytesize":6, "value":"EUC_CN", "encoding":"US-ASCII", "memsize":40, "flags":{"wb_protected":true}}
{"address":"0x7ffe49064dd0", "type":"STRING", "class":"0x7ffe490be858", "frozen":true, "embedded":true, "fstring":true, "bytesize":6, "value":"GB2312", "encoding":"US-ASCII", "memsize":40, "flags":{"wb_protected":true}}
{"address":"0x7ffe49064df8", "type":"DATA", "class":"0x7ffe490c43e8", "frozen":true, "struct":"encoding", "memsize":40}
{"address":"0x7ffe49064e20", "type":"STRING", "class":"0x7ffe490be858", "frozen":true, "embedded":true, "fstring":true, "bytesize":5, "value":"EUCTW", "encoding":"US-ASCII", "memsize":40, "flags":{"wb_protected":true}}
{"address":"0x7ffe49064e48", "type":"STRING", "class":"0x7ffe490be858", "frozen":true, "embedded":true, "fstring":true, "bytesize":5, "value":"EucTW", "encoding":"US-ASCII", "memsize":40, "flags":{"wb_protected":true}}
{"address":"0x7ffe49064e70", "type":"STRING", "class":"0x7ffe490be858", "frozen":true, "embedded":true, "fstring":true, "bytesize":5, "value":"EUCKR", "encoding":"US-ASCII", "memsize":40, "flags":{"wb_protected":true}}
{"address":"0x7ffe49064e98", "type":"STRING", "class":"0x7ffe490be858", "frozen":true, "embedded":true, "fstring":true, "bytesize":5, "value":"EucKR", "encoding":"US-ASCII", "memsize":40, "flags":{"wb_protected":true}}
{"address":"0x7ffe49064ec0", "type":"STRING", "class":"0x7ffe490be858", "frozen":true, "embedded":true, "fstring":true, "bytesize":12, "value":"EUC_JISX0213", "encoding":"US-ASCII", "memsize":40, "flags":{"wb_protected":true}}
{"address":"0x7ffe49064ee8", "type":"STRING", "class":"0x7ffe490be858", "frozen":true, "embedded":true, "fstring":true, "bytesize":12, "value":"EUC_JIS_2004", "encoding":"US-ASCII", "memsize":40, "flags":{"wb_protected":true}}
{"address":"0x7ffe49064f10", "type":"DATA", "class":"0x7ffe490c43e8", "frozen":true, "struct":"encoding", "memsize":40}
{"address":"0x7ffe49064f38", "type":"STRING", "class":"0x7ffe490be858", "frozen":true, "embedded":true, "fstring":true, "bytesize":7, "value":"CP51932", "encoding":"US-ASCII", "memsize":40, "flags":{"wb_protected":true}}
{"address":"0x7ffe49064f60", "type":"DATA", "class":"0x7ffe490c43e8", "frozen":true, "struct":"encoding", "memsize":40}
{"address":"0x7ffe49064f88", "type":"STRING", "class":"0x7ffe490be858", "frozen":true, "embedded":true, "fstring":true, "bytesize":9, "value":"EUC_JP_MS", "encoding":"US-ASCII", "memsize":40, "flags":{"wb_protected":true}}
{"address":"0x7ffe49064fb0", "type":"STRING", "class":"0x7ffe490be858", "frozen":true, "embedded":true, "fstring":true, "bytesize":8, "value":"EUCJP_MS", "encoding":"US-ASCII", "memsize":40, "flags":{"wb_protected":true}}
{"address":"0x7ffe49064fd8", "type":"STRING", "class":"0x7ffe490be858", "frozen":true, "embedded":true, "fstring":true, "bytesize":8, "value":"EucJP_ms", "encoding":"US-ASCII", "memsize":40, "flags":{"wb_protected":true}}
{"address":"0x7ffe49065000", "type":"DATA", "class":"0x7ffe490c43e8", "frozen":true, "struct":"encoding", "memsize":40}
{"address":"0x7ffe49065028", "type":"STRING", "class":"0x7ffe490be858", "frozen":true, "embedded":true, "fstring":true, "bytesize":5, "value":"EUCJP", "encoding":"US-ASCII", "memsize":40, "flags":{"wb_protected":true}}
{"address":"0x7ffe49065050", "type":"STRING", "class":"0x7ffe490be858", "frozen":true, "embedded":true, "fstring":true, "bytesize":5, "value":"EucJP", "encoding":"US-ASCII", "memsize":40, "flags":{"wb_protected":true}}
{"address":"0x7ffe49065078", "type":"STRING", "class":"0x7ffe490be858", "frozen":true, "embedded":true, "fstring":true, "bytesize":21, "value":"STATELESS_ISO_2022_JP", "encoding":"US-ASCII", "memsize":40, "flags":{"wb_protected":true}}
{"address":"0x7ffe490650a0", "type":"STRING", "class":"0x7ffe490be858", "frozen":true, "embedded":true, "fstring":true, "bytesize":21, "value":"Stateless_ISO_2022_JP", "encoding":"US-ASCII", "memsize":40, "flags":{"wb_protected":true}}
{"address":"0x7ffe490650c8", "type":"DATA", "class":"0x7ffe490c43e8", "frozen":true, "struct":"encoding", "memsize":40}
{"address":"0x7ffe490650f0", "type":"STRING", "class":"0x7ffe490be858", "frozen":true, "embedded":true, "fstring":true, "bytesize":12, "value":"EBCDIC_CP_US", "encoding":"US-ASCII", "memsize":40, "flags":{"wb_protected":true}}
{"address":"0x7ffe49065118", "type":"STRING", "class":"0x7ffe490be858", "frozen":true, "embedded":true, "fstring":true, "bytesize":6, "value":"IBM037", "encoding":"US-ASCII", "memsize":40, "flags":{"wb_protected":true}}
{"address":"0x7ffe49065140", "type":"DATA", "class":"0x7ffe490c43e8", "frozen":true, "struct":"encoding", "memsize":40}
{"address":"0x7ffe49065168", "type":"STRING", "class":"0x7ffe490be858", "frozen":true, "embedded":true, "fstring":true, "bytesize":5, "value":"CP951", "encoding":"US-ASCII", "memsize":40, "flags":{"wb_protected":true}}
{"address":"0x7ffe49065190", "type":"DATA", "class":"0x7ffe490c43e8", "frozen":true, "struct":"encoding", "memsize":40}
{"address":"0x7ffe490651b8", "type":"STRING", "class":"0x7ffe490be858", "frozen":true, "embedded":true, "fstring":true, "bytesize":15, "value":"BIG5_HKSCS_2008", "encoding":"US-ASCII", "memsize":40, "flags":{"wb_protected":true}}
{"address":"0x7ffe490651e0", "type":"STRING", "class":"0x7ffe490be858", "frozen":true, "embedded":true, "fstring":true, "bytesize":15, "value":"Big5_HKSCS_2008", "encoding":"US-ASCII", "memsize":40, "flags":{"wb_protected":true}}
{"address":"0x7ffe49065208", "type":"STRING", "class":"0x7ffe490be858", "frozen":true, "embedded":true, "fstring":true, "bytesize":5, "value":"CP950", "encoding":"US-ASCII", "memsize":40, "flags":{"wb_protected":true}}
{"address":"0x7ffe49065230", "type":"DATA", "class":"0x7ffe490c43e8", "frozen":true, "struct":"encoding", "memsize":40}
{"address":"0x7ffe49065258", "type":"STRING", "class":"0x7ffe490be858", "frozen":true, "embedded":true, "fstring":true, "bytesize":10, "value":"MACUKRAINE", "encoding":"US-ASCII", "memsize":40, "flags":{"wb_protected":true}}
{"address":"0x7ffe49065280", "type":"STRING", "class":"0x7ffe490be858", "frozen":true, "embedded":true, "fstring":true, "bytesize":10, "value":"MacUkraine", "encoding":"US-ASCII", "memsize":40, "flags":{"wb_protected":true}}
{"address":"0x7ffe490652a8", "type":"DATA", "class":"0x7ffe490c43e8", "frozen":true, "struct":"encoding", "memsize":40}
{"address":"0x7ffe490652d0", "type":"STRING", "class":"0x7ffe490be858", "frozen":true, "embedded":true, "fstring":true, "bytesize":10, "value":"MACTURKISH", "encoding":"US-ASCII", "memsize":40, "flags":{"wb_protected":true}}
{"address":"0x7ffe490652f8", "type":"STRING", "class":"0x7ffe490be858", "frozen":true, "embedded":true, "fstring":true, "bytesize":10, "value":"MacTurkish", "encoding":"US-ASCII", "memsize":40, "flags":{"wb_protected":true}}
{"address":"0x7ffe49065320", "type":"DATA", "class":"0x7ffe490c43e8", "frozen":true, "struct":"encoding", "memsize":40}
{"address":"0x7ffe49065348", "type":"STRING", "class":"0x7ffe490be858", "frozen":true, "embedded":true, "fstring":true, "bytesize":7, "value":"MACTHAI", "encoding":"US-ASCII", "memsize":40, "flags":{"wb_protected":true}}
{"address":"0x7ffe49065370", "type":"STRING", "class":"0x7ffe490be858", "frozen":true, "embedded":true, "fstring":true, "bytesize":7, "value":"MacThai", "encoding":"US-ASCII", "memsize":40, "flags":{"wb_protected":true}}
{"address":"0x7ffe49065398", "type":"DATA", "class":"0x7ffe490c43e8", "frozen":true, "struct":"encoding", "memsize":40}
{"address":"0x7ffe490653c0", "type":"STRING", "class":"0x7ffe490be858", "frozen":true, "embedded":true, "fstring":true, "bytesize":10, "value":"MACROMANIA", "encoding":"US-ASCII", "memsize":40, "flags":{"wb_protected":true}}
{"address":"0x7ffe490653e8", "type":"STRING", "class":"0x7ffe490be858", "frozen":true, "embedded":true, "fstring":true, "bytesize":10, "value":"MacRomania", "encoding":"US-ASCII", "memsize":40, "flags":{"wb_protected":true}}
{"address":"0x7ffe49065410", "type":"DATA", "class":"0x7ffe490c43e8", "frozen":true, "struct":"encoding", "memsize":40}
{"address":"0x7ffe49065438", "type":"STRING", "class":"0x7ffe490be858", "frozen":true, "embedded":true, "fstring":true, "bytesize":8, "value":"MACROMAN", "encoding":"US-ASCII", "memsize":40, "flags":{"wb_protected":true}}
{"address":"0x7ffe49065460", "type":"STRING", "class":"0x7ffe490be858", "frozen":true, "embedded":true, "fstring":true, "bytesize":8, "value":"MacRoman", "encoding":"US-ASCII", "memsize":40, "flags":{"wb_protected":true}}
{"address":"0x7ffe49065488", "type":"DATA", "class":"0x7ffe490c43e8", "frozen":true, "struct":"encoding", "memsize":40}
{"address":"0x7ffe490654b0", "type":"STRING", "class":"0x7ffe490be858", "frozen":true, "embedded":true, "fstring":true, "bytesize":10, "value":"MACICELAND", "encoding":"US-ASCII", "memsize":40, "flags":{"wb_protected":true}}
{"address":"0x7ffe490654d8", "type":"STRING", "class":"0x7ffe490be858", "frozen":true, "embedded":true, "fstring":true, "bytesize":10, "value":"MacIceland", "encoding":"US-ASCII", "memsize":40, "flags":{"wb_protected":true}}
{"address":"0x7ffe49065500", "type":"DATA", "class":"0x7ffe490c43e8", "frozen":true, "struct":"encoding", "memsize":40}
{"address":"0x7ffe49065528", "type":"STRING", "class":"0x7ffe490be858", "frozen":true, "embedded":true, "fstring":true, "bytesize":8, "value":"MACGREEK", "encoding":"US-ASCII", "memsize":40, "flags":{"wb_protected":true}}
{"address":"0x7ffe49065550", "type":"STRING", "class":"0x7ffe490be858", "frozen":true, "embedded":true, "fstring":true, "bytesize":8, "value":"MacGreek", "encoding":"US-ASCII", "memsize":40, "flags":{"wb_protected":true}}
{"address":"0x7ffe49065578", "type":"DATA", "class":"0x7ffe490c43e8", "frozen":true, "struct":"encoding", "memsize":40}
{"address":"0x7ffe490655a0", "type":"STRING", "class":"0x7ffe490be858", "frozen":true, "embedded":true, "fstring":true, "bytesize":11, "value":"MACCYRILLIC", "encoding":"US-ASCII", "memsize":40, "flags":{"wb_protected":true}}
{"address":"0x7ffe490655c8", "type":"STRING", "class":"0x7ffe490be858", "frozen":true, "embedded":true, "fstring":true, "bytesize":11, "value":"MacCyrillic", "encoding":"US-ASCII", "memsize":40, "flags":{"wb_protected":true}}
{"address":"0x7ffe490655f0", "type":"DATA", "class":"0x7ffe490c43e8", "frozen":true, "struct":"encoding", "memsize":40}
{"address":"0x7ffe49065618", "type":"STRING", "class":"0x7ffe490be858", "frozen":true, "embedded":true, "fstring":true, "bytesize":11, "value":"MACCROATIAN", "encoding":"US-ASCII", "memsize":40, "flags":{"wb_protected":true}}
{"address":"0x7ffe49065640", "type":"STRING", "class":"0x7ffe490be858", "frozen":true, "embedded":true, "fstring":true, "bytesize":11, "value":"MacCroatian", "encoding":"US-ASCII", "memsize":40, "flags":{"wb_protected":true}}
{"address":"0x7ffe49065668", "type":"DATA", "class":"0x7ffe490c43e8", "frozen":true, "struct":"encoding", "memsize":40}
{"address":"0x7ffe49065690", "type":"STRING", "class":"0x7ffe490be858", "frozen":true, "embedded":true, "fstring":true, "bytesize":11, "value":"MACCENTEURO", "encoding":"US-ASCII", "memsize":40, "flags":{"wb_protected":true}}
{"address":"0x7ffe490656b8", "type":"STRING", "class":"0x7ffe490be858", "frozen":true, "embedded":true, "fstring":true, "bytesize":11, "value":"MacCentEuro", "encoding":"US-ASCII", "memsize":40, "flags":{"wb_protected":true}}
{"address":"0x7ffe490656e0", "type":"DATA", "class":"0x7ffe490c43e8", "frozen":true, "struct":"encoding", "memsize":40}
{"address":"0x7ffe49065708", "type":"STRING", "class":"0x7ffe490be858", "frozen":true, "embedded":true, "fstring":true, "bytesize":6, "value":"GB1988", "encoding":"US-ASCII", "memsize":40, "flags":{"wb_protected":true}}
{"address":"0x7ffe49065730", "type":"DATA", "class":"0x7ffe490c43e8", "frozen":true, "struct":"encoding", "memsize":40}
{"address":"0x7ffe49065758", "type":"STRING", "class":"0x7ffe490be858", "frozen":true, "embedded":true, "fstring":true, "bytesize":6, "value":"CP1258", "encoding":"US-ASCII", "memsize":40, "flags":{"wb_protected":true}}
{"address":"0x7ffe49065780", "type":"STRING", "class":"0x7ffe490be858", "frozen":true, "embedded":true, "fstring":true, "bytesize":12, "value":"WINDOWS_1258", "encoding":"US-ASCII", "memsize":40, "flags":{"wb_protected":true}}
{"address":"0x7ffe490657a8", "type":"STRING", "class":"0x7ffe490be858", "frozen":true, "embedded":true, "fstring":true, "bytesize":12, "value":"Windows_1258", "encoding":"US-ASCII", "memsize":40, "flags":{"wb_protected":true}}
{"address":"0x7ffe490657d0", "type":"DATA", "class":"0x7ffe490c43e8", "frozen":true, "struct":"encoding", "memsize":40}
{"address":"0x7ffe490657f8", "type":"STRING", "class":"0x7ffe490be858", "frozen":true, "embedded":true, "fstring":true, "bytesize":5, "value":"CP869", "encoding":"US-ASCII", "memsize":40, "flags":{"wb_protected":true}}
{"address":"0x7ffe49065820", "type":"STRING", "class":"0x7ffe490be858", "frozen":true, "embedded":true, "fstring":true, "bytesize":6, "value":"IBM869", "encoding":"US-ASCII", "memsize":40, "flags":{"wb_protected":true}}
{"address":"0x7ffe49065848", "type":"DATA", "class":"0x7ffe490c43e8", "frozen":true, "struct":"encoding", "memsize":40}
{"address":"0x7ffe49065870", "type":"STRING", "class":"0x7ffe490be858", "frozen":true, "embedded":true, "fstring":true, "bytesize":5, "value":"CP866", "encoding":"US-ASCII", "memsize":40, "flags":{"wb_protected":true}}
{"address":"0x7ffe49065898", "type":"STRING", "class":"0x7ffe490be858", "frozen":true, "embedded":true, "fstring":true, "bytesize":6, "value":"IBM866", "encoding":"US-ASCII", "memsize":40, "flags":{"wb_protected":true}}
{"address":"0x7ffe490658c0", "type":"DATA", "class":"0x7ffe490c43e8", "frozen":true, "struct":"encoding", "memsize":40}
{"address":"0x7ffe490658e8", "type":"STRING", "class":"0x7ffe490be858", "frozen":true, "embedded":true, "fstring":true, "bytesize":5, "value":"CP865", "encoding":"US-ASCII", "memsize":40, "flags":{"wb_protected":true}}
{"address":"0x7ffe49065910", "type":"STRING", "class":"0x7ffe490be858", "frozen":true, "embedded":true, "fstring":true, "bytesize":6, "value":"IBM865", "encoding":"US-ASCII", "memsize":40, "flags":{"wb_protected":true}}
{"address":"0x7ffe49065938", "type":"DATA", "class":"0x7ffe490c43e8", "frozen":true, "struct":"encoding", "memsize":40}
{"address":"0x7ffe49065960", "type":"STRING", "class":"0x7ffe490be858", "frozen":true, "embedded":true, "fstring":true, "bytesize":5, "value":"CP864", "encoding":"US-ASCII", "memsize":40, "flags":{"wb_protected":true}}
{"address":"0x7ffe49065988", "type":"STRING", "class":"0x7ffe490be858", "frozen":true, "embedded":true, "fstring":true, "bytesize":6, "value":"IBM864", "encoding":"US-ASCII", "memsize":40, "flags":{"wb_protected":true}}
{"address":"0x7ffe490659b0", "type":"DATA", "class":"0x7ffe490c43e8", "frozen":true, "struct":"encoding", "memsize":40}
{"address":"0x7ffe490659d8", "type":"STRING", "class":"0x7ffe490be858", "frozen":true, "embedded":true, "fstring":true, "bytesize":5, "value":"CP863", "encoding":"US-ASCII", "memsize":40, "flags":{"wb_protected":true}}
{"address":"0x7ffe49065a00", "type":"STRING", "class":"0x7ffe490be858", "frozen":true, "embedded":true, "fstring":true, "bytesize":6, "value":"IBM863", "encoding":"US-ASCII", "memsize":40, "flags":{"wb_protected":true}}
{"address":"0x7ffe49065a28", "type":"DATA", "class":"0x7ffe490c43e8", "frozen":true, "struct":"encoding", "memsize":40}
{"address":"0x7ffe49065a50", "type":"STRING", "class":"0x7ffe490be858", "frozen":true, "embedded":true, "fstring":true, "bytesize":5, "value":"CP862", "encoding":"US-ASCII", "memsize":40, "flags":{"wb_protected":true}}
{"address":"0x7ffe49065a78", "type":"STRING", "class":"0x7ffe490be858", "frozen":true, "embedded":true, "fstring":true, "bytesize":6, "value":"IBM862", "encoding":"US-ASCII", "memsize":40, "flags":{"wb_protected":true}}
{"address":"0x7ffe49065aa0", "type":"DATA", "class":"0x7ffe490c43e8", "frozen":true, "struct":"encoding", "memsize":40}
{"address":"0x7ffe49065ac8", "type":"STRING", "class":"0x7ffe490be858", "frozen":true, "embedded":true, "fstring":true, "bytesize":5, "value":"CP861", "encoding":"US-ASCII", "memsize":40, "flags":{"wb_protected":true}}
{"address":"0x7ffe49065af0", "type":"STRING", "class":"0x7ffe490be858", "frozen":true, "embedded":true, "fstring":true, "bytesize":6, "value":"IBM861", "encoding":"US-ASCII", "memsize":40, "flags":{"wb_protected":true}}
{"address":"0x7ffe49065b18", "type":"DATA", "class":"0x7ffe490c43e8", "frozen":true, "struct":"encoding", "memsize":40}
{"address":"0x7ffe49065b40", "type":"STRING", "class":"0x7ffe490be858", "frozen":true, "embedded":true, "fstring":true, "bytesize":5, "value":"CP860", "encoding":"US-ASCII", "memsize":40, "flags":{"wb_protected":true}}
{"address":"0x7ffe49065b68", "type":"STRING", "class":"0x7ffe490be858", "frozen":true, "embedded":true, "fstring":true, "bytesize":6, "value":"IBM860", "encoding":"US-ASCII", "memsize":40, "flags":{"wb_protected":true}}
{"address":"0x7ffe49065b90", "type":"DATA", "class":"0x7ffe490c43e8", "frozen":true, "struct":"encoding", "memsize":40}
{"address":"0x7ffe49065bb8", "type":"STRING", "class":"0x7ffe490be858", "frozen":true, "embedded":true, "fstring":true, "bytesize":5, "value":"CP857", "encoding":"US-ASCII", "memsize":40, "flags":{"wb_protected":true}}
{"address":"0x7ffe49065be0", "type":"STRING", "class":"0x7ffe490be858", "frozen":true, "embedded":true, "fstring":true, "bytesize":6, "value":"IBM857", "encoding":"US-ASCII", "memsize":40, "flags":{"wb_protected":true}}
{"address":"0x7ffe49065c08", "type":"DATA", "class":"0x7ffe490c43e8", "frozen":true, "struct":"encoding", "memsize":40}
{"address":"0x7ffe49065c30", "type":"STRING", "class":"0x7ffe490be858", "frozen":true, "embedded":true, "fstring":true, "bytesize":5, "value":"CP855", "encoding":"US-ASCII", "memsize":40, "flags":{"wb_protected":true}}
{"address":"0x7ffe49065c58", "type":"DATA", "class":"0x7ffe490c43e8", "frozen":true, "struct":"encoding", "memsize":40}
{"address":"0x7ffe49065c80", "type":"STRING", "class":"0x7ffe490be858", "frozen":true, "embedded":true, "fstring":true, "bytesize":6, "value":"IBM855", "encoding":"US-ASCII", "memsize":40, "flags":{"wb_protected":true}}
{"address":"0x7ffe49065ca8", "type":"DATA", "class":"0x7ffe490c43e8", "frozen":true, "struct":"encoding", "memsize":40}
{"address":"0x7ffe49065cd0", "type":"STRING", "class":"0x7ffe490be858", "frozen":true, "embedded":true, "fstring":true, "bytesize":5, "value":"CP852", "encoding":"US-ASCII", "memsize":40, "flags":{"wb_protected":true}}
{"address":"0x7ffe49065cf8", "type":"DATA", "class":"0x7ffe490c43e8", "frozen":true, "struct":"encoding", "memsize":40}
{"address":"0x7ffe49065d20", "type":"STRING", "class":"0x7ffe490be858", "frozen":true, "embedded":true, "fstring":true, "bytesize":6, "value":"IBM852", "encoding":"US-ASCII", "memsize":40, "flags":{"wb_protected":true}}
{"address":"0x7ffe49065d48", "type":"DATA", "class":"0x7ffe490c43e8", "frozen":true, "struct":"encoding", "memsize":40}
{"address":"0x7ffe49065d70", "type":"STRING", "class":"0x7ffe490be858", "frozen":true, "embedded":true, "fstring":true, "bytesize":6, "value":"IBM850", "encoding":"US-ASCII", "memsize":40, "flags":{"wb_protected":true}}
{"address":"0x7ffe49065d98", "type":"STRING", "class":"0x7ffe490be858", "frozen":true, "embedded":true, "fstring":true, "bytesize":5, "value":"CP850", "encoding":"US-ASCII", "memsize":40, "flags":{"wb_protected":true}}
{"address":"0x7ffe49065dc0", "type":"DATA", "class":"0x7ffe490c43e8", "frozen":true, "struct":"encoding", "memsize":40}
{"address":"0x7ffe49065de8", "type":"STRING", "class":"0x7ffe490be858", "frozen":true, "embedded":true, "fstring":true, "bytesize":5, "value":"CP775", "encoding":"US-ASCII", "memsize":40, "flags":{"wb_protected":true}}
{"address":"0x7ffe49065e10", "type":"STRING", "class":"0x7ffe490be858", "frozen":true, "embedded":true, "fstring":true, "bytesize":6, "value":"IBM775", "encoding":"US-ASCII", "memsize":40, "flags":{"wb_protected":true}}
{"address":"0x7ffe49065e38", "type":"DATA", "class":"0x7ffe490c43e8", "frozen":true, "struct":"encoding", "memsize":40}
{"address":"0x7ffe49065e60", "type":"STRING", "class":"0x7ffe490be858", "frozen":true, "embedded":true, "fstring":true, "bytesize":5, "value":"CP737", "encoding":"US-ASCII", "memsize":40, "flags":{"wb_protected":true}}
{"address":"0x7ffe49065e88", "type":"STRING", "class":"0x7ffe490be858", "frozen":true, "embedded":true, "fstring":true, "bytesize":6, "value":"IBM737", "encoding":"US-ASCII", "memsize":40, "flags":{"wb_protected":true}}
{"address":"0x7ffe49065eb0", "type":"DATA", "class":"0x7ffe490c43e8", "frozen":true, "struct":"encoding", "memsize":40}
{"address":"0x7ffe49065ed8", "type":"STRING", "class":"0x7ffe490be858", "frozen":true, "embedded":true, "fstring":true, "bytesize":5, "value":"CP720", "encoding":"US-ASCII", "memsize":40, "flags":{"wb_protected":true}}
{"address":"0x7ffe49065f00", "type":"STRING", "class":"0x7ffe490be858", "frozen":true, "embedded":true, "fstring":true, "bytesize":6, "value":"IBM720", "encoding":"US-ASCII", "memsize":40, "flags":{"wb_protected":true}}
{"address":"0x7ffe49065f28", "type":"DATA", "class":"0x7ffe490c43e8", "frozen":true, "struct":"encoding", "memsize":40}
{"address":"0x7ffe49065f50", "type":"STRING", "class":"0x7ffe490be858", "frozen":true, "embedded":true, "fstring":true, "bytesize":5, "value":"CP437", "encoding":"US-ASCII", "memsize":40, "flags":{"wb_protected":true}}
{"address":"0x7ffe49065f78", "type":"STRING", "class":"0x7ffe490be858", "frozen":true, "embedded":true, "fstring":true, "bytesize":6, "value":"IBM437", "encoding":"US-ASCII", "memsize":40, "flags":{"wb_protected":true}}
{"address":"0x7ffe49065fa0", "type":"DATA", "class":"0x7ffe490c43e8", "frozen":true, "struct":"encoding", "memsize":40}
{"address":"0x7ffe49065fc8", "type":"STRING", "class":"0x7ffe490be858", "frozen":true, "embedded":true, "fstring":true, "bytesize":12, "value":"WINDOWS_1257", "encoding":"US-ASCII", "memsize":40, "flags":{"wb_protected":true}}
{"address":"0x7ffe49065ff0", "type":"STRING", "class":"0x7ffe490be858", "frozen":true, "embedded":true, "fstring":true, "bytesize":12, "value":"Windows_1257", "encoding":"US-ASCII", "memsize":40, "flags":{"wb_protected":true}}
{"address":"0x7ffe49066018", "type":"DATA", "class":"0x7ffe490c43e8", "frozen":true, "struct":"encoding", "memsize":40}
{"address":"0x7ffe49066040", "type":"STRING", "class":"0x7ffe490be858", "frozen":true, "embedded":true, "fstring":true, "bytesize":12, "value":"WINDOWS_1254", "encoding":"US-ASCII", "memsize":40, "flags":{"wb_protected":true}}
{"address":"0x7ffe49066068", "type":"STRING", "class":"0x7ffe490be858", "frozen":true, "embedded":true, "fstring":true, "bytesize":12, "value":"Windows_1254", "encoding":"US-ASCII", "memsize":40, "flags":{"wb_protected":true}}
{"address":"0x7ffe49066090", "type":"DATA", "class":"0x7ffe490c43e8", "frozen":true, "struct":"encoding", "memsize":40}
{"address":"0x7ffe490660b8", "type":"STRING", "class":"0x7ffe490be858", "frozen":true, "embedded":true, "fstring":true, "bytesize":12, "value":"WINDOWS_1253", "encoding":"US-ASCII", "memsize":40, "flags":{"wb_protected":true}}
{"address":"0x7ffe490660e0", "type":"STRING", "class":"0x7ffe490be858", "frozen":true, "embedded":true, "fstring":true, "bytesize":12, "value":"Windows_1253", "encoding":"US-ASCII", "memsize":40, "flags":{"wb_protected":true}}
{"address":"0x7ffe49066108", "type":"DATA", "class":"0x7ffe490c43e8", "frozen":true, "struct":"encoding", "memsize":40}
{"address":"0x7ffe49066130", "type":"STRING", "class":"0x7ffe490be858", "frozen":true, "embedded":true, "fstring":true, "bytesize":12, "value":"WINDOWS_1252", "encoding":"US-ASCII", "memsize":40, "flags":{"wb_protected":true}}
{"address":"0x7ffe49066158", "type":"STRING", "class":"0x7ffe490be858", "frozen":true, "embedded":true, "fstring":true, "bytesize":12, "value":"Windows_1252", "encoding":"US-ASCII", "memsize":40, "flags":{"wb_protected":true}}
{"address":"0x7ffe49066180", "type":"DATA", "class":"0x7ffe490c43e8", "frozen":true, "struct":"encoding", "memsize":40}
{"address":"0x7ffe490661a8", "type":"STRING", "class":"0x7ffe490be858", "frozen":true, "embedded":true, "fstring":true, "bytesize":12, "value":"WINDOWS_1251", "encoding":"US-ASCII", "memsize":40, "flags":{"wb_protected":true}}
{"address":"0x7ffe490661d0", "type":"STRING", "class":"0x7ffe490be858", "frozen":true, "embedded":true, "fstring":true, "bytesize":12, "value":"Windows_1251", "encoding":"US-ASCII", "memsize":40, "flags":{"wb_protected":true}}
{"address":"0x7ffe490661f8", "type":"DATA", "class":"0x7ffe490c43e8", "frozen":true, "struct":"encoding", "memsize":40}
{"address":"0x7ffe49066220", "type":"STRING", "class":"0x7ffe490be858", "frozen":true, "embedded":true, "fstring":true, "bytesize":12, "value":"WINDOWS_1250", "encoding":"US-ASCII", "memsize":40, "flags":{"wb_protected":true}}
{"address":"0x7ffe49066248", "type":"STRING", "class":"0x7ffe490be858", "frozen":true, "embedded":true, "fstring":true, "bytesize":12, "value":"Windows_1250", "encoding":"US-ASCII", "memsize":40, "flags":{"wb_protected":true}}
{"address":"0x7ffe49066270", "type":"DATA", "class":"0x7ffe490c43e8", "frozen":true, "struct":"encoding", "memsize":40}
{"address":"0x7ffe49066298", "type":"STRING", "class":"0x7ffe490be858", "frozen":true, "embedded":true, "fstring":true, "bytesize":11, "value":"WINDOWS_31J", "encoding":"US-ASCII", "memsize":40, "flags":{"wb_protected":true}}
{"address":"0x7ffe490662c0", "type":"STRING", "class":"0x7ffe490be858", "frozen":true, "embedded":true, "fstring":true, "bytesize":11, "value":"Windows_31J", "encoding":"US-ASCII", "memsize":40, "flags":{"wb_protected":true}}
{"address":"0x7ffe490662e8", "type":"STRING", "class":"0x7ffe490be858", "frozen":true, "embedded":true, "fstring":true, "bytesize":8, "value":"UTF_32LE", "encoding":"US-ASCII", "memsize":40, "flags":{"wb_protected":true}}
{"address":"0x7ffe49066310", "type":"STRING", "class":"0x7ffe490be858", "frozen":true, "embedded":true, "fstring":true, "bytesize":8, "value":"UTF_32BE", "encoding":"US-ASCII", "memsize":40, "flags":{"wb_protected":true}}
{"address":"0x7ffe49066338", "type":"STRING", "class":"0x7ffe490be858", "frozen":true, "embedded":true, "fstring":true, "bytesize":8, "value":"UTF_16LE", "encoding":"US-ASCII", "memsize":40, "flags":{"wb_protected":true}}
{"address":"0x7ffe49066360", "type":"STRING", "class":"0x7ffe490be858", "frozen":true, "embedded":true, "fstring":true, "bytesize":8, "value":"UTF_16BE", "encoding":"US-ASCII", "memsize":40, "flags":{"wb_protected":true}}
{"address":"0x7ffe49066388", "type":"STRING", "class":"0x7ffe490be858", "frozen":true, "embedded":true, "fstring":true, "bytesize":9, "value":"SHIFT_JIS", "encoding":"US-ASCII", "memsize":40, "flags":{"wb_protected":true}}
{"address":"0x7ffe490663b0", "type":"STRING", "class":"0x7ffe490be858", "frozen":true, "embedded":true, "fstring":true, "bytesize":9, "value":"Shift_JIS", "encoding":"US-ASCII", "memsize":40, "flags":{"wb_protected":true}}
{"address":"0x7ffe490663d8", "type":"DATA", "class":"0x7ffe490c43e8", "frozen":true, "struct":"encoding", "memsize":40}
{"address":"0x7ffe49066400", "type":"STRING", "class":"0x7ffe490be858", "frozen":true, "embedded":true, "fstring":true, "bytesize":6, "value":"KOI8_U", "encoding":"US-ASCII", "memsize":40, "flags":{"wb_protected":true}}
{"address":"0x7ffe49066428", "type":"DATA", "class":"0x7ffe490c43e8", "frozen":true, "struct":"encoding", "memsize":40}
{"address":"0x7ffe49066450", "type":"STRING", "class":"0x7ffe490be858", "frozen":true, "embedded":true, "fstring":true, "bytesize":6, "value":"KOI8_R", "encoding":"US-ASCII", "memsize":40, "flags":{"wb_protected":true}}
{"address":"0x7ffe49066478", "type":"DATA", "class":"0x7ffe490c43e8", "frozen":true, "struct":"encoding", "memsize":40}
{"address":"0x7ffe490664a0", "type":"STRING", "class":"0x7ffe490be858", "frozen":true, "embedded":true, "fstring":true, "bytesize":11, "value":"ISO_8859_16", "encoding":"US-ASCII", "memsize":40, "flags":{"wb_protected":true}}
{"address":"0x7ffe490664c8", "type":"DATA", "class":"0x7ffe490c43e8", "frozen":true, "struct":"encoding", "memsize":40}
{"address":"0x7ffe490664f0", "type":"STRING", "class":"0x7ffe490be858", "frozen":true, "embedded":true, "fstring":true, "bytesize":11, "value":"ISO_8859_15", "encoding":"US-ASCII", "memsize":40, "flags":{"wb_protected":true}}
{"address":"0x7ffe49066518", "type":"DATA", "class":"0x7ffe490c43e8", "frozen":true, "struct":"encoding", "memsize":40}
{"address":"0x7ffe49066540", "type":"STRING", "class":"0x7ffe490be858", "frozen":true, "embedded":true, "fstring":true, "bytesize":11, "value":"ISO_8859_14", "encoding":"US-ASCII", "memsize":40, "flags":{"wb_protected":true}}
{"address":"0x7ffe49066568", "type":"DATA", "class":"0x7ffe490c43e8", "frozen":true, "struct":"encoding", "memsize":40}
{"address":"0x7ffe49066590", "type":"STRING", "class":"0x7ffe490be858", "frozen":true, "embedded":true, "fstring":true, "bytesize":11, "value":"ISO_8859_13", "encoding":"US-ASCII", "memsize":40, "flags":{"wb_protected":true}}
{"address":"0x7ffe490665b8", "type":"DATA", "class":"0x7ffe490c43e8", "frozen":true, "struct":"encoding", "memsize":40}
{"address":"0x7ffe490665e0", "type":"STRING", "class":"0x7ffe490be858", "frozen":true, "embedded":true, "fstring":true, "bytesize":11, "value":"ISO_8859_11", "encoding":"US-ASCII", "memsize":40, "flags":{"wb_protected":true}}
{"address":"0x7ffe49066608", "type":"DATA", "class":"0x7ffe490c43e8", "frozen":true, "struct":"encoding", "memsize":40}
{"address":"0x7ffe49066630", "type":"STRING", "class":"0x7ffe490be858", "frozen":true, "embedded":true, "fstring":true, "bytesize":11, "value":"ISO_8859_10", "encoding":"US-ASCII", "memsize":40, "flags":{"wb_protected":true}}
{"address":"0x7ffe49066658", "type":"DATA", "class":"0x7ffe490c43e8", "frozen":true, "struct":"encoding", "memsize":40}
{"address":"0x7ffe49066680", "type":"STRING", "class":"0x7ffe490be858", "frozen":true, "embedded":true, "fstring":true, "bytesize":10, "value":"ISO_8859_9", "encoding":"US-ASCII", "memsize":40, "flags":{"wb_protected":true}}
{"address":"0x7ffe490666a8", "type":"DATA", "class":"0x7ffe490c43e8", "frozen":true, "struct":"encoding", "memsize":40}
{"address":"0x7ffe490666d0", "type":"STRING", "class":"0x7ffe490be858", "frozen":true, "embedded":true, "fstring":true, "bytesize":10, "value":"ISO_8859_8", "encoding":"US-ASCII", "memsize":40, "flags":{"wb_protected":true}}
{"address":"0x7ffe490666f8", "type":"DATA", "class":"0x7ffe490c43e8", "frozen":true, "struct":"encoding", "memsize":40}
{"address":"0x7ffe49066720", "type":"STRING", "class":"0x7ffe490be858", "frozen":true, "embedded":true, "fstring":true, "bytesize":10, "value":"ISO_8859_7", "encoding":"US-ASCII", "memsize":40, "flags":{"wb_protected":true}}
{"address":"0x7ffe49066748", "type":"DATA", "class":"0x7ffe490c43e8", "frozen":true, "struct":"encoding", "memsize":40}
{"address":"0x7ffe49066770", "type":"STRING", "class":"0x7ffe490be858", "frozen":true, "embedded":true, "fstring":true, "bytesize":10, "value":"ISO_8859_6", "encoding":"US-ASCII", "memsize":40, "flags":{"wb_protected":true}}
{"address":"0x7ffe49066798", "type":"DATA", "class":"0x7ffe490c43e8", "frozen":true, "struct":"encoding", "memsize":40}
{"address":"0x7ffe490667c0", "type":"STRING", "class":"0x7ffe490be858", "frozen":true, "embedded":true, "fstring":true, "bytesize":10, "value":"ISO_8859_5", "encoding":"US-ASCII", "memsize":40, "flags":{"wb_protected":true}}
{"address":"0x7ffe490667e8", "type":"DATA", "class":"0x7ffe490c43e8", "frozen":true, "struct":"encoding", "memsize":40}
{"address":"0x7ffe49066810", "type":"STRING", "class":"0x7ffe490be858", "frozen":true, "embedded":true, "fstring":true, "bytesize":10, "value":"ISO_8859_4", "encoding":"US-ASCII", "memsize":40, "flags":{"wb_protected":true}}
{"address":"0x7ffe49066838", "type":"DATA", "class":"0x7ffe490c43e8", "frozen":true, "struct":"encoding", "memsize":40}
{"address":"0x7ffe49066860", "type":"STRING", "class":"0x7ffe490be858", "frozen":true, "embedded":true, "fstring":true, "bytesize":10, "value":"ISO_8859_3", "encoding":"US-ASCII", "memsize":40, "flags":{"wb_protected":true}}
{"address":"0x7ffe49066888", "type":"DATA", "class":"0x7ffe490c43e8", "frozen":true, "struct":"encoding", "memsize":40}
{"address":"0x7ffe490668b0", "type":"STRING", "class":"0x7ffe490be858", "frozen":true, "embedded":true, "fstring":true, "bytesize":10, "value":"ISO_8859_2", "encoding":"US-ASCII", "memsize":40, "flags":{"wb_protected":true}}
{"address":"0x7ffe490668d8", "type":"DATA", "class":"0x7ffe490c43e8", "frozen":true, "struct":"encoding", "memsize":40}
{"address":"0x7ffe49066900", "type":"STRING", "class":"0x7ffe490be858", "frozen":true, "embedded":true, "fstring":true, "bytesize":10, "value":"ISO_8859_1", "encoding":"US-ASCII", "memsize":40, "flags":{"wb_protected":true}}
{"address":"0x7ffe49066928", "type":"DATA", "class":"0x7ffe490c43e8", "frozen":true, "struct":"encoding", "memsize":40}
{"address":"0x7ffe49066950", "type":"STRING", "class":"0x7ffe490be858", "frozen":true, "embedded":true, "fstring":true, "bytesize":3, "value":"GBK", "encoding":"US-ASCII", "memsize":40, "flags":{"wb_protected":true}}
{"address":"0x7ffe49066978", "type":"DATA", "class":"0x7ffe490c43e8", "frozen":true, "struct":"encoding", "memsize":40}
{"address":"0x7ffe490669a0", "type":"STRING", "class":"0x7ffe490be858", "frozen":true, "embedded":true, "fstring":true, "bytesize":7, "value":"GB18030", "encoding":"US-ASCII", "memsize":40, "flags":{"wb_protected":true}}
{"address":"0x7ffe490669c8", "type":"DATA", "class":"0x7ffe490c43e8", "frozen":true, "struct":"encoding", "memsize":40}
{"address":"0x7ffe490669f0", "type":"STRING", "class":"0x7ffe490be858", "frozen":true, "embedded":true, "fstring":true, "bytesize":6, "value":"EUC_TW", "encoding":"US-ASCII", "memsize":40, "flags":{"wb_protected":true}}
{"address":"0x7ffe49066a18", "type":"DATA", "class":"0x7ffe490c43e8", "frozen":true, "struct":"encoding", "memsize":40}
{"address":"0x7ffe49066a40", "type":"STRING", "class":"0x7ffe490be858", "frozen":true, "embedded":true, "fstring":true, "bytesize":6, "value":"EUC_KR", "encoding":"US-ASCII", "memsize":40, "flags":{"wb_protected":true}}
{"address":"0x7ffe49066a68", "type":"DATA", "class":"0x7ffe490c43e8", "frozen":true, "struct":"encoding", "memsize":40}
{"address":"0x7ffe49066a90", "type":"STRING", "class":"0x7ffe490be858", "frozen":true, "embedded":true, "fstring":true, "bytesize":6, "value":"EUC_JP", "encoding":"US-ASCII", "memsize":40, "flags":{"wb_protected":true}}
{"address":"0x7ffe49066ab8", "type":"STRING", "class":"0x7ffe490be858", "frozen":true, "embedded":true, "fstring":true, "bytesize":10, "value":"EMACS_MULE", "encoding":"US-ASCII", "memsize":40, "flags":{"wb_protected":true}}
{"address":"0x7ffe49066ae0", "type":"STRING", "class":"0x7ffe490be858", "frozen":true, "embedded":true, "fstring":true, "bytesize":10, "value":"Emacs_Mule", "encoding":"US-ASCII", "memsize":40, "flags":{"wb_protected":true}}
{"address":"0x7ffe49066b08", "type":"DATA", "class":"0x7ffe490c43e8", "frozen":true, "struct":"encoding", "memsize":40}
{"address":"0x7ffe49066b30", "type":"STRING", "class":"0x7ffe490be858", "frozen":true, "embedded":true, "fstring":true, "bytesize":5, "value":"CP949", "encoding":"US-ASCII", "memsize":40, "flags":{"wb_protected":true}}
{"address":"0x7ffe49066b58", "type":"DATA", "class":"0x7ffe490c43e8", "frozen":true, "struct":"encoding", "memsize":40}
{"address":"0x7ffe49066b80", "type":"STRING", "class":"0x7ffe490be858", "frozen":true, "embedded":true, "fstring":true, "bytesize":6, "value":"CESU_8", "encoding":"US-ASCII", "memsize":40, "flags":{"wb_protected":true}}
{"address":"0x7ffe49066ba8", "type":"DATA", "class":"0x7ffe490c43e8", "frozen":true, "struct":"encoding", "memsize":40}
{"address":"0x7ffe49066bd0", "type":"STRING", "class":"0x7ffe490be858", "frozen":true, "embedded":true, "fstring":true, "bytesize":8, "value":"BIG5_UAO", "encoding":"US-ASCII", "memsize":40, "flags":{"wb_protected":true}}
{"address":"0x7ffe49066bf8", "type":"STRING", "class":"0x7ffe490be858", "frozen":true, "embedded":true, "fstring":true, "bytesize":8, "value":"Big5_UAO", "encoding":"US-ASCII", "memsize":40, "flags":{"wb_protected":true}}
{"address":"0x7ffe49066c20", "type":"DATA", "class":"0x7ffe490c43e8", "frozen":true, "struct":"encoding", "memsize":40}
{"address":"0x7ffe49066c48", "type":"STRING", "class":"0x7ffe490be858", "frozen":true, "embedded":true, "fstring":true, "bytesize":10, "value":"BIG5_HKSCS", "encoding":"US-ASCII", "memsize":40, "flags":{"wb_protected":true}}
{"address":"0x7ffe49066c70", "type":"STRING", "class":"0x7ffe490be858", "frozen":true, "embedded":true, "fstring":true, "bytesize":10, "value":"Big5_HKSCS", "encoding":"US-ASCII", "memsize":40, "flags":{"wb_protected":true}}
{"address":"0x7ffe49066c98", "type":"DATA", "class":"0x7ffe490c43e8", "frozen":true, "struct":"encoding", "memsize":40}
{"address":"0x7ffe49066cc0", "type":"STRING", "class":"0x7ffe490be858", "frozen":true, "embedded":true, "fstring":true, "bytesize":4, "value":"BIG5", "encoding":"US-ASCII", "memsize":40, "flags":{"wb_protected":true}}
{"address":"0x7ffe49066ce8", "type":"STRING", "class":"0x7ffe490be858", "frozen":true, "embedded":true, "fstring":true, "bytesize":4, "value":"Big5", "encoding":"US-ASCII", "memsize":40, "flags":{"wb_protected":true}}
{"address":"0x7ffe49066d10", "type":"DATA", "class":"0x7ffe490c43e8", "frozen":true, "struct":"encoding", "memsize":40}
{"address":"0x7ffe49066d38", "type":"STRING", "class":"0x7ffe490be858", "frozen":true, "embedded":true, "fstring":true, "bytesize":8, "value":"US_ASCII", "encoding":"US-ASCII", "memsize":40, "flags":{"wb_protected":true}}
{"address":"0x7ffe49066d60", "type":"STRING", "class":"0x7ffe490be858", "frozen":true, "embedded":true, "fstring":true, "bytesize":5, "value":"UTF_8", "encoding":"US-ASCII", "memsize":40, "flags":{"wb_protected":true}}
{"address":"0x7ffe49066d88", "type":"STRING", "class":"0x7ffe490be858", "frozen":true, "embedded":true, "fstring":true, "bytesize":10, "value":"ASCII_8BIT", "encoding":"US-ASCII", "memsize":40, "flags":{"wb_protected":true}}
{"address":"0x7ffe49066db0", "type":"IMEMO", "class":"0x8", "imemo_type":"cref", "references":["0x7ffe490c68a0"], "memsize":40, "flags":{"wb_protected":true}}
{"address":"0x7ffe49066dd8", "type":"ARRAY", "class":"0x7ffe490a67f8", "frozen":true, "length":2, "embedded":true, "references":["0x7ffe49066e78"], "memsize":40, "flags":{"wb_protected":true}}
{"address":"0x7ffe49066e00", "type":"IMEMO", "imemo_type":"iseq", "references":["0x7ffe49066e78", "0x7ffe49066e78", "0x7ffe49066dd8"], "memsize":364, "flags":{"wb_protected":true}}
{"address":"0x7ffe49066e28", "type":"DATA", "struct":"thread_shield", "memsize":40}
{"address":"0x7ffe49066e50", "type":"DATA", "struct":"mutex", "memsize":72}
{"address":"0x7ffe49066e78", "type":"STRING", "class":"0x7ffe490be858", "frozen":true, "fstring":true, "bytesize":65, "capacity":120, "value":"/opt/rubies/3.0.0/lib/ruby/3.0.0/x86_64-darwin19/enc/encdb.bundle", "encoding":"US-ASCII", "memsize":161, "flags":{"wb_protected":true}}
{"address":"0x7ffe49066ea0", "type":"STRING", "class":"0x7ffe490be858", "frozen":true, "embedded":true, "bytesize":16, "value":"enc/encdb.bundle", "memsize":40, "flags":{"wb_protected":true}}
{"address":"0x7ffe49066ef0", "type":"STRING", "class":"0x7ffe490be858", "frozen":true, "fstring":true, "bytesize":48, "value":"/opt/rubies/3.0.0/lib/ruby/3.0.0/x86_64-darwin19", "memsize":89, "flags":{"wb_protected":true}}
{"address":"0x7ffe49066f18", "type":"STRING", "class":"0x7ffe490be858", "shared":true, "references":["0x7ffe49066ef0"], "memsize":40, "flags":{"wb_protected":true}}
{"address":"0x7ffe49066f40", "type":"STRING", "class":"0x7ffe490be858", "frozen":true, "fstring":true, "bytesize":32, "value":"/opt/rubies/3.0.0/lib/ruby/3.0.0", "memsize":73, "flags":{"wb_protected":true}}
{"address":"0x7ffe49066f68", "type":"STRING", "class":"0x7ffe490be858", "shared":true, "references":["0x7ffe49066f40"], "memsize":40, "flags":{"wb_protected":true}}
{"address":"0x7ffe49066f90", "type":"STRING", "class":"0x7ffe490be858", "frozen":true, "fstring":true, "bytesize":38, "value":"/opt/rubies/3.0.0/lib/ruby/vendor_ruby", "memsize":79, "flags":{"wb_protected":true}}
{"address":"0x7ffe49066fb8", "type":"STRING", "class":"0x7ffe490be858", "shared":true, "references":["0x7ffe49066f90"], "memsize":40, "flags":{"wb_protected":true}}
{"address":"0x7ffe49066fe0", "type":"STRING", "class":"0x7ffe490be858", "frozen":true, "fstring":true, "bytesize":60, "value":"/opt/rubies/3.0.0/lib/ruby/vendor_ruby/3.0.0/x86_64-darwin19", "memsize":101, "flags":{"wb_protected":true}}
{"address":"0x7ffe49067008", "type":"STRING", "class":"0x7ffe490be858", "shared":true, "references":["0x7ffe49066fe0"], "memsize":40, "flags":{"wb_protected":true}}
{"address":"0x7ffe49067030", "type":"STRING", "class":"0x7ffe490be858", "frozen":true, "fstring":true, "bytesize":44, "value":"/opt/rubies/3.0.0/lib/ruby/vendor_ruby/3.0.0", "memsize":85, "flags":{"wb_protected":true}}
{"address":"0x7ffe49067058", "type":"STRING", "class":"0x7ffe490be858", "shared":true, "references":["0x7ffe49067030"], "memsize":40, "flags":{"wb_protected":true}}
{"address":"0x7ffe49067080", "type":"STRING", "class":"0x7ffe490be858", "frozen":true, "fstring":true, "bytesize":36, "value":"/opt/rubies/3.0.0/lib/ruby/site_ruby", "memsize":77, "flags":{"wb_protected":true}}
{"address":"0x7ffe490670a8", "type":"STRING", "class":"0x7ffe490be858", "shared":true, "references":["0x7ffe49067080"], "memsize":40, "flags":{"wb_protected":true}}
{"address":"0x7ffe490670d0", "type":"STRING", "class":"0x7ffe490be858", "frozen":true, "fstring":true, "bytesize":58, "value":"/opt/rubies/3.0.0/lib/ruby/site_ruby/3.0.0/x86_64-darwin19", "memsize":99, "flags":{"wb_protected":true}}
{"address":"0x7ffe490670f8", "type":"STRING", "class":"0x7ffe490be858", "shared":true, "references":["0x7ffe490670d0"], "memsize":40, "flags":{"wb_protected":true}}
{"address":"0x7ffe49067120", "type":"STRING", "class":"0x7ffe490be858", "frozen":true, "fstring":true, "bytesize":42, "value":"/opt/rubies/3.0.0/lib/ruby/site_ruby/3.0.0", "memsize":83, "flags":{"wb_protected":true}}
{"address":"0x7ffe49067148", "type":"STRING", "class":"0x7ffe490be858", "shared":true, "references":["0x7ffe49067120"], "memsize":40, "flags":{"wb_protected":true}}
{"address":"0x7ffe49067170", "type":"ARRAY", "frozen":true, "length":8, "references":["0x7ffe49067120", "0x7ffe490670d0", "0x7ffe49067080", "0x7ffe49067030", "0x7ffe49066fe0", "0x7ffe49066f90", "0x7ffe49066f40", "0x7ffe49066ef0"], "memsize":104, "flags":{"wb_protected":true}}
{"address":"0x7ffe49067198", "type":"STRING", "class":"0x7ffe490be858", "frozen":true, "embedded":true, "bytesize":12, "value":"enc/encdb.so", "memsize":40, "flags":{"wb_protected":true}}
{"address":"0x7ffe490671c0", "type":"STRING", "class":"0x7ffe490be858", "frozen":true, "embedded":true, "fstring":true, "bytesize":16, "value":"RUBY_DESCRIPTION", "encoding":"US-ASCII", "memsize":40, "flags":{"wb_protected":true}}
{"address":"0x7ffe490671e8", "type":"STRING", "class":"0x7ffe490be858", "frozen":true, "bytesize":63, "value":"ruby 3.0.0p0 (2020-12-25 revision 95aff21468) [x86_64-darwin19]", "encoding":"US-ASCII", "memsize":40, "flags":{"wb_protected":true}}
{"address":"0x7ffe49067210", "type":"STRING", "class":"0x7ffe490be858", "frozen":true, "embedded":true, "fstring":true, "bytesize":15, "value":"TMP_RUBY_PREFIX", "encoding":"US-ASCII", "memsize":40, "flags":{"wb_protected":true}}
{"address":"0x7ffe49067238", "type":"STRING", "class":"0x7ffe490be858", "frozen":true, "bytesize":48, "value":"/opt/rubies/3.0.0/lib/ruby/3.0.0/x86_64-darwin19", "references":["0x7ffe49067238"], "memsize":105, "flags":{"wb_protected":true}}
{"address":"0x7ffe49067260", "type":"STRING", "class":"0x7ffe490be858", "frozen":true, "bytesize":32, "value":"/opt/rubies/3.0.0/lib/ruby/3.0.0", "references":["0x7ffe49067260"], "memsize":89, "flags":{"wb_protected":true}}
{"address":"0x7ffe49067288", "type":"STRING", "class":"0x7ffe490be858", "frozen":true, "bytesize":38, "value":"/opt/rubies/3.0.0/lib/ruby/vendor_ruby", "references":["0x7ffe49067288"], "memsize":95, "flags":{"wb_protected":true}}
{"address":"0x7ffe490672b0", "type":"STRING", "class":"0x7ffe490be858", "frozen":true, "bytesize":60, "value":"/opt/rubies/3.0.0/lib/ruby/vendor_ruby/3.0.0/x86_64-darwin19", "references":["0x7ffe490672b0"], "memsize":117, "flags":{"wb_protected":true}}
{"address":"0x7ffe490672d8", "type":"STRING", "class":"0x7ffe490be858", "frozen":true, "bytesize":44, "value":"/opt/rubies/3.0.0/lib/ruby/vendor_ruby/3.0.0", "references":["0x7ffe490672d8"], "memsize":101, "flags":{"wb_protected":true}}
{"address":"0x7ffe49067300", "type":"STRING", "class":"0x7ffe490be858", "frozen":true, "bytesize":36, "value":"/opt/rubies/3.0.0/lib/ruby/site_ruby", "references":["0x7ffe49067300"], "memsize":93, "flags":{"wb_protected":true}}
{"address":"0x7ffe49067328", "type":"STRING", "class":"0x7ffe490be858", "frozen":true, "bytesize":58, "value":"/opt/rubies/3.0.0/lib/ruby/site_ruby/3.0.0/x86_64-darwin19", "references":["0x7ffe49067328"], "memsize":115, "flags":{"wb_protected":true}}
{"address":"0x7ffe49067350", "type":"STRING", "class":"0x7ffe490be858", "frozen":true, "bytesize":42, "value":"/opt/rubies/3.0.0/lib/ruby/site_ruby/3.0.0", "references":["0x7ffe49067350"], "memsize":99, "flags":{"wb_protected":true}}
{"address":"0x7ffe49067378", "type":"STRING", "class":"0x7ffe490be858", "frozen":true, "embedded":true, "fstring":true, "bytesize":18, "value":"@gem_prelude_index", "encoding":"US-ASCII", "memsize":40, "flags":{"wb_protected":true}}
{"address":"0x7ffe490673a0", "type":"STRING", "class":"0x7ffe490be858", "frozen":true, "embedded":true, "bytesize":17, "value":"/opt/rubies/3.0.0", "memsize":40, "flags":{"wb_protected":true}}
{"address":"0x7ffe490673c8", "type":"STRING", "class":"0x7ffe490be858", "frozen":true, "embedded":true, "bytesize":22, "value":"/tmp/dump-singleton.rb", "encoding":"UTF-8", "memsize":40, "flags":{"wb_protected":true}}
{"address":"0x7ffe490673f0", "type":"STRING", "class":"0x7ffe490be858", "frozen":true, "embedded":true, "bytesize":4, "value":"ruby", "memsize":40, "flags":{"wb_protected":true}}
{"address":"0x7ffe49067418", "type":"ARRAY", "class":"0x7ffe490a67f8", "frozen":true, "length":2, "embedded":true, "references":["0x7ffe49067440"], "memsize":40, "flags":{"wb_protected":true}}
{"address":"0x7ffe49067440", "type":"STRING", "class":"0x7ffe490be858", "frozen":true, "embedded":true, "fstring":true, "bytesize":4, "value":"ruby", "memsize":40, "flags":{"wb_protected":true}}
{"address":"0x7ffe49067468", "type":"STRING", "class":"0x7ffe490be858", "embedded":true, "bytesize":4, "value":"ruby", "memsize":40, "flags":{"wb_protected":true}}
{"address":"0x7ffe49067490", "type":"STRING", "class":"0x7ffe490be858", "frozen":true, "embedded":true, "bytesize":4, "value":"ruby", "encoding":"UTF-8", "memsize":40, "flags":{"wb_protected":true}}
{"address":"0x7ffe490674b8", "type":"STRING", "class":"0x7ffe490be858", "frozen":true, "embedded":true, "fstring":true, "bytesize":4, "value":"ARGV", "encoding":"US-ASCII", "memsize":40, "flags":{"wb_protected":true}}
{"address":"0x7ffe490674e0", "type":"IMEMO", "class":"0x7ffe49075018", "imemo_type":"ment", "memsize":48, "flags":{"wb_protected":true}}
{"address":"0x7ffe49067508", "type":"IMEMO", "imemo_type":"ment", "references":["0x7ffe49075090"], "memsize":48, "flags":{"wb_protected":true}}
{"address":"0x7ffe49067530", "type":"STRING", "class":"0x7ffe490be858", "frozen":true, "embedded":true, "fstring":true, "bytesize":12, "value":"setproctitle", "encoding":"US-ASCII", "memsize":40, "flags":{"wb_protected":true}}
{"address":"0x7ffe49067558", "type":"IMEMO", "class":"0x7ffe49075018", "imemo_type":"ment", "memsize":48, "flags":{"wb_protected":true}}
{"address":"0x7ffe49067580", "type":"IMEMO", "imemo_type":"ment", "references":["0x7ffe49075090"], "memsize":48, "flags":{"wb_protected":true}}
{"address":"0x7ffe490675a8", "type":"STRING", "class":"0x7ffe490be858", "frozen":true, "embedded":true, "fstring":true, "bytesize":5, "value":"argv0", "encoding":"US-ASCII", "memsize":40, "flags":{"wb_protected":true}}
{"address":"0x7ffe490675d0", "type":"STRING", "class":"0x7ffe490be858", "frozen":true, "embedded":true, "fstring":true, "bytesize":13, "value":"$PROGRAM_NAME", "encoding":"US-ASCII", "memsize":40, "flags":{"wb_protected":true}}
{"address":"0x7ffe490675f8", "type":"STRING", "class":"0x7ffe490be858", "frozen":true, "embedded":true, "fstring":true, "bytesize":2, "value":"$0", "encoding":"US-ASCII", "memsize":40, "flags":{"wb_protected":true}}
{"address":"0x7ffe49067620", "type":"STRING", "class":"0x7ffe490be858", "frozen":true, "embedded":true, "fstring":true, "bytesize":3, "value":"$-d", "encoding":"US-ASCII", "memsize":40, "flags":{"wb_protected":true}}
{"address":"0x7ffe49067648", "type":"STRING", "class":"0x7ffe490be858", "frozen":true, "embedded":true, "fstring":true, "bytesize":6, "value":"$DEBUG", "encoding":"US-ASCII", "memsize":40, "flags":{"wb_protected":true}}
{"address":"0x7ffe49067670", "type":"STRING", "class":"0x7ffe490be858", "frozen":true, "embedded":true, "fstring":true, "bytesize":3, "value":"$-W", "encoding":"US-ASCII", "memsize":40, "flags":{"wb_protected":true}}
{"address":"0x7ffe49067698", "type":"STRING", "class":"0x7ffe490be858", "frozen":true, "embedded":true, "fstring":true, "bytesize":3, "value":"$-w", "encoding":"US-ASCII", "memsize":40, "flags":{"wb_protected":true}}
{"address":"0x7ffe490676c0", "type":"STRING", "class":"0x7ffe490be858", "frozen":true, "embedded":true, "fstring":true, "bytesize":3, "value":"$-v", "encoding":"US-ASCII", "memsize":40, "flags":{"wb_protected":true}}
{"address":"0x7ffe490676e8", "type":"STRING", "class":"0x7ffe490be858", "frozen":true, "embedded":true, "fstring":true, "bytesize":8, "value":"$VERBOSE", "encoding":"US-ASCII", "memsize":40, "flags":{"wb_protected":true}}
{"address":"0x7ffe49067710", "type":"STRING", "class":"0x7ffe490be858", "frozen":true, "bytesize":32, "capacity":53, "value":"RubyVM::AbstractSyntaxTree::Node", "encoding":"US-ASCII", "memsize":94, "flags":{"wb_protected":true}}
{"address":"0x7ffe49067738", "type":"CLASS", "class":"0x7ffe490c5770", "references":["0x7ffe490c5720", "0x7ffe490c6468", "0x7ffe49067760"], "memsize":584, "flags":{"wb_protected":true}}
{"address":"0x7ffe49067760", "type":"CLASS", "class":"0x7ffe49067738", "name":"RubyVM::AbstractSyntaxTree::Node", "references":["0x7ffe490c68a0", "0x7ffe490556a0", "0x7ffe49055768", "0x7ffe49055718", "0x7ffe490556f0", "0x7ffe490556c8", "0x7ffe49055740", "0x7ffe49055678", "0x7ffe49067710"], "memsize":728, "flags":{"wb_protected":true}}
{"address":"0x7ffe49067788", "type":"STRING", "class":"0x7ffe490be858", "frozen":true, "embedded":true, "fstring":true, "bytesize":4, "value":"Node", "encoding":"US-ASCII", "memsize":40, "flags":{"wb_protected":true}}
{"address":"0x7ffe490677b0", "type":"STRING", "class":"0x7ffe490be858", "frozen":true, "bytesize":26, "capacity":47, "value":"RubyVM::AbstractSyntaxTree", "encoding":"US-ASCII", "memsize":88, "flags":{"wb_protected":true}}
{"address":"0x7ffe490677d8", "type":"STRING", "class":"0x7ffe490be858", "frozen":true, "bytesize":26, "capacity":47, "value":"RubyVM::AbstractSyntaxTree", "encoding":"US-ASCII", "memsize":88, "flags":{"wb_protected":true}}
{"address":"0x7ffe49067800", "type":"MODULE", "class":"0x7ffe49055830", "name":"RubyVM::AbstractSyntaxTree", "references":["0x7ffe490677b0", "0x7ffe49067760", "0x7ffe49067a58"], "memsize":560, "flags":{"wb_protected":true}}
{"address":"0x7ffe49067828", "type":"STRING", "class":"0x7ffe490be858", "frozen":true, "embedded":true, "fstring":true, "bytesize":18, "value":"AbstractSyntaxTree", "encoding":"US-ASCII", "memsize":40, "flags":{"wb_protected":true}}
{"address":"0x7ffe49067850", "type":"CLASS", "class":"0x7ffe49054250", "references":["0x7ffe490c5720", "0x7ffe490541b0", "0x7ffe490541d8", "0x7ffe49054228", "0x7ffe490c6468", "0x7ffe490c66c0", "0x7ffe49067878"], "memsize":672, "flags":{"wb_protected":true}}
{"address":"0x7ffe49067878", "type":"CLASS", "class":"0x7ffe49067850", "name":"TracePoint", "references":["0x7ffe490c68a0", "0x7ffe4904ff70", "0x7ffe4904ff48", "0x7ffe4904ff20", "0x7ffe4904fef8", "0x7ffe490540c0", "0x7ffe49054138", "0x7ffe49054188", "0x7ffe49054098", "0x7ffe49054160", "0x7ffe49054200", "0x7ffe4904ffc0", "0x7ffe490540e8", "0x7ffe49054110", "0x7ffe49054070", "0x7ffe49054048", "0x7ffe49054020", "0x7ffe4904ff98", "0x7ffe490678a0"], "memsize":984, "flags":{"wb_protected":true}}
{"address":"0x7ffe490678a0", "type":"STRING", "class":"0x7ffe490be858", "frozen":true, "embedded":true, "fstring":true, "bytesize":10, "value":"TracePoint", "encoding":"US-ASCII", "memsize":40, "flags":{"wb_protected":true}}
{"address":"0x7ffe490678c8", "type":"IMEMO", "class":"0x7ffe4907e2a8", "imemo_type":"ment", "memsize":48, "flags":{"wb_protected":true}}
{"address":"0x7ffe490678f0", "type":"STRING", "class":"0x7ffe490be858", "frozen":true, "embedded":true, "fstring":true, "bytesize":14, "value":"add_trace_func", "encoding":"US-ASCII", "memsize":40, "flags":{"wb_protected":true}}
{"address":"0x7ffe49067918", "type":"IMEMO", "class":"0x7ffe4907e2a8", "imemo_type":"ment", "memsize":48, "flags":{"wb_protected":true}}
{"address":"0x7ffe49067940", "type":"IMEMO", "class":"0x7ffe490c5a90", "imemo_type":"ment", "memsize":48, "flags":{"wb_protected":true}}
{"address":"0x7ffe49067968", "type":"IMEMO", "imemo_type":"ment", "references":["0x7ffe490c6620"], "memsize":48, "flags":{"wb_protected":true}}
{"address":"0x7ffe49067990", "type":"STRING", "class":"0x7ffe490be858", "frozen":true, "embedded":true, "fstring":true, "bytesize":14, "value":"set_trace_func", "encoding":"US-ASCII", "memsize":40, "flags":{"wb_protected":true}}
{"address":"0x7ffe490679e0", "type":"STRING", "class":"0x7ffe490be858", "frozen":true, "fstring":true, "bytesize":17, "value":"ruby2_keywords.rb", "encoding":"US-ASCII", "memsize":40, "flags":{"wb_protected":true}}
{"address":"0x7ffe49067a08", "type":"STRING", "class":"0x7ffe490be858", "frozen":true, "embedded":true, "fstring":true, "bytesize":19, "value":"RUBY_ENGINE_VERSION", "encoding":"US-ASCII", "memsize":40, "flags":{"wb_protected":true}}
{"address":"0x7ffe49067a30", "type":"ARRAY", "class":"0x7ffe490a67f8", "frozen":true, "length":2, "embedded":true, "references":["0x7ffe49067a58"], "memsize":40, "flags":{"wb_protected":true}}
{"address":"0x7ffe49067a58", "type":"STRING", "class":"0x7ffe490be858", "frozen":true, "embedded":true, "fstring":true, "bytesize":4, "value":"ruby", "encoding":"US-ASCII", "memsize":40, "flags":{"wb_protected":true}}
{"address":"0x7ffe49067a80", "type":"STRING", "class":"0x7ffe490be858", "embedded":true, "bytesize":4, "value":"ruby", "encoding":"US-ASCII", "memsize":40, "flags":{"wb_protected":true}}
{"address":"0x7ffe49067aa8", "type":"STRING", "class":"0x7ffe490be858", "shared":true, "encoding":"US-ASCII", "references":["0x7ffe49067af8"], "memsize":40, "flags":{"wb_protected":true}}
{"address":"0x7ffe49067ad0", "type":"STRING", "class":"0x7ffe490be858", "frozen":true, "embedded":true, "fstring":true, "bytesize":11, "value":"RUBY_ENGINE", "encoding":"US-ASCII", "memsize":40, "flags":{"wb_protected":true}}
{"address":"0x7ffe49067af8", "type":"STRING", "class":"0x7ffe490be858", "frozen":true, "bytesize":4, "value":"ruby", "encoding":"US-ASCII", "memsize":40, "flags":{"wb_protected":true}}
{"address":"0x7ffe49067b20", "type":"STRING", "class":"0x7ffe490be858", "frozen":true, "embedded":true, "fstring":true, "bytesize":14, "value":"RUBY_COPYRIGHT", "encoding":"US-ASCII", "memsize":40, "flags":{"wb_protected":true}}
{"address":"0x7ffe49067b48", "type":"STRING", "class":"0x7ffe490be858", "frozen":true, "bytesize":49, "value":"ruby - Copyright (C) 1993-2020 Yukihiro Matsumoto", "encoding":"US-ASCII", "memsize":40, "flags":{"wb_protected":true}}
{"address":"0x7ffe49067b70", "type":"STRING", "class":"0x7ffe490be858", "frozen":true, "embedded":true, "fstring":true, "bytesize":13, "value":"RUBY_REVISION", "encoding":"US-ASCII", "memsize":40, "flags":{"wb_protected":true}}
{"address":"0x7ffe49067b98", "type":"STRING", "class":"0x7ffe490be858", "frozen":true, "bytesize":40, "value":"95aff214687a5e12c3eb57d056665741e734c188", "encoding":"US-ASCII", "memsize":40, "flags":{"wb_protected":true}}
{"address":"0x7ffe49067bc0", "type":"STRING", "class":"0x7ffe490be858", "frozen":true, "embedded":true, "fstring":true, "bytesize":15, "value":"RUBY_PATCHLEVEL", "encoding":"US-ASCII", "memsize":40, "flags":{"wb_protected":true}}
{"address":"0x7ffe49067be8", "type":"STRING", "class":"0x7ffe490be858", "frozen":true, "embedded":true, "fstring":true, "bytesize":13, "value":"RUBY_PLATFORM", "encoding":"US-ASCII", "memsize":40, "flags":{"wb_protected":true}}
{"address":"0x7ffe49067c10", "type":"STRING", "class":"0x7ffe490be858", "frozen":true, "bytesize":15, "value":"x86_64-darwin19", "encoding":"US-ASCII", "memsize":40, "flags":{"wb_protected":true}}
{"address":"0x7ffe49067c38", "type":"STRING", "class":"0x7ffe490be858", "frozen":true, "embedded":true, "fstring":true, "bytesize":17, "value":"RUBY_RELEASE_DATE", "encoding":"US-ASCII", "memsize":40, "flags":{"wb_protected":true}}
{"address":"0x7ffe49067c60", "type":"STRING", "class":"0x7ffe490be858", "frozen":true, "bytesize":10, "value":"2020-12-25", "encoding":"US-ASCII", "memsize":40, "flags":{"wb_protected":true}}
{"address":"0x7ffe49067c88", "type":"STRING", "class":"0x7ffe490be858", "frozen":true, "embedded":true, "fstring":true, "bytesize":12, "value":"RUBY_VERSION", "encoding":"US-ASCII", "memsize":40, "flags":{"wb_protected":true}}
{"address":"0x7ffe49067cb0", "type":"STRING", "class":"0x7ffe490be858", "frozen":true, "bytesize":5, "value":"3.0.0", "encoding":"US-ASCII", "memsize":40, "flags":{"wb_protected":true}}
{"address":"0x7ffe49067cd8", "type":"STRING", "class":"0x7ffe490be858", "frozen":true, "embedded":true, "fstring":true, "bytesize":15, "value":"__memory_view__", "encoding":"US-ASCII", "memsize":40, "flags":{"wb_protected":true}}
{"address":"0x7ffe49067d00", "type":"DATA", "struct":"memory_view/exported_object_registry", "memsize":40}
{"address":"0x7ffe49067d50", "type":"STRING", "class":"0x7ffe490be858", "frozen":true, "fstring":true, "bytesize":10, "value":"complex.so", "encoding":"US-ASCII", "memsize":40, "flags":{"wb_protected":true}}
{"address":"0x7ffe49067d78", "type":"STRING", "class":"0x7ffe490be858", "frozen":true, "embedded":true, "fstring":true, "bytesize":1, "value":"I", "encoding":"US-ASCII", "memsize":40, "flags":{"wb_protected":true}}
{"address":"0x7ffe49067da0", "type":"COMPLEX", "class":"0x7ffe4906cdf0", "frozen":true, "memsize":40, "flags":{"wb_protected":true}}
{"address":"0x7ffe49067dc8", "type":"IMEMO", "class":"0x7ffe490afd58", "imemo_type":"ment", "memsize":48, "flags":{"wb_protected":true}}
{"address":"0x7ffe49067df0", "type":"IMEMO", "class":"0x7ffe490afd58", "imemo_type":"ment", "memsize":48, "flags":{"wb_protected":true}}
{"address":"0x7ffe49067e18", "type":"IMEMO", "class":"0x7ffe490afd58", "imemo_type":"ment", "memsize":48, "flags":{"wb_protected":true}}
{"address":"0x7ffe49067e40", "type":"IMEMO", "class":"0x7ffe490b4ee8", "imemo_type":"ment", "memsize":48, "flags":{"wb_protected":true}}
{"address":"0x7ffe49067e68", "type":"IMEMO", "class":"0x7ffe490b4ee8", "imemo_type":"ment", "memsize":48, "flags":{"wb_protected":true}}
{"address":"0x7ffe49067e90", "type":"IMEMO", "class":"0x7ffe490b4ee8", "imemo_type":"ment", "memsize":48, "flags":{"wb_protected":true}}
{"address":"0x7ffe49067eb8", "type":"IMEMO", "class":"0x7ffe490b4ee8", "imemo_type":"ment", "memsize":48, "flags":{"wb_protected":true}}
{"address":"0x7ffe49067ee0", "type":"IMEMO", "class":"0x7ffe490b4ee8", "imemo_type":"ment", "memsize":48, "flags":{"wb_protected":true}}
{"address":"0x7ffe49067f08", "type":"IMEMO", "class":"0x7ffe490b4ee8", "imemo_type":"ment", "memsize":48, "flags":{"wb_protected":true}}
{"address":"0x7ffe49067f30", "type":"IMEMO", "class":"0x7ffe490b4ee8", "imemo_type":"ment", "memsize":48, "flags":{"wb_protected":true}}
{"address":"0x7ffe49067f58", "type":"IMEMO", "class":"0x7ffe490b4ee8", "imemo_type":"ment", "memsize":48, "flags":{"wb_protected":true}}
{"address":"0x7ffe49067f80", "type":"IMEMO", "class":"0x7ffe490b4ee8", "imemo_type":"ment", "memsize":48, "flags":{"wb_protected":true}}
{"address":"0x7ffe49067fa8", "type":"IMEMO", "class":"0x7ffe490b4ee8", "imemo_type":"ment", "memsize":48, "flags":{"wb_protected":true}}
{"address":"0x7ffe49067fd0", "type":"IMEMO", "class":"0x7ffe490b4ee8", "imemo_type":"ment", "memsize":48, "flags":{"wb_protected":true}}
{"address":"0x7ffe4906c008", "type":"IMEMO", "class":"0x7ffe490b4ee8", "imemo_type":"ment", "memsize":48, "flags":{"wb_protected":true}}
{"address":"0x7ffe4906c030", "type":"IMEMO", "class":"0x7ffe4906cdc8", "imemo_type":"ment", "memsize":48, "flags":{"wb_protected":true}}
{"address":"0x7ffe4906c058", "type":"IMEMO", "class":"0x7ffe490be858", "imemo_type":"ment", "memsize":48, "flags":{"wb_protected":true}}
{"address":"0x7ffe4906c080", "type":"IMEMO", "class":"0x7ffe490b4ee8", "imemo_type":"ment", "memsize":48, "flags":{"wb_protected":true}}
{"address":"0x7ffe4906c0a8", "type":"IMEMO", "class":"0x7ffe490c57c0", "imemo_type":"ment", "memsize":48, "flags":{"wb_protected":true}}
{"address":"0x7ffe4906c0d0", "type":"IMEMO", "class":"0x7ffe4906cdf0", "imemo_type":"ment", "memsize":48, "flags":{"wb_protected":true}}
{"address":"0x7ffe4906c0f8", "type":"STRING", "class":"0x7ffe490be858", "frozen":true, "embedded":true, "fstring":true, "bytesize":4, "value":"to_c", "encoding":"US-ASCII", "memsize":40, "flags":{"wb_protected":true}}
{"address":"0x7ffe4906c120", "type":"IMEMO", "class":"0x7ffe4906cdf0", "imemo_type":"ment", "memsize":48, "flags":{"wb_protected":true}}
{"address":"0x7ffe4906c148", "type":"IMEMO", "class":"0x7ffe4906cdf0", "imemo_type":"ment", "memsize":48, "flags":{"wb_protected":true}}
{"address":"0x7ffe4906c170", "type":"IMEMO", "class":"0x7ffe4906cdf0", "imemo_type":"ment", "memsize":48, "flags":{"wb_protected":true}}
{"address":"0x7ffe4906c198", "type":"IMEMO", "class":"0x7ffe4906cdf0", "imemo_type":"ment", "memsize":48, "flags":{"wb_protected":true}}
{"address":"0x7ffe4906c1c0", "type":"IMEMO", "class":"0x7ffe4906c238", "imemo_type":"ment", "memsize":48, "flags":{"wb_protected":true}}
{"address":"0x7ffe4906c1e8", "type":"STRING", "class":"0x7ffe490be858", "frozen":true, "embedded":true, "bytesize":19, "value":"Complex::compatible", "encoding":"US-ASCII", "memsize":40, "flags":{"wb_protected":true}}
{"address":"0x7ffe4906c210", "type":"CLASS", "class":"0x7ffe490c5770", "references":["0x7ffe490c5720", "0x7ffe4906c238"], "memsize":472, "flags":{"wb_protected":true}}
{"address":"0x7ffe4906c238", "type":"CLASS", "class":"0x7ffe4906c210", "name":"Complex::compatible", "references":["0x7ffe490c68a0", "0x7ffe4906c1c0", "0x7ffe4906c1e8"], "memsize":536, "flags":{"wb_protected":true}}
{"address":"0x7ffe4906c260", "type":"IMEMO", "class":"0x7ffe4906cdf0", "imemo_type":"ment", "memsize":48, "flags":{"wb_protected":true}}
{"address":"0x7ffe4906c288", "type":"IMEMO", "class":"0x7ffe4906cdf0", "imemo_type":"ment", "memsize":48, "flags":{"wb_protected":true}}
{"address":"0x7ffe4906c2b0", "type":"IMEMO", "class":"0x7ffe4906cdf0", "imemo_type":"ment", "memsize":48, "flags":{"wb_protected":true}}
{"address":"0x7ffe4906c2d8", "type":"IMEMO", "class":"0x7ffe4906cdf0", "imemo_type":"ment", "memsize":48, "flags":{"wb_protected":true}}
{"address":"0x7ffe4906c300", "type":"IMEMO", "class":"0x7ffe4906cdf0", "imemo_type":"ment", "memsize":48, "flags":{"wb_protected":true}}
{"address":"0x7ffe4906c328", "type":"IMEMO", "class":"0x7ffe4906cdf0", "imemo_type":"ment", "memsize":48, "flags":{"wb_protected":true}}
{"address":"0x7ffe4906c350", "type":"IMEMO", "class":"0x7ffe4906cdf0", "imemo_type":"ment", "memsize":48, "flags":{"wb_protected":true}}
{"address":"0x7ffe4906c378", "type":"IMEMO", "class":"0x7ffe4906cdf0", "imemo_type":"ment", "memsize":48, "flags":{"wb_protected":true}}
{"address":"0x7ffe4906c3a0", "type":"IMEMO", "class":"0x7ffe4906cdf0", "imemo_type":"ment", "memsize":48, "flags":{"wb_protected":true}}
{"address":"0x7ffe4906c3c8", "type":"IMEMO", "class":"0x7ffe4906cdf0", "imemo_type":"ment", "memsize":48, "flags":{"wb_protected":true}}
{"address":"0x7ffe4906c3f0", "type":"IMEMO", "class":"0x7ffe4906cdf0", "imemo_type":"ment", "memsize":48, "flags":{"wb_protected":true}}
{"address":"0x7ffe4906c418", "type":"IMEMO", "class":"0x7ffe4906cdf0", "imemo_type":"ment", "memsize":48, "flags":{"wb_protected":true}}
{"address":"0x7ffe4906c440", "type":"IMEMO", "class":"0x7ffe4906cdf0", "imemo_type":"ment", "memsize":48, "flags":{"wb_protected":true}}
{"address":"0x7ffe4906c468", "type":"STRING", "class":"0x7ffe490be858", "frozen":true, "embedded":true, "fstring":true, "bytesize":4, "value":"conj", "encoding":"US-ASCII", "memsize":40, "flags":{"wb_protected":true}}
{"address":"0x7ffe4906c490", "type":"IMEMO", "class":"0x7ffe4906cdf0", "imemo_type":"ment", "memsize":48, "flags":{"wb_protected":true}}
{"address":"0x7ffe4906c4b8", "type":"STRING", "class":"0x7ffe490be858", "frozen":true, "embedded":true, "fstring":true, "bytesize":9, "value":"conjugate", "encoding":"US-ASCII", "memsize":40, "flags":{"wb_protected":true}}
{"address":"0x7ffe4906c4e0", "type":"IMEMO", "class":"0x7ffe4906cdf0", "imemo_type":"ment", "memsize":48, "flags":{"wb_protected":true}}
{"address":"0x7ffe4906c508", "type":"IMEMO", "class":"0x7ffe4906cdf0", "imemo_type":"ment", "memsize":48, "flags":{"wb_protected":true}}
{"address":"0x7ffe4906c530", "type":"IMEMO", "class":"0x7ffe4906cdf0", "imemo_type":"ment", "memsize":48, "flags":{"wb_protected":true}}
{"address":"0x7ffe4906c558", "type":"IMEMO", "class":"0x7ffe4906cdf0", "imemo_type":"ment", "memsize":48, "flags":{"wb_protected":true}}
{"address":"0x7ffe4906c580", "type":"STRING", "class":"0x7ffe490be858", "frozen":true, "embedded":true, "fstring":true, "bytesize":5, "value":"phase", "encoding":"US-ASCII", "memsize":40, "flags":{"wb_protected":true}}
{"address":"0x7ffe4906c5a8", "type":"IMEMO", "class":"0x7ffe4906cdf0", "imemo_type":"ment", "memsize":48, "flags":{"wb_protected":true}}
{"address":"0x7ffe4906c5d0", "type":"STRING", "class":"0x7ffe490be858", "frozen":true, "embedded":true, "fstring":true, "bytesize":5, "value":"angle", "encoding":"US-ASCII", "memsize":40, "flags":{"wb_protected":true}}
{"address":"0x7ffe4906c5f8", "type":"IMEMO", "class":"0x7ffe4906cdf0", "imemo_type":"ment", "memsize":48, "flags":{"wb_protected":true}}
{"address":"0x7ffe4906c620", "type":"IMEMO", "class":"0x7ffe4906cdf0", "imemo_type":"ment", "memsize":48, "flags":{"wb_protected":true}}
{"address":"0x7ffe4906c648", "type":"STRING", "class":"0x7ffe490be858", "frozen":true, "embedded":true, "fstring":true, "bytesize":4, "value":"abs2", "encoding":"US-ASCII", "memsize":40, "flags":{"wb_protected":true}}
{"address":"0x7ffe4906c670", "type":"IMEMO", "class":"0x7ffe4906cdf0", "imemo_type":"ment", "memsize":48, "flags":{"wb_protected":true}}
{"address":"0x7ffe4906c698", "type":"IMEMO", "class":"0x7ffe4906cdf0", "imemo_type":"ment", "memsize":48, "flags":{"wb_protected":true}}
{"address":"0x7ffe4906c6c0", "type":"IMEMO", "class":"0x7ffe4906cdf0", "imemo_type":"ment", "memsize":48, "flags":{"wb_protected":true}}
{"address":"0x7ffe4906c6e8", "type":"IMEMO", "class":"0x7ffe4906cdf0", "imemo_type":"ment", "memsize":48, "flags":{"wb_protected":true}}
{"address":"0x7ffe4906c710", "type":"IMEMO", "class":"0x7ffe4906cdf0", "imemo_type":"ment", "memsize":48, "flags":{"wb_protected":true}}
{"address":"0x7ffe4906c738", "type":"IMEMO", "class":"0x7ffe4906cdf0", "imemo_type":"ment", "memsize":48, "flags":{"wb_protected":true}}
{"address":"0x7ffe4906c760", "type":"IMEMO", "class":"0x7ffe4906cdf0", "imemo_type":"ment", "memsize":48, "flags":{"wb_protected":true}}
{"address":"0x7ffe4906c788", "type":"IMEMO", "class":"0x7ffe4906cdf0", "imemo_type":"ment", "memsize":48, "flags":{"wb_protected":true}}
{"address":"0x7ffe4906c7b0", "type":"IMEMO", "class":"0x7ffe4906cdf0", "imemo_type":"ment", "memsize":48, "flags":{"wb_protected":true}}
{"address":"0x7ffe4906c7d8", "type":"IMEMO", "class":"0x7ffe4906cdf0", "imemo_type":"ment", "memsize":48, "flags":{"wb_protected":true}}
{"address":"0x7ffe4906c800", "type":"IMEMO", "class":"0x7ffe4906cdf0", "imemo_type":"ment", "memsize":48, "flags":{"wb_protected":true}}
{"address":"0x7ffe4906c828", "type":"IMEMO", "class":"0x7ffe4906cdf0", "imemo_type":"ment", "memsize":48, "flags":{"wb_protected":true}}
{"address":"0x7ffe4906c850", "type":"IMEMO", "class":"0x7ffe4906cdf0", "imemo_type":"ment", "memsize":48, "flags":{"wb_protected":true}}
{"address":"0x7ffe4906c878", "type":"IMEMO", "class":"0x7ffe4906cdf0", "imemo_type":"ment", "memsize":48, "flags":{"wb_protected":true}}
{"address":"0x7ffe4906c8a0", "type":"STRING", "class":"0x7ffe490be858", "frozen":true, "embedded":true, "fstring":true, "bytesize":4, "value":"imag", "encoding":"US-ASCII", "memsize":40, "flags":{"wb_protected":true}}
{"address":"0x7ffe4906c8c8", "type":"IMEMO", "class":"0x7ffe4906cdf0", "imemo_type":"ment", "memsize":48, "flags":{"wb_protected":true}}
{"address":"0x7ffe4906c8f0", "type":"STRING", "class":"0x7ffe490be858", "frozen":true, "embedded":true, "fstring":true, "bytesize":9, "value":"imaginary", "encoding":"US-ASCII", "memsize":40, "flags":{"wb_protected":true}}
{"address":"0x7ffe4906c918", "type":"IMEMO", "class":"0x7ffe4906cdf0", "imemo_type":"ment", "memsize":48, "flags":{"wb_protected":true}}
{"address":"0x7ffe4906c940", "type":"STRING", "class":"0x7ffe490be858", "frozen":true, "embedded":true, "fstring":true, "bytesize":4, "value":"real", "encoding":"US-ASCII", "memsize":40, "flags":{"wb_protected":true}}
{"address":"0x7ffe4906c968", "type":"IMEMO", "class":"0x7ffe4906cdf0", "imemo_type":"ment", "memsize":48, "flags":{"wb_protected":true}}
{"address":"0x7ffe4906c990", "type":"IMEMO", "class":"0x7ffe4906cdf0", "imemo_type":"ment", "memsize":48, "flags":{"wb_protected":true}}
{"address":"0x7ffe4906c9b8", "type":"IMEMO", "class":"0x7ffe4906cdf0", "imemo_type":"ment", "memsize":48, "flags":{"wb_protected":true}}
{"address":"0x7ffe4906c9e0", "type":"IMEMO", "class":"0x7ffe4906cdf0", "imemo_type":"ment", "memsize":48, "flags":{"wb_protected":true}}
{"address":"0x7ffe4906ca08", "type":"IMEMO", "class":"0x7ffe4906cdf0", "imemo_type":"ment", "memsize":48, "flags":{"wb_protected":true}}
{"address":"0x7ffe4906ca30", "type":"IMEMO", "class":"0x7ffe4906cdf0", "imemo_type":"ment", "memsize":48, "flags":{"wb_protected":true}}
{"address":"0x7ffe4906ca58", "type":"IMEMO", "class":"0x7ffe4906cdf0", "imemo_type":"ment", "memsize":48, "flags":{"wb_protected":true}}
{"address":"0x7ffe4906ca80", "type":"IMEMO", "class":"0x7ffe4906cdf0", "imemo_type":"ment", "memsize":48, "flags":{"wb_protected":true}}
{"address":"0x7ffe4906caa8", "type":"IMEMO", "class":"0x7ffe4906cdf0", "imemo_type":"ment", "memsize":48, "flags":{"wb_protected":true}}
{"address":"0x7ffe4906cad0", "type":"IMEMO", "class":"0x7ffe4906cdf0", "imemo_type":"ment", "memsize":48, "flags":{"wb_protected":true}}
{"address":"0x7ffe4906caf8", "type":"IMEMO", "class":"0x7ffe4906cdf0", "imemo_type":"ment", "memsize":48, "flags":{"wb_protected":true}}
{"address":"0x7ffe4906cb20", "type":"IMEMO", "class":"0x7ffe4906cdf0", "imemo_type":"ment", "memsize":48, "flags":{"wb_protected":true}}
{"address":"0x7ffe4906cb48", "type":"IMEMO", "class":"0x7ffe4906cdf0", "imemo_type":"ment", "memsize":48, "flags":{"wb_protected":true}}
{"address":"0x7ffe4906cb70", "type":"IMEMO", "class":"0x7ffe4906cdf0", "imemo_type":"ment", "memsize":48, "flags":{"wb_protected":true}}
{"address":"0x7ffe4906cb98", "type":"IMEMO", "class":"0x7ffe4906cdf0", "imemo_type":"ment", "memsize":48, "flags":{"wb_protected":true}}
{"address":"0x7ffe4906cbc0", "type":"IMEMO", "class":"0x7ffe4906cdf0", "imemo_type":"ment", "memsize":48, "flags":{"wb_protected":true}}
{"address":"0x7ffe4906cbe8", "type":"IMEMO", "class":"0x7ffe4906cdf0", "imemo_type":"ment", "memsize":48, "flags":{"wb_protected":true}}
{"address":"0x7ffe4906cc10", "type":"IMEMO", "class":"0x7ffe4906cdf0", "imemo_type":"ment", "memsize":48, "flags":{"wb_protected":true}}
{"address":"0x7ffe4906cc38", "type":"IMEMO", "class":"0x7ffe490c5a90", "imemo_type":"ment", "memsize":48, "flags":{"wb_protected":true}}
{"address":"0x7ffe4906cc60", "type":"IMEMO", "imemo_type":"ment", "references":["0x7ffe490c6620"], "memsize":48, "flags":{"wb_protected":true}}
{"address":"0x7ffe4906cc88", "type":"IMEMO", "class":"0x7ffe4906cdc8", "imemo_type":"ment", "memsize":48, "flags":{"wb_protected":true}}
{"address":"0x7ffe4906ccb0", "type":"STRING", "class":"0x7ffe490be858", "frozen":true, "embedded":true, "fstring":true, "bytesize":5, "value":"polar", "encoding":"US-ASCII", "memsize":40, "flags":{"wb_protected":true}}
{"address":"0x7ffe4906ccd8", "type":"IMEMO", "class":"0x7ffe4906cdc8", "imemo_type":"ment", "memsize":48, "flags":{"wb_protected":true}}
{"address":"0x7ffe4906cd00", "type":"STRING", "class":"0x7ffe490be858", "frozen":true, "embedded":true, "fstring":true, "bytesize":4, "value":"rect", "encoding":"US-ASCII", "memsize":40, "flags":{"wb_protected":true}}
{"address":"0x7ffe4906cd28", "type":"IMEMO", "class":"0x7ffe4906cdc8", "imemo_type":"ment", "memsize":48, "flags":{"wb_protected":true}}
{"address":"0x7ffe4906cd50", "type":"STRING", "class":"0x7ffe490be858", "frozen":true, "embedded":true, "fstring":true, "bytesize":11, "value":"rectangular", "encoding":"US-ASCII", "memsize":40, "flags":{"wb_protected":true}}
{"address":"0x7ffe4906cd78", "type":"IMEMO", "class":"0x7ffe4906cdc8", "imemo_type":"ment", "memsize":48, "flags":{"wb_protected":true}}
{"address":"0x7ffe4906cda0", "type":"IMEMO", "class":"0x7ffe4906cdc8", "imemo_type":"ment", "memsize":48, "flags":{"wb_protected":true}}
{"address":"0x7ffe4906cdc8", "type":"CLASS", "class":"0x7ffe490c5770", "references":["0x7ffe490b4ec0", "0x7ffe4906cc88", "0x7ffe4906c030", "0x7ffe4906cd78", "0x7ffe4906cd28", "0x7ffe4906cda0", "0x7ffe4906ccd8", "0x7ffe4906cdf0"], "memsize":600, "flags":{"wb_protected":true}}
{"address":"0x7ffe4906cdf0", "type":"CLASS", "class":"0x7ffe4906cdc8", "name":"Complex", "references":["0x7ffe490b4ee8", "0x7ffe4906c850", "0x7ffe4906c738", "0x7ffe4906c6e8", "0x7ffe4906cbe8", "0x7ffe4906cbc0", "0x7ffe4906c710", "0x7ffe4906c3f0", "0x7ffe4906c3c8", "0x7ffe4906c120", "0x7ffe4906c378", "0x7ffe4906c5f8", "0x7ffe4906caf8", "0x7ffe4906c508", "0x7ffe4906c4e0", "0x7ffe4906c918", "0x7ffe4906c8c8", "0x7ffe4906c878", "0x7ffe4906c828", "0x7ffe4906c620", "0x7ffe4906c800", "0x7ffe4906c558", "0x7ffe4906c7b0", "0x7ffe4906c7d8", "0x7ffe4906c490", "0x7ffe4906c5a8", "0x7ffe4906c0d0", "0x7ffe4906c530", "0x7ffe4906c440", "0x7ffe4906c328", "0x7ffe4906cb70", "0x7ffe4906cb48", "0x7ffe4906c350", "0x7ffe4906c198", "0x7ffe4906cb20", "0x7ffe4906cc10", "0x7ffe4906c148", "0x7ffe4906c170", "0x7ffe4906c260", "0x7ffe4906c6c0", "0x7ffe4906cad0", "0x7ffe4906c968", "0x7ffe4906caa8", "0x7ffe4906ca08", "0x7ffe4906c788", "0x7ffe4906ca30", "0x7ffe4906c670", "0x7ffe4906c698", "0x7ffe4906c760", "0x7ffe4906c418", "0x7ffe4906c2b0", "0x7ffe4906c288", "0x7ffe4906ca80", "0x7ffe4906ca58", "0x7ffe4906c9e0", "0x7ffe4906c990", "0x7ffe4906c9b8", "0x7ffe4906c300", "0x7ffe4906c2d8", "0x7ffe4906c3a0", "0x7ffe4906ce18", "0x7ffe4906c238", "0x7ffe4907c200", "0x7ffe49067da0", "0x7ffe4907c200"], "memsize":2608, "flags":{"wb_protected":true}}
{"address":"0x7ffe4906ce18", "type":"STRING", "class":"0x7ffe490be858", "frozen":true, "embedded":true, "fstring":true, "bytesize":7, "value":"Complex", "encoding":"US-ASCII", "memsize":40, "flags":{"wb_protected":true}}
{"address":"0x7ffe4906ce40", "type":"STRING", "class":"0x7ffe490be858", "frozen":true, "embedded":true, "fstring":true, "bytesize":6, "value":"@image", "encoding":"US-ASCII", "memsize":40, "flags":{"wb_protected":true}}
{"address":"0x7ffe4906ce68", "type":"STRING", "class":"0x7ffe490be858", "frozen":true, "embedded":true, "fstring":true, "bytesize":5, "value":"@real", "encoding":"US-ASCII", "memsize":40, "flags":{"wb_protected":true}}
{"address":"0x7ffe4906ce90", "type":"STRING", "class":"0x7ffe490be858", "frozen":true, "embedded":true, "fstring":true, "bytesize":3, "value":"arg", "encoding":"US-ASCII", "memsize":40, "flags":{"wb_protected":true}}
{"address":"0x7ffe4906ceb8", "type":"STRING", "class":"0x7ffe490be858", "frozen":true, "fstring":true, "bytesize":11, "value":"rational.so", "encoding":"US-ASCII", "memsize":40, "flags":{"wb_protected":true}}
{"address":"0x7ffe4906cee0", "type":"IMEMO", "class":"0x7ffe4906d890", "imemo_type":"ment", "memsize":48, "flags":{"wb_protected":true}}
{"address":"0x7ffe4906cf08", "type":"IMEMO", "class":"0x7ffe490be858", "imemo_type":"ment", "memsize":48, "flags":{"wb_protected":true}}
{"address":"0x7ffe4906cf30", "type":"IMEMO", "class":"0x7ffe490afd58", "imemo_type":"ment", "memsize":48, "flags":{"wb_protected":true}}
{"address":"0x7ffe4906cf58", "type":"IMEMO", "class":"0x7ffe490afd58", "imemo_type":"ment", "memsize":48, "flags":{"wb_protected":true}}
{"address":"0x7ffe4906cf80", "type":"IMEMO", "class":"0x7ffe490b46a0", "imemo_type":"ment", "memsize":48, "flags":{"wb_protected":true}}
{"address":"0x7ffe4906cfa8", "type":"IMEMO", "class":"0x7ffe490b46a0", "imemo_type":"ment", "memsize":48, "flags":{"wb_protected":true}}
{"address":"0x7ffe4906cfd0", "type":"IMEMO", "class":"0x7ffe490c57c0", "imemo_type":"ment", "memsize":48, "flags":{"wb_protected":true}}
{"address":"0x7ffe4906cff8", "type":"IMEMO", "class":"0x7ffe490c57c0", "imemo_type":"ment", "memsize":48, "flags":{"wb_protected":true}}
{"address":"0x7ffe4906d020", "type":"IMEMO", "class":"0x7ffe490afd58", "imemo_type":"ment", "memsize":48, "flags":{"wb_protected":true}}
{"address":"0x7ffe4906d048", "type":"IMEMO", "class":"0x7ffe490afd58", "imemo_type":"ment", "memsize":48, "flags":{"wb_protected":true}}
{"address":"0x7ffe4906d070", "type":"IMEMO", "class":"0x7ffe490b46a0", "imemo_type":"ment", "memsize":48, "flags":{"wb_protected":true}}
{"address":"0x7ffe4906d098", "type":"IMEMO", "class":"0x7ffe490b46a0", "imemo_type":"ment", "memsize":48, "flags":{"wb_protected":true}}
{"address":"0x7ffe4906d0c0", "type":"IMEMO", "class":"0x7ffe490b4ee8", "imemo_type":"ment", "memsize":48, "flags":{"wb_protected":true}}
{"address":"0x7ffe4906d0e8", "type":"IMEMO", "class":"0x7ffe490b4ee8", "imemo_type":"ment", "memsize":48, "flags":{"wb_protected":true}}
{"address":"0x7ffe4906d110", "type":"IMEMO", "class":"0x7ffe490b4ee8", "imemo_type":"ment", "memsize":48, "flags":{"wb_protected":true}}
{"address":"0x7ffe4906d138", "type":"IMEMO", "class":"0x7ffe490b46a0", "imemo_type":"ment", "memsize":48, "flags":{"wb_protected":true}}
{"address":"0x7ffe4906d160", "type":"STRING", "class":"0x7ffe490be858", "frozen":true, "embedded":true, "fstring":true, "bytesize":6, "value":"gcdlcm", "encoding":"US-ASCII", "memsize":40, "flags":{"wb_protected":true}}
{"address":"0x7ffe4906d188", "type":"IMEMO", "class":"0x7ffe490b46a0", "imemo_type":"ment", "memsize":48, "flags":{"wb_protected":true}}
{"address":"0x7ffe4906d1b0", "type":"STRING", "class":"0x7ffe490be858", "frozen":true, "embedded":true, "fstring":true, "bytesize":3, "value":"lcm", "encoding":"US-ASCII", "memsize":40, "flags":{"wb_protected":true}}
{"address":"0x7ffe4906d1d8", "type":"IMEMO", "class":"0x7ffe490b46a0", "imemo_type":"ment", "memsize":48, "flags":{"wb_protected":true}}
{"address":"0x7ffe4906d200", "type":"STRING", "class":"0x7ffe490be858", "frozen":true, "embedded":true, "fstring":true, "bytesize":3, "value":"gcd", "encoding":"US-ASCII", "memsize":40, "flags":{"wb_protected":true}}
{"address":"0x7ffe4906d228", "type":"IMEMO", "class":"0x7ffe4906d2a0", "imemo_type":"ment", "memsize":48, "flags":{"wb_protected":true}}
{"address":"0x7ffe4906d250", "type":"STRING", "class":"0x7ffe490be858", "frozen":true, "embedded":true, "bytesize":20, "value":"Rational::compatible", "encoding":"US-ASCII", "memsize":40, "flags":{"wb_protected":true}}
{"address":"0x7ffe4906d278", "type":"CLASS", "class":"0x7ffe490c5770", "references":["0x7ffe490c5720", "0x7ffe4906d2a0"], "memsize":472, "flags":{"wb_protected":true}}
{"address":"0x7ffe4906d2a0", "type":"CLASS", "class":"0x7ffe4906d278", "name":"Rational::compatible", "references":["0x7ffe490c68a0", "0x7ffe4906d228", "0x7ffe4906d250"], "memsize":536, "flags":{"wb_protected":true}}
{"address":"0x7ffe4906d2c8", "type":"STRING", "class":"0x7ffe490be858", "frozen":true, "embedded":true, "fstring":true, "bytesize":10, "value":"compatible", "encoding":"US-ASCII", "memsize":40, "flags":{"wb_protected":true}}
{"address":"0x7ffe4906d2f0", "type":"IMEMO", "class":"0x7ffe4906d8b8", "imemo_type":"ment", "memsize":48, "flags":{"wb_protected":true}}
{"address":"0x7ffe4906d318", "type":"IMEMO", "class":"0x7ffe4906d8b8", "imemo_type":"ment", "memsize":48, "flags":{"wb_protected":true}}
{"address":"0x7ffe4906d340", "type":"IMEMO", "class":"0x7ffe4906d8b8", "imemo_type":"ment", "memsize":48, "flags":{"wb_protected":true}}
{"address":"0x7ffe4906d368", "type":"IMEMO", "class":"0x7ffe4906d8b8", "imemo_type":"ment", "memsize":48, "flags":{"wb_protected":true}}
{"address":"0x7ffe4906d390", "type":"IMEMO", "class":"0x7ffe4906d8b8", "imemo_type":"ment", "memsize":48, "flags":{"wb_protected":true}}
{"address":"0x7ffe4906d3b8", "type":"STRING", "class":"0x7ffe490be858", "frozen":true, "embedded":true, "fstring":true, "bytesize":11, "value":"rationalize", "encoding":"US-ASCII", "memsize":40, "flags":{"wb_protected":true}}
{"address":"0x7ffe4906d3e0", "type":"IMEMO", "class":"0x7ffe4906d8b8", "imemo_type":"ment", "memsize":48, "flags":{"wb_protected":true}}
{"address":"0x7ffe4906d408", "type":"IMEMO", "class":"0x7ffe4906d8b8", "imemo_type":"ment", "memsize":48, "flags":{"wb_protected":true}}
{"address":"0x7ffe4906d430", "type":"IMEMO", "class":"0x7ffe4906d8b8", "imemo_type":"ment", "memsize":48, "flags":{"wb_protected":true}}
{"address":"0x7ffe4906d458", "type":"IMEMO", "class":"0x7ffe4906d8b8", "imemo_type":"ment", "memsize":48, "flags":{"wb_protected":true}}
{"address":"0x7ffe4906d480", "type":"IMEMO", "class":"0x7ffe4906d8b8", "imemo_type":"ment", "memsize":48, "flags":{"wb_protected":true}}
{"address":"0x7ffe4906d4a8", "type":"IMEMO", "class":"0x7ffe4906d8b8", "imemo_type":"ment", "memsize":48, "flags":{"wb_protected":true}}
{"address":"0x7ffe4906d4d0", "type":"IMEMO", "class":"0x7ffe4906d8b8", "imemo_type":"ment", "memsize":48, "flags":{"wb_protected":true}}
{"address":"0x7ffe4906d4f8", "type":"IMEMO", "class":"0x7ffe4906d8b8", "imemo_type":"ment", "memsize":48, "flags":{"wb_protected":true}}
{"address":"0x7ffe4906d520", "type":"IMEMO", "class":"0x7ffe4906d8b8", "imemo_type":"ment", "memsize":48, "flags":{"wb_protected":true}}
{"address":"0x7ffe4906d548", "type":"IMEMO", "class":"0x7ffe4906d8b8", "imemo_type":"ment", "memsize":48, "flags":{"wb_protected":true}}
{"address":"0x7ffe4906d570", "type":"IMEMO", "class":"0x7ffe4906d8b8", "imemo_type":"ment", "memsize":48, "flags":{"wb_protected":true}}
{"address":"0x7ffe4906d598", "type":"IMEMO", "class":"0x7ffe4906d8b8", "imemo_type":"ment", "memsize":48, "flags":{"wb_protected":true}}
{"address":"0x7ffe4906d5c0", "type":"IMEMO", "class":"0x7ffe4906d8b8", "imemo_type":"ment", "memsize":48, "flags":{"wb_protected":true}}
{"address":"0x7ffe4906d5e8", "type":"IMEMO", "class":"0x7ffe4906d8b8", "imemo_type":"ment", "memsize":48, "flags":{"wb_protected":true}}
{"address":"0x7ffe4906d610", "type":"IMEMO", "class":"0x7ffe4906d8b8", "imemo_type":"ment", "memsize":48, "flags":{"wb_protected":true}}
{"address":"0x7ffe4906d638", "type":"IMEMO", "class":"0x7ffe4906d8b8", "imemo_type":"ment", "memsize":48, "flags":{"wb_protected":true}}
{"address":"0x7ffe4906d660", "type":"IMEMO", "class":"0x7ffe4906d8b8", "imemo_type":"ment", "memsize":48, "flags":{"wb_protected":true}}
{"address":"0x7ffe4906d688", "type":"IMEMO", "class":"0x7ffe4906d8b8", "imemo_type":"ment", "memsize":48, "flags":{"wb_protected":true}}
{"address":"0x7ffe4906d6b0", "type":"IMEMO", "class":"0x7ffe4906d8b8", "imemo_type":"ment", "memsize":48, "flags":{"wb_protected":true}}
{"address":"0x7ffe4906d6d8", "type":"IMEMO", "class":"0x7ffe4906d8b8", "imemo_type":"ment", "memsize":48, "flags":{"wb_protected":true}}
{"address":"0x7ffe4906d700", "type":"IMEMO", "class":"0x7ffe4906d8b8", "imemo_type":"ment", "memsize":48, "flags":{"wb_protected":true}}
{"address":"0x7ffe4906d728", "type":"IMEMO", "class":"0x7ffe4906d8b8", "imemo_type":"ment", "memsize":48, "flags":{"wb_protected":true}}
{"address":"0x7ffe4906d750", "type":"IMEMO", "class":"0x7ffe4906d8b8", "imemo_type":"ment", "memsize":48, "flags":{"wb_protected":true}}
{"address":"0x7ffe4906d778", "type":"STRING", "class":"0x7ffe490be858", "frozen":true, "embedded":true, "fstring":true, "bytesize":11, "value":"denominator", "encoding":"US-ASCII", "memsize":40, "flags":{"wb_protected":true}}
{"address":"0x7ffe4906d7a0", "type":"IMEMO", "class":"0x7ffe4906d8b8", "imemo_type":"ment", "memsize":48, "flags":{"wb_protected":true}}
{"address":"0x7ffe4906d7c8", "type":"STRING", "class":"0x7ffe490be858", "frozen":true, "embedded":true, "fstring":true, "bytesize":9, "value":"numerator", "encoding":"US-ASCII", "memsize":40, "flags":{"wb_protected":true}}
{"address":"0x7ffe4906d7f0", "type":"IMEMO", "class":"0x7ffe490c5a90", "imemo_type":"ment", "memsize":48, "flags":{"wb_protected":true}}
{"address":"0x7ffe4906d818", "type":"IMEMO", "imemo_type":"ment", "references":["0x7ffe490c6620"], "memsize":48, "flags":{"wb_protected":true}}
{"address":"0x7ffe4906d840", "type":"IMEMO", "class":"0x7ffe4906d890", "imemo_type":"ment", "memsize":48, "flags":{"wb_protected":true}}
{"address":"0x7ffe4906d868", "type":"IMEMO", "class":"0x7ffe4906d890", "imemo_type":"ment", "memsize":48, "flags":{"wb_protected":true}}
{"address":"0x7ffe4906d890", "type":"CLASS", "class":"0x7ffe490c5770", "references":["0x7ffe490b4ec0", "0x7ffe4906cee0", "0x7ffe4906d868", "0x7ffe4906d840", "0x7ffe4906d8b8"], "memsize":536, "flags":{"wb_protected":true}}
{"address":"0x7ffe4906d8b8", "type":"CLASS", "class":"0x7ffe4906d890", "name":"Rational", "references":["0x7ffe490b4ee8", "0x7ffe4906d728", "0x7ffe4906d610", "0x7ffe4906d5e8", "0x7ffe4906d5c0", "0x7ffe4906d340", "0x7ffe4906d430", "0x7ffe4906d408", "0x7ffe4906d3e0", "0x7ffe4906d2f0", "0x7ffe4906d598", "0x7ffe4906d7a0", "0x7ffe4906d750", "0x7ffe4906d638", "0x7ffe4906d660", "0x7ffe4906d520", "0x7ffe4906d4f8", "0x7ffe4906d390", "0x7ffe4906d4d0", "0x7ffe4906d4a8", "0x7ffe4906d458", "0x7ffe4906d480", "0x7ffe4906d6b0", "0x7ffe4906d700", "0x7ffe4906d570", "0x7ffe4906d6d8", "0x7ffe4906d688", "0x7ffe4906d548", "0x7ffe4906d318", "0x7ffe4906d368", "0x7ffe4906d8e0", "0x7ffe4906d2a0", "0x7ffe4907c200"], "memsize":1584, "flags":{"wb_protected":true}}
{"address":"0x7ffe4906d8e0", "type":"STRING", "class":"0x7ffe490be858", "frozen":true, "embedded":true, "fstring":true, "bytesize":8, "value":"Rational", "encoding":"US-ASCII", "memsize":40, "flags":{"wb_protected":true}}
{"address":"0x7ffe4906d908", "type":"STRING", "class":"0x7ffe490be858", "frozen":true, "embedded":true, "fstring":true, "bytesize":12, "value":"@denominator", "encoding":"US-ASCII", "memsize":40, "flags":{"wb_protected":true}}
{"address":"0x7ffe4906d930", "type":"STRING", "class":"0x7ffe490be858", "frozen":true, "embedded":true, "fstring":true, "bytesize":10, "value":"@numerator", "encoding":"US-ASCII", "memsize":40, "flags":{"wb_protected":true}}
{"address":"0x7ffe4906d958", "type":"IMEMO", "class":"0x7ffe4906dc78", "imemo_type":"ment", "memsize":48, "flags":{"wb_protected":true}}
{"address":"0x7ffe4906d980", "type":"STRING", "class":"0x7ffe490be858", "frozen":true, "embedded":true, "fstring":true, "bytesize":8, "value":"schedule", "encoding":"US-ASCII", "memsize":40, "flags":{"wb_protected":true}}
{"address":"0x7ffe4906d9a8", "type":"IMEMO", "class":"0x7ffe4906dc78", "imemo_type":"ment", "memsize":48, "flags":{"wb_protected":true}}
{"address":"0x7ffe4906d9d0", "type":"STRING", "class":"0x7ffe490be858", "frozen":true, "embedded":true, "fstring":true, "bytesize":13, "value":"set_scheduler", "encoding":"US-ASCII", "memsize":40, "flags":{"wb_protected":true}}
{"address":"0x7ffe4906d9f8", "type":"IMEMO", "class":"0x7ffe4906dc78", "imemo_type":"ment", "memsize":48, "flags":{"wb_protected":true}}
{"address":"0x7ffe4906da20", "type":"STRING", "class":"0x7ffe490be858", "frozen":true, "embedded":true, "fstring":true, "bytesize":9, "value":"scheduler", "encoding":"US-ASCII", "memsize":40, "flags":{"wb_protected":true}}
{"address":"0x7ffe4906da48", "type":"IMEMO", "class":"0x7ffe4906dc78", "imemo_type":"ment", "memsize":48, "flags":{"wb_protected":true}}
{"address":"0x7ffe4906da70", "type":"IMEMO", "class":"0x7ffe4906dca0", "imemo_type":"ment", "memsize":48, "flags":{"wb_protected":true}}
{"address":"0x7ffe4906da98", "type":"IMEMO", "class":"0x7ffe4906dca0", "imemo_type":"ment", "memsize":48, "flags":{"wb_protected":true}}
{"address":"0x7ffe4906dac0", "type":"IMEMO", "class":"0x7ffe4906dca0", "imemo_type":"ment", "memsize":48, "flags":{"wb_protected":true}}
{"address":"0x7ffe4906dae8", "type":"IMEMO", "class":"0x7ffe4906dca0", "imemo_type":"ment", "memsize":48, "flags":{"wb_protected":true}}
{"address":"0x7ffe4906db10", "type":"IMEMO", "class":"0x7ffe4906dca0", "imemo_type":"ment", "memsize":48, "flags":{"wb_protected":true}}
{"address":"0x7ffe4906db38", "type":"IMEMO", "class":"0x7ffe4906dca0", "imemo_type":"ment", "memsize":48, "flags":{"wb_protected":true}}
{"address":"0x7ffe4906db60", "type":"IMEMO", "class":"0x7ffe4906dca0", "imemo_type":"ment", "memsize":48, "flags":{"wb_protected":true}}
{"address":"0x7ffe4906db88", "type":"STRING", "class":"0x7ffe490be858", "frozen":true, "embedded":true, "fstring":true, "bytesize":9, "value":"blocking?", "encoding":"US-ASCII", "memsize":40, "flags":{"wb_protected":true}}
{"address":"0x7ffe4906dbb0", "type":"IMEMO", "class":"0x7ffe4906dca0", "imemo_type":"ment", "memsize":48, "flags":{"wb_protected":true}}
{"address":"0x7ffe4906dbd8", "type":"IMEMO", "class":"0x7ffe4906dc78", "imemo_type":"ment", "memsize":48, "flags":{"wb_protected":true}}
{"address":"0x7ffe4906dc00", "type":"CLASS", "class":"0x7ffe490c5770", "references":["0x7ffe490b7800", "0x7ffe4906dc28"], "memsize":472, "flags":{"wb_protected":true}}
{"address":"0x7ffe4906dc28", "type":"CLASS", "class":"0x7ffe4906dc00", "name":"FiberError", "references":["0x7ffe490b7828", "0x7ffe4906dc50"], "memsize":472, "flags":{"wb_protected":true}}
{"address":"0x7ffe4906dc50", "type":"STRING", "class":"0x7ffe490be858", "frozen":true, "embedded":true, "fstring":true, "bytesize":10, "value":"FiberError", "encoding":"US-ASCII", "memsize":40, "flags":{"wb_protected":true}}
{"address":"0x7ffe4906dc78", "type":"CLASS", "class":"0x7ffe490c5770", "references":["0x7ffe490c5720", "0x7ffe4906da48", "0x7ffe4906d9f8", "0x7ffe4906dbd8", "0x7ffe4906d9a8", "0x7ffe4906d958", "0x7ffe4906dca0"], "memsize":600, "flags":{"wb_protected":true}}
{"address":"0x7ffe4906dca0", "type":"CLASS", "class":"0x7ffe4906dc78", "name":"Fiber", "references":["0x7ffe490c68a0", "0x7ffe4906dbb0", "0x7ffe4906dae8", "0x7ffe4906db60", "0x7ffe4906db38", "0x7ffe4906db10", "0x7ffe4906dac0", "0x7ffe4906da70", "0x7ffe4906da98", "0x7ffe4906dcc8"], "memsize":728, "flags":{"wb_protected":true}}
{"address":"0x7ffe4906dcc8", "type":"STRING", "class":"0x7ffe490be858", "frozen":true, "embedded":true, "fstring":true, "bytesize":5, "value":"Fiber", "encoding":"US-ASCII", "memsize":40, "flags":{"wb_protected":true}}
{"address":"0x7ffe4906dcf0", "type":"STRING", "class":"0x7ffe490be858", "frozen":true, "embedded":true, "fstring":true, "bytesize":4, "value":"pool", "encoding":"US-ASCII", "memsize":40, "flags":{"wb_protected":true}}
{"address":"0x7ffe4906dd18", "type":"STRING", "class":"0x7ffe490be858", "frozen":true, "embedded":true, "fstring":true, "bytesize":8, "value":"blocking", "encoding":"US-ASCII", "memsize":40, "flags":{"wb_protected":true}}
{"address":"0x7ffe4906dd40", "type":"IMEMO", "class":"0x7ffe4906e3f8", "imemo_type":"ment", "memsize":48, "flags":{"wb_protected":true}}
{"address":"0x7ffe4906dd68", "type":"IMEMO", "imemo_type":"ment", "references":["0x7ffe4906e4c0"], "memsize":48, "flags":{"wb_protected":true}}
{"address":"0x7ffe4906dd90", "type":"STRING", "class":"0x7ffe490be858", "frozen":true, "embedded":true, "fstring":true, "bytesize":9, "value":"issetugid", "encoding":"US-ASCII", "memsize":40, "flags":{"wb_protected":true}}
{"address":"0x7ffe4906ddb8", "type":"IMEMO", "class":"0x7ffe4906e3f8", "imemo_type":"ment", "memsize":48, "flags":{"wb_protected":true}}
{"address":"0x7ffe4906dde0", "type":"IMEMO", "imemo_type":"ment", "references":["0x7ffe4906e4c0"], "memsize":48, "flags":{"wb_protected":true}}
{"address":"0x7ffe4906de08", "type":"STRING", "class":"0x7ffe490be858", "frozen":true, "embedded":true, "fstring":true, "bytesize":9, "value":"setresgid", "encoding":"US-ASCII", "memsize":40, "flags":{"wb_protected":true}}
{"address":"0x7ffe4906de30", "type":"IMEMO", "class":"0x7ffe4906e3f8", "imemo_type":"ment", "memsize":48, "flags":{"wb_protected":true}}
{"address":"0x7ffe4906de58", "type":"IMEMO", "imemo_type":"ment", "references":["0x7ffe4906e4c0"], "memsize":48, "flags":{"wb_protected":true}}
{"address":"0x7ffe4906de80", "type":"STRING", "class":"0x7ffe490be858", "frozen":true, "embedded":true, "fstring":true, "bytesize":9, "value":"setresuid", "encoding":"US-ASCII", "memsize":40, "flags":{"wb_protected":true}}
{"address":"0x7ffe4906dea8", "type":"IMEMO", "class":"0x7ffe4906e3f8", "imemo_type":"ment", "memsize":48, "flags":{"wb_protected":true}}
{"address":"0x7ffe4906ded0", "type":"IMEMO", "imemo_type":"ment", "references":["0x7ffe4906e4c0"], "memsize":48, "flags":{"wb_protected":true}}
{"address":"0x7ffe4906def8", "type":"STRING", "class":"0x7ffe490be858", "frozen":true, "embedded":true, "fstring":true, "bytesize":8, "value":"setregid", "encoding":"US-ASCII", "memsize":40, "flags":{"wb_protected":true}}
{"address":"0x7ffe4906df20", "type":"IMEMO", "class":"0x7ffe4906e3f8", "imemo_type":"ment", "memsize":48, "flags":{"wb_protected":true}}
{"address":"0x7ffe4906df48", "type":"IMEMO", "imemo_type":"ment", "references":["0x7ffe4906e4c0"], "memsize":48, "flags":{"wb_protected":true}}
{"address":"0x7ffe4906df70", "type":"STRING", "class":"0x7ffe490be858", "frozen":true, "embedded":true, "fstring":true, "bytesize":8, "value":"setreuid", "encoding":"US-ASCII", "memsize":40, "flags":{"wb_protected":true}}
{"address":"0x7ffe4906df98", "type":"IMEMO", "class":"0x7ffe4906e3f8", "imemo_type":"ment", "memsize":48, "flags":{"wb_protected":true}}
{"address":"0x7ffe4906dfc0", "type":"IMEMO", "imemo_type":"ment", "references":["0x7ffe4906e4c0"], "memsize":48, "flags":{"wb_protected":true}}
{"address":"0x7ffe4906dfe8", "type":"STRING", "class":"0x7ffe490be858", "frozen":true, "embedded":true, "fstring":true, "bytesize":7, "value":"setegid", "encoding":"US-ASCII", "memsize":40, "flags":{"wb_protected":true}}
{"address":"0x7ffe4906e010", "type":"IMEMO", "class":"0x7ffe4906e3f8", "imemo_type":"ment", "memsize":48, "flags":{"wb_protected":true}}
{"address":"0x7ffe4906e038", "type":"IMEMO", "imemo_type":"ment", "references":["0x7ffe4906e4c0"], "memsize":48, "flags":{"wb_protected":true}}
{"address":"0x7ffe4906e060", "type":"STRING", "class":"0x7ffe490be858", "frozen":true, "embedded":true, "fstring":true, "bytesize":7, "value":"seteuid", "encoding":"US-ASCII", "memsize":40, "flags":{"wb_protected":true}}
{"address":"0x7ffe4906e088", "type":"IMEMO", "class":"0x7ffe4906e3f8", "imemo_type":"ment", "memsize":48, "flags":{"wb_protected":true}}
{"address":"0x7ffe4906e0b0", "type":"IMEMO", "imemo_type":"ment", "references":["0x7ffe4906e4c0"], "memsize":48, "flags":{"wb_protected":true}}
{"address":"0x7ffe4906e0d8", "type":"STRING", "class":"0x7ffe490be858", "frozen":true, "embedded":true, "fstring":true, "bytesize":7, "value":"setrgid", "encoding":"US-ASCII", "memsize":40, "flags":{"wb_protected":true}}
{"address":"0x7ffe4906e100", "type":"IMEMO", "class":"0x7ffe4906e3f8", "imemo_type":"ment", "memsize":48, "flags":{"wb_protected":true}}
{"address":"0x7ffe4906e128", "type":"IMEMO", "imemo_type":"ment", "references":["0x7ffe4906e4c0"], "memsize":48, "flags":{"wb_protected":true}}
{"address":"0x7ffe4906e150", "type":"STRING", "class":"0x7ffe490be858", "frozen":true, "embedded":true, "fstring":true, "bytesize":7, "value":"setruid", "encoding":"US-ASCII", "memsize":40, "flags":{"wb_protected":true}}
{"address":"0x7ffe4906e178", "type":"IMEMO", "class":"0x7ffe4906e3f8", "imemo_type":"ment", "memsize":48, "flags":{"wb_protected":true}}
{"address":"0x7ffe4906e1a0", "type":"IMEMO", "imemo_type":"ment", "references":["0x7ffe4906e4c0"], "memsize":48, "flags":{"wb_protected":true}}
{"address":"0x7ffe4906e1c8", "type":"STRING", "class":"0x7ffe490be858", "frozen":true, "embedded":true, "fstring":true, "bytesize":6, "value":"setgid", "encoding":"US-ASCII", "memsize":40, "flags":{"wb_protected":true}}
{"address":"0x7ffe4906e1f0", "type":"IMEMO", "class":"0x7ffe4906e3f8", "imemo_type":"ment", "memsize":48, "flags":{"wb_protected":true}}
{"address":"0x7ffe4906e218", "type":"IMEMO", "imemo_type":"ment", "references":["0x7ffe4906e4c0"], "memsize":48, "flags":{"wb_protected":true}}
{"address":"0x7ffe4906e240", "type":"STRING", "class":"0x7ffe490be858", "frozen":true, "embedded":true, "fstring":true, "bytesize":6, "value":"setuid", "encoding":"US-ASCII", "memsize":40, "flags":{"wb_protected":true}}
{"address":"0x7ffe4906e268", "type":"IMEMO", "class":"0x7ffe4906e3f8", "imemo_type":"ment", "memsize":48, "flags":{"wb_protected":true}}
{"address":"0x7ffe4906e290", "type":"IMEMO", "imemo_type":"ment", "references":["0x7ffe4906e4c0"], "memsize":48, "flags":{"wb_protected":true}}
{"address":"0x7ffe4906e2b8", "type":"STRING", "class":"0x7ffe490be858", "frozen":true, "embedded":true, "fstring":true, "bytesize":7, "value":"getegid", "encoding":"US-ASCII", "memsize":40, "flags":{"wb_protected":true}}
{"address":"0x7ffe4906e2e0", "type":"IMEMO", "class":"0x7ffe4906e3f8", "imemo_type":"ment", "memsize":48, "flags":{"wb_protected":true}}
{"address":"0x7ffe4906e308", "type":"IMEMO", "imemo_type":"ment", "references":["0x7ffe4906e4c0"], "memsize":48, "flags":{"wb_protected":true}}
{"address":"0x7ffe4906e330", "type":"STRING", "class":"0x7ffe490be858", "frozen":true, "embedded":true, "fstring":true, "bytesize":6, "value":"getgid", "encoding":"US-ASCII", "memsize":40, "flags":{"wb_protected":true}}
{"address":"0x7ffe4906e358", "type":"IMEMO", "class":"0x7ffe4906e3f8", "imemo_type":"ment", "memsize":48, "flags":{"wb_protected":true}}
{"address":"0x7ffe4906e380", "type":"IMEMO", "imemo_type":"ment", "references":["0x7ffe4906e4c0"], "memsize":48, "flags":{"wb_protected":true}}
{"address":"0x7ffe4906e3a8", "type":"STRING", "class":"0x7ffe490be858", "frozen":true, "embedded":true, "fstring":true, "bytesize":7, "value":"geteuid", "encoding":"US-ASCII", "memsize":40, "flags":{"wb_protected":true}}
{"address":"0x7ffe4906e3d0", "type":"IMEMO", "class":"0x7ffe4906e3f8", "imemo_type":"ment", "memsize":48, "flags":{"wb_protected":true}}
{"address":"0x7ffe4906e3f8", "type":"CLASS", "class":"0x7ffe490c5748", "references":["0x7ffe490c6850", "0x7ffe4906e3d0", "0x7ffe4906e358", "0x7ffe4906e2e0", "0x7ffe4906e268", "0x7ffe4906e1f0", "0x7ffe4906e178", "0x7ffe4906e100", "0x7ffe4906e088", "0x7ffe4906e010", "0x7ffe4906df98", "0x7ffe4906df20", "0x7ffe4906dea8", "0x7ffe4906de30", "0x7ffe4906ddb8", "0x7ffe4906dd40", "0x7ffe4906e4c0"], "memsize":984, "flags":{"wb_protected":true}}
{"address":"0x7ffe4906e420", "type":"IMEMO", "imemo_type":"ment", "references":["0x7ffe4906e4c0"], "memsize":48, "flags":{"wb_protected":true}}
{"address":"0x7ffe4906e448", "type":"STRING", "class":"0x7ffe490be858", "frozen":true, "embedded":true, "fstring":true, "bytesize":6, "value":"getuid", "encoding":"US-ASCII", "memsize":40, "flags":{"wb_protected":true}}
{"address":"0x7ffe4906e470", "type":"STRING", "class":"0x7ffe490be858", "frozen":true, "embedded":true, "bytesize":12, "value":"Process::Sys", "encoding":"US-ASCII", "memsize":40, "flags":{"wb_protected":true}}
{"address":"0x7ffe4906e498", "type":"STRING", "class":"0x7ffe490be858", "frozen":true, "embedded":true, "bytesize":12, "value":"Process::Sys", "encoding":"US-ASCII", "memsize":40, "flags":{"wb_protected":true}}
{"address":"0x7ffe4906e4c0", "type":"MODULE", "class":"0x7ffe4906e3f8", "name":"Process::Sys", "references":["0x7ffe4906e420", "0x7ffe4906e380", "0x7ffe4906e308", "0x7ffe4906e290", "0x7ffe4906e218", "0x7ffe4906e1a0", "0x7ffe4906e128", "0x7ffe4906e0b0", "0x7ffe4906e038", "0x7ffe4906dfc0", "0x7ffe4906df48", "0x7ffe4906ded0", "0x7ffe4906de58", "0x7ffe4906dde0", "0x7ffe4906dd68", "0x7ffe4906e470"], "memsize":984, "flags":{"wb_protected":true}}
{"address":"0x7ffe4906e4e8", "type":"STRING", "class":"0x7ffe490be858", "frozen":true, "embedded":true, "fstring":true, "bytesize":3, "value":"Sys", "encoding":"US-ASCII", "memsize":40, "flags":{"wb_protected":true}}
{"address":"0x7ffe4906e510", "type":"IMEMO", "class":"0x7ffe4906ebf0", "imemo_type":"ment", "memsize":48, "flags":{"wb_protected":true}}
{"address":"0x7ffe4906e538", "type":"IMEMO", "imemo_type":"ment", "references":["0x7ffe4906ed30"], "memsize":48, "flags":{"wb_protected":true}}
{"address":"0x7ffe4906e560", "type":"IMEMO", "class":"0x7ffe4906ec68", "imemo_type":"ment", "memsize":48, "flags":{"wb_protected":true}}
{"address":"0x7ffe4906e588", "type":"IMEMO", "imemo_type":"ment", "references":["0x7ffe4906edd0"], "memsize":48, "flags":{"wb_protected":true}}
{"address":"0x7ffe4906e5b0", "type":"STRING", "class":"0x7ffe490be858", "frozen":true, "embedded":true, "fstring":true, "bytesize":9, "value":"from_name", "encoding":"US-ASCII", "memsize":40, "flags":{"wb_protected":true}}
{"address":"0x7ffe4906e5d8", "type":"IMEMO", "class":"0x7ffe4906ebf0", "imemo_type":"ment", "memsize":48, "flags":{"wb_protected":true}}
{"address":"0x7ffe4906e600", "type":"IMEMO", "imemo_type":"ment", "references":["0x7ffe4906ed30"], "memsize":48, "flags":{"wb_protected":true}}
{"address":"0x7ffe4906e628", "type":"IMEMO", "class":"0x7ffe4906ec68", "imemo_type":"ment", "memsize":48, "flags":{"wb_protected":true}}
{"address":"0x7ffe4906e650", "type":"IMEMO", "imemo_type":"ment", "references":["0x7ffe4906edd0"], "memsize":48, "flags":{"wb_protected":true}}
{"address":"0x7ffe4906e678", "type":"STRING", "class":"0x7ffe490be858", "frozen":true, "embedded":true, "fstring":true, "bytesize":6, "value":"switch", "encoding":"US-ASCII", "memsize":40, "flags":{"wb_protected":true}}
{"address":"0x7ffe4906e6a0", "type":"IMEMO", "class":"0x7ffe4906ebf0", "imemo_type":"ment", "memsize":48, "flags":{"wb_protected":true}}
{"address":"0x7ffe4906e6c8", "type":"IMEMO", "imemo_type":"ment", "references":["0x7ffe4906ed30"], "memsize":48, "flags":{"wb_protected":true}}
{"address":"0x7ffe4906e6f0", "type":"IMEMO", "class":"0x7ffe4906ec68", "imemo_type":"ment", "memsize":48, "flags":{"wb_protected":true}}
{"address":"0x7ffe4906e718", "type":"IMEMO", "imemo_type":"ment", "references":["0x7ffe4906edd0"], "memsize":48, "flags":{"wb_protected":true}}
{"address":"0x7ffe4906e740", "type":"STRING", "class":"0x7ffe490be858", "frozen":true, "embedded":true, "fstring":true, "bytesize":14, "value":"sid_available?", "encoding":"US-ASCII", "memsize":40, "flags":{"wb_protected":true}}
{"address":"0x7ffe4906e768", "type":"IMEMO", "class":"0x7ffe4906ebf0", "imemo_type":"ment", "memsize":48, "flags":{"wb_protected":true}}
{"address":"0x7ffe4906e790", "type":"IMEMO", "imemo_type":"ment", "references":["0x7ffe4906ed30"], "memsize":48, "flags":{"wb_protected":true}}
{"address":"0x7ffe4906e7b8", "type":"IMEMO", "class":"0x7ffe4906ec68", "imemo_type":"ment", "memsize":48, "flags":{"wb_protected":true}}
{"address":"0x7ffe4906e7e0", "type":"IMEMO", "imemo_type":"ment", "references":["0x7ffe4906edd0"], "memsize":48, "flags":{"wb_protected":true}}
{"address":"0x7ffe4906e808", "type":"STRING", "class":"0x7ffe490be858", "frozen":true, "embedded":true, "fstring":true, "bytesize":16, "value":"re_exchangeable?", "encoding":"US-ASCII", "memsize":40, "flags":{"wb_protected":true}}
{"address":"0x7ffe4906e830", "type":"IMEMO", "class":"0x7ffe4906ebf0", "imemo_type":"ment", "memsize":48, "flags":{"wb_protected":true}}
{"address":"0x7ffe4906e858", "type":"IMEMO", "imemo_type":"ment", "references":["0x7ffe4906ed30"], "memsize":48, "flags":{"wb_protected":true}}
{"address":"0x7ffe4906e880", "type":"IMEMO", "class":"0x7ffe4906ec68", "imemo_type":"ment", "memsize":48, "flags":{"wb_protected":true}}
{"address":"0x7ffe4906e8a8", "type":"IMEMO", "imemo_type":"ment", "references":["0x7ffe4906edd0"], "memsize":48, "flags":{"wb_protected":true}}
{"address":"0x7ffe4906e8d0", "type":"STRING", "class":"0x7ffe490be858", "frozen":true, "embedded":true, "fstring":true, "bytesize":11, "value":"re_exchange", "encoding":"US-ASCII", "memsize":40, "flags":{"wb_protected":true}}
{"address":"0x7ffe4906e8f8", "type":"IMEMO", "class":"0x7ffe4906ebf0", "imemo_type":"ment", "memsize":48, "flags":{"wb_protected":true}}
{"address":"0x7ffe4906e920", "type":"IMEMO", "class":"0x7ffe4906ec68", "imemo_type":"ment", "memsize":48, "flags":{"wb_protected":true}}
{"address":"0x7ffe4906e948", "type":"STRING", "class":"0x7ffe490be858", "frozen":true, "embedded":true, "fstring":true, "bytesize":4, "value":"eid=", "encoding":"US-ASCII", "memsize":40, "flags":{"wb_protected":true}}
{"address":"0x7ffe4906e970", "type":"IMEMO", "class":"0x7ffe4906ebf0", "imemo_type":"ment", "memsize":48, "flags":{"wb_protected":true}}
{"address":"0x7ffe4906e998", "type":"IMEMO", "imemo_type":"ment", "references":["0x7ffe4906ed30"], "memsize":48, "flags":{"wb_protected":true}}
{"address":"0x7ffe4906e9c0", "type":"IMEMO", "class":"0x7ffe4906ec68", "imemo_type":"ment", "memsize":48, "flags":{"wb_protected":true}}
{"address":"0x7ffe4906e9e8", "type":"IMEMO", "imemo_type":"ment", "references":["0x7ffe4906edd0"], "memsize":48, "flags":{"wb_protected":true}}
{"address":"0x7ffe4906ea10", "type":"STRING", "class":"0x7ffe490be858", "frozen":true, "embedded":true, "fstring":true, "bytesize":15, "value":"grant_privilege", "encoding":"US-ASCII", "memsize":40, "flags":{"wb_protected":true}}
{"address":"0x7ffe4906ea38", "type":"IMEMO", "class":"0x7ffe4906ebf0", "imemo_type":"ment", "memsize":48, "flags":{"wb_protected":true}}
{"address":"0x7ffe4906ea60", "type":"IMEMO", "imemo_type":"ment", "references":["0x7ffe4906ed30"], "memsize":48, "flags":{"wb_protected":true}}
{"address":"0x7ffe4906ea88", "type":"IMEMO", "class":"0x7ffe4906ec68", "imemo_type":"ment", "memsize":48, "flags":{"wb_protected":true}}
{"address":"0x7ffe4906eab0", "type":"IMEMO", "imemo_type":"ment", "references":["0x7ffe4906edd0"], "memsize":48, "flags":{"wb_protected":true}}
{"address":"0x7ffe4906ead8", "type":"STRING", "class":"0x7ffe490be858", "frozen":true, "embedded":true, "fstring":true, "bytesize":16, "value":"change_privilege", "encoding":"US-ASCII", "memsize":40, "flags":{"wb_protected":true}}
{"address":"0x7ffe4906eb00", "type":"IMEMO", "class":"0x7ffe4906ebf0", "imemo_type":"ment", "memsize":48, "flags":{"wb_protected":true}}
{"address":"0x7ffe4906eb28", "type":"IMEMO", "imemo_type":"ment", "references":["0x7ffe4906ed30"], "memsize":48, "flags":{"wb_protected":true}}
{"address":"0x7ffe4906eb50", "type":"IMEMO", "class":"0x7ffe4906ec68", "imemo_type":"ment", "memsize":48, "flags":{"wb_protected":true}}
{"address":"0x7ffe4906eb78", "type":"IMEMO", "imemo_type":"ment", "references":["0x7ffe4906edd0"], "memsize":48, "flags":{"wb_protected":true}}
{"address":"0x7ffe4906eba0", "type":"STRING", "class":"0x7ffe490be858", "frozen":true, "embedded":true, "fstring":true, "bytesize":3, "value":"eid", "encoding":"US-ASCII", "memsize":40, "flags":{"wb_protected":true}}
{"address":"0x7ffe4906ebc8", "type":"IMEMO", "class":"0x7ffe4906ebf0", "imemo_type":"ment", "memsize":48, "flags":{"wb_protected":true}}
{"address":"0x7ffe4906ebf0", "type":"CLASS", "class":"0x7ffe490c5748", "references":["0x7ffe490c6850", "0x7ffe4906ebc8", "0x7ffe4906eb00", "0x7ffe4906ea38", "0x7ffe4906e970", "0x7ffe4906e8f8", "0x7ffe4906e830", "0x7ffe4906e768", "0x7ffe4906e6a0", "0x7ffe4906e5d8", "0x7ffe4906e510", "0x7ffe4906ed30"], "memsize":728, "flags":{"wb_protected":true}}
{"address":"0x7ffe4906ec18", "type":"IMEMO", "imemo_type":"ment", "references":["0x7ffe4906ed30"], "memsize":48, "flags":{"wb_protected":true}}
{"address":"0x7ffe4906ec40", "type":"IMEMO", "class":"0x7ffe4906ec68", "imemo_type":"ment", "memsize":48, "flags":{"wb_protected":true}}
{"address":"0x7ffe4906ec68", "type":"CLASS", "class":"0x7ffe490c5748", "references":["0x7ffe490c6850", "0x7ffe4906ec40", "0x7ffe4906eb50", "0x7ffe4906ea88", "0x7ffe4906e9c0", "0x7ffe4906e920", "0x7ffe4906e880", "0x7ffe4906e7b8", "0x7ffe4906e6f0", "0x7ffe4906e628", "0x7ffe4906e560", "0x7ffe4906edd0"], "memsize":728, "flags":{"wb_protected":true}}
{"address":"0x7ffe4906ec90", "type":"IMEMO", "imemo_type":"ment", "references":["0x7ffe4906edd0"], "memsize":48, "flags":{"wb_protected":true}}
{"address":"0x7ffe4906ecb8", "type":"STRING", "class":"0x7ffe490be858", "frozen":true, "embedded":true, "fstring":true, "bytesize":3, "value":"rid", "encoding":"US-ASCII", "memsize":40, "flags":{"wb_protected":true}}
{"address":"0x7ffe4906ece0", "type":"STRING", "class":"0x7ffe490be858", "frozen":true, "embedded":true, "bytesize":12, "value":"Process::GID", "encoding":"US-ASCII", "memsize":40, "flags":{"wb_protected":true}}
{"address":"0x7ffe4906ed08", "type":"STRING", "class":"0x7ffe490be858", "frozen":true, "embedded":true, "bytesize":12, "value":"Process::GID", "encoding":"US-ASCII", "memsize":40, "flags":{"wb_protected":true}}
{"address":"0x7ffe4906ed30", "type":"MODULE", "class":"0x7ffe4906ebf0", "name":"Process::GID", "references":["0x7ffe4906ec18", "0x7ffe4906eb28", "0x7ffe4906ea60", "0x7ffe4906e998", "0x7ffe4906e858", "0x7ffe4906e790", "0x7ffe4906e6c8", "0x7ffe4906e600", "0x7ffe4906e538", "0x7ffe4906ece0"], "memsize":728, "flags":{"wb_protected":true}}
{"address":"0x7ffe4906ed58", "type":"STRING", "class":"0x7ffe490be858", "frozen":true, "embedded":true, "fstring":true, "bytesize":3, "value":"GID", "encoding":"US-ASCII", "memsize":40, "flags":{"wb_protected":true}}
{"address":"0x7ffe4906ed80", "type":"STRING", "class":"0x7ffe490be858", "frozen":true, "embedded":true, "bytesize":12, "value":"Process::UID", "encoding":"US-ASCII", "memsize":40, "flags":{"wb_protected":true}}
{"address":"0x7ffe4906eda8", "type":"STRING", "class":"0x7ffe490be858", "frozen":true, "embedded":true, "bytesize":12, "value":"Process::UID", "encoding":"US-ASCII", "memsize":40, "flags":{"wb_protected":true}}
{"address":"0x7ffe4906edd0", "type":"MODULE", "class":"0x7ffe4906ec68", "name":"Process::UID", "references":["0x7ffe4906ec90", "0x7ffe4906eb78", "0x7ffe4906eab0", "0x7ffe4906e9e8", "0x7ffe4906e8a8", "0x7ffe4906e7e0", "0x7ffe4906e718", "0x7ffe4906e650", "0x7ffe4906e588", "0x7ffe4906ed80"], "memsize":728, "flags":{"wb_protected":true}}
{"address":"0x7ffe4906edf8", "type":"STRING", "class":"0x7ffe490be858", "frozen":true, "embedded":true, "fstring":true, "bytesize":3, "value":"UID", "encoding":"US-ASCII", "memsize":40, "flags":{"wb_protected":true}}
{"address":"0x7ffe4906ee20", "type":"IMEMO", "class":"0x8", "imemo_type":"cref", "references":["0x7ffe490c68a0"], "memsize":40, "flags":{"wb_protected":true}}
{"address":"0x7ffe4906ee48", "type":"IMEMO", "class":"0x7ffe4906f370", "imemo_type":"ment", "references":["0x7ffe4906ee98", "0x7ffe4906ee20"], "memsize":48, "flags":{"wb_protected":true}}
{"address":"0x7ffe4906ee70", "type":"ARRAY", "class":"0x7ffe490a67f8", "frozen":true, "length":2, "embedded":true, "references":["0x7ffe4907c200"], "memsize":40, "flags":{"wb_protected":true}}
{"address":"0x7ffe4906ee98", "type":"IMEMO", "imemo_type":"iseq", "references":["0x7ffe4906eee8", "0x7ffe4906eee8", "0x7ffe4906ee70"], "memsize":412, "flags":{"wb_protected":true}}
{"address":"0x7ffe4906eec0", "type":"IMEMO", "imemo_type":"ifunc", "memsize":40, "flags":{"wb_protected":true}}
{"address":"0x7ffe4906eee8", "type":"STRING", "class":"0x7ffe490be858", "frozen":true, "embedded":true, "fstring":true, "bytesize":7, "value":"cstime=", "encoding":"US-ASCII", "memsize":40, "flags":{"wb_protected":true}}
{"address":"0x7ffe4906ef10", "type":"IMEMO", "class":"0x7ffe4906f370", "imemo_type":"ment", "memsize":48, "flags":{"wb_protected":true}}
{"address":"0x7ffe4906ef38", "type":"IMEMO", "class":"0x8", "imemo_type":"cref", "references":["0x7ffe490c68a0"], "memsize":40, "flags":{"wb_protected":true}}
{"address":"0x7ffe4906ef60", "type":"IMEMO", "class":"0x7ffe4906f370", "imemo_type":"ment", "references":["0x7ffe4906efb0", "0x7ffe4906ef38"], "memsize":48, "flags":{"wb_protected":true}}
{"address":"0x7ffe4906ef88", "type":"ARRAY", "class":"0x7ffe490a67f8", "frozen":true, "length":2, "embedded":true, "references":["0x7ffe4907c200"], "memsize":40, "flags":{"wb_protected":true}}
{"address":"0x7ffe4906efb0", "type":"IMEMO", "imemo_type":"iseq", "references":["0x7ffe4906f000", "0x7ffe4906f000", "0x7ffe4906ef88"], "memsize":412, "flags":{"wb_protected":true}}
{"address":"0x7ffe4906efd8", "type":"IMEMO", "imemo_type":"ifunc", "memsize":40, "flags":{"wb_protected":true}}
{"address":"0x7ffe4906f000", "type":"STRING", "class":"0x7ffe490be858", "frozen":true, "embedded":true, "fstring":true, "bytesize":7, "value":"cutime=", "encoding":"US-ASCII", "memsize":40, "flags":{"wb_protected":true}}
{"address":"0x7ffe4906f028", "type":"IMEMO", "class":"0x7ffe4906f370", "imemo_type":"ment", "memsize":48, "flags":{"wb_protected":true}}
{"address":"0x7ffe4906f050", "type":"IMEMO", "class":"0x8", "imemo_type":"cref", "references":["0x7ffe490c68a0"], "memsize":40, "flags":{"wb_protected":true}}
{"address":"0x7ffe4906f078", "type":"IMEMO", "class":"0x7ffe4906f370", "imemo_type":"ment", "references":["0x7ffe4906f0c8", "0x7ffe4906f050"], "memsize":48, "flags":{"wb_protected":true}}
{"address":"0x7ffe4906f0a0", "type":"ARRAY", "class":"0x7ffe490a67f8", "frozen":true, "length":2, "embedded":true, "references":["0x7ffe4907c200"], "memsize":40, "flags":{"wb_protected":true}}
{"address":"0x7ffe4906f0c8", "type":"IMEMO", "imemo_type":"iseq", "references":["0x7ffe4906f118", "0x7ffe4906f118", "0x7ffe4906f0a0"], "memsize":404, "flags":{"wb_protected":true}}
{"address":"0x7ffe4906f0f0", "type":"IMEMO", "imemo_type":"ifunc", "memsize":40, "flags":{"wb_protected":true}}
{"address":"0x7ffe4906f118", "type":"STRING", "class":"0x7ffe490be858", "frozen":true, "embedded":true, "fstring":true, "bytesize":6, "value":"stime=", "encoding":"US-ASCII", "memsize":40, "flags":{"wb_protected":true}}
{"address":"0x7ffe4906f140", "type":"IMEMO", "class":"0x7ffe4906f370", "imemo_type":"ment", "memsize":48, "flags":{"wb_protected":true}}
{"address":"0x7ffe4906f168", "type":"IMEMO", "class":"0x8", "imemo_type":"cref", "references":["0x7ffe490c68a0"], "memsize":40, "flags":{"wb_protected":true}}
{"address":"0x7ffe4906f190", "type":"IMEMO", "class":"0x7ffe4906f370", "imemo_type":"ment", "references":["0x7ffe4906f1e0", "0x7ffe4906f168"], "memsize":48, "flags":{"wb_protected":true}}
{"address":"0x7ffe4906f1b8", "type":"ARRAY", "class":"0x7ffe490a67f8", "frozen":true, "length":2, "embedded":true, "references":["0x7ffe4907c200"], "memsize":40, "flags":{"wb_protected":true}}
{"address":"0x7ffe4906f1e0", "type":"IMEMO", "imemo_type":"iseq", "references":["0x7ffe4906f230", "0x7ffe4906f230", "0x7ffe4906f1b8"], "memsize":404, "flags":{"wb_protected":true}}
{"address":"0x7ffe4906f208", "type":"IMEMO", "imemo_type":"ifunc", "memsize":40, "flags":{"wb_protected":true}}
{"address":"0x7ffe4906f230", "type":"STRING", "class":"0x7ffe490be858", "frozen":true, "embedded":true, "fstring":true, "bytesize":6, "value":"utime=", "encoding":"US-ASCII", "memsize":40, "flags":{"wb_protected":true}}
{"address":"0x7ffe4906f258", "type":"IMEMO", "class":"0x7ffe4906f370", "imemo_type":"ment", "memsize":48, "flags":{"wb_protected":true}}
{"address":"0x7ffe4906f280", "type":"IMEMO", "class":"0x7ffe4906f348", "imemo_type":"ment", "memsize":48, "flags":{"wb_protected":true}}
{"address":"0x7ffe4906f2a8", "type":"IMEMO", "class":"0x7ffe4906f348", "imemo_type":"ment", "memsize":48, "flags":{"wb_protected":true}}
{"address":"0x7ffe4906f2d0", "type":"IMEMO", "class":"0x7ffe4906f348", "imemo_type":"ment", "memsize":48, "flags":{"wb_protected":true}}
{"address":"0x7ffe4906f2f8", "type":"IMEMO", "class":"0x7ffe4906f348", "imemo_type":"ment", "memsize":48, "flags":{"wb_protected":true}}
{"address":"0x7ffe4906f320", "type":"STRING", "class":"0x7ffe490be858", "frozen":true, "embedded":true, "bytesize":12, "value":"Process::Tms", "encoding":"US-ASCII", "memsize":40, "flags":{"wb_protected":true}}
{"address":"0x7ffe4906f348", "type":"CLASS", "class":"0x7ffe490c5770", "references":["0x7ffe4909f5c0", "0x7ffe4906f2d0", "0x7ffe4906f2f8", "0x7ffe4906f280", "0x7ffe4906f2a8", "0x7ffe4906f370"], "memsize":600, "flags":{"wb_protected":true}}
{"address":"0x7ffe4906f370", "type":"CLASS", "class":"0x7ffe4906f348", "name":"Process::Tms", "references":["0x7ffe4909f5e8", "0x7ffe4906f258", "0x7ffe4906ef60", "0x7ffe4906ef10", "0x7ffe4906ee48", "0x7ffe4906f190", "0x7ffe4906f140", "0x7ffe4906f078", "0x7ffe4906f028", "0x7ffe4906f320", "0x7ffe4906f3c0", "0x7ffe4906f3c0"], "memsize":728, "flags":{"wb_protected":true}}
{"address":"0x7ffe4906f398", "type":"STRING", "class":"0x7ffe490be858", "frozen":true, "embedded":true, "fstring":true, "bytesize":3, "value":"Tms", "encoding":"US-ASCII", "memsize":40, "flags":{"wb_protected":true}}
{"address":"0x7ffe4906f3c0", "type":"ARRAY", "frozen":true, "length":4, "references":["0x7ffe4906f4d8", "0x7ffe4906f460", "0x7ffe4906f3e8"], "memsize":72, "flags":{"wb_protected":true}}
{"address":"0x7ffe4906f3e8", "type":"SYMBOL", "class":"0x7ffe490bc440", "frozen":true, "bytesize":6, "value":"cstime", "memsize":40, "flags":{"wb_protected":true}}
{"address":"0x7ffe4906f410", "type":"STRING", "class":"0x7ffe490be858", "frozen":true, "embedded":true, "bytesize":6, "value":"cstime", "encoding":"US-ASCII", "memsize":40, "flags":{"wb_protected":true}}
{"address":"0x7ffe4906f438", "type":"STRING", "class":"0x7ffe490be858", "frozen":true, "embedded":true, "fstring":true, "bytesize":6, "value":"cstime", "encoding":"US-ASCII", "memsize":40, "flags":{"wb_protected":true}}
{"address":"0x7ffe4906f460", "type":"SYMBOL", "class":"0x7ffe490bc440", "frozen":true, "bytesize":6, "value":"cutime", "memsize":40, "flags":{"wb_protected":true}}
{"address":"0x7ffe4906f488", "type":"STRING", "class":"0x7ffe490be858", "frozen":true, "embedded":true, "bytesize":6, "value":"cutime", "encoding":"US-ASCII", "memsize":40, "flags":{"wb_protected":true}}
{"address":"0x7ffe4906f4b0", "type":"STRING", "class":"0x7ffe490be858", "frozen":true, "embedded":true, "fstring":true, "bytesize":6, "value":"cutime", "encoding":"US-ASCII", "memsize":40, "flags":{"wb_protected":true}}
{"address":"0x7ffe4906f4d8", "type":"SYMBOL", "class":"0x7ffe490bc440", "frozen":true, "bytesize":5, "value":"stime", "memsize":40, "flags":{"wb_protected":true}}
{"address":"0x7ffe4906f500", "type":"STRING", "class":"0x7ffe490be858", "frozen":true, "embedded":true, "bytesize":5, "value":"stime", "encoding":"US-ASCII", "memsize":40, "flags":{"wb_protected":true}}
{"address":"0x7ffe4906f528", "type":"STRING", "class":"0x7ffe490be858", "frozen":true, "embedded":true, "fstring":true, "bytesize":5, "value":"stime", "encoding":"US-ASCII", "memsize":40, "flags":{"wb_protected":true}}
{"address":"0x7ffe4906f550", "type":"HASH", "size":0, "memsize":192}
{"address":"0x7ffe4906f578", "type":"IMEMO", "class":"0x7ffe49075018", "imemo_type":"ment", "memsize":48, "flags":{"wb_protected":true}}
{"address":"0x7ffe4906f5a0", "type":"IMEMO", "imemo_type":"ment", "references":["0x7ffe49075090"], "memsize":48, "flags":{"wb_protected":true}}
{"address":"0x7ffe4906f5c8", "type":"STRING", "class":"0x7ffe490be858", "frozen":true, "embedded":true, "fstring":true, "bytesize":12, "value":"clock_getres", "encoding":"US-ASCII", "memsize":40, "flags":{"wb_protected":true}}
{"address":"0x7ffe4906f5f0", "type":"IMEMO", "class":"0x7ffe49075018", "imemo_type":"ment", "memsize":48, "flags":{"wb_protected":true}}
{"address":"0x7ffe4906f618", "type":"IMEMO", "imemo_type":"ment", "references":["0x7ffe49075090"], "memsize":48, "flags":{"wb_protected":true}}
{"address":"0x7ffe4906f640", "type":"STRING", "class":"0x7ffe490be858", "frozen":true, "embedded":true, "fstring":true, "bytesize":13, "value":"clock_gettime", "encoding":"US-ASCII", "memsize":40, "flags":{"wb_protected":true}}
{"address":"0x7ffe4906f668", "type":"STRING", "class":"0x7ffe490be858", "frozen":true, "embedded":true, "fstring":true, "bytesize":23, "value":"CLOCK_UPTIME_RAW_APPROX", "encoding":"US-ASCII", "memsize":40, "flags":{"wb_protected":true}}
{"address":"0x7ffe4906f690", "type":"STRING", "class":"0x7ffe490be858", "frozen":true, "embedded":true, "fstring":true, "bytesize":16, "value":"CLOCK_UPTIME_RAW", "encoding":"US-ASCII", "memsize":40, "flags":{"wb_protected":true}}
{"address":"0x7ffe4906f6b8", "type":"STRING", "class":"0x7ffe490be858", "frozen":true, "fstring":true, "bytesize":26, "value":"CLOCK_MONOTONIC_RAW_APPROX", "encoding":"US-ASCII", "memsize":67, "flags":{"wb_protected":true}}
{"address":"0x7ffe4906f6e0", "type":"STRING", "class":"0x7ffe490be858", "frozen":true, "embedded":true, "fstring":true, "bytesize":19, "value":"CLOCK_MONOTONIC_RAW", "encoding":"US-ASCII", "memsize":40, "flags":{"wb_protected":true}}
{"address":"0x7ffe4906f708", "type":"STRING", "class":"0x7ffe490be858", "frozen":true, "embedded":true, "fstring":true, "bytesize":23, "value":"CLOCK_THREAD_CPUTIME_ID", "encoding":"US-ASCII", "memsize":40, "flags":{"wb_protected":true}}
{"address":"0x7ffe4906f730", "type":"STRING", "class":"0x7ffe490be858", "frozen":true, "fstring":true, "bytesize":24, "value":"CLOCK_PROCESS_CPUTIME_ID", "encoding":"US-ASCII", "memsize":65, "flags":{"wb_protected":true}}
{"address":"0x7ffe4906f758", "type":"STRING", "class":"0x7ffe490be858", "frozen":true, "embedded":true, "fstring":true, "bytesize":15, "value":"CLOCK_MONOTONIC", "encoding":"US-ASCII", "memsize":40, "flags":{"wb_protected":true}}
{"address":"0x7ffe4906f780", "type":"STRING", "class":"0x7ffe490be858", "frozen":true, "embedded":true, "fstring":true, "bytesize":14, "value":"CLOCK_REALTIME", "encoding":"US-ASCII", "memsize":40, "flags":{"wb_protected":true}}
{"address":"0x7ffe4906f7a8", "type":"IMEMO", "class":"0x7ffe49075018", "imemo_type":"ment", "memsize":48, "flags":{"wb_protected":true}}
{"address":"0x7ffe4906f7d0", "type":"IMEMO", "imemo_type":"ment", "references":["0x7ffe49075090"], "memsize":48, "flags":{"wb_protected":true}}
{"address":"0x7ffe4906f7f8", "type":"IMEMO", "class":"0x7ffe49075018", "imemo_type":"ment", "memsize":48, "flags":{"wb_protected":true}}
{"address":"0x7ffe4906f820", "type":"IMEMO", "imemo_type":"ment", "references":["0x7ffe49075090"], "memsize":48, "flags":{"wb_protected":true}}
{"address":"0x7ffe4906f848", "type":"STRING", "class":"0x7ffe490be858", "frozen":true, "embedded":true, "fstring":true, "bytesize":6, "value":"daemon", "encoding":"US-ASCII", "memsize":40, "flags":{"wb_protected":true}}
{"address":"0x7ffe4906f870", "type":"IMEMO", "class":"0x7ffe49075018", "imemo_type":"ment", "memsize":48, "flags":{"wb_protected":true}}
{"address":"0x7ffe4906f898", "type":"IMEMO", "imemo_type":"ment", "references":["0x7ffe49075090"], "memsize":48, "flags":{"wb_protected":true}}
{"address":"0x7ffe4906f8c0", "type":"STRING", "class":"0x7ffe490be858", "frozen":true, "embedded":true, "fstring":true, "bytesize":10, "value":"maxgroups=", "encoding":"US-ASCII", "memsize":40, "flags":{"wb_protected":true}}
{"address":"0x7ffe4906f8e8", "type":"IMEMO", "class":"0x7ffe49075018", "imemo_type":"ment", "memsize":48, "flags":{"wb_protected":true}}
{"address":"0x7ffe4906f910", "type":"IMEMO", "imemo_type":"ment", "references":["0x7ffe49075090"], "memsize":48, "flags":{"wb_protected":true}}
{"address":"0x7ffe4906f938", "type":"STRING", "class":"0x7ffe490be858", "frozen":true, "embedded":true, "fstring":true, "bytesize":9, "value":"maxgroups", "encoding":"US-ASCII", "memsize":40, "flags":{"wb_protected":true}}
{"address":"0x7ffe4906f960", "type":"IMEMO", "class":"0x7ffe49075018", "imemo_type":"ment", "memsize":48, "flags":{"wb_protected":true}}
{"address":"0x7ffe4906f988", "type":"IMEMO", "imemo_type":"ment", "references":["0x7ffe49075090"], "memsize":48, "flags":{"wb_protected":true}}
{"address":"0x7ffe4906f9b0", "type":"STRING", "class":"0x7ffe490be858", "frozen":true, "embedded":true, "fstring":true, "bytesize":7, "value":"groups=", "encoding":"US-ASCII", "memsize":40, "flags":{"wb_protected":true}}
{"address":"0x7ffe4906f9d8", "type":"IMEMO", "class":"0x7ffe49075018", "imemo_type":"ment", "memsize":48, "flags":{"wb_protected":true}}
{"address":"0x7ffe4906fa00", "type":"IMEMO", "imemo_type":"ment", "references":["0x7ffe49075090"], "memsize":48, "flags":{"wb_protected":true}}
{"address":"0x7ffe4906fa28", "type":"STRING", "class":"0x7ffe490be858", "frozen":true, "embedded":true, "fstring":true, "bytesize":6, "value":"groups", "encoding":"US-ASCII", "memsize":40, "flags":{"wb_protected":true}}
{"address":"0x7ffe4906fa50", "type":"IMEMO", "class":"0x7ffe49075018", "imemo_type":"ment", "memsize":48, "flags":{"wb_protected":true}}
{"address":"0x7ffe4906fa78", "type":"IMEMO", "imemo_type":"ment", "references":["0x7ffe49075090"], "memsize":48, "flags":{"wb_protected":true}}
{"address":"0x7ffe4906faa0", "type":"STRING", "class":"0x7ffe490be858", "frozen":true, "embedded":true, "fstring":true, "bytesize":10, "value":"initgroups", "encoding":"US-ASCII", "memsize":40, "flags":{"wb_protected":true}}
{"address":"0x7ffe4906fac8", "type":"IMEMO", "class":"0x7ffe49075018", "imemo_type":"ment", "memsize":48, "flags":{"wb_protected":true}}
{"address":"0x7ffe4906faf0", "type":"IMEMO", "imemo_type":"ment", "references":["0x7ffe49075090"], "memsize":48, "flags":{"wb_protected":true}}
{"address":"0x7ffe4906fb18", "type":"STRING", "class":"0x7ffe490be858", "frozen":true, "embedded":true, "fstring":true, "bytesize":5, "value":"egid=", "encoding":"US-ASCII", "memsize":40, "flags":{"wb_protected":true}}
{"address":"0x7ffe4906fb40", "type":"IMEMO", "class":"0x7ffe49075018", "imemo_type":"ment", "memsize":48, "flags":{"wb_protected":true}}
{"address":"0x7ffe4906fb68", "type":"IMEMO", "imemo_type":"ment", "references":["0x7ffe49075090"], "memsize":48, "flags":{"wb_protected":true}}
{"address":"0x7ffe4906fb90", "type":"STRING", "class":"0x7ffe490be858", "frozen":true, "embedded":true, "fstring":true, "bytesize":4, "value":"egid", "encoding":"US-ASCII", "memsize":40, "flags":{"wb_protected":true}}
{"address":"0x7ffe4906fbb8", "type":"IMEMO", "class":"0x7ffe49075018", "imemo_type":"ment", "memsize":48, "flags":{"wb_protected":true}}
{"address":"0x7ffe4906fbe0", "type":"IMEMO", "imemo_type":"ment", "references":["0x7ffe49075090"], "memsize":48, "flags":{"wb_protected":true}}
{"address":"0x7ffe4906fc08", "type":"STRING", "class":"0x7ffe490be858", "frozen":true, "embedded":true, "fstring":true, "bytesize":5, "value":"euid=", "encoding":"US-ASCII", "memsize":40, "flags":{"wb_protected":true}}
{"address":"0x7ffe4906fc30", "type":"IMEMO", "class":"0x7ffe49075018", "imemo_type":"ment", "memsize":48, "flags":{"wb_protected":true}}
{"address":"0x7ffe4906fc58", "type":"IMEMO", "imemo_type":"ment", "references":["0x7ffe49075090"], "memsize":48, "flags":{"wb_protected":true}}
{"address":"0x7ffe4906fc80", "type":"STRING", "class":"0x7ffe490be858", "frozen":true, "embedded":true, "fstring":true, "bytesize":4, "value":"euid", "encoding":"US-ASCII", "memsize":40, "flags":{"wb_protected":true}}
{"address":"0x7ffe4906fca8", "type":"IMEMO", "class":"0x7ffe49075018", "imemo_type":"ment", "memsize":48, "flags":{"wb_protected":true}}
{"address":"0x7ffe4906fcd0", "type":"IMEMO", "imemo_type":"ment", "references":["0x7ffe49075090"], "memsize":48, "flags":{"wb_protected":true}}
{"address":"0x7ffe4906fcf8", "type":"STRING", "class":"0x7ffe490be858", "frozen":true, "embedded":true, "fstring":true, "bytesize":4, "value":"gid=", "encoding":"US-ASCII", "memsize":40, "flags":{"wb_protected":true}}
{"address":"0x7ffe4906fd20", "type":"IMEMO", "class":"0x7ffe49075018", "imemo_type":"ment", "memsize":48, "flags":{"wb_protected":true}}
{"address":"0x7ffe4906fd48", "type":"IMEMO", "imemo_type":"ment", "references":["0x7ffe49075090"], "memsize":48, "flags":{"wb_protected":true}}
{"address":"0x7ffe4906fd70", "type":"IMEMO", "class":"0x7ffe49075018", "imemo_type":"ment", "memsize":48, "flags":{"wb_protected":true}}
{"address":"0x7ffe4906fd98", "type":"IMEMO", "imemo_type":"ment", "references":["0x7ffe49075090"], "memsize":48, "flags":{"wb_protected":true}}
{"address":"0x7ffe4906fdc0", "type":"STRING", "class":"0x7ffe490be858", "frozen":true, "embedded":true, "fstring":true, "bytesize":4, "value":"uid=", "encoding":"US-ASCII", "memsize":40, "flags":{"wb_protected":true}}
{"address":"0x7ffe4906fde8", "type":"IMEMO", "class":"0x7ffe49075018", "imemo_type":"ment", "memsize":48, "flags":{"wb_protected":true}}
{"address":"0x7ffe4906fe10", "type":"IMEMO", "imemo_type":"ment", "references":["0x7ffe49075090"], "memsize":48, "flags":{"wb_protected":true}}
{"address":"0x7ffe4906fe38", "type":"STRING", "class":"0x7ffe490be858", "frozen":true, "embedded":true, "fstring":true, "bytesize":12, "value":"RLIMIT_STACK", "encoding":"US-ASCII", "memsize":40, "flags":{"wb_protected":true}}
{"address":"0x7ffe4906fe60", "type":"STRING", "class":"0x7ffe490be858", "frozen":true, "embedded":true, "fstring":true, "bytesize":10, "value":"RLIMIT_RSS", "encoding":"US-ASCII", "memsize":40, "flags":{"wb_protected":true}}
{"address":"0x7ffe4906fe88", "type":"STRING", "class":"0x7ffe490be858", "frozen":true, "embedded":true, "fstring":true, "bytesize":12, "value":"RLIMIT_NPROC", "encoding":"US-ASCII", "memsize":40, "flags":{"wb_protected":true}}
{"address":"0x7ffe4906feb0", "type":"STRING", "class":"0x7ffe490be858", "frozen":true, "embedded":true, "fstring":true, "bytesize":13, "value":"RLIMIT_NOFILE", "encoding":"US-ASCII", "memsize":40, "flags":{"wb_protected":true}}
{"address":"0x7ffe4906fed8", "type":"STRING", "class":"0x7ffe490be858", "frozen":true, "embedded":true, "fstring":true, "bytesize":14, "value":"RLIMIT_MEMLOCK", "encoding":"US-ASCII", "memsize":40, "flags":{"wb_protected":true}}
{"address":"0x7ffe4906ff00", "type":"STRING", "class":"0x7ffe490be858", "frozen":true, "embedded":true, "fstring":true, "bytesize":12, "value":"RLIMIT_FSIZE", "encoding":"US-ASCII", "memsize":40, "flags":{"wb_protected":true}}
{"address":"0x7ffe4906ff28", "type":"STRING", "class":"0x7ffe490be858", "frozen":true, "embedded":true, "fstring":true, "bytesize":11, "value":"RLIMIT_DATA", "encoding":"US-ASCII", "memsize":40, "flags":{"wb_protected":true}}
{"address":"0x7ffe4906ff50", "type":"STRING", "class":"0x7ffe490be858", "frozen":true, "embedded":true, "fstring":true, "bytesize":10, "value":"RLIMIT_CPU", "encoding":"US-ASCII", "memsize":40, "flags":{"wb_protected":true}}
{"address":"0x7ffe4906ff78", "type":"STRING", "class":"0x7ffe490be858", "frozen":true, "embedded":true, "fstring":true, "bytesize":11, "value":"RLIMIT_CORE", "encoding":"US-ASCII", "memsize":40, "flags":{"wb_protected":true}}
{"address":"0x7ffe4906ffa0", "type":"STRING", "class":"0x7ffe490be858", "frozen":true, "embedded":true, "fstring":true, "bytesize":9, "value":"RLIMIT_AS", "encoding":"US-ASCII", "memsize":40, "flags":{"wb_protected":true}}
{"address":"0x7ffe4906ffc8", "type":"STRING", "class":"0x7ffe490be858", "frozen":true, "embedded":true, "fstring":true, "bytesize":14, "value":"RLIM_SAVED_CUR", "encoding":"US-ASCII", "memsize":40, "flags":{"wb_protected":true}}
{"address":"0x7ffe49074028", "type":"STRING", "class":"0x7ffe490be858", "frozen":true, "embedded":true, "fstring":true, "bytesize":13, "value":"RLIM_INFINITY", "encoding":"US-ASCII", "memsize":40, "flags":{"wb_protected":true}}
{"address":"0x7ffe49074050", "type":"STRING", "class":"0x7ffe490be858", "frozen":true, "embedded":true, "fstring":true, "bytesize":14, "value":"RLIM_SAVED_MAX", "encoding":"US-ASCII", "memsize":40, "flags":{"wb_protected":true}}
{"address":"0x7ffe49074078", "type":"BIGNUM", "class":"0x7ffe490b46a0", "frozen":true, "memsize":40, "flags":{"wb_protected":true}}
{"address":"0x7ffe490740a0", "type":"IMEMO", "class":"0x7ffe49075018", "imemo_type":"ment", "memsize":48, "flags":{"wb_protected":true}}
{"address":"0x7ffe490740c8", "type":"IMEMO", "imemo_type":"ment", "references":["0x7ffe49075090"], "memsize":48, "flags":{"wb_protected":true}}
{"address":"0x7ffe490740f0", "type":"STRING", "class":"0x7ffe490be858", "frozen":true, "embedded":true, "fstring":true, "bytesize":9, "value":"setrlimit", "encoding":"US-ASCII", "memsize":40, "flags":{"wb_protected":true}}
{"address":"0x7ffe49074118", "type":"IMEMO", "class":"0x7ffe49075018", "imemo_type":"ment", "memsize":48, "flags":{"wb_protected":true}}
{"address":"0x7ffe49074140", "type":"IMEMO", "imemo_type":"ment", "references":["0x7ffe49075090"], "memsize":48, "flags":{"wb_protected":true}}
{"address":"0x7ffe49074168", "type":"STRING", "class":"0x7ffe490be858", "frozen":true, "embedded":true, "fstring":true, "bytesize":9, "value":"getrlimit", "encoding":"US-ASCII", "memsize":40, "flags":{"wb_protected":true}}
{"address":"0x7ffe49074190", "type":"STRING", "class":"0x7ffe490be858", "frozen":true, "embedded":true, "fstring":true, "bytesize":9, "value":"PRIO_USER", "encoding":"US-ASCII", "memsize":40, "flags":{"wb_protected":true}}
{"address":"0x7ffe490741b8", "type":"STRING", "class":"0x7ffe490be858", "frozen":true, "embedded":true, "fstring":true, "bytesize":9, "value":"PRIO_PGRP", "encoding":"US-ASCII", "memsize":40, "flags":{"wb_protected":true}}
{"address":"0x7ffe490741e0", "type":"STRING", "class":"0x7ffe490be858", "frozen":true, "embedded":true, "fstring":true, "bytesize":12, "value":"PRIO_PROCESS", "encoding":"US-ASCII", "memsize":40, "flags":{"wb_protected":true}}
{"address":"0x7ffe49074208", "type":"IMEMO", "class":"0x7ffe49075018", "imemo_type":"ment", "memsize":48, "flags":{"wb_protected":true}}
{"address":"0x7ffe49074230", "type":"IMEMO", "imemo_type":"ment", "references":["0x7ffe49075090"], "memsize":48, "flags":{"wb_protected":true}}
{"address":"0x7ffe49074258", "type":"STRING", "class":"0x7ffe490be858", "frozen":true, "embedded":true, "fstring":true, "bytesize":11, "value":"setpriority", "encoding":"US-ASCII", "memsize":40, "flags":{"wb_protected":true}}
{"address":"0x7ffe49074280", "type":"IMEMO", "class":"0x7ffe49075018", "imemo_type":"ment", "memsize":48, "flags":{"wb_protected":true}}
{"address":"0x7ffe490742a8", "type":"IMEMO", "imemo_type":"ment", "references":["0x7ffe49075090"], "memsize":48, "flags":{"wb_protected":true}}
{"address":"0x7ffe490742d0", "type":"STRING", "class":"0x7ffe490be858", "frozen":true, "embedded":true, "fstring":true, "bytesize":11, "value":"getpriority", "encoding":"US-ASCII", "memsize":40, "flags":{"wb_protected":true}}
{"address":"0x7ffe490742f8", "type":"IMEMO", "class":"0x7ffe49075018", "imemo_type":"ment", "memsize":48, "flags":{"wb_protected":true}}
{"address":"0x7ffe49074320", "type":"IMEMO", "imemo_type":"ment", "references":["0x7ffe49075090"], "memsize":48, "flags":{"wb_protected":true}}
{"address":"0x7ffe49074348", "type":"STRING", "class":"0x7ffe490be858", "frozen":true, "embedded":true, "fstring":true, "bytesize":6, "value":"setsid", "encoding":"US-ASCII", "memsize":40, "flags":{"wb_protected":true}}
{"address":"0x7ffe49074370", "type":"IMEMO", "class":"0x7ffe49075018", "imemo_type":"ment", "memsize":48, "flags":{"wb_protected":true}}
{"address":"0x7ffe49074398", "type":"IMEMO", "imemo_type":"ment", "references":["0x7ffe49075090"], "memsize":48, "flags":{"wb_protected":true}}
{"address":"0x7ffe490743c0", "type":"STRING", "class":"0x7ffe490be858", "frozen":true, "embedded":true, "fstring":true, "bytesize":6, "value":"getsid", "encoding":"US-ASCII", "memsize":40, "flags":{"wb_protected":true}}
{"address":"0x7ffe490743e8", "type":"IMEMO", "class":"0x7ffe49075018", "imemo_type":"ment", "memsize":48, "flags":{"wb_protected":true}}
{"address":"0x7ffe49074410", "type":"IMEMO", "imemo_type":"ment", "references":["0x7ffe49075090"], "memsize":48, "flags":{"wb_protected":true}}
{"address":"0x7ffe49074438", "type":"STRING", "class":"0x7ffe490be858", "frozen":true, "embedded":true, "fstring":true, "bytesize":7, "value":"setpgid", "encoding":"US-ASCII", "memsize":40, "flags":{"wb_protected":true}}
{"address":"0x7ffe49074460", "type":"IMEMO", "class":"0x7ffe49075018", "imemo_type":"ment", "memsize":48, "flags":{"wb_protected":true}}
{"address":"0x7ffe49074488", "type":"IMEMO", "imemo_type":"ment", "references":["0x7ffe49075090"], "memsize":48, "flags":{"wb_protected":true}}
{"address":"0x7ffe490744b0", "type":"STRING", "class":"0x7ffe490be858", "frozen":true, "embedded":true, "fstring":true, "bytesize":7, "value":"getpgid", "encoding":"US-ASCII", "memsize":40, "flags":{"wb_protected":true}}
{"address":"0x7ffe490744d8", "type":"IMEMO", "class":"0x7ffe49075018", "imemo_type":"ment", "memsize":48, "flags":{"wb_protected":true}}
{"address":"0x7ffe49074500", "type":"IMEMO", "imemo_type":"ment", "references":["0x7ffe49075090"], "memsize":48, "flags":{"wb_protected":true}}
{"address":"0x7ffe49074528", "type":"STRING", "class":"0x7ffe490be858", "frozen":true, "embedded":true, "fstring":true, "bytesize":7, "value":"setpgrp", "encoding":"US-ASCII", "memsize":40, "flags":{"wb_protected":true}}
{"address":"0x7ffe49074550", "type":"IMEMO", "class":"0x7ffe49075018", "imemo_type":"ment", "memsize":48, "flags":{"wb_protected":true}}
{"address":"0x7ffe49074578", "type":"IMEMO", "imemo_type":"ment", "references":["0x7ffe49075090"], "memsize":48, "flags":{"wb_protected":true}}
{"address":"0x7ffe490745a0", "type":"STRING", "class":"0x7ffe490be858", "frozen":true, "embedded":true, "fstring":true, "bytesize":7, "value":"getpgrp", "encoding":"US-ASCII", "memsize":40, "flags":{"wb_protected":true}}
{"address":"0x7ffe490745c8", "type":"IMEMO", "class":"0x7ffe49075018", "imemo_type":"ment", "memsize":48, "flags":{"wb_protected":true}}
{"address":"0x7ffe490745f0", "type":"IMEMO", "imemo_type":"ment", "references":["0x7ffe49075090"], "memsize":48, "flags":{"wb_protected":true}}
{"address":"0x7ffe49074618", "type":"STRING", "class":"0x7ffe490be858", "frozen":true, "embedded":true, "fstring":true, "bytesize":4, "value":"ppid", "encoding":"US-ASCII", "memsize":40, "flags":{"wb_protected":true}}
{"address":"0x7ffe49074640", "type":"IMEMO", "class":"0x7ffe49075018", "imemo_type":"ment", "memsize":48, "flags":{"wb_protected":true}}
{"address":"0x7ffe49074668", "type":"IMEMO", "imemo_type":"ment", "references":["0x7ffe49075090"], "memsize":48, "flags":{"wb_protected":true}}
{"address":"0x7ffe49074690", "type":"IMEMO", "class":"0x7ffe49074aa0", "imemo_type":"ment", "memsize":48, "flags":{"wb_protected":true}}
{"address":"0x7ffe490746b8", "type":"STRING", "class":"0x7ffe490be858", "frozen":true, "embedded":true, "fstring":true, "bytesize":9, "value":"coredump?", "encoding":"US-ASCII", "memsize":40, "flags":{"wb_protected":true}}
{"address":"0x7ffe490746e0", "type":"IMEMO", "class":"0x7ffe49074aa0", "imemo_type":"ment", "memsize":48, "flags":{"wb_protected":true}}
{"address":"0x7ffe49074708", "type":"IMEMO", "class":"0x7ffe49074aa0", "imemo_type":"ment", "memsize":48, "flags":{"wb_protected":true}}
{"address":"0x7ffe49074730", "type":"STRING", "class":"0x7ffe490be858", "frozen":true, "embedded":true, "fstring":true, "bytesize":10, "value":"exitstatus", "encoding":"US-ASCII", "memsize":40, "flags":{"wb_protected":true}}
{"address":"0x7ffe49074758", "type":"IMEMO", "class":"0x7ffe49074aa0", "imemo_type":"ment", "memsize":48, "flags":{"wb_protected":true}}
{"address":"0x7ffe49074780", "type":"STRING", "class":"0x7ffe490be858", "frozen":true, "embedded":true, "fstring":true, "bytesize":7, "value":"exited?", "encoding":"US-ASCII", "memsize":40, "flags":{"wb_protected":true}}
{"address":"0x7ffe490747a8", "type":"IMEMO", "class":"0x7ffe49074aa0", "imemo_type":"ment", "memsize":48, "flags":{"wb_protected":true}}
{"address":"0x7ffe490747d0", "type":"STRING", "class":"0x7ffe490be858", "frozen":true, "embedded":true, "fstring":true, "bytesize":7, "value":"termsig", "encoding":"US-ASCII", "memsize":40, "flags":{"wb_protected":true}}
{"address":"0x7ffe490747f8", "type":"IMEMO", "class":"0x7ffe49074aa0", "imemo_type":"ment", "memsize":48, "flags":{"wb_protected":true}}
{"address":"0x7ffe49074820", "type":"STRING", "class":"0x7ffe490be858", "frozen":true, "embedded":true, "fstring":true, "bytesize":9, "value":"signaled?", "encoding":"US-ASCII", "memsize":40, "flags":{"wb_protected":true}}
{"address":"0x7ffe49074848", "type":"IMEMO", "class":"0x7ffe49074aa0", "imemo_type":"ment", "memsize":48, "flags":{"wb_protected":true}}
{"address":"0x7ffe49074870", "type":"STRING", "class":"0x7ffe490be858", "frozen":true, "embedded":true, "fstring":true, "bytesize":7, "value":"stopsig", "encoding":"US-ASCII", "memsize":40, "flags":{"wb_protected":true}}
{"address":"0x7ffe49074898", "type":"IMEMO", "class":"0x7ffe49074aa0", "imemo_type":"ment", "memsize":48, "flags":{"wb_protected":true}}
{"address":"0x7ffe490748c0", "type":"STRING", "class":"0x7ffe490be858", "frozen":true, "embedded":true, "fstring":true, "bytesize":8, "value":"stopped?", "encoding":"US-ASCII", "memsize":40, "flags":{"wb_protected":true}}
{"address":"0x7ffe490748e8", "type":"IMEMO", "class":"0x7ffe49074aa0", "imemo_type":"ment", "memsize":48, "flags":{"wb_protected":true}}
{"address":"0x7ffe49074910", "type":"IMEMO", "class":"0x7ffe49074aa0", "imemo_type":"ment", "memsize":48, "flags":{"wb_protected":true}}
{"address":"0x7ffe49074938", "type":"IMEMO", "class":"0x7ffe49074aa0", "imemo_type":"ment", "memsize":48, "flags":{"wb_protected":true}}
{"address":"0x7ffe49074960", "type":"IMEMO", "class":"0x7ffe49074aa0", "imemo_type":"ment", "memsize":48, "flags":{"wb_protected":true}}
{"address":"0x7ffe49074988", "type":"IMEMO", "class":"0x7ffe49074aa0", "imemo_type":"ment", "memsize":48, "flags":{"wb_protected":true}}
{"address":"0x7ffe490749b0", "type":"IMEMO", "class":"0x7ffe49074aa0", "imemo_type":"ment", "memsize":48, "flags":{"wb_protected":true}}
{"address":"0x7ffe490749d8", "type":"IMEMO", "class":"0x7ffe49074aa0", "imemo_type":"ment", "memsize":48, "flags":{"wb_protected":true}}
{"address":"0x7ffe49074a00", "type":"IMEMO", "class":"0x7ffe49074a78", "imemo_type":"ment", "memsize":48, "flags":{"wb_protected":true}}
{"address":"0x7ffe49074a28", "type":"IMEMO", "class":"0x7ffe49074a78", "imemo_type":"ment", "memsize":48, "flags":{"wb_protected":true}}
{"address":"0x7ffe49074a50", "type":"STRING", "class":"0x7ffe490be858", "frozen":true, "embedded":true, "bytesize":15, "value":"Process::Status", "encoding":"US-ASCII", "memsize":40, "flags":{"wb_protected":true}}
{"address":"0x7ffe49074a78", "type":"CLASS", "class":"0x7ffe490c5770", "references":["0x7ffe490c5720", "0x7ffe49074a00", "0x7ffe49074a28", "0x7ffe49074aa0"], "memsize":536, "flags":{"wb_protected":true}}
{"address":"0x7ffe49074aa0", "type":"CLASS", "class":"0x7ffe49074a78", "name":"Process::Status", "references":["0x7ffe490c68a0", "0x7ffe490749b0", "0x7ffe49074988", "0x7ffe49074910", "0x7ffe490749d8", "0x7ffe49074938", "0x7ffe49074960", "0x7ffe49074898", "0x7ffe490748e8", "0x7ffe49074848", "0x7ffe490747a8", "0x7ffe49074758", "0x7ffe490747f8", "0x7ffe49074708", "0x7ffe49074690", "0x7ffe490746e0", "0x7ffe49074a50"], "memsize":984, "flags":{"wb_protected":true}}
{"address":"0x7ffe49074ac8", "type":"STRING", "class":"0x7ffe490be858", "frozen":true, "embedded":true, "fstring":true, "bytesize":6, "value":"Status", "encoding":"US-ASCII", "memsize":40, "flags":{"wb_protected":true}}
{"address":"0x7ffe49074af0", "type":"IMEMO", "class":"0x7ffe49074b90", "imemo_type":"ment", "memsize":48, "flags":{"wb_protected":true}}
{"address":"0x7ffe49074b18", "type":"IMEMO", "class":"0x7ffe49074b68", "imemo_type":"ment", "memsize":48, "flags":{"wb_protected":true}}
{"address":"0x7ffe49074b40", "type":"STRING", "class":"0x7ffe490be858", "frozen":true, "embedded":true, "bytesize":15, "value":"Process::Waiter", "encoding":"US-ASCII", "memsize":40, "flags":{"wb_protected":true}}
{"address":"0x7ffe49074b68", "type":"CLASS", "class":"0x7ffe490c5770", "references":["0x7ffe4907e280", "0x7ffe49074b18", "0x7ffe49074b90"], "memsize":536, "flags":{"wb_protected":true}}
{"address":"0x7ffe49074b90", "type":"CLASS", "class":"0x7ffe49074b68", "name":"Process::Waiter", "references":["0x7ffe4907e2a8", "0x7ffe49074af0", "0x7ffe49074b40"], "memsize":536, "flags":{"wb_protected":true}}
{"address":"0x7ffe49074bb8", "type":"STRING", "class":"0x7ffe490be858", "frozen":true, "embedded":true, "fstring":true, "bytesize":6, "value":"Waiter", "encoding":"US-ASCII", "memsize":40, "flags":{"wb_protected":true}}
{"address":"0x7ffe49074be0", "type":"IMEMO", "class":"0x7ffe49075018", "imemo_type":"ment", "memsize":48, "flags":{"wb_protected":true}}
{"address":"0x7ffe49074c08", "type":"IMEMO", "imemo_type":"ment", "references":["0x7ffe49075090"], "memsize":48, "flags":{"wb_protected":true}}
{"address":"0x7ffe49074c30", "type":"STRING", "class":"0x7ffe490be858", "frozen":true, "embedded":true, "fstring":true, "bytesize":6, "value":"detach", "encoding":"US-ASCII", "memsize":40, "flags":{"wb_protected":true}}
{"address":"0x7ffe49074c58", "type":"IMEMO", "class":"0x7ffe49075018", "imemo_type":"ment", "memsize":48, "flags":{"wb_protected":true}}
{"address":"0x7ffe49074c80", "type":"IMEMO", "imemo_type":"ment", "references":["0x7ffe49075090"], "memsize":48, "flags":{"wb_protected":true}}
{"address":"0x7ffe49074ca8", "type":"STRING", "class":"0x7ffe490be858", "frozen":true, "embedded":true, "fstring":true, "bytesize":7, "value":"waitall", "encoding":"US-ASCII", "memsize":40, "flags":{"wb_protected":true}}
{"address":"0x7ffe49074cd0", "type":"IMEMO", "class":"0x7ffe49075018", "imemo_type":"ment", "memsize":48, "flags":{"wb_protected":true}}
{"address":"0x7ffe49074cf8", "type":"IMEMO", "imemo_type":"ment", "references":["0x7ffe49075090"], "memsize":48, "flags":{"wb_protected":true}}
{"address":"0x7ffe49074d20", "type":"STRING", "class":"0x7ffe490be858", "frozen":true, "embedded":true, "fstring":true, "bytesize":8, "value":"waitpid2", "encoding":"US-ASCII", "memsize":40, "flags":{"wb_protected":true}}
{"address":"0x7ffe49074d48", "type":"IMEMO", "class":"0x7ffe49075018", "imemo_type":"ment", "memsize":48, "flags":{"wb_protected":true}}
{"address":"0x7ffe49074d70", "type":"IMEMO", "imemo_type":"ment", "references":["0x7ffe49075090"], "memsize":48, "flags":{"wb_protected":true}}
{"address":"0x7ffe49074d98", "type":"STRING", "class":"0x7ffe490be858", "frozen":true, "embedded":true, "fstring":true, "bytesize":7, "value":"waitpid", "encoding":"US-ASCII", "memsize":40, "flags":{"wb_protected":true}}
{"address":"0x7ffe49074dc0", "type":"IMEMO", "class":"0x7ffe49075018", "imemo_type":"ment", "memsize":48, "flags":{"wb_protected":true}}
{"address":"0x7ffe49074de8", "type":"IMEMO", "imemo_type":"ment", "references":["0x7ffe49075090"], "memsize":48, "flags":{"wb_protected":true}}
{"address":"0x7ffe49074e10", "type":"STRING", "class":"0x7ffe490be858", "frozen":true, "embedded":true, "fstring":true, "bytesize":5, "value":"wait2", "encoding":"US-ASCII", "memsize":40, "flags":{"wb_protected":true}}
{"address":"0x7ffe49074e38", "type":"IMEMO", "class":"0x7ffe49075018", "imemo_type":"ment", "memsize":48, "flags":{"wb_protected":true}}
{"address":"0x7ffe49074e60", "type":"IMEMO", "imemo_type":"ment", "references":["0x7ffe49075090"], "memsize":48, "flags":{"wb_protected":true}}
{"address":"0x7ffe49074e88", "type":"IMEMO", "class":"0x7ffe49075018", "imemo_type":"ment", "memsize":48, "flags":{"wb_protected":true}}
{"address":"0x7ffe49074eb0", "type":"IMEMO", "imemo_type":"ment", "references":["0x7ffe49075090"], "memsize":48, "flags":{"wb_protected":true}}
{"address":"0x7ffe49074ed8", "type":"IMEMO", "class":"0x7ffe49075018", "imemo_type":"ment", "memsize":48, "flags":{"wb_protected":true}}
{"address":"0x7ffe49074f00", "type":"STRING", "class":"0x7ffe490be858", "frozen":true, "embedded":true, "fstring":true, "bytesize":11, "value":"last_status", "encoding":"US-ASCII", "memsize":40, "flags":{"wb_protected":true}}
{"address":"0x7ffe49074f28", "type":"IMEMO", "class":"0x7ffe49075018", "imemo_type":"ment", "memsize":48, "flags":{"wb_protected":true}}
{"address":"0x7ffe49074f50", "type":"IMEMO", "class":"0x7ffe49075018", "imemo_type":"ment", "memsize":48, "flags":{"wb_protected":true}}
{"address":"0x7ffe49074f78", "type":"IMEMO", "class":"0x7ffe49075018", "imemo_type":"ment", "memsize":48, "flags":{"wb_protected":true}}
{"address":"0x7ffe49074fa0", "type":"IMEMO", "class":"0x7ffe49075018", "imemo_type":"ment", "memsize":48, "flags":{"wb_protected":true}}
{"address":"0x7ffe49074fc8", "type":"IMEMO", "class":"0x7ffe49075018", "imemo_type":"ment", "memsize":48, "flags":{"wb_protected":true}}
{"address":"0x7ffe49074ff0", "type":"IMEMO", "class":"0x7ffe49075018", "imemo_type":"ment", "memsize":48, "flags":{"wb_protected":true}}
{"address":"0x7ffe49075018", "type":"CLASS", "class":"0x7ffe490c5748", "references":["0x7ffe490c6850", "0x7ffe49074e38", "0x7ffe49074ff0", "0x7ffe49074f78", "0x7ffe49074fa0", "0x7ffe49074f28", "0x7ffe4906fde8", "0x7ffe4906fd20", "0x7ffe49074ed8", "0x7ffe49074dc0", "0x7ffe49074d48", "0x7ffe49074cd0", "0x7ffe49074c58", "0x7ffe49074be0", "0x7ffe49074640", "0x7ffe490745c8", "0x7ffe49074550", "0x7ffe490744d8", "0x7ffe49074460", "0x7ffe490743e8", "0x7ffe49074370", "0x7ffe490742f8", "0x7ffe49074280", "0x7ffe49074208", "0x7ffe49074118", "0x7ffe490740a0", "0x7ffe49067558", "0x7ffe490674e0", "0x7ffe49074fc8", "0x7ffe4906fd70", "0x7ffe49074e88", "0x7ffe49074f50", "0x7ffe4906fc30", "0x7ffe4906fca8", "0x7ffe4906fb40", "0x7ffe4906fbb8", "0x7ffe4906fa50", "0x7ffe4906fac8", "0x7ffe4906f960", "0x7ffe4906f9d8", "0x7ffe4906f870", "0x7ffe4906f8e8", "0x7ffe4906f7f8", "0x7ffe4906f5f0", "0x7ffe4906f578", "0x7ffe4906f7a8", "0x7ffe49075090"], "memsize":2520, "flags":{"wb_protected":true}}
{"address":"0x7ffe49075040", "type":"STRING", "class":"0x7ffe490be858", "frozen":true, "embedded":true, "fstring":true, "bytesize":9, "value":"WUNTRACED", "encoding":"US-ASCII", "memsize":40, "flags":{"wb_protected":true}}
{"address":"0x7ffe49075068", "type":"STRING", "class":"0x7ffe490be858", "frozen":true, "embedded":true, "fstring":true, "bytesize":7, "value":"WNOHANG", "encoding":"US-ASCII", "memsize":40, "flags":{"wb_protected":true}}
{"address":"0x7ffe49075090", "type":"MODULE", "class":"0x7ffe49075018", "name":"Process", "references":["0x7ffe49074320", "0x7ffe490742a8", "0x7ffe49074230", "0x7ffe49074e60", "0x7ffe49074140", "0x7ffe490740c8", "0x7ffe49067580", "0x7ffe49067508", "0x7ffe4906fd98", "0x7ffe49074eb0", "0x7ffe4906fcd0", "0x7ffe4906fc58", "0x7ffe4906fbe0", "0x7ffe4906fb68", "0x7ffe4906faf0", "0x7ffe4906fa78", "0x7ffe4906fa00", "0x7ffe4906f988", "0x7ffe4906f910", "0x7ffe4906f898", "0x7ffe4906f820", "0x7ffe4906fe10", "0x7ffe4906fd48", "0x7ffe4906f618", "0x7ffe4906f5a0", "0x7ffe49074de8", "0x7ffe49074d70", "0x7ffe49074cf8", "0x7ffe49074c80", "0x7ffe49074c08", "0x7ffe4906f7d0", "0x7ffe49074668", "0x7ffe490745f0", "0x7ffe49074578", "0x7ffe49074500", "0x7ffe49074488", "0x7ffe49074410", "0x7ffe49074398", "0x7ffe490750b8", "0x7ffe4907c200", "0x7ffe4907c200", "0x7ffe4907c200", "0x7ffe49074078", "0x7ffe4907c200", "0x7ffe49074078", "0x7ffe4907c200", "0x7ffe49074078", "0x7ffe4907c200", "0x7ffe4907c200", "0x7ffe4907c200", "0x7ffe4907c200", "0x7ffe4907c200", "0x7ffe4907c200", "0x7ffe4907c200", "0x7ffe4907c200", "0x7ffe4907c200", "0x7ffe4907c200", "0x7ffe4907c200", "0x7ffe4907c200", "0x7ffe4907c200", "0x7ffe4907c200", "0x7ffe4907c200", "0x7ffe4907c200", "0x7ffe4907c200", "0x7ffe4907c200", "0x7ffe4907c200", "0x7ffe4907c200", "0x7ffe4907c200", "0x7ffe4906f370", "0x7ffe4907c200", "0x7ffe49074b90", "0x7ffe4907c200", "0x7ffe49074aa0", "0x7ffe4907c200", "0x7ffe4906edd0", "0x7ffe4907c200", "0x7ffe4906ed30", "0x7ffe4907c200", "0x7ffe4906e4c0", "0x7ffe4907c200"], "memsize":2544, "flags":{"wb_protected":true}}
{"address":"0x7ffe490750b8", "type":"STRING", "class":"0x7ffe490be858", "frozen":true, "embedded":true, "fstring":true, "bytesize":7, "value":"Process", "encoding":"US-ASCII", "memsize":40, "flags":{"wb_protected":true}}
{"address":"0x7ffe490750e0", "type":"IMEMO", "class":"0x7ffe490c5a90", "imemo_type":"ment", "memsize":48, "flags":{"wb_protected":true}}
{"address":"0x7ffe49075108", "type":"IMEMO", "imemo_type":"ment", "references":["0x7ffe490c6620"], "memsize":48, "flags":{"wb_protected":true}}
{"address":"0x7ffe49075130", "type":"STRING", "class":"0x7ffe490be858", "frozen":true, "embedded":true, "fstring":true, "bytesize":5, "value":"abort", "encoding":"US-ASCII", "memsize":40, "flags":{"wb_protected":true}}
{"address":"0x7ffe49075158", "type":"IMEMO", "class":"0x7ffe490c5a90", "imemo_type":"ment", "memsize":48, "flags":{"wb_protected":true}}
{"address":"0x7ffe49075180", "type":"IMEMO", "imemo_type":"ment", "references":["0x7ffe490c6620"], "memsize":48, "flags":{"wb_protected":true}}
{"address":"0x7ffe490751a8", "type":"IMEMO", "class":"0x7ffe490c5a90", "imemo_type":"ment", "memsize":48, "flags":{"wb_protected":true}}
{"address":"0x7ffe490751d0", "type":"IMEMO", "imemo_type":"ment", "references":["0x7ffe490c6620"], "memsize":48, "flags":{"wb_protected":true}}
{"address":"0x7ffe490751f8", "type":"IMEMO", "class":"0x7ffe490c5a90", "imemo_type":"ment", "memsize":48, "flags":{"wb_protected":true}}
{"address":"0x7ffe49075220", "type":"IMEMO", "imemo_type":"ment", "references":["0x7ffe490c6620"], "memsize":48, "flags":{"wb_protected":true}}
{"address":"0x7ffe49075248", "type":"STRING", "class":"0x7ffe490be858", "frozen":true, "embedded":true, "fstring":true, "bytesize":5, "value":"spawn", "encoding":"US-ASCII", "memsize":40, "flags":{"wb_protected":true}}
{"address":"0x7ffe49075270", "type":"IMEMO", "class":"0x7ffe490c5a90", "imemo_type":"ment", "memsize":48, "flags":{"wb_protected":true}}
{"address":"0x7ffe49075298", "type":"IMEMO", "imemo_type":"ment", "references":["0x7ffe490c6620"], "memsize":48, "flags":{"wb_protected":true}}
{"address":"0x7ffe490752c0", "type":"STRING", "class":"0x7ffe490be858", "frozen":true, "embedded":true, "fstring":true, "bytesize":6, "value":"system", "encoding":"US-ASCII", "memsize":40, "flags":{"wb_protected":true}}
{"address":"0x7ffe490752e8", "type":"IMEMO", "class":"0x7ffe490c5a90", "imemo_type":"ment", "memsize":48, "flags":{"wb_protected":true}}
{"address":"0x7ffe49075310", "type":"IMEMO", "imemo_type":"ment", "references":["0x7ffe490c6620"], "memsize":48, "flags":{"wb_protected":true}}
{"address":"0x7ffe49075338", "type":"STRING", "class":"0x7ffe490be858", "frozen":true, "embedded":true, "fstring":true, "bytesize":5, "value":"exit!", "encoding":"US-ASCII", "memsize":40, "flags":{"wb_protected":true}}
{"address":"0x7ffe49075360", "type":"IMEMO", "class":"0x7ffe490c5a90", "imemo_type":"ment", "memsize":48, "flags":{"wb_protected":true}}
{"address":"0x7ffe49075388", "type":"IMEMO", "imemo_type":"ment", "references":["0x7ffe490c6620"], "memsize":48, "flags":{"wb_protected":true}}
{"address":"0x7ffe490753b0", "type":"IMEMO", "class":"0x7ffe490c5a90", "imemo_type":"ment", "memsize":48, "flags":{"wb_protected":true}}
{"address":"0x7ffe490753d8", "type":"IMEMO", "imemo_type":"ment", "references":["0x7ffe490c6620"], "memsize":48, "flags":{"wb_protected":true}}
{"address":"0x7ffe49075400", "type":"STRING", "class":"0x7ffe490be858", "frozen":true, "embedded":true, "fstring":true, "bytesize":4, "value":"exec", "encoding":"US-ASCII", "memsize":40, "flags":{"wb_protected":true}}
{"address":"0x7ffe49075428", "type":"STRING", "class":"0x7ffe490be858", "frozen":true, "embedded":true, "fstring":true, "bytesize":2, "value":"$$", "encoding":"US-ASCII", "memsize":40, "flags":{"wb_protected":true}}
{"address":"0x7ffe49075450", "type":"STRING", "class":"0x7ffe490be858", "frozen":true, "embedded":true, "fstring":true, "bytesize":2, "value":"$?", "encoding":"US-ASCII", "memsize":40, "flags":{"wb_protected":true}}
{"address":"0x7ffe49075478", "type":"STRING", "class":"0x7ffe490be858", "frozen":true, "embedded":true, "fstring":true, "bytesize":5, "value":"hertz", "encoding":"US-ASCII", "memsize":40, "flags":{"wb_protected":true}}
{"address":"0x7ffe490754a0", "type":"STRING", "class":"0x7ffe490be858", "frozen":true, "fstring":true, "bytesize":40, "value":"MACH_ABSOLUTE_TIME_BASED_CLOCK_MONOTONIC", "encoding":"US-ASCII", "memsize":81, "flags":{"wb_protected":true}}
{"address":"0x7ffe490754c8", "type":"STRING", "class":"0x7ffe490be858", "frozen":true, "fstring":true, "bytesize":36, "value":"CLOCK_BASED_CLOCK_PROCESS_CPUTIME_ID", "encoding":"US-ASCII", "memsize":77, "flags":{"wb_protected":true}}
{"address":"0x7ffe490754f0", "type":"STRING", "class":"0x7ffe490be858", "frozen":true, "fstring":true, "bytesize":40, "value":"GETRUSAGE_BASED_CLOCK_PROCESS_CPUTIME_ID", "encoding":"US-ASCII", "memsize":81, "flags":{"wb_protected":true}}
{"address":"0x7ffe49075518", "type":"STRING", "class":"0x7ffe490be858", "frozen":true, "fstring":true, "bytesize":36, "value":"TIMES_BASED_CLOCK_PROCESS_CPUTIME_ID", "encoding":"US-ASCII", "memsize":77, "flags":{"wb_protected":true}}
{"address":"0x7ffe49075540", "type":"STRING", "class":"0x7ffe490be858", "frozen":true, "fstring":true, "bytesize":27, "value":"TIMES_BASED_CLOCK_MONOTONIC", "encoding":"US-ASCII", "memsize":68, "flags":{"wb_protected":true}}
{"address":"0x7ffe49075568", "type":"STRING", "class":"0x7ffe490be858", "frozen":true, "fstring":true, "bytesize":25, "value":"TIME_BASED_CLOCK_REALTIME", "encoding":"US-ASCII", "memsize":66, "flags":{"wb_protected":true}}
{"address":"0x7ffe49075590", "type":"STRING", "class":"0x7ffe490be858", "frozen":true, "fstring":true, "bytesize":33, "value":"GETTIMEOFDAY_BASED_CLOCK_REALTIME", "encoding":"US-ASCII", "memsize":74, "flags":{"wb_protected":true}}
{"address":"0x7ffe490755b8", "type":"STRING", "class":"0x7ffe490be858", "frozen":true, "embedded":true, "fstring":true, "bytesize":12, "value":"float_second", "encoding":"US-ASCII", "memsize":40, "flags":{"wb_protected":true}}
{"address":"0x7ffe490755e0", "type":"STRING", "class":"0x7ffe490be858", "frozen":true, "embedded":true, "fstring":true, "bytesize":17, "value":"float_millisecond", "encoding":"US-ASCII", "memsize":40, "flags":{"wb_protected":true}}
{"address":"0x7ffe49075608", "type":"STRING", "class":"0x7ffe490be858", "frozen":true, "embedded":true, "fstring":true, "bytesize":17, "value":"float_microsecond", "encoding":"US-ASCII", "memsize":40, "flags":{"wb_protected":true}}
{"address":"0x7ffe49075630", "type":"STRING", "class":"0x7ffe490be858", "frozen":true, "embedded":true, "fstring":true, "bytesize":6, "value":"second", "encoding":"US-ASCII", "memsize":40, "flags":{"wb_protected":true}}
{"address":"0x7ffe49075658", "type":"STRING", "class":"0x7ffe490be858", "frozen":true, "embedded":true, "fstring":true, "bytesize":12, "value":"close_others", "encoding":"US-ASCII", "memsize":40, "flags":{"wb_protected":true}}
{"address":"0x7ffe49075680", "type":"STRING", "class":"0x7ffe490be858", "frozen":true, "embedded":true, "fstring":true, "bytesize":15, "value":"unsetenv_others", "encoding":"US-ASCII", "memsize":40, "flags":{"wb_protected":true}}
{"address":"0x7ffe490756a8", "type":"STRING", "class":"0x7ffe490be858", "frozen":true, "embedded":true, "fstring":true, "bytesize":6, "value":"pgroup", "encoding":"US-ASCII", "memsize":40, "flags":{"wb_protected":true}}
{"address":"0x7ffe490756d0", "type":"STRING", "class":"0x7ffe490be858", "frozen":true, "embedded":true, "fstring":true, "bytesize":5, "value":"child", "encoding":"US-ASCII", "memsize":40, "flags":{"wb_protected":true}}
{"address":"0x7ffe490756f8", "type":"STRING", "class":"0x7ffe490be858", "frozen":true, "embedded":true, "fstring":true, "bytesize":3, "value":"err", "encoding":"US-ASCII", "memsize":40, "flags":{"wb_protected":true}}
{"address":"0x7ffe49075720", "type":"STRING", "class":"0x7ffe490be858", "frozen":true, "embedded":true, "fstring":true, "bytesize":3, "value":"out", "encoding":"US-ASCII", "memsize":40, "flags":{"wb_protected":true}}
{"address":"0x7ffe49075748", "type":"STRING", "class":"0x7ffe490be858", "frozen":true, "embedded":true, "fstring":true, "bytesize":2, "value":"in", "encoding":"US-ASCII", "memsize":40, "flags":{"wb_protected":true}}
{"address":"0x7ffe49075770", "type":"STRING", "class":"0x7ffe490be858", "frozen":true, "embedded":true, "fstring":true, "bytesize":7, "value":"io_wait", "encoding":"US-ASCII", "memsize":40, "flags":{"wb_protected":true}}
{"address":"0x7ffe49075798", "type":"STRING", "class":"0x7ffe490be858", "frozen":true, "embedded":true, "fstring":true, "bytesize":8, "value":"io_write", "encoding":"US-ASCII", "memsize":40, "flags":{"wb_protected":true}}
{"address":"0x7ffe490757c0", "type":"STRING", "class":"0x7ffe490be858", "frozen":true, "embedded":true, "fstring":true, "bytesize":7, "value":"io_read", "encoding":"US-ASCII", "memsize":40, "flags":{"wb_protected":true}}
{"address":"0x7ffe490757e8", "type":"STRING", "class":"0x7ffe490be858", "frozen":true, "embedded":true, "fstring":true, "bytesize":12, "value":"process_wait", "encoding":"US-ASCII", "memsize":40, "flags":{"wb_protected":true}}
{"address":"0x7ffe49075810", "type":"STRING", "class":"0x7ffe490be858", "frozen":true, "embedded":true, "fstring":true, "bytesize":12, "value":"kernel_sleep", "encoding":"US-ASCII", "memsize":40, "flags":{"wb_protected":true}}
{"address":"0x7ffe49075838", "type":"STRING", "class":"0x7ffe490be858", "frozen":true, "embedded":true, "fstring":true, "bytesize":7, "value":"unblock", "encoding":"US-ASCII", "memsize":40, "flags":{"wb_protected":true}}
{"address":"0x7ffe49075860", "type":"STRING", "class":"0x7ffe490be858", "frozen":true, "embedded":true, "fstring":true, "bytesize":5, "value":"block", "encoding":"US-ASCII", "memsize":40, "flags":{"wb_protected":true}}
{"address":"0x7ffe49075888", "type":"STRING", "class":"0x7ffe490be858", "frozen":true, "fstring":true, "bytesize":9, "value":"thread.rb", "encoding":"US-ASCII", "memsize":40, "flags":{"wb_protected":true}}
{"address":"0x7ffe490758b0", "type":"IMEMO", "class":"0x7ffe49075a68", "imemo_type":"ment", "memsize":48, "flags":{"wb_protected":true}}
{"address":"0x7ffe490758d8", "type":"STRING", "class":"0x7ffe490be858", "frozen":true, "embedded":true, "fstring":true, "bytesize":9, "value":"broadcast", "encoding":"US-ASCII", "memsize":40, "flags":{"wb_protected":true}}
{"address":"0x7ffe49075900", "type":"IMEMO", "class":"0x7ffe49075a68", "imemo_type":"ment", "memsize":48, "flags":{"wb_protected":true}}
{"address":"0x7ffe49075928", "type":"STRING", "class":"0x7ffe490be858", "frozen":true, "embedded":true, "fstring":true, "bytesize":6, "value":"signal", "encoding":"US-ASCII", "memsize":40, "flags":{"wb_protected":true}}
{"address":"0x7ffe49075950", "type":"IMEMO", "class":"0x7ffe49075a68", "imemo_type":"ment", "memsize":48, "flags":{"wb_protected":true}}
{"address":"0x7ffe49075978", "type":"STRING", "class":"0x7ffe490be858", "frozen":true, "embedded":true, "fstring":true, "bytesize":4, "value":"wait", "encoding":"US-ASCII", "memsize":40, "flags":{"wb_protected":true}}
{"address":"0x7ffe490759a0", "type":"IMEMO", "class":"0x7ffe49075a68", "imemo_type":"ment", "memsize":48, "flags":{"wb_protected":true}}
{"address":"0x7ffe490759c8", "type":"IMEMO", "class":"0x7ffe49075a68", "imemo_type":"ment", "memsize":48, "flags":{"wb_protected":true}}
{"address":"0x7ffe490759f0", "type":"IMEMO", "class":"0x7ffe49075a68", "imemo_type":"ment", "memsize":48, "flags":{"wb_protected":true}}
{"address":"0x7ffe49075a18", "type":"STRING", "class":"0x7ffe490be858", "frozen":true, "bytesize":25, "capacity":47, "value":"Thread::ConditionVariable", "encoding":"US-ASCII", "memsize":88, "flags":{"wb_protected":true}}
{"address":"0x7ffe49075a40", "type":"CLASS", "class":"0x7ffe490c5770", "references":["0x7ffe490c5720", "0x7ffe49075a68"], "memsize":472, "flags":{"wb_protected":true}}
{"address":"0x7ffe49075a68", "type":"CLASS", "class":"0x7ffe49075a40", "name":"Thread::ConditionVariable", "references":["0x7ffe490c68a0", "0x7ffe490759f0", "0x7ffe490759c8", "0x7ffe490759a0", "0x7ffe49075950", "0x7ffe49075900", "0x7ffe490758b0", "0x7ffe49075a18"], "memsize":600, "flags":{"wb_protected":true}}
{"address":"0x7ffe49075a90", "type":"STRING", "class":"0x7ffe490be858", "frozen":true, "embedded":true, "fstring":true, "bytesize":17, "value":"ConditionVariable", "encoding":"US-ASCII", "memsize":40, "flags":{"wb_protected":true}}
{"address":"0x7ffe49075ab8", "type":"IMEMO", "class":"0x7ffe49075d88", "imemo_type":"ment", "memsize":48, "flags":{"wb_protected":true}}
{"address":"0x7ffe49075ae0", "type":"IMEMO", "class":"0x7ffe49075d88", "imemo_type":"ment", "memsize":48, "flags":{"wb_protected":true}}
{"address":"0x7ffe49075b08", "type":"IMEMO", "class":"0x7ffe49075d88", "imemo_type":"ment", "memsize":48, "flags":{"wb_protected":true}}
{"address":"0x7ffe49075b30", "type":"IMEMO", "class":"0x7ffe49075d88", "imemo_type":"ment", "memsize":48, "flags":{"wb_protected":true}}
{"address":"0x7ffe49075b58", "type":"IMEMO", "class":"0x7ffe49075d88", "imemo_type":"ment", "memsize":48, "flags":{"wb_protected":true}}
{"address":"0x7ffe49075b80", "type":"IMEMO", "class":"0x7ffe49075d88", "imemo_type":"ment", "memsize":48, "flags":{"wb_protected":true}}
{"address":"0x7ffe49075ba8", "type":"IMEMO", "class":"0x7ffe49075d88", "imemo_type":"ment", "memsize":48, "flags":{"wb_protected":true}}
{"address":"0x7ffe49075bd0", "type":"IMEMO", "class":"0x7ffe49075d88", "imemo_type":"ment", "memsize":48, "flags":{"wb_protected":true}}
{"address":"0x7ffe49075bf8", "type":"IMEMO", "class":"0x7ffe49075d88", "imemo_type":"ment", "memsize":48, "flags":{"wb_protected":true}}
{"address":"0x7ffe49075c20", "type":"IMEMO", "class":"0x7ffe49075d88", "imemo_type":"ment", "memsize":48, "flags":{"wb_protected":true}}
{"address":"0x7ffe49075c48", "type":"IMEMO", "class":"0x7ffe49075d88", "imemo_type":"ment", "memsize":48, "flags":{"wb_protected":true}}
{"address":"0x7ffe49075c70", "type":"IMEMO", "class":"0x7ffe49075d88", "imemo_type":"ment", "memsize":48, "flags":{"wb_protected":true}}
{"address":"0x7ffe49075c98", "type":"STRING", "class":"0x7ffe490be858", "frozen":true, "embedded":true, "fstring":true, "bytesize":4, "value":"max=", "encoding":"US-ASCII", "memsize":40, "flags":{"wb_protected":true}}
{"address":"0x7ffe49075cc0", "type":"IMEMO", "class":"0x7ffe49075d88", "imemo_type":"ment", "memsize":48, "flags":{"wb_protected":true}}
{"address":"0x7ffe49075ce8", "type":"IMEMO", "class":"0x7ffe49075d88", "imemo_type":"ment", "memsize":48, "flags":{"wb_protected":true}}
{"address":"0x7ffe49075d10", "type":"IMEMO", "class":"0x7ffe49075d88", "imemo_type":"ment", "memsize":48, "flags":{"wb_protected":true}}
{"address":"0x7ffe49075d38", "type":"STRING", "class":"0x7ffe490be858", "frozen":true, "embedded":true, "bytesize":18, "value":"Thread::SizedQueue", "encoding":"US-ASCII", "memsize":40, "flags":{"wb_protected":true}}
{"address":"0x7ffe49075d60", "type":"CLASS", "class":"0x7ffe490c5770", "references":["0x7ffe49076198", "0x7ffe49075d88"], "memsize":472, "flags":{"wb_protected":true}}
{"address":"0x7ffe49075d88", "type":"CLASS", "class":"0x7ffe49075d60", "name":"Thread::SizedQueue", "references":["0x7ffe490761c0", "0x7ffe49075b08", "0x7ffe49075d10", "0x7ffe49075c70", "0x7ffe49075b30", "0x7ffe49075cc0", "0x7ffe49075ce8", "0x7ffe49075c48", "0x7ffe49075c20", "0x7ffe49075ae0", "0x7ffe49075bd0", "0x7ffe49075ba8", "0x7ffe49075ab8", "0x7ffe49075bf8", "0x7ffe49075b80", "0x7ffe49075b58", "0x7ffe49075d38"], "memsize":984, "flags":{"wb_protected":true}}
{"address":"0x7ffe49075db0", "type":"STRING", "class":"0x7ffe490be858", "frozen":true, "embedded":true, "fstring":true, "bytesize":10, "value":"SizedQueue", "encoding":"US-ASCII", "memsize":40, "flags":{"wb_protected":true}}
{"address":"0x7ffe49075dd8", "type":"IMEMO", "class":"0x7ffe490761c0", "imemo_type":"ment", "memsize":48, "flags":{"wb_protected":true}}
{"address":"0x7ffe49075e00", "type":"IMEMO", "class":"0x7ffe490761c0", "imemo_type":"ment", "memsize":48, "flags":{"wb_protected":true}}
{"address":"0x7ffe49075e28", "type":"IMEMO", "class":"0x7ffe490761c0", "imemo_type":"ment", "memsize":48, "flags":{"wb_protected":true}}
{"address":"0x7ffe49075e50", "type":"ARRAY", "length":1024, "references":["0x7ffe49075e78", "0x7ffe49075db0", "0x7ffe49075c98", "0x7ffe49075a90", "0x7ffe49075978", "0x7ffe49075928", "0x7ffe490758d8", "0x7ffe49075860", "0x7ffe49075838", "0x7ffe49075810", "0x7ffe490757e8", "0x7ffe490757c0", "0x7ffe49075798", "0x7ffe49075770", "0x7ffe49075748", "0x7ffe49075720", "0x7ffe490756f8", "0x7ffe490756d0", "0x7ffe490756a8", "0x7ffe49075680", "0x7ffe49075658", "0x7ffe49075630", "0x7ffe49075608", "0x7ffe490755e0", "0x7ffe490755b8", "0x7ffe49075590", "0x7ffe49075568", "0x7ffe49075540", "0x7ffe49075518", "0x7ffe490754f0", "0x7ffe490754c8", "0x7ffe490754a0", "0x7ffe49075478", "0x7ffe49075450", "0x7ffe49075428", "0x7ffe49075400", "0x7ffe49075338", "0x7ffe490752c0", "0x7ffe49075248", "0x7ffe49075130", "0x7ffe490750b8", "0x7ffe49075068", "0x7ffe49075040", "0x7ffe49074f00", "0x7ffe49074e10", "0x7ffe49074d98", "0x7ffe49074d20", "0x7ffe49074ca8", "0x7ffe49074c30", "0x7ffe49074bb8", "0x7ffe49074ac8", "0x7ffe490748c0", "0x7ffe49074870", "0x7ffe49074820", "0x7ffe490747d0", "0x7ffe49074780", "0x7ffe49074730", "0x7ffe490746b8", "0x7ffe49074618", "0x7ffe490745a0", "0x7ffe49074528", "0x7ffe490744b0", "0x7ffe49074438", "0x7ffe490743c0", "0x7ffe49074348", "0x7ffe490742d0", "0x7ffe49074258", "0x7ffe490741e0", "0x7ffe490741b8", "0x7ffe49074190", "0x7ffe49074168", "0x7ffe490740f0", "0x7ffe49074050", "0x7ffe49074028", "0x7ffe4906ffc8", "0x7ffe4906ffa0", "0x7ffe4906ff78", "0x7ffe4906ff50", "0x7ffe4906ff28", "0x7ffe4906ff00", "0x7ffe4906fed8", "0x7ffe4906feb0", "0x7ffe4906fe88", "0x7ffe4906fe60", "0x7ffe4906fe38", "0x7ffe4906fdc0", "0x7ffe4906fcf8", "0x7ffe4906fc80", "0x7ffe4906fc08", "0x7ffe4906fb90", "0x7ffe4906fb18", "0x7ffe4906faa0", "0x7ffe4906fa28", "0x7ffe4906f9b0", "0x7ffe4906f938", "0x7ffe4906f8c0", "0x7ffe4906f848", "0x7ffe4906f780", "0x7ffe4906f758", "0x7ffe4906f730", "0x7ffe4906f708", "0x7ffe4906f6e0", "0x7ffe4906f6b8", "0x7ffe4906f690", "0x7ffe4906f668", "0x7ffe4906f640", "0x7ffe4906f5c8", "0x7ffe4906f398", "0x7ffe4906f230", "0x7ffe4906f528", "0x7ffe4906f4d8", "0x7ffe4906f118", "0x7ffe4906f4b0", "0x7ffe4906f460", "0x7ffe4906f000", "0x7ffe4906f438", "0x7ffe4906f3e8", "0x7ffe4906eee8", "0x7ffe4906edf8", "0x7ffe4906ed58", "0x7ffe4906ecb8", "0x7ffe4906eba0", "0x7ffe4906ead8", "0x7ffe4906ea10", "0x7ffe4906e948", "0x7ffe4906e8d0", "0x7ffe4906e808", "0x7ffe4906e740", "0x7ffe4906e678", "0x7ffe4906e5b0", "0x7ffe4906e4e8", "0x7ffe4906e448", "0x7ffe4906e3a8", "0x7ffe4906e330", "0x7ffe4906e2b8", "0x7ffe4906e240", "0x7ffe4906e1c8", "0x7ffe4906e150", "0x7ffe4906e0d8", "0x7ffe4906e060", "0x7ffe4906dfe8", "0x7ffe4906df70", "0x7ffe4906def8", "0x7ffe4906de80", "0x7ffe4906de08", "0x7ffe4906dd90", "0x7ffe4906dd18", "0x7ffe4906dcf0", "0x7ffe4906dcc8", "0x7ffe4906dc50", "0x7ffe4906db88", "0x7ffe4906da20", "0x7ffe4906d9d0", "0x7ffe4906d980", "0x7ffe4906d930", "0x7ffe4906d908", "0x7ffe4906d8e0", "0x7ffe4906d7c8", "0x7ffe4906d778", "0x7ffe4906d3b8", "0x7ffe4906d2c8", "0x7ffe4906d200", "0x7ffe4906d1b0", "0x7ffe4906d160", "0x7ffe4906ce90", "0x7ffe4906ce68", "0x7ffe4906ce40", "0x7ffe4906ce18", "0x7ffe4906cd50", "0x7ffe4906cd00", "0x7ffe4906ccb0", "0x7ffe4906c940", "0x7ffe4906c8f0", "0x7ffe4906c8a0", "0x7ffe4906c648", "0x7ffe4906c5d0", "0x7ffe4906c580", "0x7ffe4906c4b8", "0x7ffe4906c468", "0x7ffe4906c0f8", "0x7ffe49067d78", "0x7ffe49067cd8", "0x7ffe49067c88", "0x7ffe49067c38", "0x7ffe49067be8", "0x7ffe49067bc0", "0x7ffe49067b70", "0x7ffe49067b20", "0x7ffe49067ad0", "0x7ffe49067a08", "0x7ffe49067990", "0x7ffe490678f0", "0x7ffe490678a0", "0x7ffe49067828", "0x7ffe49067788", "0x7ffe490676e8", "0x7ffe490676c0", "0x7ffe49067698", "0x7ffe49067670", "0x7ffe49067648", "0x7ffe49067620", "0x7ffe490675f8", "0x7ffe490675d0", "0x7ffe490675a8", "0x7ffe49067530", "0x7ffe490674b8", "0x7ffe49067378", "0x7ffe49067210", "0x7ffe490671c0", "0x7ffe49066d88", "0x7ffe49066d60", "0x7ffe49066d38", "0x7ffe49066ce8", "0x7ffe49066cc0", "0x7ffe49066c70", "0x7ffe49066c48", "0x7ffe49066bf8", "0x7ffe49066bd0", "0x7ffe49066b80", "0x7ffe49066b30", "0x7ffe49066ae0", "0x7ffe49066ab8", "0x7ffe49066a90", "0x7ffe49066a40", "0x7ffe490669f0", "0x7ffe490669a0", "0x7ffe49066950", "0x7ffe49066900", "0x7ffe490668b0", "0x7ffe49066860", "0x7ffe49066810", "0x7ffe490667c0", "0x7ffe49066770", "0x7ffe49066720", "0x7ffe490666d0", "0x7ffe49066680", "0x7ffe49066630", "0x7ffe490665e0", "0x7ffe49066590", "0x7ffe49066540", "0x7ffe490664f0", "0x7ffe490664a0", "0x7ffe49066450", "0x7ffe49066400", "0x7ffe490663b0", "0x7ffe49066388", "0x7ffe49066360", "0x7ffe49066338", "0x7ffe49066310", "0x7ffe490662e8", "0x7ffe490662c0", "0x7ffe49066298", "0x7ffe49066248", "0x7ffe49066220", "0x7ffe490661d0", "0x7ffe490661a8", "0x7ffe49066158", "0x7ffe49066130", "0x7ffe490660e0", "0x7ffe490660b8", "0x7ffe49066068", "0x7ffe49066040", "0x7ffe49065ff0", "0x7ffe49065fc8", "0x7ffe49065f78", "0x7ffe49065f50", "0x7ffe49065f00", "0x7ffe49065ed8", "0x7ffe49065e88", "0x7ffe49065e60", "0x7ffe49065e10", "0x7ffe49065de8", "0x7ffe49065d98", "0x7ffe49065d70", "0x7ffe49065d20", "0x7ffe49065cd0", "0x7ffe49065c80", "0x7ffe49065c30", "0x7ffe49065be0", "0x7ffe49065bb8", "0x7ffe49065b68", "0x7ffe49065b40", "0x7ffe49065af0", "0x7ffe49065ac8", "0x7ffe49065a78", "0x7ffe49065a50", "0x7ffe49065a00", "0x7ffe490659d8", "0x7ffe49065988", "0x7ffe49065960", "0x7ffe49065910", "0x7ffe490658e8", "0x7ffe49065898", "0x7ffe49065870", "0x7ffe49065820", "0x7ffe490657f8", "0x7ffe490657a8", "0x7ffe49065780", "0x7ffe49065758", "0x7ffe49065708", "0x7ffe490656b8", "0x7ffe49065690", "0x7ffe49065640", "0x7ffe49065618", "0x7ffe490655c8", "0x7ffe490655a0", "0x7ffe49065550", "0x7ffe49065528", "0x7ffe490654d8", "0x7ffe490654b0", "0x7ffe49065460", "0x7ffe49065438", "0x7ffe490653e8", "0x7ffe490653c0", "0x7ffe49065370", "0x7ffe49065348", "0x7ffe490652f8", "0x7ffe490652d0", "0x7ffe49065280", "0x7ffe49065258", "0x7ffe49065208", "0x7ffe490651e0", "0x7ffe490651b8", "0x7ffe49065168", "0x7ffe49065118", "0x7ffe490650f0", "0x7ffe490650a0", "0x7ffe49065078", "0x7ffe49065050", "0x7ffe49065028", "0x7ffe49064fd8", "0x7ffe49064fb0", "0x7ffe49064f88", "0x7ffe49064f38", "0x7ffe49064ee8", "0x7ffe49064ec0", "0x7ffe49064e98", "0x7ffe49064e70", "0x7ffe49064e48", "0x7ffe49064e20", "0x7ffe49064dd0", "0x7ffe49064da8", "0x7ffe49064d80", "0x7ffe49064d58", "0x7ffe49064d08", "0x7ffe49064ce0", "0x7ffe49064c90", "0x7ffe49064c68", "0x7ffe49064c18", "0x7ffe49064bf0", "0x7ffe49064ba0", "0x7ffe49064b50", "0x7ffe49064b28", "0x7ffe49064b00", "0x7ffe49064ad8", "0x7ffe49064ab0", "0x7ffe49064a88", "0x7ffe49064a60", "0x7ffe49064a10", "0x7ffe490649e8", "0x7ffe490649c0", "0x7ffe49064998", "0x7ffe49064970", "0x7ffe49064920", "0x7ffe490648f8", "0x7ffe490648d0", "0x7ffe490648a8", "0x7ffe49064880", "0x7ffe49064858", "0x7ffe49064808", "0x7ffe490647b8", "0x7ffe49064790", "0x7ffe49064768", "0x7ffe49064740", "0x7ffe49064718", "0x7ffe490646f0", "0x7ffe490646c8", "0x7ffe490646a0", "0x7ffe49064650", "0x7ffe49064628", "0x7ffe49064600", "0x7ffe490645d8", "0x7ffe490645b0", "0x7ffe49064588", "0x7ffe49064538", "0x7ffe49064510", "0x7ffe490644e8", "0x7ffe490644c0", "0x7ffe49064498", "0x7ffe49064470", "0x7ffe49064448", "0x7ffe49064420", "0x7ffe490643f8", "0x7ffe490643d0", "0x7ffe490643a8", "0x7ffe49064380", "0x7ffe49064358", "0x7ffe49064330", "0x7ffe49064308", "0x7ffe490642e0", "0x7ffe490642b8", "0x7ffe49064290", "0x7ffe49064268", "0x7ffe49064240", "0x7ffe49064218", "0x7ffe490641f0", "0x7ffe490641a0", "0x7ffe49064178", "0x7ffe49064128", "0x7ffe49064100", "0x7ffe490640b0", "0x7ffe49064060", "0x7ffe49064010", "0x7ffe4905ffb0", "0x7ffe4905ff88", "0x7ffe4905ff38", "0x7ffe4905ff10", "0x7ffe4905fec0", "0x7ffe4905fe98", "0x7ffe4905f948", "0x7ffe4905f8d0", "0x7ffe4905f858", "0x7ffe4905f740", "0x7ffe4905f650", "0x7ffe4905f560", "0x7ffe4905f4c0", "0x7ffe4905f2b8", "0x7ffe4905f1c8", "0x7ffe4905efe8", "0x7ffe4905ef20", "0x7ffe4905ee30", "0x7ffe4905eca0", "0x7ffe4905ebd8", "0x7ffe4905eb60", "0x7ffe4905eae8", "0x7ffe4905e160", "0x7ffe4905ddc8", "0x7ffe4905dd50", "0x7ffe4905dcd8", "0x7ffe4905dc60", "0x7ffe4905db48", "0x7ffe4905da58", "0x7ffe4905d9b8", "0x7ffe4905d828", "0x7ffe4905d670", "0x7ffe4905d3c8", "0x7ffe4905d0a8", "0x7ffe4905cf90", "0x7ffe4905cea0", "0x7ffe4905cdb0", "0x7ffe4905cc70", "0x7ffe4905cb58", "0x7ffe4905ca40", "0x7ffe4905c3d8", "0x7ffe49057ec8", "0x7ffe49057dd8", "0x7ffe49057ba8", "0x7ffe490573b0", "0x7ffe49057338", "0x7ffe49057220", "0x7ffe49056de8", "0x7ffe49056af0", "0x7ffe490569d8", "0x7ffe49056910", "0x7ffe49056898", "0x7ffe49056488", "0x7ffe49056320", "0x7ffe49056280", "0x7ffe49056168", "0x7ffe49056050", "0x7ffe49055ec0", "0x7ffe49055dd0", "0x7ffe49055ce0", "0x7ffe490554e8", "0x7ffe49055290", "0x7ffe49055150", "0x7ffe490550d8", "0x7ffe49055060", "0x7ffe49054e58", "0x7ffe49054b88", "0x7ffe49054a98", "0x7ffe490549a8", "0x7ffe49054818", "0x7ffe49054728", "0x7ffe49054638", "0x7ffe49054548", "0x7ffe49054458", "0x7ffe4904fdb8", "0x7ffe4904fcf0", "0x7ffe4904fae8", "0x7ffe4904f9f8", "0x7ffe4904f5c0", "0x7ffe4904f520", "0x7ffe4904f160", "0x7ffe4904efd0", "0x7ffe4904eee0", "0x7ffe4904ee40", "0x7ffe4904edc8", "0x7ffe4904ea58", "0x7ffe4904e850", "0x7ffe4904e760", "0x7ffe4904e670", "0x7ffe4904e580", "0x7ffe4904e030", "0x7ffe4904dd60", "0x7ffe4904dcc0", "0x7ffe4904d630", "0x7ffe4904d568", "0x7ffe4904d360", "0x7ffe4904d1f8", "0x7ffe4904d180", "0x7ffe4904d0e0", "0x7ffe4904d0b8", "0x7ffe4904ce88", "0x7ffe4904ce60"], "memsize":8232, "flags":{"wb_protected":true}}
{"address":"0x7ffe49075e78", "type":"STRING", "class":"0x7ffe490be858", "frozen":true, "embedded":true, "fstring":true, "bytesize":3, "value":"deq", "encoding":"US-ASCII", "memsize":40, "flags":{"wb_protected":true}}
{"address":"0x7ffe49075ea0", "type":"IMEMO", "class":"0x7ffe490761c0", "imemo_type":"ment", "memsize":48, "flags":{"wb_protected":true}}
{"address":"0x7ffe49075ec8", "type":"IMEMO", "class":"0x7ffe490761c0", "imemo_type":"ment", "memsize":48, "flags":{"wb_protected":true}}
{"address":"0x7ffe49075ef0", "type":"STRING", "class":"0x7ffe490be858", "frozen":true, "embedded":true, "fstring":true, "bytesize":3, "value":"enq", "encoding":"US-ASCII", "memsize":40, "flags":{"wb_protected":true}}
{"address":"0x7ffe49075f18", "type":"IMEMO", "class":"0x7ffe490761c0", "imemo_type":"ment", "memsize":48, "flags":{"wb_protected":true}}
{"address":"0x7ffe49075f40", "type":"STRING", "class":"0x7ffe490be858", "frozen":true, "embedded":true, "fstring":true, "bytesize":11, "value":"num_waiting", "encoding":"US-ASCII", "memsize":40, "flags":{"wb_protected":true}}
{"address":"0x7ffe49075f68", "type":"IMEMO", "class":"0x7ffe490761c0", "imemo_type":"ment", "memsize":48, "flags":{"wb_protected":true}}
{"address":"0x7ffe49075f90", "type":"IMEMO", "class":"0x7ffe490761c0", "imemo_type":"ment", "memsize":48, "flags":{"wb_protected":true}}
{"address":"0x7ffe49075fb8", "type":"IMEMO", "class":"0x7ffe490761c0", "imemo_type":"ment", "memsize":48, "flags":{"wb_protected":true}}
{"address":"0x7ffe49075fe0", "type":"IMEMO", "class":"0x7ffe490761c0", "imemo_type":"ment", "memsize":48, "flags":{"wb_protected":true}}
{"address":"0x7ffe49076008", "type":"IMEMO", "class":"0x7ffe490761c0", "imemo_type":"ment", "memsize":48, "flags":{"wb_protected":true}}
{"address":"0x7ffe49076030", "type":"IMEMO", "class":"0x7ffe490761c0", "imemo_type":"ment", "memsize":48, "flags":{"wb_protected":true}}
{"address":"0x7ffe49076058", "type":"IMEMO", "class":"0x7ffe490761c0", "imemo_type":"ment", "memsize":48, "flags":{"wb_protected":true}}
{"address":"0x7ffe49076080", "type":"IMEMO", "class":"0x7ffe490761c0", "imemo_type":"ment", "memsize":48, "flags":{"wb_protected":true}}
{"address":"0x7ffe490760a8", "type":"IMEMO", "class":"0x7ffe490761c0", "imemo_type":"ment", "memsize":48, "flags":{"wb_protected":true}}
{"address":"0x7ffe490760d0", "type":"IMEMO", "class":"0x7ffe490761c0", "imemo_type":"ment", "memsize":48, "flags":{"wb_protected":true}}
{"address":"0x7ffe490760f8", "type":"CLASS", "class":"0x7ffe490c5770", "references":["0x7ffe4907f6d0", "0x7ffe49076120"], "memsize":472, "flags":{"wb_protected":true}}
{"address":"0x7ffe49076120", "type":"CLASS", "class":"0x7ffe490760f8", "name":"ClosedQueueError", "references":["0x7ffe4907f6f8", "0x7ffe49076148"], "memsize":472, "flags":{"wb_protected":true}}
{"address":"0x7ffe49076148", "type":"STRING", "class":"0x7ffe490be858", "frozen":true, "embedded":true, "fstring":true, "bytesize":16, "value":"ClosedQueueError", "encoding":"US-ASCII", "memsize":40, "flags":{"wb_protected":true}}
{"address":"0x7ffe49076170", "type":"STRING", "class":"0x7ffe490be858", "frozen":true, "embedded":true, "bytesize":13, "value":"Thread::Queue", "encoding":"US-ASCII", "memsize":40, "flags":{"wb_protected":true}}
{"address":"0x7ffe49076198", "type":"CLASS", "class":"0x7ffe490c5770", "references":["0x7ffe490c5720", "0x7ffe490c6580", "0x7ffe490761c0"], "memsize":584, "flags":{"wb_protected":true}}
{"address":"0x7ffe490761c0", "type":"CLASS", "class":"0x7ffe49076198", "name":"Thread::Queue", "references":["0x7ffe490c68a0", "0x7ffe49075e28", "0x7ffe490760d0", "0x7ffe490760a8", "0x7ffe49075ea0", "0x7ffe49076058", "0x7ffe49076030", "0x7ffe49076008", "0x7ffe49075fe0", "0x7ffe49075e00", "0x7ffe49076080", "0x7ffe49075f90", "0x7ffe49075f68", "0x7ffe49075dd8", "0x7ffe49075fb8", "0x7ffe49075f18", "0x7ffe49075ec8", "0x7ffe49076170"], "memsize":984, "flags":{"wb_protected":true}}
{"address":"0x7ffe490761e8", "type":"STRING", "class":"0x7ffe490be858", "frozen":true, "embedded":true, "fstring":true, "bytesize":5, "value":"Queue", "encoding":"US-ASCII", "memsize":40, "flags":{"wb_protected":true}}
{"address":"0x7ffe49076210", "type":"IMEMO", "class":"0x7ffe49076490", "imemo_type":"ment", "memsize":48, "flags":{"wb_protected":true}}
{"address":"0x7ffe49076238", "type":"IMEMO", "class":"0x7ffe49076490", "imemo_type":"ment", "memsize":48, "flags":{"wb_protected":true}}
{"address":"0x7ffe49076260", "type":"STRING", "class":"0x7ffe490be858", "frozen":true, "embedded":true, "fstring":true, "bytesize":11, "value":"synchronize", "encoding":"US-ASCII", "memsize":40, "flags":{"wb_protected":true}}
{"address":"0x7ffe49076288", "type":"IMEMO", "class":"0x7ffe49076490", "imemo_type":"ment", "memsize":48, "flags":{"wb_protected":true}}
{"address":"0x7ffe490762b0", "type":"STRING", "class":"0x7ffe490be858", "frozen":true, "embedded":true, "fstring":true, "bytesize":5, "value":"sleep", "encoding":"US-ASCII", "memsize":40, "flags":{"wb_protected":true}}
{"address":"0x7ffe490762d8", "type":"IMEMO", "class":"0x7ffe49076490", "imemo_type":"ment", "memsize":48, "flags":{"wb_protected":true}}
{"address":"0x7ffe49076300", "type":"STRING", "class":"0x7ffe490be858", "frozen":true, "embedded":true, "fstring":true, "bytesize":6, "value":"unlock", "encoding":"US-ASCII", "memsize":40, "flags":{"wb_protected":true}}
{"address":"0x7ffe49076328", "type":"IMEMO", "class":"0x7ffe49076490", "imemo_type":"ment", "memsize":48, "flags":{"wb_protected":true}}
{"address":"0x7ffe49076350", "type":"STRING", "class":"0x7ffe490be858", "frozen":true, "embedded":true, "fstring":true, "bytesize":4, "value":"lock", "encoding":"US-ASCII", "memsize":40, "flags":{"wb_protected":true}}
{"address":"0x7ffe49076378", "type":"IMEMO", "class":"0x7ffe49076490", "imemo_type":"ment", "memsize":48, "flags":{"wb_protected":true}}
{"address":"0x7ffe490763a0", "type":"STRING", "class":"0x7ffe490be858", "frozen":true, "embedded":true, "fstring":true, "bytesize":8, "value":"try_lock", "encoding":"US-ASCII", "memsize":40, "flags":{"wb_protected":true}}
{"address":"0x7ffe490763c8", "type":"IMEMO", "class":"0x7ffe49076490", "imemo_type":"ment", "memsize":48, "flags":{"wb_protected":true}}
{"address":"0x7ffe490763f0", "type":"STRING", "class":"0x7ffe490be858", "frozen":true, "embedded":true, "fstring":true, "bytesize":7, "value":"locked?", "encoding":"US-ASCII", "memsize":40, "flags":{"wb_protected":true}}
{"address":"0x7ffe49076418", "type":"IMEMO", "class":"0x7ffe49076490", "imemo_type":"ment", "memsize":48, "flags":{"wb_protected":true}}
{"address":"0x7ffe49076440", "type":"STRING", "class":"0x7ffe490be858", "frozen":true, "embedded":true, "bytesize":13, "value":"Thread::Mutex", "encoding":"US-ASCII", "memsize":40, "flags":{"wb_protected":true}}
{"address":"0x7ffe49076468", "type":"CLASS", "class":"0x7ffe490c5770", "references":["0x7ffe490c5720", "0x7ffe49076490"], "memsize":472, "flags":{"wb_protected":true}}
{"address":"0x7ffe49076490", "type":"CLASS", "class":"0x7ffe49076468", "name":"Thread::Mutex", "references":["0x7ffe490c68a0", "0x7ffe49076418", "0x7ffe490763c8", "0x7ffe49076378", "0x7ffe49076328", "0x7ffe490762d8", "0x7ffe49076288", "0x7ffe49076238", "0x7ffe49076210", "0x7ffe49076440"], "memsize":728, "flags":{"wb_protected":true}}
{"address":"0x7ffe490764b8", "type":"STRING", "class":"0x7ffe490be858", "frozen":true, "embedded":true, "fstring":true, "bytesize":5, "value":"Mutex", "encoding":"US-ASCII", "memsize":40, "flags":{"wb_protected":true}}
{"address":"0x7ffe490764e0", "type":"ARRAY", "length":0, "memsize":40, "flags":{"wb_protected":true}}
{"address":"0x7ffe49076508", "type":"ARRAY", "length":0, "memsize":40, "flags":{"wb_protected":true}}
{"address":"0x7ffe49076530", "type":"CLASS", "class":"0x7ffe490c5770", "references":["0x7ffe490b7800", "0x7ffe49076558"], "memsize":472, "flags":{"wb_protected":true}}
{"address":"0x7ffe49076558", "type":"CLASS", "class":"0x7ffe49076530", "name":"ThreadError", "references":["0x7ffe490b7828", "0x7ffe49076580"], "memsize":472, "flags":{"wb_protected":true}}
{"address":"0x7ffe49076580", "type":"STRING", "class":"0x7ffe490be858", "frozen":true, "embedded":true, "fstring":true, "bytesize":11, "value":"ThreadError", "encoding":"US-ASCII", "memsize":40, "flags":{"wb_protected":true}}
{"address":"0x7ffe490765a8", "type":"STRING", "class":"0x7ffe490be858", "frozen":true, "embedded":true, "fstring":true, "bytesize":17, "value":"__recursive_key__", "encoding":"US-ASCII", "memsize":40, "flags":{"wb_protected":true}}
{"address":"0x7ffe490765d0", "type":"STRING", "class":"0x7ffe490be858", "frozen":true, "embedded":true, "fstring":true, "bytesize":7, "value":"Default", "encoding":"US-ASCII", "memsize":40, "flags":{"wb_protected":true}}
{"address":"0x7ffe490765f8", "type":"DATA", "class":"0x7ffe49076760", "struct":"thgroup", "memsize":56}
{"address":"0x7ffe49076620", "type":"IMEMO", "class":"0x7ffe49076760", "imemo_type":"ment", "memsize":48, "flags":{"wb_protected":true}}
{"address":"0x7ffe49076648", "type":"STRING", "class":"0x7ffe490be858", "frozen":true, "embedded":true, "fstring":true, "bytesize":3, "value":"add", "encoding":"US-ASCII", "memsize":40, "flags":{"wb_protected":true}}
{"address":"0x7ffe49076670", "type":"IMEMO", "class":"0x7ffe49076760", "imemo_type":"ment", "memsize":48, "flags":{"wb_protected":true}}
{"address":"0x7ffe49076698", "type":"STRING", "class":"0x7ffe490be858", "frozen":true, "embedded":true, "fstring":true, "bytesize":9, "value":"enclosed?", "encoding":"US-ASCII", "memsize":40, "flags":{"wb_protected":true}}
{"address":"0x7ffe490766c0", "type":"IMEMO", "class":"0x7ffe49076760", "imemo_type":"ment", "memsize":48, "flags":{"wb_protected":true}}
{"address":"0x7ffe490766e8", "type":"STRING", "class":"0x7ffe490be858", "frozen":true, "embedded":true, "fstring":true, "bytesize":7, "value":"enclose", "encoding":"US-ASCII", "memsize":40, "flags":{"wb_protected":true}}
{"address":"0x7ffe49076710", "type":"IMEMO", "class":"0x7ffe49076760", "imemo_type":"ment", "memsize":48, "flags":{"wb_protected":true}}
{"address":"0x7ffe49076738", "type":"CLASS", "class":"0x7ffe490c5770", "references":["0x7ffe490c5720", "0x7ffe49076760"], "memsize":472, "flags":{"wb_protected":true}}
{"address":"0x7ffe49076760", "type":"CLASS", "class":"0x7ffe49076738", "name":"ThreadGroup", "references":["0x7ffe490c68a0", "0x7ffe49076670", "0x7ffe49076620", "0x7ffe49076710", "0x7ffe490766c0", "0x7ffe49076788", "0x7ffe490765f8", "0x7ffe4907c200"], "memsize":688, "flags":{"wb_protected":true}}
{"address":"0x7ffe49076788", "type":"STRING", "class":"0x7ffe490be858", "frozen":true, "embedded":true, "fstring":true, "bytesize":11, "value":"ThreadGroup", "encoding":"US-ASCII", "memsize":40, "flags":{"wb_protected":true}}
{"address":"0x7ffe490767b0", "type":"OBJECT", "class":"0x7ffe4909cb40", "frozen":true, "ivars":3, "references":["0x7ffe490767d8"], "memsize":40, "flags":{"wb_protected":true}}
{"address":"0x7ffe490767d8", "type":"STRING", "class":"0x7ffe490be858", "frozen":true, "bytesize":31, "value":"stream closed in another thread", "encoding":"US-ASCII", "memsize":40, "flags":{"wb_protected":true}}
{"address":"0x7ffe49076800", "type":"IMEMO", "class":"0x7ffe4907e2a8", "imemo_type":"ment", "memsize":48, "flags":{"wb_protected":true}}
{"address":"0x7ffe49076828", "type":"IMEMO", "class":"0x7ffe4907e2a8", "imemo_type":"ment", "memsize":48, "flags":{"wb_protected":true}}
{"address":"0x7ffe49076850", "type":"IMEMO", "class":"0x7ffe4907e2a8", "imemo_type":"ment", "memsize":48, "flags":{"wb_protected":true}}
{"address":"0x7ffe49076878", "type":"STRING", "class":"0x7ffe490be858", "frozen":true, "embedded":true, "fstring":true, "bytesize":5, "value":"name=", "encoding":"US-ASCII", "memsize":40, "flags":{"wb_protected":true}}
{"address":"0x7ffe490768a0", "type":"IMEMO", "class":"0x7ffe4907e2a8", "imemo_type":"ment", "memsize":48, "flags":{"wb_protected":true}}
{"address":"0x7ffe490768c8", "type":"IMEMO", "class":"0x7ffe4907e2a8", "imemo_type":"ment", "memsize":48, "flags":{"wb_protected":true}}
{"address":"0x7ffe490768f0", "type":"IMEMO", "class":"0x7ffe4907e2a8", "imemo_type":"ment", "memsize":48, "flags":{"wb_protected":true}}
{"address":"0x7ffe49076918", "type":"IMEMO", "class":"0x7ffe4907e2a8", "imemo_type":"ment", "memsize":48, "flags":{"wb_protected":true}}
{"address":"0x7ffe49076940", "type":"STRING", "class":"0x7ffe490be858", "frozen":true, "embedded":true, "fstring":true, "bytesize":5, "value":"group", "encoding":"US-ASCII", "memsize":40, "flags":{"wb_protected":true}}
{"address":"0x7ffe49076968", "type":"IMEMO", "class":"0x7ffe4907e2a8", "imemo_type":"ment", "memsize":48, "flags":{"wb_protected":true}}
{"address":"0x7ffe49076990", "type":"IMEMO", "class":"0x7ffe4907e2a8", "imemo_type":"ment", "memsize":48, "flags":{"wb_protected":true}}
{"address":"0x7ffe490769b8", "type":"IMEMO", "class":"0x7ffe4907e2a8", "imemo_type":"ment", "memsize":48, "flags":{"wb_protected":true}}
{"address":"0x7ffe490769e0", "type":"IMEMO", "class":"0x7ffe4907e2a8", "imemo_type":"ment", "memsize":48, "flags":{"wb_protected":true}}
{"address":"0x7ffe49076a08", "type":"IMEMO", "class":"0x7ffe4907e2a8", "imemo_type":"ment", "memsize":48, "flags":{"wb_protected":true}}
{"address":"0x7ffe49076a30", "type":"STRING", "class":"0x7ffe490be858", "frozen":true, "embedded":true, "fstring":true, "bytesize":5, "value":"stop?", "encoding":"US-ASCII", "memsize":40, "flags":{"wb_protected":true}}
{"address":"0x7ffe49076a58", "type":"IMEMO", "class":"0x7ffe4907e2a8", "imemo_type":"ment", "memsize":48, "flags":{"wb_protected":true}}
{"address":"0x7ffe49076a80", "type":"STRING", "class":"0x7ffe490be858", "frozen":true, "embedded":true, "fstring":true, "bytesize":6, "value":"alive?", "encoding":"US-ASCII", "memsize":40, "flags":{"wb_protected":true}}
{"address":"0x7ffe49076aa8", "type":"IMEMO", "class":"0x7ffe4907e2a8", "imemo_type":"ment", "memsize":48, "flags":{"wb_protected":true}}
{"address":"0x7ffe49076ad0", "type":"STRING", "class":"0x7ffe490be858", "frozen":true, "embedded":true, "fstring":true, "bytesize":16, "value":"thread_variable?", "encoding":"US-ASCII", "memsize":40, "flags":{"wb_protected":true}}
{"address":"0x7ffe49076af8", "type":"IMEMO", "class":"0x7ffe4907e2a8", "imemo_type":"ment", "memsize":48, "flags":{"wb_protected":true}}
{"address":"0x7ffe49076b20", "type":"STRING", "class":"0x7ffe490be858", "frozen":true, "embedded":true, "fstring":true, "bytesize":16, "value":"thread_variables", "encoding":"US-ASCII", "memsize":40, "flags":{"wb_protected":true}}
{"address":"0x7ffe49076b48", "type":"IMEMO", "class":"0x7ffe4907e2a8", "imemo_type":"ment", "memsize":48, "flags":{"wb_protected":true}}
{"address":"0x7ffe49076b70", "type":"STRING", "class":"0x7ffe490be858", "frozen":true, "embedded":true, "fstring":true, "bytesize":19, "value":"thread_variable_set", "encoding":"US-ASCII", "memsize":40, "flags":{"wb_protected":true}}
{"address":"0x7ffe49076b98", "type":"IMEMO", "class":"0x7ffe4907e2a8", "imemo_type":"ment", "memsize":48, "flags":{"wb_protected":true}}
{"address":"0x7ffe49076bc0", "type":"STRING", "class":"0x7ffe490be858", "frozen":true, "embedded":true, "fstring":true, "bytesize":19, "value":"thread_variable_get", "encoding":"US-ASCII", "memsize":40, "flags":{"wb_protected":true}}
{"address":"0x7ffe49076be8", "type":"IMEMO", "class":"0x7ffe4907e2a8", "imemo_type":"ment", "memsize":48, "flags":{"wb_protected":true}}
{"address":"0x7ffe49076c10", "type":"IMEMO", "class":"0x7ffe4907e2a8", "imemo_type":"ment", "memsize":48, "flags":{"wb_protected":true}}
{"address":"0x7ffe49076c38", "type":"STRING", "class":"0x7ffe490be858", "frozen":true, "embedded":true, "fstring":true, "bytesize":9, "value":"priority=", "encoding":"US-ASCII", "memsize":40, "flags":{"wb_protected":true}}
{"address":"0x7ffe49076c60", "type":"IMEMO", "class":"0x7ffe4907e2a8", "imemo_type":"ment", "memsize":48, "flags":{"wb_protected":true}}
{"address":"0x7ffe49076c88", "type":"STRING", "class":"0x7ffe490be858", "frozen":true, "embedded":true, "fstring":true, "bytesize":8, "value":"priority", "encoding":"US-ASCII", "memsize":40, "flags":{"wb_protected":true}}
{"address":"0x7ffe49076cb0", "type":"IMEMO", "class":"0x7ffe4907e2a8", "imemo_type":"ment", "memsize":48, "flags":{"wb_protected":true}}
{"address":"0x7ffe49076cd8", "type":"IMEMO", "class":"0x7ffe4907e2a8", "imemo_type":"ment", "memsize":48, "flags":{"wb_protected":true}}
{"address":"0x7ffe49076d00", "type":"IMEMO", "class":"0x7ffe4907e2a8", "imemo_type":"ment", "memsize":48, "flags":{"wb_protected":true}}
{"address":"0x7ffe49076d28", "type":"IMEMO", "class":"0x7ffe4907e2a8", "imemo_type":"ment", "memsize":48, "flags":{"wb_protected":true}}
{"address":"0x7ffe49076d50", "type":"IMEMO", "class":"0x7ffe4907e2a8", "imemo_type":"ment", "memsize":48, "flags":{"wb_protected":true}}
{"address":"0x7ffe49076d78", "type":"IMEMO", "class":"0x7ffe4907e2a8", "imemo_type":"ment", "memsize":48, "flags":{"wb_protected":true}}
{"address":"0x7ffe49076da0", "type":"STRING", "class":"0x7ffe490be858", "frozen":true, "embedded":true, "fstring":true, "bytesize":6, "value":"wakeup", "encoding":"US-ASCII", "memsize":40, "flags":{"wb_protected":true}}
{"address":"0x7ffe49076dc8", "type":"IMEMO", "class":"0x7ffe4907e2a8", "imemo_type":"ment", "memsize":48, "flags":{"wb_protected":true}}
{"address":"0x7ffe49076df0", "type":"STRING", "class":"0x7ffe490be858", "frozen":true, "embedded":true, "fstring":true, "bytesize":3, "value":"run", "encoding":"US-ASCII", "memsize":40, "flags":{"wb_protected":true}}
{"address":"0x7ffe49076e18", "type":"IMEMO", "class":"0x7ffe4907e2a8", "imemo_type":"ment", "memsize":48, "flags":{"wb_protected":true}}
{"address":"0x7ffe49076e40", "type":"IMEMO", "class":"0x7ffe4907e2a8", "imemo_type":"ment", "memsize":48, "flags":{"wb_protected":true}}
{"address":"0x7ffe49076e68", "type":"STRING", "class":"0x7ffe490be858", "frozen":true, "embedded":true, "fstring":true, "bytesize":9, "value":"terminate", "encoding":"US-ASCII", "memsize":40, "flags":{"wb_protected":true}}
{"address":"0x7ffe49076e90", "type":"IMEMO", "class":"0x7ffe4907e2a8", "imemo_type":"ment", "memsize":48, "flags":{"wb_protected":true}}
{"address":"0x7ffe49076eb8", "type":"IMEMO", "class":"0x7ffe4907e2a8", "imemo_type":"ment", "memsize":48, "flags":{"wb_protected":true}}
{"address":"0x7ffe49076ee0", "type":"IMEMO", "class":"0x7ffe4907e2a8", "imemo_type":"ment", "memsize":48, "flags":{"wb_protected":true}}
{"address":"0x7ffe49076f08", "type":"IMEMO", "class":"0x7ffe4907e2a8", "imemo_type":"ment", "memsize":48, "flags":{"wb_protected":true}}
{"address":"0x7ffe49076f30", "type":"IMEMO", "class":"0x7ffe4907e2a8", "imemo_type":"ment", "memsize":48, "flags":{"wb_protected":true}}
{"address":"0x7ffe49076f58", "type":"IMEMO", "class":"0x7ffe4907e2a8", "imemo_type":"ment", "memsize":48, "flags":{"wb_protected":true}}
{"address":"0x7ffe49076f80", "type":"IMEMO", "class":"0x7ffe4907e280", "imemo_type":"ment", "memsize":48, "flags":{"wb_protected":true}}
{"address":"0x7ffe49076fa8", "type":"STRING", "class":"0x7ffe490be858", "frozen":true, "embedded":true, "fstring":true, "bytesize":18, "value":"pending_interrupt?", "encoding":"US-ASCII", "memsize":40, "flags":{"wb_protected":true}}
{"address":"0x7ffe49076fd0", "type":"IMEMO", "class":"0x7ffe4907e280", "imemo_type":"ment", "memsize":48, "flags":{"wb_protected":true}}
{"address":"0x7ffe49076ff8", "type":"STRING", "class":"0x7ffe490be858", "frozen":true, "embedded":true, "fstring":true, "bytesize":16, "value":"handle_interrupt", "encoding":"US-ASCII", "memsize":40, "flags":{"wb_protected":true}}
{"address":"0x7ffe49077020", "type":"IMEMO", "class":"0x7ffe4907e280", "imemo_type":"ment", "memsize":48, "flags":{"wb_protected":true}}
{"address":"0x7ffe49077048", "type":"STRING", "class":"0x7ffe490be858", "frozen":true, "embedded":true, "fstring":true, "bytesize":16, "value":"ignore_deadlock=", "encoding":"US-ASCII", "memsize":40, "flags":{"wb_protected":true}}
{"address":"0x7ffe49077070", "type":"IMEMO", "class":"0x7ffe4907e280", "imemo_type":"ment", "memsize":48, "flags":{"wb_protected":true}}
{"address":"0x7ffe49077098", "type":"STRING", "class":"0x7ffe490be858", "frozen":true, "embedded":true, "fstring":true, "bytesize":15, "value":"ignore_deadlock", "encoding":"US-ASCII", "memsize":40, "flags":{"wb_protected":true}}
{"address":"0x7ffe490770c0", "type":"IMEMO", "class":"0x7ffe4907e280", "imemo_type":"ment", "memsize":48, "flags":{"wb_protected":true}}
{"address":"0x7ffe490770e8", "type":"STRING", "class":"0x7ffe490be858", "frozen":true, "embedded":true, "fstring":true, "bytesize":20, "value":"report_on_exception=", "encoding":"US-ASCII", "memsize":40, "flags":{"wb_protected":true}}
{"address":"0x7ffe49077110", "type":"IMEMO", "class":"0x7ffe4907e280", "imemo_type":"ment", "memsize":48, "flags":{"wb_protected":true}}
{"address":"0x7ffe49077138", "type":"STRING", "class":"0x7ffe490be858", "frozen":true, "embedded":true, "fstring":true, "bytesize":19, "value":"report_on_exception", "encoding":"US-ASCII", "memsize":40, "flags":{"wb_protected":true}}
{"address":"0x7ffe49077160", "type":"IMEMO", "class":"0x7ffe4907e280", "imemo_type":"ment", "memsize":48, "flags":{"wb_protected":true}}
{"address":"0x7ffe49077188", "type":"STRING", "class":"0x7ffe490be858", "frozen":true, "embedded":true, "fstring":true, "bytesize":19, "value":"abort_on_exception=", "encoding":"US-ASCII", "memsize":40, "flags":{"wb_protected":true}}
{"address":"0x7ffe490771b0", "type":"IMEMO", "class":"0x7ffe4907e280", "imemo_type":"ment", "memsize":48, "flags":{"wb_protected":true}}
{"address":"0x7ffe490771d8", "type":"STRING", "class":"0x7ffe490be858", "frozen":true, "embedded":true, "fstring":true, "bytesize":18, "value":"abort_on_exception", "encoding":"US-ASCII", "memsize":40, "flags":{"wb_protected":true}}
{"address":"0x7ffe49077200", "type":"IMEMO", "class":"0x7ffe4907e280", "imemo_type":"ment", "memsize":48, "flags":{"wb_protected":true}}
{"address":"0x7ffe49077228", "type":"IMEMO", "class":"0x7ffe4907e280", "imemo_type":"ment", "memsize":48, "flags":{"wb_protected":true}}
{"address":"0x7ffe49077250", "type":"STRING", "class":"0x7ffe490be858", "frozen":true, "embedded":true, "fstring":true, "bytesize":4, "value":"pass", "encoding":"US-ASCII", "memsize":40, "flags":{"wb_protected":true}}
{"address":"0x7ffe49077278", "type":"IMEMO", "class":"0x7ffe4907e280", "imemo_type":"ment", "memsize":48, "flags":{"wb_protected":true}}
{"address":"0x7ffe490772a0", "type":"STRING", "class":"0x7ffe490be858", "frozen":true, "embedded":true, "fstring":true, "bytesize":4, "value":"exit", "encoding":"US-ASCII", "memsize":40, "flags":{"wb_protected":true}}
{"address":"0x7ffe490772c8", "type":"IMEMO", "class":"0x7ffe4907e280", "imemo_type":"ment", "memsize":48, "flags":{"wb_protected":true}}
{"address":"0x7ffe490772f0", "type":"STRING", "class":"0x7ffe490be858", "frozen":true, "embedded":true, "fstring":true, "bytesize":4, "value":"kill", "encoding":"US-ASCII", "memsize":40, "flags":{"wb_protected":true}}
{"address":"0x7ffe49077318", "type":"IMEMO", "class":"0x7ffe4907e280", "imemo_type":"ment", "memsize":48, "flags":{"wb_protected":true}}
{"address":"0x7ffe49077340", "type":"STRING", "class":"0x7ffe490be858", "frozen":true, "embedded":true, "fstring":true, "bytesize":4, "value":"stop", "encoding":"US-ASCII", "memsize":40, "flags":{"wb_protected":true}}
{"address":"0x7ffe49077368", "type":"IMEMO", "class":"0x7ffe4907e280", "imemo_type":"ment", "memsize":48, "flags":{"wb_protected":true}}
{"address":"0x7ffe49077390", "type":"STRING", "class":"0x7ffe490be858", "frozen":true, "embedded":true, "fstring":true, "bytesize":7, "value":"current", "encoding":"US-ASCII", "memsize":40, "flags":{"wb_protected":true}}
{"address":"0x7ffe490773b8", "type":"IMEMO", "class":"0x7ffe4907e280", "imemo_type":"ment", "memsize":48, "flags":{"wb_protected":true}}
{"address":"0x7ffe490773e0", "type":"STRING", "class":"0x7ffe490be858", "frozen":true, "embedded":true, "fstring":true, "bytesize":4, "value":"main", "encoding":"US-ASCII", "memsize":40, "flags":{"wb_protected":true}}
{"address":"0x7ffe49077408", "type":"IMEMO", "class":"0x7ffe4907e280", "imemo_type":"ment", "memsize":48, "flags":{"wb_protected":true}}
{"address":"0x7ffe49077430", "type":"STRING", "class":"0x7ffe490be858", "frozen":true, "embedded":true, "fstring":true, "bytesize":4, "value":"fork", "encoding":"US-ASCII", "memsize":40, "flags":{"wb_protected":true}}
{"address":"0x7ffe49077458", "type":"IMEMO", "class":"0x7ffe4907e280", "imemo_type":"ment", "memsize":48, "flags":{"wb_protected":true}}
{"address":"0x7ffe49077480", "type":"STRING", "class":"0x7ffe490be858", "frozen":true, "embedded":true, "fstring":true, "bytesize":5, "value":"start", "encoding":"US-ASCII", "memsize":40, "flags":{"wb_protected":true}}
{"address":"0x7ffe490774a8", "type":"IMEMO", "class":"0x7ffe4907e280", "imemo_type":"ment", "memsize":48, "flags":{"wb_protected":true}}
{"address":"0x7ffe490774d0", "type":"STRING", "class":"0x7ffe490be858", "frozen":true, "embedded":true, "fstring":true, "bytesize":11, "value":"on_blocking", "encoding":"US-ASCII", "memsize":40, "flags":{"wb_protected":true}}
{"address":"0x7ffe490774f8", "type":"STRING", "class":"0x7ffe490be858", "frozen":true, "embedded":true, "fstring":true, "bytesize":9, "value":"immediate", "encoding":"US-ASCII", "memsize":40, "flags":{"wb_protected":true}}
{"address":"0x7ffe49077520", "type":"STRING", "class":"0x7ffe490be858", "frozen":true, "embedded":true, "fstring":true, "bytesize":5, "value":"never", "encoding":"US-ASCII", "memsize":40, "flags":{"wb_protected":true}}
{"address":"0x7ffe49077548", "type":"IMEMO", "class":"0x7ffe49077b38", "imemo_type":"ment", "memsize":48, "flags":{"wb_protected":true}}
{"address":"0x7ffe49077570", "type":"STRING", "class":"0x7ffe490be858", "frozen":true, "embedded":true, "fstring":true, "bytesize":9, "value":"load_iseq", "encoding":"US-ASCII", "memsize":40, "flags":{"wb_protected":true}}
{"address":"0x7ffe49077598", "type":"IMEMO", "class":"0x7ffe49077b38", "imemo_type":"ment", "memsize":48, "flags":{"wb_protected":true}}
{"address":"0x7ffe490775c0", "type":"IMEMO", "class":"0x7ffe49077b38", "imemo_type":"ment", "memsize":48, "flags":{"wb_protected":true}}
{"address":"0x7ffe490775e8", "type":"STRING", "class":"0x7ffe490be858", "frozen":true, "embedded":true, "fstring":true, "bytesize":2, "value":"of", "encoding":"US-ASCII", "memsize":40, "flags":{"wb_protected":true}}
{"address":"0x7ffe49077610", "type":"IMEMO", "class":"0x7ffe49077b38", "imemo_type":"ment", "memsize":48, "flags":{"wb_protected":true}}
{"address":"0x7ffe49077638", "type":"IMEMO", "class":"0x7ffe49077b38", "imemo_type":"ment", "memsize":48, "flags":{"wb_protected":true}}
{"address":"0x7ffe49077660", "type":"IMEMO", "class":"0x7ffe49077b38", "imemo_type":"ment", "memsize":48, "flags":{"wb_protected":true}}
{"address":"0x7ffe49077688", "type":"STRING", "class":"0x7ffe490be858", "frozen":true, "embedded":true, "fstring":true, "bytesize":15, "value":"compile_option=", "encoding":"US-ASCII", "memsize":40, "flags":{"wb_protected":true}}
{"address":"0x7ffe490776b0", "type":"IMEMO", "class":"0x7ffe49077b38", "imemo_type":"ment", "memsize":48, "flags":{"wb_protected":true}}
{"address":"0x7ffe490776d8", "type":"STRING", "class":"0x7ffe490be858", "frozen":true, "embedded":true, "fstring":true, "bytesize":14, "value":"compile_option", "encoding":"US-ASCII", "memsize":40, "flags":{"wb_protected":true}}
{"address":"0x7ffe49077700", "type":"IMEMO", "class":"0x7ffe49077b38", "imemo_type":"ment", "memsize":48, "flags":{"wb_protected":true}}
{"address":"0x7ffe49077728", "type":"STRING", "class":"0x7ffe490be858", "frozen":true, "embedded":true, "fstring":true, "bytesize":12, "value":"compile_file", "encoding":"US-ASCII", "memsize":40, "flags":{"wb_protected":true}}
{"address":"0x7ffe49077750", "type":"IMEMO", "class":"0x7ffe49077b38", "imemo_type":"ment", "memsize":48, "flags":{"wb_protected":true}}
{"address":"0x7ffe49077778", "type":"IMEMO", "class":"0x7ffe49077b38", "imemo_type":"ment", "memsize":48, "flags":{"wb_protected":true}}
{"address":"0x7ffe490777a0", "type":"IMEMO", "class":"0x7ffe49077b60", "imemo_type":"ment", "memsize":48, "flags":{"wb_protected":true}}
{"address":"0x7ffe490777c8", "type":"IMEMO", "class":"0x7ffe49077b60", "imemo_type":"ment", "memsize":48, "flags":{"wb_protected":true}}
{"address":"0x7ffe490777f0", "type":"STRING", "class":"0x7ffe490be858", "frozen":true, "embedded":true, "fstring":true, "bytesize":12, "value":"trace_points", "encoding":"US-ASCII", "memsize":40, "flags":{"wb_protected":true}}
{"address":"0x7ffe49077818", "type":"IMEMO", "class":"0x7ffe49077b60", "imemo_type":"ment", "memsize":48, "flags":{"wb_protected":true}}
{"address":"0x7ffe49077840", "type":"STRING", "class":"0x7ffe490be858", "frozen":true, "embedded":true, "fstring":true, "bytesize":12, "value":"first_lineno", "encoding":"US-ASCII", "memsize":40, "flags":{"wb_protected":true}}
{"address":"0x7ffe49077868", "type":"IMEMO", "class":"0x7ffe49077b60", "imemo_type":"ment", "memsize":48, "flags":{"wb_protected":true}}
{"address":"0x7ffe49077890", "type":"IMEMO", "class":"0x7ffe49077b60", "imemo_type":"ment", "memsize":48, "flags":{"wb_protected":true}}
{"address":"0x7ffe490778b8", "type":"IMEMO", "class":"0x7ffe49077b60", "imemo_type":"ment", "memsize":48, "flags":{"wb_protected":true}}
{"address":"0x7ffe490778e0", "type":"IMEMO", "class":"0x7ffe49077b60", "imemo_type":"ment", "memsize":48, "flags":{"wb_protected":true}}
{"address":"0x7ffe49077908", "type":"IMEMO", "class":"0x7ffe49077b38", "imemo_type":"ment", "memsize":48, "flags":{"wb_protected":true}}
{"address":"0x7ffe49077930", "type":"STRING", "class":"0x7ffe490be858", "frozen":true, "fstring":true, "bytesize":27, "value":"load_from_binary_extra_data", "encoding":"US-ASCII", "memsize":68, "flags":{"wb_protected":true}}
{"address":"0x7ffe49077958", "type":"IMEMO", "class":"0x7ffe49077b38", "imemo_type":"ment", "memsize":48, "flags":{"wb_protected":true}}
{"address":"0x7ffe49077980", "type":"STRING", "class":"0x7ffe490be858", "frozen":true, "embedded":true, "fstring":true, "bytesize":16, "value":"load_from_binary", "encoding":"US-ASCII", "memsize":40, "flags":{"wb_protected":true}}
{"address":"0x7ffe490779a8", "type":"IMEMO", "class":"0x7ffe49077b60", "imemo_type":"ment", "memsize":48, "flags":{"wb_protected":true}}
{"address":"0x7ffe490779d0", "type":"STRING", "class":"0x7ffe490be858", "frozen":true, "embedded":true, "fstring":true, "bytesize":9, "value":"to_binary", "encoding":"US-ASCII", "memsize":40, "flags":{"wb_protected":true}}
{"address":"0x7ffe490779f8", "type":"IMEMO", "class":"0x7ffe49077b60", "imemo_type":"ment", "memsize":48, "flags":{"wb_protected":true}}
{"address":"0x7ffe49077a20", "type":"IMEMO", "class":"0x7ffe49077b60", "imemo_type":"ment", "memsize":48, "flags":{"wb_protected":true}}
{"address":"0x7ffe49077a48", "type":"IMEMO", "class":"0x7ffe49077b60", "imemo_type":"ment", "memsize":48, "flags":{"wb_protected":true}}
{"address":"0x7ffe49077a70", "type":"STRING", "class":"0x7ffe490be858", "frozen":true, "embedded":true, "fstring":true, "bytesize":11, "value":"disassemble", "encoding":"US-ASCII", "memsize":40, "flags":{"wb_protected":true}}
{"address":"0x7ffe49077a98", "type":"IMEMO", "class":"0x7ffe49077b60", "imemo_type":"ment", "memsize":48, "flags":{"wb_protected":true}}
{"address":"0x7ffe49077ac0", "type":"STRING", "class":"0x7ffe490be858", "frozen":true, "embedded":true, "fstring":true, "bytesize":6, "value":"disasm", "encoding":"US-ASCII", "memsize":40, "flags":{"wb_protected":true}}
{"address":"0x7ffe49077ae8", "type":"IMEMO", "class":"0x7ffe49077b60", "imemo_type":"ment", "memsize":48, "flags":{"wb_protected":true}}
{"address":"0x7ffe49077b10", "type":"STRING", "class":"0x7ffe490be858", "frozen":true, "bytesize":27, "capacity":47, "value":"RubyVM::InstructionSequence", "encoding":"US-ASCII", "memsize":88, "flags":{"wb_protected":true}}
{"address":"0x7ffe49077b38", "type":"CLASS", "class":"0x7ffe490c5770", "references":["0x7ffe490c5720", "0x7ffe49077638", "0x7ffe49077610", "0x7ffe49077958", "0x7ffe49077908", "0x7ffe49077700", "0x7ffe490776b0", "0x7ffe49077660", "0x7ffe490775c0", "0x7ffe49077548", "0x7ffe49077598", "0x7ffe49077750", "0x7ffe49077778", "0x7ffe490b5cd0", "0x7ffe49077598", "0x7ffe4907fc98", "0x7ffe4907fc48", "0x7ffe49077548", "0x7ffe49077b60"], "memsize":1256, "flags":{"wb_protected":true}}
{"address":"0x7ffe49077b60", "type":"CLASS", "class":"0x7ffe49077b38", "name":"RubyVM::InstructionSequence", "references":["0x7ffe490c68a0", "0x7ffe490777a0", "0x7ffe49077a98", "0x7ffe49077a48", "0x7ffe490779a8", "0x7ffe490778e0", "0x7ffe49077818", "0x7ffe490777c8", "0x7ffe49077ae8", "0x7ffe49077a20", "0x7ffe490779f8", "0x7ffe49077890", "0x7ffe490778b8", "0x7ffe49077868", "0x7ffe49077b10"], "memsize":984, "flags":{"wb_protected":true}}
{"address":"0x7ffe49077b88", "type":"STRING", "class":"0x7ffe490be858", "frozen":true, "embedded":true, "fstring":true, "bytesize":19, "value":"InstructionSequence", "encoding":"US-ASCII", "memsize":40, "flags":{"wb_protected":true}}
{"address":"0x7ffe49077bb0", "type":"IMEMO", "class":"0x7ffe490c5a90", "imemo_type":"ment", "memsize":48, "flags":{"wb_protected":true}}
{"address":"0x7ffe49077bd8", "type":"IMEMO", "imemo_type":"ment", "references":["0x7ffe490c6620"], "memsize":48, "flags":{"wb_protected":true}}
{"address":"0x7ffe49077c00", "type":"STRING", "class":"0x7ffe490be858", "frozen":true, "embedded":true, "fstring":true, "bytesize":16, "value":"caller_locations", "encoding":"US-ASCII", "memsize":40, "flags":{"wb_protected":true}}
{"address":"0x7ffe49077c28", "type":"IMEMO", "class":"0x7ffe490c5a90", "imemo_type":"ment", "memsize":48, "flags":{"wb_protected":true}}
{"address":"0x7ffe49077c50", "type":"IMEMO", "imemo_type":"ment", "references":["0x7ffe490c6620"], "memsize":48, "flags":{"wb_protected":true}}
{"address":"0x7ffe49077c78", "type":"STRING", "class":"0x7ffe490be858", "frozen":true, "embedded":true, "fstring":true, "bytesize":6, "value":"caller", "encoding":"US-ASCII", "memsize":40, "flags":{"wb_protected":true}}
{"address":"0x7ffe49077ca0", "type":"IMEMO", "class":"0x7ffe49077e80", "imemo_type":"ment", "memsize":48, "flags":{"wb_protected":true}}
{"address":"0x7ffe49077cc8", "type":"IMEMO", "class":"0x7ffe49077e80", "imemo_type":"ment", "memsize":48, "flags":{"wb_protected":true}}
{"address":"0x7ffe49077cf0", "type":"IMEMO", "class":"0x7ffe49077e80", "imemo_type":"ment", "memsize":48, "flags":{"wb_protected":true}}
{"address":"0x7ffe49077d18", "type":"IMEMO", "class":"0x7ffe49077e80", "imemo_type":"ment", "memsize":48, "flags":{"wb_protected":true}}
{"address":"0x7ffe49077d40", "type":"IMEMO", "class":"0x7ffe49077e80", "imemo_type":"ment", "memsize":48, "flags":{"wb_protected":true}}
{"address":"0x7ffe49077d68", "type":"STRING", "class":"0x7ffe490be858", "frozen":true, "embedded":true, "fstring":true, "bytesize":10, "value":"base_label", "encoding":"US-ASCII", "memsize":40, "flags":{"wb_protected":true}}
{"address":"0x7ffe49077d90", "type":"IMEMO", "class":"0x7ffe49077e80", "imemo_type":"ment", "memsize":48, "flags":{"wb_protected":true}}
{"address":"0x7ffe49077db8", "type":"STRING", "class":"0x7ffe490be858", "frozen":true, "embedded":true, "fstring":true, "bytesize":5, "value":"label", "encoding":"US-ASCII", "memsize":40, "flags":{"wb_protected":true}}
{"address":"0x7ffe49077de0", "type":"IMEMO", "class":"0x7ffe49077e80", "imemo_type":"ment", "memsize":48, "flags":{"wb_protected":true}}
{"address":"0x7ffe49077e08", "type":"IMEMO", "class":"0x7ffe49077e58", "imemo_type":"ment", "memsize":48, "flags":{"wb_protected":true}}
{"address":"0x7ffe49077e30", "type":"STRING", "class":"0x7ffe490be858", "frozen":true, "bytesize":27, "capacity":47, "value":"Thread::Backtrace::Location", "encoding":"US-ASCII", "memsize":88, "flags":{"wb_protected":true}}
{"address":"0x7ffe49077e58", "type":"CLASS", "class":"0x7ffe490c5770", "references":["0x7ffe490c5720", "0x7ffe49077e08", "0x7ffe49077e80"], "memsize":536, "flags":{"wb_protected":true}}
{"address":"0x7ffe49077e80", "type":"CLASS", "class":"0x7ffe49077e58", "name":"Thread::Backtrace::Location", "references":["0x7ffe490c68a0", "0x7ffe49077d90", "0x7ffe49077de0", "0x7ffe49077d18", "0x7ffe49077ca0", "0x7ffe49077cc8", "0x7ffe49077cf0", "0x7ffe49077d40", "0x7ffe49077e30"], "memsize":728, "flags":{"wb_protected":true}}
{"address":"0x7ffe49077ea8", "type":"STRING", "class":"0x7ffe490be858", "frozen":true, "embedded":true, "fstring":true, "bytesize":8, "value":"Location", "encoding":"US-ASCII", "memsize":40, "flags":{"wb_protected":true}}
{"address":"0x7ffe49077ed0", "type":"IMEMO", "class":"0x7ffe49077f20", "imemo_type":"ment", "memsize":48, "flags":{"wb_protected":true}}
{"address":"0x7ffe49077ef8", "type":"STRING", "class":"0x7ffe490be858", "frozen":true, "embedded":true, "bytesize":17, "value":"Thread::Backtrace", "encoding":"US-ASCII", "memsize":40, "flags":{"wb_protected":true}}
{"address":"0x7ffe49077f20", "type":"CLASS", "class":"0x7ffe490c5770", "references":["0x7ffe490c5720", "0x7ffe49077ed0", "0x7ffe49077f48"], "memsize":536, "flags":{"wb_protected":true}}
{"address":"0x7ffe49077f48", "type":"CLASS", "class":"0x7ffe49077f20", "name":"Thread::Backtrace", "references":["0x7ffe490c68a0", "0x7ffe49077ef8", "0x7ffe49077e80", "0x7ffe4907c200"], "memsize":560, "flags":{"wb_protected":true}}
{"address":"0x7ffe49077f70", "type":"STRING", "class":"0x7ffe490be858", "frozen":true, "embedded":true, "fstring":true, "bytesize":9, "value":"Backtrace", "encoding":"US-ASCII", "memsize":40, "flags":{"wb_protected":true}}
{"address":"0x7ffe49077f98", "type":"IMEMO", "class":"0x7ffe49077fc0", "imemo_type":"ment", "memsize":48, "flags":{"wb_protected":true}}
{"address":"0x7ffe49077fc0", "type":"CLASS", "class":"0x7ffe490c5720", "frozen":true, "references":["0x7ffe490c68a0", "0x7ffe49077f98", "0x7ffe4907c020"], "memsize":536, "flags":{"wb_protected":true}}
{"address":"0x7ffe4907c020", "type":"OBJECT", "class":"0x7ffe49077fc0", "frozen":true, "ivars":3, "memsize":40, "flags":{"wb_protected":true}}
{"address":"0x7ffe4907c048", "type":"STRING", "class":"0x7ffe490be858", "frozen":true, "embedded":true, "fstring":true, "bytesize":16, "value":"TOPLEVEL_BINDING", "encoding":"US-ASCII", "memsize":40, "flags":{"wb_protected":true}}
{"address":"0x7ffe4907c070", "type":"DATA", "class":"0x7ffe49086840", "struct":"binding", "references":["0x7ffe490c44b0", "0x7ffe4904ceb0", "0x7ffe4904cb68", "0x7ffe4907c1b0"], "memsize":88, "flags":{"wb_protected":true}}
{"address":"0x7ffe4907c098", "type":"IMEMO", "class":"0x7ffe4907c1d8", "imemo_type":"env", "references":["0x7ffe4907c0c0", "0x7ffe4907c098"], "memsize":72, "flags":{"wb_protected":true}}
{"address":"0x7ffe4907c0c0", "type":"IMEMO", "class":"0x8", "imemo_type":"cref", "references":["0x7ffe490c68a0"], "memsize":40, "flags":{"wb_protected":true}}
{"address":"0x7ffe4907c0e8", "type":"DATA", "class":"0x7ffe4907e2a8", "struct":"VM/thread", "references":["0x7ffe4907c0c0", "0x7ffe4907c098", "0x7ffe4904cb68", "0x7ffe490853a0", "0x7ffe49045d68", "0x7ffe49045d68", "0x7ffe49046240", "0x7ffe490853a0", "0x7ffe49045d68", "0x7ffe49046498", "0x7ffe490853a0", "0x7ffe490853a0", "0x7ffe49047230", "0x7ffe490c44b0", "0x7ffe4904ceb0", "0x7ffe4904cb68", "0x7ffe490c44b0", "0x7ffe4907c1d8", "0x7ffe4907c138", "0x7ffe490765f8", "0x7ffe49076508", "0x7ffe490764e0", "0x7ffe490c44b0", "0x7ffe4907c0c0", "0x7ffe4907c098", "0x7ffe4904cb68", "0x7ffe490853a0", "0x7ffe49045d68", "0x7ffe49045d68", "0x7ffe49046240", "0x7ffe490853a0", "0x7ffe49045d68", "0x7ffe49046498", "0x7ffe490853a0", "0x7ffe490853a0", "0x7ffe49047230", "0x7ffe490c44b0", "0x7ffe4904ceb0", "0x7ffe4904cb68", "0x7ffe490c44b0", "0x7ffe4907c1d8"], "memsize":1049208}
{"address":"0x7ffe4907c110", "type":"DATA", "class":"0x7ffe4907e7f8", "struct":"VM", "memsize":1088}
{"address":"0x7ffe4907c138", "type":"DATA", "class":"0x7ffe4907ee38", "struct":"ractor", "references":["0x7ffe49045f48", "0x7ffe49045f70", "0x7ffe4907c0e8"], "memsize":800}
{"address":"0x7ffe4907c160", "type":"IMEMO", "class":"0x8", "imemo_type":"ment", "memsize":48, "flags":{"wb_protected":true}}
{"address":"0x7ffe4907c188", "type":"STRING", "class":"0x7ffe490be858", "frozen":true, "embedded":true, "fstring":true, "bytesize":9, "value":"translate", "encoding":"US-ASCII", "memsize":40, "flags":{"wb_protected":true}}
{"address":"0x7ffe4907c1b0", "type":"ARRAY", "class":"0x7ffe490a67f8", "frozen":true, "length":2, "embedded":true, "references":["0x7ffe4907c200"], "memsize":40, "flags":{"wb_protected":true}}
{"address":"0x7ffe4907c1d8", "type":"IMEMO", "imemo_type":"iseq", "references":["0x7ffe4907c200", "0x7ffe4907c200", "0x7ffe4904cf00"], "memsize":364, "flags":{"wb_protected":true}}
{"address":"0x7ffe4907c200", "type":"STRING", "class":"0x7ffe490be858", "frozen":true, "fstring":true, "bytesize":6, "value":"<main>", "encoding":"US-ASCII", "memsize":40, "flags":{"wb_protected":true}}
{"address":"0x7ffe4907c228", "type":"STRING", "class":"0x7ffe490be858", "frozen":true, "embedded":true, "fstring":true, "bytesize":14, "value":"DEFAULT_PARAMS", "encoding":"US-ASCII", "memsize":40, "flags":{"wb_protected":true}}
{"address":"0x7ffe4907c250", "type":"STRING", "class":"0x7ffe490be858", "frozen":true, "fstring":true, "bytesize":24, "value":"fiber_machine_stack_size", "encoding":"US-ASCII", "memsize":65, "flags":{"wb_protected":true}}
{"address":"0x7ffe4907c278", "type":"STRING", "class":"0x7ffe490be858", "frozen":true, "embedded":true, "fstring":true, "bytesize":19, "value":"fiber_vm_stack_size", "encoding":"US-ASCII", "memsize":40, "flags":{"wb_protected":true}}
{"address":"0x7ffe4907c2a0", "type":"STRING", "class":"0x7ffe490be858", "frozen":true, "fstring":true, "bytesize":25, "value":"thread_machine_stack_size", "encoding":"US-ASCII", "memsize":66, "flags":{"wb_protected":true}}
{"address":"0x7ffe4907c2c8", "type":"STRING", "class":"0x7ffe490be858", "frozen":true, "embedded":true, "fstring":true, "bytesize":20, "value":"thread_vm_stack_size", "encoding":"US-ASCII", "memsize":40, "flags":{"wb_protected":true}}
{"address":"0x7ffe4907c2f0", "type":"HASH", "class":"0x7ffe490a4fe8", "frozen":true, "size":4, "memsize":168, "flags":{"wb_protected":true}}
{"address":"0x7ffe4907c318", "type":"STRING", "class":"0x7ffe490be858", "frozen":true, "embedded":true, "fstring":true, "bytesize":17, "value":"INSTRUCTION_NAMES", "encoding":"US-ASCII", "memsize":40, "flags":{"wb_protected":true}}
{"address":"0x7ffe4907c340", "type":"STRING", "class":"0x7ffe490be858", "frozen":true, "fstring":true, "bytesize":26, "value":"trace_putobject_INT2FIX_1_", "encoding":"US-ASCII", "memsize":40, "flags":{"wb_protected":true}}
{"address":"0x7ffe4907c368", "type":"STRING", "class":"0x7ffe490be858", "frozen":true, "fstring":true, "bytesize":26, "value":"trace_putobject_INT2FIX_0_", "encoding":"US-ASCII", "memsize":40, "flags":{"wb_protected":true}}
{"address":"0x7ffe4907c390", "type":"STRING", "class":"0x7ffe490be858", "frozen":true, "fstring":true, "bytesize":19, "value":"trace_setlocal_WC_1", "encoding":"US-ASCII", "memsize":40, "flags":{"wb_protected":true}}
{"address":"0x7ffe4907c3b8", "type":"STRING", "class":"0x7ffe490be858", "frozen":true, "fstring":true, "bytesize":19, "value":"trace_setlocal_WC_0", "encoding":"US-ASCII", "memsize":40, "flags":{"wb_protected":true}}
{"address":"0x7ffe4907c3e0", "type":"STRING", "class":"0x7ffe490be858", "frozen":true, "fstring":true, "bytesize":19, "value":"trace_getlocal_WC_1", "encoding":"US-ASCII", "memsize":40, "flags":{"wb_protected":true}}
{"address":"0x7ffe4907c408", "type":"STRING", "class":"0x7ffe490be858", "frozen":true, "fstring":true, "bytesize":19, "value":"trace_getlocal_WC_0", "encoding":"US-ASCII", "memsize":40, "flags":{"wb_protected":true}}
{"address":"0x7ffe4907c430", "type":"STRING", "class":"0x7ffe490be858", "frozen":true, "fstring":true, "bytesize":38, "value":"trace_opt_invokebuiltin_delegate_leave", "encoding":"US-ASCII", "memsize":40, "flags":{"wb_protected":true}}
{"address":"0x7ffe4907c458", "type":"STRING", "class":"0x7ffe490be858", "frozen":true, "fstring":true, "bytesize":32, "value":"trace_opt_invokebuiltin_delegate", "encoding":"US-ASCII", "memsize":40, "flags":{"wb_protected":true}}
{"address":"0x7ffe4907c480", "type":"STRING", "class":"0x7ffe490be858", "frozen":true, "fstring":true, "bytesize":19, "value":"trace_invokebuiltin", "encoding":"US-ASCII", "memsize":40, "flags":{"wb_protected":true}}
{"address":"0x7ffe4907c4a8", "type":"STRING", "class":"0x7ffe490be858", "frozen":true, "fstring":true, "bytesize":22, "value":"trace_opt_regexpmatch2", "encoding":"US-ASCII", "memsize":40, "flags":{"wb_protected":true}}
{"address":"0x7ffe4907c4d0", "type":"STRING", "class":"0x7ffe490be858", "frozen":true, "fstring":true, "bytesize":13, "value":"trace_opt_not", "encoding":"US-ASCII", "memsize":40, "flags":{"wb_protected":true}}
{"address":"0x7ffe4907c4f8", "type":"STRING", "class":"0x7ffe490be858", "frozen":true, "fstring":true, "bytesize":14, "value":"trace_opt_succ", "encoding":"US-ASCII", "memsize":40, "flags":{"wb_protected":true}}
{"address":"0x7ffe4907c520", "type":"STRING", "class":"0x7ffe490be858", "frozen":true, "fstring":true, "bytesize":17, "value":"trace_opt_empty_p", "encoding":"US-ASCII", "memsize":40, "flags":{"wb_protected":true}}
{"address":"0x7ffe4907c548", "type":"STRING", "class":"0x7ffe490be858", "frozen":true, "fstring":true, "bytesize":14, "value":"trace_opt_size", "encoding":"US-ASCII", "memsize":40, "flags":{"wb_protected":true}}
{"address":"0x7ffe4907c570", "type":"STRING", "class":"0x7ffe490be858", "frozen":true, "fstring":true, "bytesize":16, "value":"trace_opt_length", "encoding":"US-ASCII", "memsize":40, "flags":{"wb_protected":true}}
{"address":"0x7ffe4907c598", "type":"STRING", "class":"0x7ffe490be858", "frozen":true, "fstring":true, "bytesize":19, "value":"trace_opt_aref_with", "encoding":"US-ASCII", "memsize":40, "flags":{"wb_protected":true}}
{"address":"0x7ffe4907c5c0", "type":"STRING", "class":"0x7ffe490be858", "frozen":true, "fstring":true, "bytesize":19, "value":"trace_opt_aset_with", "encoding":"US-ASCII", "memsize":40, "flags":{"wb_protected":true}}
{"address":"0x7ffe4907c5e8", "type":"STRING", "class":"0x7ffe490be858", "frozen":true, "fstring":true, "bytesize":14, "value":"trace_opt_aset", "encoding":"US-ASCII", "memsize":40, "flags":{"wb_protected":true}}
{"address":"0x7ffe4907c610", "type":"STRING", "class":"0x7ffe490be858", "frozen":true, "fstring":true, "bytesize":14, "value":"trace_opt_aref", "encoding":"US-ASCII", "memsize":40, "flags":{"wb_protected":true}}
{"address":"0x7ffe4907c638", "type":"STRING", "class":"0x7ffe490be858", "frozen":true, "fstring":true, "bytesize":12, "value":"trace_opt_or", "encoding":"US-ASCII", "memsize":40, "flags":{"wb_protected":true}}
{"address":"0x7ffe4907c660", "type":"STRING", "class":"0x7ffe490be858", "frozen":true, "fstring":true, "bytesize":13, "value":"trace_opt_and", "encoding":"US-ASCII", "memsize":40, "flags":{"wb_protected":true}}
{"address":"0x7ffe4907c688", "type":"STRING", "class":"0x7ffe490be858", "frozen":true, "fstring":true, "bytesize":14, "value":"trace_opt_ltlt", "encoding":"US-ASCII", "memsize":40, "flags":{"wb_protected":true}}
{"address":"0x7ffe4907c6b0", "type":"STRING", "class":"0x7ffe490be858", "frozen":true, "fstring":true, "bytesize":12, "value":"trace_opt_ge", "encoding":"US-ASCII", "memsize":40, "flags":{"wb_protected":true}}
{"address":"0x7ffe4907c6d8", "type":"STRING", "class":"0x7ffe490be858", "frozen":true, "fstring":true, "bytesize":12, "value":"trace_opt_gt", "encoding":"US-ASCII", "memsize":40, "flags":{"wb_protected":true}}
{"address":"0x7ffe4907c700", "type":"STRING", "class":"0x7ffe490be858", "frozen":true, "fstring":true, "bytesize":12, "value":"trace_opt_le", "encoding":"US-ASCII", "memsize":40, "flags":{"wb_protected":true}}
{"address":"0x7ffe4907c728", "type":"STRING", "class":"0x7ffe490be858", "frozen":true, "fstring":true, "bytesize":12, "value":"trace_opt_lt", "encoding":"US-ASCII", "memsize":40, "flags":{"wb_protected":true}}
{"address":"0x7ffe4907c750", "type":"STRING", "class":"0x7ffe490be858", "frozen":true, "fstring":true, "bytesize":13, "value":"trace_opt_neq", "encoding":"US-ASCII", "memsize":40, "flags":{"wb_protected":true}}
{"address":"0x7ffe4907c778", "type":"STRING", "class":"0x7ffe490be858", "frozen":true, "fstring":true, "bytesize":12, "value":"trace_opt_eq", "encoding":"US-ASCII", "memsize":40, "flags":{"wb_protected":true}}
{"address":"0x7ffe4907c7a0", "type":"STRING", "class":"0x7ffe490be858", "frozen":true, "fstring":true, "bytesize":13, "value":"trace_opt_mod", "encoding":"US-ASCII", "memsize":40, "flags":{"wb_protected":true}}
{"address":"0x7ffe4907c7c8", "type":"STRING", "class":"0x7ffe490be858", "frozen":true, "fstring":true, "bytesize":13, "value":"trace_opt_div", "encoding":"US-ASCII", "memsize":40, "flags":{"wb_protected":true}}
{"address":"0x7ffe4907c7f0", "type":"STRING", "class":"0x7ffe490be858", "frozen":true, "fstring":true, "bytesize":14, "value":"trace_opt_mult", "encoding":"US-ASCII", "memsize":40, "flags":{"wb_protected":true}}
{"address":"0x7ffe4907c818", "type":"STRING", "class":"0x7ffe490be858", "frozen":true, "fstring":true, "bytesize":15, "value":"trace_opt_minus", "encoding":"US-ASCII", "memsize":40, "flags":{"wb_protected":true}}
{"address":"0x7ffe4907c840", "type":"STRING", "class":"0x7ffe490be858", "frozen":true, "fstring":true, "bytesize":14, "value":"trace_opt_plus", "encoding":"US-ASCII", "memsize":40, "flags":{"wb_protected":true}}
{"address":"0x7ffe4907c868", "type":"STRING", "class":"0x7ffe490be858", "frozen":true, "fstring":true, "bytesize":23, "value":"trace_opt_case_dispatch", "encoding":"US-ASCII", "memsize":40, "flags":{"wb_protected":true}}
{"address":"0x7ffe4907c890", "type":"STRING", "class":"0x7ffe490be858", "frozen":true, "fstring":true, "bytesize":10, "value":"trace_once", "encoding":"US-ASCII", "memsize":40, "flags":{"wb_protected":true}}
{"address":"0x7ffe4907c8b8", "type":"STRING", "class":"0x7ffe490be858", "frozen":true, "fstring":true, "bytesize":24, "value":"trace_opt_setinlinecache", "encoding":"US-ASCII", "memsize":40, "flags":{"wb_protected":true}}
{"address":"0x7ffe4907c8e0", "type":"STRING", "class":"0x7ffe490be858", "frozen":true, "fstring":true, "bytesize":24, "value":"trace_opt_getinlinecache", "encoding":"US-ASCII", "memsize":40, "flags":{"wb_protected":true}}
{"address":"0x7ffe4907c908", "type":"STRING", "class":"0x7ffe490be858", "frozen":true, "fstring":true, "bytesize":15, "value":"trace_branchnil", "encoding":"US-ASCII", "memsize":40, "flags":{"wb_protected":true}}
{"address":"0x7ffe4907c930", "type":"STRING", "class":"0x7ffe490be858", "frozen":true, "fstring":true, "bytesize":18, "value":"trace_branchunless", "encoding":"US-ASCII", "memsize":40, "flags":{"wb_protected":true}}
{"address":"0x7ffe4907c958", "type":"STRING", "class":"0x7ffe490be858", "frozen":true, "fstring":true, "bytesize":14, "value":"trace_branchif", "encoding":"US-ASCII", "memsize":40, "flags":{"wb_protected":true}}
{"address":"0x7ffe4907c980", "type":"STRING", "class":"0x7ffe490be858", "frozen":true, "fstring":true, "bytesize":10, "value":"trace_jump", "encoding":"US-ASCII", "memsize":40, "flags":{"wb_protected":true}}
{"address":"0x7ffe4907c9a8", "type":"STRING", "class":"0x7ffe490be858", "frozen":true, "fstring":true, "bytesize":11, "value":"trace_throw", "encoding":"US-ASCII", "memsize":40, "flags":{"wb_protected":true}}
{"address":"0x7ffe4907c9d0", "type":"STRING", "class":"0x7ffe490be858", "frozen":true, "fstring":true, "bytesize":11, "value":"trace_leave", "encoding":"US-ASCII", "memsize":40, "flags":{"wb_protected":true}}
{"address":"0x7ffe4907c9f8", "type":"STRING", "class":"0x7ffe490be858", "frozen":true, "fstring":true, "bytesize":17, "value":"trace_invokeblock", "encoding":"US-ASCII", "memsize":40, "flags":{"wb_protected":true}}
{"address":"0x7ffe4907ca20", "type":"STRING", "class":"0x7ffe490be858", "frozen":true, "fstring":true, "bytesize":17, "value":"trace_invokesuper", "encoding":"US-ASCII", "memsize":40, "flags":{"wb_protected":true}}
{"address":"0x7ffe4907ca48", "type":"STRING", "class":"0x7ffe490be858", "frozen":true, "fstring":true, "bytesize":22, "value":"trace_opt_newarray_min", "encoding":"US-ASCII", "memsize":40, "flags":{"wb_protected":true}}
{"address":"0x7ffe4907ca70", "type":"STRING", "class":"0x7ffe490be858", "frozen":true, "fstring":true, "bytesize":22, "value":"trace_opt_newarray_max", "encoding":"US-ASCII", "memsize":40, "flags":{"wb_protected":true}}
{"address":"0x7ffe4907ca98", "type":"STRING", "class":"0x7ffe490be858", "frozen":true, "fstring":true, "bytesize":20, "value":"trace_opt_str_uminus", "encoding":"US-ASCII", "memsize":40, "flags":{"wb_protected":true}}
{"address":"0x7ffe4907cac0", "type":"STRING", "class":"0x7ffe490be858", "frozen":true, "fstring":true, "bytesize":15, "value":"trace_opt_nil_p", "encoding":"US-ASCII", "memsize":40, "flags":{"wb_protected":true}}
{"address":"0x7ffe4907cae8", "type":"STRING", "class":"0x7ffe490be858", "frozen":true, "fstring":true, "bytesize":20, "value":"trace_opt_str_freeze", "encoding":"US-ASCII", "memsize":40, "flags":{"wb_protected":true}}
{"address":"0x7ffe4907cb10", "type":"STRING", "class":"0x7ffe490be858", "frozen":true, "fstring":true, "bytesize":28, "value":"trace_opt_send_without_block", "encoding":"US-ASCII", "memsize":40, "flags":{"wb_protected":true}}
{"address":"0x7ffe4907cb38", "type":"STRING", "class":"0x7ffe490be858", "frozen":true, "fstring":true, "bytesize":10, "value":"trace_send", "encoding":"US-ASCII", "memsize":40, "flags":{"wb_protected":true}}
{"address":"0x7ffe4907cb60", "type":"STRING", "class":"0x7ffe490be858", "frozen":true, "fstring":true, "bytesize":19, "value":"trace_definesmethod", "encoding":"US-ASCII", "memsize":40, "flags":{"wb_protected":true}}
{"address":"0x7ffe4907cb88", "type":"STRING", "class":"0x7ffe490be858", "frozen":true, "fstring":true, "bytesize":18, "value":"trace_definemethod", "encoding":"US-ASCII", "memsize":40, "flags":{"wb_protected":true}}
{"address":"0x7ffe4907cbb0", "type":"STRING", "class":"0x7ffe490be858", "frozen":true, "fstring":true, "bytesize":17, "value":"trace_defineclass", "encoding":"US-ASCII", "memsize":40, "flags":{"wb_protected":true}}
{"address":"0x7ffe4907cbd8", "type":"STRING", "class":"0x7ffe490be858", "frozen":true, "fstring":true, "bytesize":15, "value":"trace_checktype", "encoding":"US-ASCII", "memsize":40, "flags":{"wb_protected":true}}
{"address":"0x7ffe4907cc00", "type":"STRING", "class":"0x7ffe490be858", "frozen":true, "fstring":true, "bytesize":18, "value":"trace_checkkeyword", "encoding":"US-ASCII", "memsize":40, "flags":{"wb_protected":true}}
{"address":"0x7ffe4907cc28", "type":"STRING", "class":"0x7ffe490be858", "frozen":true, "fstring":true, "bytesize":16, "value":"trace_checkmatch", "encoding":"US-ASCII", "memsize":40, "flags":{"wb_protected":true}}
{"address":"0x7ffe4907cc50", "type":"STRING", "class":"0x7ffe490be858", "frozen":true, "fstring":true, "bytesize":13, "value":"trace_defined", "encoding":"US-ASCII", "memsize":40, "flags":{"wb_protected":true}}
{"address":"0x7ffe4907cc78", "type":"STRING", "class":"0x7ffe490be858", "frozen":true, "fstring":true, "bytesize":17, "value":"trace_adjuststack", "encoding":"US-ASCII", "memsize":40, "flags":{"wb_protected":true}}
{"address":"0x7ffe4907cca0", "type":"STRING", "class":"0x7ffe490be858", "frozen":true, "fstring":true, "bytesize":10, "value":"trace_setn", "encoding":"US-ASCII", "memsize":40, "flags":{"wb_protected":true}}
{"address":"0x7ffe4907ccc8", "type":"STRING", "class":"0x7ffe490be858", "frozen":true, "fstring":true, "bytesize":10, "value":"trace_topn", "encoding":"US-ASCII", "memsize":40, "flags":{"wb_protected":true}}
{"address":"0x7ffe4907ccf0", "type":"STRING", "class":"0x7ffe490be858", "frozen":true, "fstring":true, "bytesize":13, "value":"trace_reverse", "encoding":"US-ASCII", "memsize":40, "flags":{"wb_protected":true}}
{"address":"0x7ffe4907cd18", "type":"STRING", "class":"0x7ffe490be858", "frozen":true, "fstring":true, "bytesize":10, "value":"trace_swap", "encoding":"US-ASCII", "memsize":40, "flags":{"wb_protected":true}}
{"address":"0x7ffe4907cd40", "type":"STRING", "class":"0x7ffe490be858", "frozen":true, "fstring":true, "bytesize":10, "value":"trace_dupn", "encoding":"US-ASCII", "memsize":40, "flags":{"wb_protected":true}}
{"address":"0x7ffe4907cd68", "type":"STRING", "class":"0x7ffe490be858", "frozen":true, "fstring":true, "bytesize":9, "value":"trace_dup", "encoding":"US-ASCII", "memsize":40, "flags":{"wb_protected":true}}
{"address":"0x7ffe4907cd90", "type":"STRING", "class":"0x7ffe490be858", "frozen":true, "fstring":true, "bytesize":9, "value":"trace_pop", "encoding":"US-ASCII", "memsize":40, "flags":{"wb_protected":true}}
{"address":"0x7ffe4907cdb8", "type":"STRING", "class":"0x7ffe490be858", "frozen":true, "fstring":true, "bytesize":14, "value":"trace_newrange", "encoding":"US-ASCII", "memsize":40, "flags":{"wb_protected":true}}
{"address":"0x7ffe4907cde0", "type":"STRING", "class":"0x7ffe490be858", "frozen":true, "fstring":true, "bytesize":13, "value":"trace_newhash", "encoding":"US-ASCII", "memsize":40, "flags":{"wb_protected":true}}
{"address":"0x7ffe4907ce08", "type":"STRING", "class":"0x7ffe490be858", "frozen":true, "fstring":true, "bytesize":16, "value":"trace_splatarray", "encoding":"US-ASCII", "memsize":40, "flags":{"wb_protected":true}}
{"address":"0x7ffe4907ce30", "type":"STRING", "class":"0x7ffe490be858", "frozen":true, "fstring":true, "bytesize":17, "value":"trace_concatarray", "encoding":"US-ASCII", "memsize":40, "flags":{"wb_protected":true}}
{"address":"0x7ffe4907ce58", "type":"STRING", "class":"0x7ffe490be858", "frozen":true, "fstring":true, "bytesize":17, "value":"trace_expandarray", "encoding":"US-ASCII", "memsize":40, "flags":{"wb_protected":true}}
{"address":"0x7ffe4907ce80", "type":"STRING", "class":"0x7ffe490be858", "frozen":true, "fstring":true, "bytesize":13, "value":"trace_duphash", "encoding":"US-ASCII", "memsize":40, "flags":{"wb_protected":true}}
{"address":"0x7ffe4907cea8", "type":"STRING", "class":"0x7ffe490be858", "frozen":true, "fstring":true, "bytesize":14, "value":"trace_duparray", "encoding":"US-ASCII", "memsize":40, "flags":{"wb_protected":true}}
{"address":"0x7ffe4907ced0", "type":"STRING", "class":"0x7ffe490be858", "frozen":true, "fstring":true, "bytesize":21, "value":"trace_newarraykwsplat", "encoding":"US-ASCII", "memsize":40, "flags":{"wb_protected":true}}
{"address":"0x7ffe4907cef8", "type":"STRING", "class":"0x7ffe490be858", "frozen":true, "fstring":true, "bytesize":14, "value":"trace_newarray", "encoding":"US-ASCII", "memsize":40, "flags":{"wb_protected":true}}
{"address":"0x7ffe4907cf20", "type":"STRING", "class":"0x7ffe490be858", "frozen":true, "fstring":true, "bytesize":12, "value":"trace_intern", "encoding":"US-ASCII", "memsize":40, "flags":{"wb_protected":true}}
{"address":"0x7ffe4907cf48", "type":"STRING", "class":"0x7ffe490be858", "frozen":true, "fstring":true, "bytesize":14, "value":"trace_toregexp", "encoding":"US-ASCII", "memsize":40, "flags":{"wb_protected":true}}
{"address":"0x7ffe4907cf70", "type":"STRING", "class":"0x7ffe490be858", "frozen":true, "fstring":true, "bytesize":14, "value":"trace_tostring", "encoding":"US-ASCII", "memsize":40, "flags":{"wb_protected":true}}
{"address":"0x7ffe4907cf98", "type":"STRING", "class":"0x7ffe490be858", "frozen":true, "fstring":true, "bytesize":19, "value":"trace_concatstrings", "encoding":"US-ASCII", "memsize":40, "flags":{"wb_protected":true}}
{"address":"0x7ffe4907cfc0", "type":"STRING", "class":"0x7ffe490be858", "frozen":true, "fstring":true, "bytesize":15, "value":"trace_putstring", "encoding":"US-ASCII", "memsize":40, "flags":{"wb_protected":true}}
{"address":"0x7ffe4907cfe8", "type":"STRING", "class":"0x7ffe490be858", "frozen":true, "fstring":true, "bytesize":22, "value":"trace_putspecialobject", "encoding":"US-ASCII", "memsize":40, "flags":{"wb_protected":true}}
{"address":"0x7ffe4907d010", "type":"STRING", "class":"0x7ffe490be858", "frozen":true, "fstring":true, "bytesize":15, "value":"trace_putobject", "encoding":"US-ASCII", "memsize":40, "flags":{"wb_protected":true}}
{"address":"0x7ffe4907d038", "type":"STRING", "class":"0x7ffe490be858", "frozen":true, "fstring":true, "bytesize":13, "value":"trace_putself", "encoding":"US-ASCII", "memsize":40, "flags":{"wb_protected":true}}
{"address":"0x7ffe4907d060", "type":"STRING", "class":"0x7ffe490be858", "frozen":true, "fstring":true, "bytesize":12, "value":"trace_putnil", "encoding":"US-ASCII", "memsize":40, "flags":{"wb_protected":true}}
{"address":"0x7ffe4907d088", "type":"STRING", "class":"0x7ffe490be858", "frozen":true, "fstring":true, "bytesize":15, "value":"trace_setglobal", "encoding":"US-ASCII", "memsize":40, "flags":{"wb_protected":true}}
{"address":"0x7ffe4907d0b0", "type":"STRING", "class":"0x7ffe490be858", "frozen":true, "fstring":true, "bytesize":15, "value":"trace_getglobal", "encoding":"US-ASCII", "memsize":40, "flags":{"wb_protected":true}}
{"address":"0x7ffe4907d0d8", "type":"STRING", "class":"0x7ffe490be858", "frozen":true, "fstring":true, "bytesize":17, "value":"trace_setconstant", "encoding":"US-ASCII", "memsize":40, "flags":{"wb_protected":true}}
{"address":"0x7ffe4907d100", "type":"STRING", "class":"0x7ffe490be858", "frozen":true, "fstring":true, "bytesize":17, "value":"trace_getconstant", "encoding":"US-ASCII", "memsize":40, "flags":{"wb_protected":true}}
{"address":"0x7ffe4907d128", "type":"STRING", "class":"0x7ffe490be858", "frozen":true, "fstring":true, "bytesize":22, "value":"trace_setclassvariable", "encoding":"US-ASCII", "memsize":40, "flags":{"wb_protected":true}}
{"address":"0x7ffe4907d150", "type":"STRING", "class":"0x7ffe490be858", "frozen":true, "fstring":true, "bytesize":22, "value":"trace_getclassvariable", "encoding":"US-ASCII", "memsize":40, "flags":{"wb_protected":true}}
{"address":"0x7ffe4907d178", "type":"STRING", "class":"0x7ffe490be858", "frozen":true, "fstring":true, "bytesize":25, "value":"trace_setinstancevariable", "encoding":"US-ASCII", "memsize":40, "flags":{"wb_protected":true}}
{"address":"0x7ffe4907d1a0", "type":"STRING", "class":"0x7ffe490be858", "frozen":true, "fstring":true, "bytesize":25, "value":"trace_getinstancevariable", "encoding":"US-ASCII", "memsize":40, "flags":{"wb_protected":true}}
{"address":"0x7ffe4907d1c8", "type":"STRING", "class":"0x7ffe490be858", "frozen":true, "fstring":true, "bytesize":16, "value":"trace_setspecial", "encoding":"US-ASCII", "memsize":40, "flags":{"wb_protected":true}}
{"address":"0x7ffe4907d1f0", "type":"STRING", "class":"0x7ffe490be858", "frozen":true, "fstring":true, "bytesize":16, "value":"trace_getspecial", "encoding":"US-ASCII", "memsize":40, "flags":{"wb_protected":true}}
{"address":"0x7ffe4907d218", "type":"STRING", "class":"0x7ffe490be858", "frozen":true, "fstring":true, "bytesize":24, "value":"trace_getblockparamproxy", "encoding":"US-ASCII", "memsize":40, "flags":{"wb_protected":true}}
{"address":"0x7ffe4907d240", "type":"STRING", "class":"0x7ffe490be858", "frozen":true, "fstring":true, "bytesize":19, "value":"trace_setblockparam", "encoding":"US-ASCII", "memsize":40, "flags":{"wb_protected":true}}
{"address":"0x7ffe4907d268", "type":"STRING", "class":"0x7ffe490be858", "frozen":true, "fstring":true, "bytesize":19, "value":"trace_getblockparam", "encoding":"US-ASCII", "memsize":40, "flags":{"wb_protected":true}}
{"address":"0x7ffe4907d290", "type":"STRING", "class":"0x7ffe490be858", "frozen":true, "fstring":true, "bytesize":14, "value":"trace_setlocal", "encoding":"US-ASCII", "memsize":40, "flags":{"wb_protected":true}}
{"address":"0x7ffe4907d2b8", "type":"STRING", "class":"0x7ffe490be858", "frozen":true, "fstring":true, "bytesize":14, "value":"trace_getlocal", "encoding":"US-ASCII", "memsize":40, "flags":{"wb_protected":true}}
{"address":"0x7ffe4907d2e0", "type":"STRING", "class":"0x7ffe490be858", "frozen":true, "fstring":true, "bytesize":9, "value":"trace_nop", "encoding":"US-ASCII", "memsize":40, "flags":{"wb_protected":true}}
{"address":"0x7ffe4907d308", "type":"STRING", "class":"0x7ffe490be858", "frozen":true, "fstring":true, "bytesize":20, "value":"putobject_INT2FIX_1_", "encoding":"US-ASCII", "memsize":40, "flags":{"wb_protected":true}}
{"address":"0x7ffe4907d330", "type":"STRING", "class":"0x7ffe490be858", "frozen":true, "fstring":true, "bytesize":20, "value":"putobject_INT2FIX_0_", "encoding":"US-ASCII", "memsize":40, "flags":{"wb_protected":true}}
{"address":"0x7ffe4907d358", "type":"STRING", "class":"0x7ffe490be858", "frozen":true, "fstring":true, "bytesize":13, "value":"setlocal_WC_1", "encoding":"US-ASCII", "memsize":40, "flags":{"wb_protected":true}}
{"address":"0x7ffe4907d380", "type":"STRING", "class":"0x7ffe490be858", "frozen":true, "fstring":true, "bytesize":13, "value":"setlocal_WC_0", "encoding":"US-ASCII", "memsize":40, "flags":{"wb_protected":true}}
{"address":"0x7ffe4907d3a8", "type":"STRING", "class":"0x7ffe490be858", "frozen":true, "fstring":true, "bytesize":13, "value":"getlocal_WC_1", "encoding":"US-ASCII", "memsize":40, "flags":{"wb_protected":true}}
{"address":"0x7ffe4907d3d0", "type":"STRING", "class":"0x7ffe490be858", "frozen":true, "fstring":true, "bytesize":13, "value":"getlocal_WC_0", "encoding":"US-ASCII", "memsize":40, "flags":{"wb_protected":true}}
{"address":"0x7ffe4907d3f8", "type":"STRING", "class":"0x7ffe490be858", "frozen":true, "fstring":true, "bytesize":32, "value":"opt_invokebuiltin_delegate_leave", "encoding":"US-ASCII", "memsize":40, "flags":{"wb_protected":true}}
{"address":"0x7ffe4907d420", "type":"STRING", "class":"0x7ffe490be858", "frozen":true, "fstring":true, "bytesize":26, "value":"opt_invokebuiltin_delegate", "encoding":"US-ASCII", "memsize":40, "flags":{"wb_protected":true}}
{"address":"0x7ffe4907d448", "type":"STRING", "class":"0x7ffe490be858", "frozen":true, "fstring":true, "bytesize":13, "value":"invokebuiltin", "encoding":"US-ASCII", "memsize":40, "flags":{"wb_protected":true}}
{"address":"0x7ffe4907d470", "type":"STRING", "class":"0x7ffe490be858", "frozen":true, "fstring":true, "bytesize":16, "value":"opt_regexpmatch2", "encoding":"US-ASCII", "memsize":40, "flags":{"wb_protected":true}}
{"address":"0x7ffe4907d498", "type":"STRING", "class":"0x7ffe490be858", "frozen":true, "fstring":true, "bytesize":7, "value":"opt_not", "encoding":"US-ASCII", "memsize":40, "flags":{"wb_protected":true}}
{"address":"0x7ffe4907d4c0", "type":"STRING", "class":"0x7ffe490be858", "frozen":true, "fstring":true, "bytesize":8, "value":"opt_succ", "encoding":"US-ASCII", "memsize":40, "flags":{"wb_protected":true}}
{"address":"0x7ffe4907d4e8", "type":"STRING", "class":"0x7ffe490be858", "frozen":true, "fstring":true, "bytesize":11, "value":"opt_empty_p", "encoding":"US-ASCII", "memsize":40, "flags":{"wb_protected":true}}
{"address":"0x7ffe4907d510", "type":"STRING", "class":"0x7ffe490be858", "frozen":true, "fstring":true, "bytesize":8, "value":"opt_size", "encoding":"US-ASCII", "memsize":40, "flags":{"wb_protected":true}}
{"address":"0x7ffe4907d538", "type":"STRING", "class":"0x7ffe490be858", "frozen":true, "fstring":true, "bytesize":10, "value":"opt_length", "encoding":"US-ASCII", "memsize":40, "flags":{"wb_protected":true}}
{"address":"0x7ffe4907d560", "type":"STRING", "class":"0x7ffe490be858", "frozen":true, "fstring":true, "bytesize":13, "value":"opt_aref_with", "encoding":"US-ASCII", "memsize":40, "flags":{"wb_protected":true}}
{"address":"0x7ffe4907d588", "type":"STRING", "class":"0x7ffe490be858", "frozen":true, "fstring":true, "bytesize":13, "value":"opt_aset_with", "encoding":"US-ASCII", "memsize":40, "flags":{"wb_protected":true}}
{"address":"0x7ffe4907d5b0", "type":"STRING", "class":"0x7ffe490be858", "frozen":true, "fstring":true, "bytesize":8, "value":"opt_aset", "encoding":"US-ASCII", "memsize":40, "flags":{"wb_protected":true}}
{"address":"0x7ffe4907d5d8", "type":"STRING", "class":"0x7ffe490be858", "frozen":true, "fstring":true, "bytesize":8, "value":"opt_aref", "encoding":"US-ASCII", "memsize":40, "flags":{"wb_protected":true}}
{"address":"0x7ffe4907d600", "type":"STRING", "class":"0x7ffe490be858", "frozen":true, "fstring":true, "bytesize":6, "value":"opt_or", "encoding":"US-ASCII", "memsize":40, "flags":{"wb_protected":true}}
{"address":"0x7ffe4907d628", "type":"STRING", "class":"0x7ffe490be858", "frozen":true, "fstring":true, "bytesize":7, "value":"opt_and", "encoding":"US-ASCII", "memsize":40, "flags":{"wb_protected":true}}
{"address":"0x7ffe4907d650", "type":"STRING", "class":"0x7ffe490be858", "frozen":true, "fstring":true, "bytesize":8, "value":"opt_ltlt", "encoding":"US-ASCII", "memsize":40, "flags":{"wb_protected":true}}
{"address":"0x7ffe4907d678", "type":"STRING", "class":"0x7ffe490be858", "frozen":true, "fstring":true, "bytesize":6, "value":"opt_ge", "encoding":"US-ASCII", "memsize":40, "flags":{"wb_protected":true}}
{"address":"0x7ffe4907d6a0", "type":"STRING", "class":"0x7ffe490be858", "frozen":true, "fstring":true, "bytesize":6, "value":"opt_gt", "encoding":"US-ASCII", "memsize":40, "flags":{"wb_protected":true}}
{"address":"0x7ffe4907d6c8", "type":"STRING", "class":"0x7ffe490be858", "frozen":true, "fstring":true, "bytesize":6, "value":"opt_le", "encoding":"US-ASCII", "memsize":40, "flags":{"wb_protected":true}}
{"address":"0x7ffe4907d6f0", "type":"STRING", "class":"0x7ffe490be858", "frozen":true, "fstring":true, "bytesize":6, "value":"opt_lt", "encoding":"US-ASCII", "memsize":40, "flags":{"wb_protected":true}}
{"address":"0x7ffe4907d718", "type":"STRING", "class":"0x7ffe490be858", "frozen":true, "fstring":true, "bytesize":7, "value":"opt_neq", "encoding":"US-ASCII", "memsize":40, "flags":{"wb_protected":true}}
{"address":"0x7ffe4907d740", "type":"STRING", "class":"0x7ffe490be858", "frozen":true, "fstring":true, "bytesize":6, "value":"opt_eq", "encoding":"US-ASCII", "memsize":40, "flags":{"wb_protected":true}}
{"address":"0x7ffe4907d768", "type":"STRING", "class":"0x7ffe490be858", "frozen":true, "fstring":true, "bytesize":7, "value":"opt_mod", "encoding":"US-ASCII", "memsize":40, "flags":{"wb_protected":true}}
{"address":"0x7ffe4907d790", "type":"STRING", "class":"0x7ffe490be858", "frozen":true, "fstring":true, "bytesize":7, "value":"opt_div", "encoding":"US-ASCII", "memsize":40, "flags":{"wb_protected":true}}
{"address":"0x7ffe4907d7b8", "type":"STRING", "class":"0x7ffe490be858", "frozen":true, "fstring":true, "bytesize":8, "value":"opt_mult", "encoding":"US-ASCII", "memsize":40, "flags":{"wb_protected":true}}
{"address":"0x7ffe4907d7e0", "type":"STRING", "class":"0x7ffe490be858", "frozen":true, "fstring":true, "bytesize":9, "value":"opt_minus", "encoding":"US-ASCII", "memsize":40, "flags":{"wb_protected":true}}
{"address":"0x7ffe4907d808", "type":"STRING", "class":"0x7ffe490be858", "frozen":true, "fstring":true, "bytesize":8, "value":"opt_plus", "encoding":"US-ASCII", "memsize":40, "flags":{"wb_protected":true}}
{"address":"0x7ffe4907d830", "type":"STRING", "class":"0x7ffe490be858", "frozen":true, "fstring":true, "bytesize":17, "value":"opt_case_dispatch", "encoding":"US-ASCII", "memsize":40, "flags":{"wb_protected":true}}
{"address":"0x7ffe4907d858", "type":"STRING", "class":"0x7ffe490be858", "frozen":true, "fstring":true, "bytesize":4, "value":"once", "encoding":"US-ASCII", "memsize":40, "flags":{"wb_protected":true}}
{"address":"0x7ffe4907d880", "type":"STRING", "class":"0x7ffe490be858", "frozen":true, "fstring":true, "bytesize":18, "value":"opt_setinlinecache", "encoding":"US-ASCII", "memsize":40, "flags":{"wb_protected":true}}
{"address":"0x7ffe4907d8a8", "type":"STRING", "class":"0x7ffe490be858", "frozen":true, "fstring":true, "bytesize":18, "value":"opt_getinlinecache", "encoding":"US-ASCII", "memsize":40, "flags":{"wb_protected":true}}
{"address":"0x7ffe4907d8d0", "type":"STRING", "class":"0x7ffe490be858", "frozen":true, "fstring":true, "bytesize":9, "value":"branchnil", "encoding":"US-ASCII", "memsize":40, "flags":{"wb_protected":true}}
{"address":"0x7ffe4907d8f8", "type":"STRING", "class":"0x7ffe490be858", "frozen":true, "fstring":true, "bytesize":12, "value":"branchunless", "encoding":"US-ASCII", "memsize":40, "flags":{"wb_protected":true}}
{"address":"0x7ffe4907d920", "type":"STRING", "class":"0x7ffe490be858", "frozen":true, "fstring":true, "bytesize":8, "value":"branchif", "encoding":"US-ASCII", "memsize":40, "flags":{"wb_protected":true}}
{"address":"0x7ffe4907d948", "type":"STRING", "class":"0x7ffe490be858", "frozen":true, "fstring":true, "bytesize":4, "value":"jump", "encoding":"US-ASCII", "memsize":40, "flags":{"wb_protected":true}}
{"address":"0x7ffe4907d970", "type":"STRING", "class":"0x7ffe490be858", "frozen":true, "fstring":true, "bytesize":5, "value":"leave", "encoding":"US-ASCII", "memsize":40, "flags":{"wb_protected":true}}
{"address":"0x7ffe4907d998", "type":"STRING", "class":"0x7ffe490be858", "frozen":true, "fstring":true, "bytesize":11, "value":"invokeblock", "encoding":"US-ASCII", "memsize":40, "flags":{"wb_protected":true}}
{"address":"0x7ffe4907d9c0", "type":"STRING", "class":"0x7ffe490be858", "frozen":true, "fstring":true, "bytesize":11, "value":"invokesuper", "encoding":"US-ASCII", "memsize":40, "flags":{"wb_protected":true}}
{"address":"0x7ffe4907d9e8", "type":"STRING", "class":"0x7ffe490be858", "frozen":true, "fstring":true, "bytesize":16, "value":"opt_newarray_min", "encoding":"US-ASCII", "memsize":40, "flags":{"wb_protected":true}}
{"address":"0x7ffe4907da10", "type":"STRING", "class":"0x7ffe490be858", "frozen":true, "fstring":true, "bytesize":16, "value":"opt_newarray_max", "encoding":"US-ASCII", "memsize":40, "flags":{"wb_protected":true}}
{"address":"0x7ffe4907da38", "type":"STRING", "class":"0x7ffe490be858", "frozen":true, "fstring":true, "bytesize":14, "value":"opt_str_uminus", "encoding":"US-ASCII", "memsize":40, "flags":{"wb_protected":true}}
{"address":"0x7ffe4907da60", "type":"STRING", "class":"0x7ffe490be858", "frozen":true, "fstring":true, "bytesize":9, "value":"opt_nil_p", "encoding":"US-ASCII", "memsize":40, "flags":{"wb_protected":true}}
{"address":"0x7ffe4907da88", "type":"STRING", "class":"0x7ffe490be858", "frozen":true, "fstring":true, "bytesize":14, "value":"opt_str_freeze", "encoding":"US-ASCII", "memsize":40, "flags":{"wb_protected":true}}
{"address":"0x7ffe4907dab0", "type":"STRING", "class":"0x7ffe490be858", "frozen":true, "fstring":true, "bytesize":22, "value":"opt_send_without_block", "encoding":"US-ASCII", "memsize":40, "flags":{"wb_protected":true}}
{"address":"0x7ffe4907dad8", "type":"STRING", "class":"0x7ffe490be858", "frozen":true, "fstring":true, "bytesize":13, "value":"definesmethod", "encoding":"US-ASCII", "memsize":40, "flags":{"wb_protected":true}}
{"address":"0x7ffe4907db00", "type":"STRING", "class":"0x7ffe490be858", "frozen":true, "fstring":true, "bytesize":12, "value":"definemethod", "encoding":"US-ASCII", "memsize":40, "flags":{"wb_protected":true}}
{"address":"0x7ffe4907db28", "type":"STRING", "class":"0x7ffe490be858", "frozen":true, "fstring":true, "bytesize":11, "value":"defineclass", "encoding":"US-ASCII", "memsize":40, "flags":{"wb_protected":true}}
{"address":"0x7ffe4907db50", "type":"STRING", "class":"0x7ffe490be858", "frozen":true, "fstring":true, "bytesize":9, "value":"checktype", "encoding":"US-ASCII", "memsize":40, "flags":{"wb_protected":true}}
{"address":"0x7ffe4907db78", "type":"STRING", "class":"0x7ffe490be858", "frozen":true, "fstring":true, "bytesize":12, "value":"checkkeyword", "encoding":"US-ASCII", "memsize":40, "flags":{"wb_protected":true}}
{"address":"0x7ffe4907dba0", "type":"STRING", "class":"0x7ffe490be858", "frozen":true, "fstring":true, "bytesize":10, "value":"checkmatch", "encoding":"US-ASCII", "memsize":40, "flags":{"wb_protected":true}}
{"address":"0x7ffe4907dbc8", "type":"STRING", "class":"0x7ffe490be858", "frozen":true, "fstring":true, "bytesize":7, "value":"defined", "encoding":"US-ASCII", "memsize":40, "flags":{"wb_protected":true}}
{"address":"0x7ffe4907dbf0", "type":"STRING", "class":"0x7ffe490be858", "frozen":true, "fstring":true, "bytesize":11, "value":"adjuststack", "encoding":"US-ASCII", "memsize":40, "flags":{"wb_protected":true}}
{"address":"0x7ffe4907dc18", "type":"STRING", "class":"0x7ffe490be858", "frozen":true, "fstring":true, "bytesize":4, "value":"setn", "encoding":"US-ASCII", "memsize":40, "flags":{"wb_protected":true}}
{"address":"0x7ffe4907dc40", "type":"STRING", "class":"0x7ffe490be858", "frozen":true, "fstring":true, "bytesize":4, "value":"topn", "encoding":"US-ASCII", "memsize":40, "flags":{"wb_protected":true}}
{"address":"0x7ffe4907dc68", "type":"STRING", "class":"0x7ffe490be858", "frozen":true, "fstring":true, "bytesize":4, "value":"swap", "encoding":"US-ASCII", "memsize":40, "flags":{"wb_protected":true}}
{"address":"0x7ffe4907dc90", "type":"STRING", "class":"0x7ffe490be858", "frozen":true, "fstring":true, "bytesize":4, "value":"dupn", "encoding":"US-ASCII", "memsize":40, "flags":{"wb_protected":true}}
{"address":"0x7ffe4907dcb8", "type":"STRING", "class":"0x7ffe490be858", "frozen":true, "fstring":true, "bytesize":8, "value":"newrange", "encoding":"US-ASCII", "memsize":40, "flags":{"wb_protected":true}}
{"address":"0x7ffe4907dce0", "type":"STRING", "class":"0x7ffe490be858", "frozen":true, "fstring":true, "bytesize":7, "value":"newhash", "encoding":"US-ASCII", "memsize":40, "flags":{"wb_protected":true}}
{"address":"0x7ffe4907dd08", "type":"STRING", "class":"0x7ffe490be858", "frozen":true, "fstring":true, "bytesize":10, "value":"splatarray", "encoding":"US-ASCII", "memsize":40, "flags":{"wb_protected":true}}
{"address":"0x7ffe4907dd30", "type":"STRING", "class":"0x7ffe490be858", "frozen":true, "fstring":true, "bytesize":11, "value":"concatarray", "encoding":"US-ASCII", "memsize":40, "flags":{"wb_protected":true}}
{"address":"0x7ffe4907dd58", "type":"STRING", "class":"0x7ffe490be858", "frozen":true, "fstring":true, "bytesize":11, "value":"expandarray", "encoding":"US-ASCII", "memsize":40, "flags":{"wb_protected":true}}
{"address":"0x7ffe4907dd80", "type":"STRING", "class":"0x7ffe490be858", "frozen":true, "fstring":true, "bytesize":7, "value":"duphash", "encoding":"US-ASCII", "memsize":40, "flags":{"wb_protected":true}}
{"address":"0x7ffe4907dda8", "type":"STRING", "class":"0x7ffe490be858", "frozen":true, "fstring":true, "bytesize":8, "value":"duparray", "encoding":"US-ASCII", "memsize":40, "flags":{"wb_protected":true}}
{"address":"0x7ffe4907ddd0", "type":"STRING", "class":"0x7ffe490be858", "frozen":true, "fstring":true, "bytesize":15, "value":"newarraykwsplat", "encoding":"US-ASCII", "memsize":40, "flags":{"wb_protected":true}}
{"address":"0x7ffe4907ddf8", "type":"STRING", "class":"0x7ffe490be858", "frozen":true, "fstring":true, "bytesize":8, "value":"newarray", "encoding":"US-ASCII", "memsize":40, "flags":{"wb_protected":true}}
{"address":"0x7ffe4907de20", "type":"STRING", "class":"0x7ffe490be858", "frozen":true, "fstring":true, "bytesize":8, "value":"toregexp", "encoding":"US-ASCII", "memsize":40, "flags":{"wb_protected":true}}
{"address":"0x7ffe4907de48", "type":"STRING", "class":"0x7ffe490be858", "frozen":true, "fstring":true, "bytesize":8, "value":"tostring", "encoding":"US-ASCII", "memsize":40, "flags":{"wb_protected":true}}
{"address":"0x7ffe4907de70", "type":"STRING", "class":"0x7ffe490be858", "frozen":true, "fstring":true, "bytesize":13, "value":"concatstrings", "encoding":"US-ASCII", "memsize":40, "flags":{"wb_protected":true}}
{"address":"0x7ffe4907de98", "type":"STRING", "class":"0x7ffe490be858", "frozen":true, "fstring":true, "bytesize":9, "value":"putstring", "encoding":"US-ASCII", "memsize":40, "flags":{"wb_protected":true}}
{"address":"0x7ffe4907dec0", "type":"STRING", "class":"0x7ffe490be858", "frozen":true, "fstring":true, "bytesize":16, "value":"putspecialobject", "encoding":"US-ASCII", "memsize":40, "flags":{"wb_protected":true}}
{"address":"0x7ffe4907dee8", "type":"STRING", "class":"0x7ffe490be858", "frozen":true, "fstring":true, "bytesize":9, "value":"putobject", "encoding":"US-ASCII", "memsize":40, "flags":{"wb_protected":true}}
{"address":"0x7ffe4907df10", "type":"STRING", "class":"0x7ffe490be858", "frozen":true, "fstring":true, "bytesize":7, "value":"putself", "encoding":"US-ASCII", "memsize":40, "flags":{"wb_protected":true}}
{"address":"0x7ffe4907df38", "type":"STRING", "class":"0x7ffe490be858", "frozen":true, "fstring":true, "bytesize":6, "value":"putnil", "encoding":"US-ASCII", "memsize":40, "flags":{"wb_protected":true}}
{"address":"0x7ffe4907df60", "type":"STRING", "class":"0x7ffe490be858", "frozen":true, "fstring":true, "bytesize":9, "value":"setglobal", "encoding":"US-ASCII", "memsize":40, "flags":{"wb_protected":true}}
{"address":"0x7ffe4907df88", "type":"STRING", "class":"0x7ffe490be858", "frozen":true, "fstring":true, "bytesize":9, "value":"getglobal", "encoding":"US-ASCII", "memsize":40, "flags":{"wb_protected":true}}
{"address":"0x7ffe4907dfb0", "type":"STRING", "class":"0x7ffe490be858", "frozen":true, "fstring":true, "bytesize":11, "value":"setconstant", "encoding":"US-ASCII", "memsize":40, "flags":{"wb_protected":true}}
{"address":"0x7ffe4907dfd8", "type":"STRING", "class":"0x7ffe490be858", "frozen":true, "fstring":true, "bytesize":11, "value":"getconstant", "encoding":"US-ASCII", "memsize":40, "flags":{"wb_protected":true}}
{"address":"0x7ffe4907e000", "type":"STRING", "class":"0x7ffe490be858", "frozen":true, "fstring":true, "bytesize":16, "value":"setclassvariable", "encoding":"US-ASCII", "memsize":40, "flags":{"wb_protected":true}}
{"address":"0x7ffe4907e028", "type":"STRING", "class":"0x7ffe490be858", "frozen":true, "fstring":true, "bytesize":16, "value":"getclassvariable", "encoding":"US-ASCII", "memsize":40, "flags":{"wb_protected":true}}
{"address":"0x7ffe4907e050", "type":"STRING", "class":"0x7ffe490be858", "frozen":true, "fstring":true, "bytesize":19, "value":"setinstancevariable", "encoding":"US-ASCII", "memsize":40, "flags":{"wb_protected":true}}
{"address":"0x7ffe4907e078", "type":"STRING", "class":"0x7ffe490be858", "frozen":true, "fstring":true, "bytesize":19, "value":"getinstancevariable", "encoding":"US-ASCII", "memsize":40, "flags":{"wb_protected":true}}
{"address":"0x7ffe4907e0a0", "type":"STRING", "class":"0x7ffe490be858", "frozen":true, "fstring":true, "bytesize":10, "value":"setspecial", "encoding":"US-ASCII", "memsize":40, "flags":{"wb_protected":true}}
{"address":"0x7ffe4907e0c8", "type":"STRING", "class":"0x7ffe490be858", "frozen":true, "fstring":true, "bytesize":10, "value":"getspecial", "encoding":"US-ASCII", "memsize":40, "flags":{"wb_protected":true}}
{"address":"0x7ffe4907e0f0", "type":"STRING", "class":"0x7ffe490be858", "frozen":true, "fstring":true, "bytesize":18, "value":"getblockparamproxy", "encoding":"US-ASCII", "memsize":40, "flags":{"wb_protected":true}}
{"address":"0x7ffe4907e118", "type":"STRING", "class":"0x7ffe490be858", "frozen":true, "fstring":true, "bytesize":13, "value":"setblockparam", "encoding":"US-ASCII", "memsize":40, "flags":{"wb_protected":true}}
{"address":"0x7ffe4907e140", "type":"STRING", "class":"0x7ffe490be858", "frozen":true, "fstring":true, "bytesize":13, "value":"getblockparam", "encoding":"US-ASCII", "memsize":40, "flags":{"wb_protected":true}}
{"address":"0x7ffe4907e168", "type":"STRING", "class":"0x7ffe490be858", "frozen":true, "fstring":true, "bytesize":8, "value":"setlocal", "encoding":"US-ASCII", "memsize":40, "flags":{"wb_protected":true}}
{"address":"0x7ffe4907e190", "type":"STRING", "class":"0x7ffe490be858", "frozen":true, "fstring":true, "bytesize":3, "value":"nop", "encoding":"US-ASCII", "memsize":40, "flags":{"wb_protected":true}}
{"address":"0x7ffe4907e1b8", "type":"ARRAY", "class":"0x7ffe490a67f8", "frozen":true, "length":202, "references":["0x7ffe4907e190", "0x7ffe4908dbb8", "0x7ffe4907e168", "0x7ffe4907e140", "0x7ffe4907e118", "0x7ffe4907e0f0", "0x7ffe4907e0c8", "0x7ffe4907e0a0", "0x7ffe4907e078", "0x7ffe4907e050", "0x7ffe4907e028", "0x7ffe4907e000", "0x7ffe4907dfd8", "0x7ffe4907dfb0", "0x7ffe4907df88", "0x7ffe4907df60", "0x7ffe4907df38", "0x7ffe4907df10", "0x7ffe4907dee8", "0x7ffe4907dec0", "0x7ffe4907de98", "0x7ffe4907de70", "0x7ffe4907de48", "0x7ffe4907de20", "0x7ffe490c7610", "0x7ffe4907ddf8", "0x7ffe4907ddd0", "0x7ffe4907dda8", "0x7ffe4907dd80", "0x7ffe4907dd58", "0x7ffe4907dd30", "0x7ffe4907dd08", "0x7ffe4907dce0", "0x7ffe4907dcb8", "0x7ffe490a6258", "0x7ffe490c6260", "0x7ffe4907dc90", "0x7ffe4907dc68", "0x7ffe490bd750", "0x7ffe4907dc40", "0x7ffe4907dc18", "0x7ffe4907dbf0", "0x7ffe4907dbc8", "0x7ffe4907dba0", "0x7ffe4907db78", "0x7ffe4907db50", "0x7ffe4907db28", "0x7ffe4907db00", "0x7ffe4907dad8", "0x7ffe490c7368", "0x7ffe4907dab0", "0x7ffe4907da88", "0x7ffe4907da60", "0x7ffe4907da38", "0x7ffe4907da10", "0x7ffe4907d9e8", "0x7ffe4907d9c0", "0x7ffe4907d998", "0x7ffe4907d970", "0x7ffe490b5e60", "0x7ffe4907d948", "0x7ffe4907d920", "0x7ffe4907d8f8", "0x7ffe4907d8d0", "0x7ffe4907d8a8", "0x7ffe4907d880", "0x7ffe4907d858", "0x7ffe4907d830", "0x7ffe4907d808", "0x7ffe4907d7e0", "0x7ffe4907d7b8", "0x7ffe4907d790", "0x7ffe4907d768", "0x7ffe4907d740", "0x7ffe4907d718", "0x7ffe4907d6f0", "0x7ffe4907d6c8", "0x7ffe4907d6a0", "0x7ffe4907d678", "0x7ffe4907d650", "0x7ffe4907d628", "0x7ffe4907d600", "0x7ffe4907d5d8", "0x7ffe4907d5b0", "0x7ffe4907d588", "0x7ffe4907d560", "0x7ffe4907d538", "0x7ffe4907d510", "0x7ffe4907d4e8", "0x7ffe4907d4c0", "0x7ffe4907d498", "0x7ffe4907d470", "0x7ffe4907d448", "0x7ffe4907d420", "0x7ffe4907d3f8", "0x7ffe4907d3d0", "0x7ffe4907d3a8", "0x7ffe4907d380", "0x7ffe4907d358", "0x7ffe4907d330", "0x7ffe4907d308", "0x7ffe4907d2e0", "0x7ffe4907d2b8", "0x7ffe4907d290", "0x7ffe4907d268", "0x7ffe4907d240", "0x7ffe4907d218", "0x7ffe4907d1f0", "0x7ffe4907d1c8", "0x7ffe4907d1a0", "0x7ffe4907d178", "0x7ffe4907d150", "0x7ffe4907d128", "0x7ffe4907d100", "0x7ffe4907d0d8", "0x7ffe4907d0b0", "0x7ffe4907d088", "0x7ffe4907d060", "0x7ffe4907d038", "0x7ffe4907d010", "0x7ffe4907cfe8", "0x7ffe4907cfc0", "0x7ffe4907cf98", "0x7ffe4907cf70", "0x7ffe4907cf48", "0x7ffe4907cf20", "0x7ffe4907cef8", "0x7ffe4907ced0", "0x7ffe4907cea8", "0x7ffe4907ce80", "0x7ffe4907ce58", "0x7ffe4907ce30", "0x7ffe4907ce08", "0x7ffe4907cde0", "0x7ffe4907cdb8", "0x7ffe4907cd90", "0x7ffe4907cd68", "0x7ffe4907cd40", "0x7ffe4907cd18", "0x7ffe4907ccf0", "0x7ffe4907ccc8", "0x7ffe4907cca0", "0x7ffe4907cc78", "0x7ffe4907cc50", "0x7ffe4907cc28", "0x7ffe4907cc00", "0x7ffe4907cbd8", "0x7ffe4907cbb0", "0x7ffe4907cb88", "0x7ffe4907cb60", "0x7ffe4907cb38", "0x7ffe4907cb10", "0x7ffe4907cae8", "0x7ffe4907cac0", "0x7ffe4907ca98", "0x7ffe4907ca70", "0x7ffe4907ca48", "0x7ffe4907ca20", "0x7ffe4907c9f8", "0x7ffe4907c9d0", "0x7ffe4907c9a8", "0x7ffe4907c980", "0x7ffe4907c958", "0x7ffe4907c930", "0x7ffe4907c908", "0x7ffe4907c8e0", "0x7ffe4907c8b8", "0x7ffe4907c890", "0x7ffe4907c868", "0x7ffe4907c840", "0x7ffe4907c818", "0x7ffe4907c7f0", "0x7ffe4907c7c8", "0x7ffe4907c7a0", "0x7ffe4907c778", "0x7ffe4907c750", "0x7ffe4907c728", "0x7ffe4907c700", "0x7ffe4907c6d8", "0x7ffe4907c6b0", "0x7ffe4907c688", "0x7ffe4907c660", "0x7ffe4907c638", "0x7ffe4907c610", "0x7ffe4907c5e8", "0x7ffe4907c5c0", "0x7ffe4907c598", "0x7ffe4907c570", "0x7ffe4907c548", "0x7ffe4907c520", "0x7ffe4907c4f8", "0x7ffe4907c4d0", "0x7ffe4907c4a8", "0x7ffe4907c480", "0x7ffe4907c458", "0x7ffe4907c430", "0x7ffe4907c408", "0x7ffe4907c3e0", "0x7ffe4907c3b8", "0x7ffe4907c390", "0x7ffe4907c368", "0x7ffe4907c340"], "memsize":1656, "flags":{"wb_protected":true}}
{"address":"0x7ffe4907e1e0", "type":"STRING", "class":"0x7ffe490be858", "bytesize":19, "value":"inline method cache", "memsize":40, "flags":{"wb_protected":true}}
{"address":"0x7ffe4907e208", "type":"STRING", "class":"0x7ffe490be858", "bytesize":20, "value":"operands unification", "memsize":40, "flags":{"wb_protected":true}}
{"address":"0x7ffe4907e230", "type":"STRING", "class":"0x7ffe490be858", "bytesize":20, "value":"direct threaded code", "memsize":40, "flags":{"wb_protected":true}}
{"address":"0x7ffe4907e258", "type":"ARRAY", "class":"0x7ffe490a67f8", "length":3, "embedded":true, "references":["0x7ffe4907e230", "0x7ffe4907e208", "0x7ffe4907e1e0"], "memsize":40, "flags":{"wb_protected":true}}
{"address":"0x7ffe4907e280", "type":"CLASS", "class":"0x7ffe490c5770", "references":["0x7ffe490c5720", "0x7ffe49076fd0", "0x7ffe49076f80", "0x7ffe49077200", "0x7ffe49077458", "0x7ffe49077408", "0x7ffe490773b8", "0x7ffe49077368", "0x7ffe49077318", "0x7ffe490772c8", "0x7ffe49077278", "0x7ffe49077228", "0x7ffe490771b0", "0x7ffe49077160", "0x7ffe490774a8", "0x7ffe49077110", "0x7ffe490770c0", "0x7ffe49077070", "0x7ffe49077020", "0x7ffe490c6580", "0x7ffe4907e2a8"], "memsize":1096, "flags":{"wb_protected":true}}
{"address":"0x7ffe4907e2a8", "type":"CLASS", "class":"0x7ffe4907e280", "name":"Thread", "references":["0x7ffe490c68a0", "0x7ffe49076f30", "0x7ffe49076828", "0x7ffe49076d50", "0x7ffe49076d28", "0x7ffe49076e90", "0x7ffe49076e18", "0x7ffe490769e0", "0x7ffe490769b8", "0x7ffe49076990", "0x7ffe49076968", "0x7ffe490768a0", "0x7ffe49076f58", "0x7ffe49076e40", "0x7ffe49076dc8", "0x7ffe49076d78", "0x7ffe49076c60", "0x7ffe49076f08", "0x7ffe49076cb0", "0x7ffe49076b98", "0x7ffe49076d00", "0x7ffe49076aa8", "0x7ffe49076cd8", "0x7ffe49076c10", "0x7ffe49076a08", "0x7ffe49076b48", "0x7ffe49076af8", "0x7ffe49076918", "0x7ffe49076a58", "0x7ffe490768f0", "0x7ffe49076ee0", "0x7ffe490768c8", "0x7ffe49076800", "0x7ffe49076be8", "0x7ffe49067918", "0x7ffe49076850", "0x7ffe490678c8", "0x7ffe49076eb8", "0x7ffe4907e2d0", "0x7ffe49075d88", "0x7ffe4907c200", "0x7ffe49077f48", "0x7ffe4907c200", "0x7ffe490761c0", "0x7ffe4907c200", "0x7ffe49076490", "0x7ffe4907c200", "0x7ffe49075a68", "0x7ffe4907c200"], "memsize":1648, "flags":{"wb_protected":true}}
{"address":"0x7ffe4907e2d0", "type":"STRING", "class":"0x7ffe490be858", "frozen":true, "embedded":true, "fstring":true, "bytesize":6, "value":"Thread", "encoding":"US-ASCII", "memsize":40, "flags":{"wb_protected":true}}
{"address":"0x7ffe4907e2f8", "type":"IMEMO", "class":"0x7ffe4907e3c0", "imemo_type":"ment", "memsize":48, "flags":{"wb_protected":true}}
{"address":"0x7ffe4907e320", "type":"STRING", "class":"0x7ffe490be858", "frozen":true, "embedded":true, "fstring":true, "bytesize":6, "value":"resume", "encoding":"US-ASCII", "memsize":40, "flags":{"wb_protected":true}}
{"address":"0x7ffe4907e348", "type":"IMEMO", "class":"0x7ffe4907e3c0", "imemo_type":"ment", "memsize":48, "flags":{"wb_protected":true}}
{"address":"0x7ffe4907e370", "type":"STRING", "class":"0x7ffe490be858", "frozen":true, "embedded":true, "fstring":true, "bytesize":5, "value":"pause", "encoding":"US-ASCII", "memsize":40, "flags":{"wb_protected":true}}
{"address":"0x7ffe4907e398", "type":"IMEMO", "class":"0x7ffe4907e3c0", "imemo_type":"ment", "memsize":48, "flags":{"wb_protected":true}}
{"address":"0x7ffe4907e3c0", "type":"CLASS", "class":"0x7ffe490c5748", "references":["0x7ffe490c6850", "0x7ffe4907e398", "0x7ffe4907e348", "0x7ffe4907e2f8", "0x7ffe4907e438"], "memsize":536, "flags":{"wb_protected":true}}
{"address":"0x7ffe4907e3e8", "type":"STRING", "class":"0x7ffe490be858", "frozen":true, "embedded":true, "bytesize":12, "value":"RubyVM::MJIT", "encoding":"US-ASCII", "memsize":40, "flags":{"wb_protected":true}}
{"address":"0x7ffe4907e410", "type":"STRING", "class":"0x7ffe490be858", "frozen":true, "embedded":true, "bytesize":12, "value":"RubyVM::MJIT", "encoding":"US-ASCII", "memsize":40, "flags":{"wb_protected":true}}
{"address":"0x7ffe4907e438", "type":"MODULE", "class":"0x7ffe4907e3c0", "name":"RubyVM::MJIT", "references":["0x7ffe4907e3e8"], "memsize":472, "flags":{"wb_protected":true}}
{"address":"0x7ffe4907e460", "type":"STRING", "class":"0x7ffe490be858", "frozen":true, "embedded":true, "fstring":true, "bytesize":4, "value":"MJIT", "encoding":"US-ASCII", "memsize":40, "flags":{"wb_protected":true}}
{"address":"0x7ffe4907e488", "type":"IMEMO", "class":"0x7ffe4907e6e0", "imemo_type":"ment", "memsize":48, "flags":{"wb_protected":true}}
{"address":"0x7ffe4907e4b0", "type":"STRING", "class":"0x7ffe490be858", "frozen":true, "embedded":true, "fstring":true, "bytesize":16, "value":"ensure_shareable", "encoding":"US-ASCII", "memsize":40, "flags":{"wb_protected":true}}
{"address":"0x7ffe4907e4d8", "type":"IMEMO", "class":"0x7ffe4907e6e0", "imemo_type":"ment", "memsize":48, "flags":{"wb_protected":true}}
{"address":"0x7ffe4907e500", "type":"STRING", "class":"0x7ffe490be858", "frozen":true, "embedded":true, "fstring":true, "bytesize":19, "value":"make_shareable_copy", "encoding":"US-ASCII", "memsize":40, "flags":{"wb_protected":true}}
{"address":"0x7ffe4907e528", "type":"IMEMO", "class":"0x7ffe4907e6e0", "imemo_type":"ment", "memsize":48, "flags":{"wb_protected":true}}
{"address":"0x7ffe4907e550", "type":"STRING", "class":"0x7ffe490be858", "frozen":true, "embedded":true, "fstring":true, "bytesize":14, "value":"make_shareable", "encoding":"US-ASCII", "memsize":40, "flags":{"wb_protected":true}}
{"address":"0x7ffe4907e578", "type":"IMEMO", "class":"0x7ffe4907e6e0", "imemo_type":"ment", "memsize":48, "flags":{"wb_protected":true}}
{"address":"0x7ffe4907e5a0", "type":"IMEMO", "class":"0x7ffe4907e6e0", "imemo_type":"ment", "memsize":48, "flags":{"wb_protected":true}}
{"address":"0x7ffe4907e5c8", "type":"IMEMO", "class":"0x7ffe4907e6e0", "imemo_type":"ment", "memsize":48, "flags":{"wb_protected":true}}
{"address":"0x7ffe4907e5f0", "type":"IMEMO", "class":"0x7ffe4907e6e0", "imemo_type":"ment", "memsize":48, "flags":{"wb_protected":true}}
{"address":"0x7ffe4907e618", "type":"IMEMO", "class":"0x7ffe4907e6e0", "imemo_type":"ment", "memsize":48, "flags":{"wb_protected":true}}
{"address":"0x7ffe4907e640", "type":"IMEMO", "class":"0x7ffe4907e6e0", "imemo_type":"ment", "memsize":48, "flags":{"wb_protected":true}}
{"address":"0x7ffe4907e668", "type":"IMEMO", "class":"0x7ffe4907e6e0", "imemo_type":"ment", "memsize":48, "flags":{"wb_protected":true}}
{"address":"0x7ffe4907e690", "type":"IMEMO", "class":"0x7ffe4907e6e0", "imemo_type":"ment", "memsize":48, "flags":{"wb_protected":true}}
{"address":"0x7ffe4907e6b8", "type":"IMEMO", "class":"0x7ffe4907e6e0", "imemo_type":"ment", "memsize":48, "flags":{"wb_protected":true}}
{"address":"0x7ffe4907e6e0", "type":"CLASS", "frozen":true, "references":["0x7ffe490c6800", "0x7ffe4907e690", "0x7ffe4907e668", "0x7ffe4907e640", "0x7ffe4907e618", "0x7ffe4907e5f0", "0x7ffe4907e5c8", "0x7ffe4907e528", "0x7ffe4907e4d8", "0x7ffe4907e488", "0x7ffe4907e5a0", "0x7ffe4907e578", "0x7ffe4907e6b8", "0x7ffe4907e6b8", "0x7ffe4905c6a8", "0x7ffe4907e758"], "memsize":1112, "flags":{"wb_protected":true}}
{"address":"0x7ffe4907e708", "type":"STRING", "class":"0x7ffe490be858", "frozen":true, "embedded":true, "bytesize":18, "value":"RubyVM::FrozenCore", "encoding":"US-ASCII", "memsize":40, "flags":{"wb_protected":true}}
{"address":"0x7ffe4907e730", "type":"STRING", "class":"0x7ffe490be858", "frozen":true, "embedded":true, "bytesize":10, "value":"FrozenCore", "memsize":40, "flags":{"wb_protected":true}}
{"address":"0x7ffe4907e758", "type":"ICLASS", "class":"0x7ffe4907e6e0", "frozen":true, "references":["0x7ffe490c68f0"], "memsize":40, "flags":{"wb_protected":true}}
{"address":"0x7ffe4907e780", "type":"IMEMO", "class":"0x7ffe4907e7d0", "imemo_type":"ment", "memsize":48, "flags":{"wb_protected":true}}
{"address":"0x7ffe4907e7a8", "type":"IMEMO", "class":"0x7ffe4907e7d0", "imemo_type":"ment", "memsize":48, "flags":{"wb_protected":true}}
{"address":"0x7ffe4907e7d0", "type":"CLASS", "class":"0x7ffe490c5770", "references":["0x7ffe490c5720", "0x7ffe4907e780", "0x7ffe4907e7a8", "0x7ffe4907e7f8"], "memsize":536, "flags":{"wb_protected":true}}
{"address":"0x7ffe4907e7f8", "type":"CLASS", "class":"0x7ffe4907e7d0", "name":"RubyVM", "references":["0x7ffe490c68a0", "0x7ffe4907e820", "0x7ffe4907e258", "0x7ffe4907c2f0", "0x7ffe49077b60", "0x7ffe4907c200", "0x7ffe4907e1b8", "0x7ffe49067800", "0x7ffe49067a58", "0x7ffe4907e438"], "memsize":624, "flags":{"wb_protected":true}}
{"address":"0x7ffe4907e820", "type":"STRING", "class":"0x7ffe490be858", "frozen":true, "embedded":true, "fstring":true, "bytesize":6, "value":"RubyVM", "encoding":"US-ASCII", "memsize":40, "flags":{"wb_protected":true}}
{"address":"0x7ffe4907e848", "type":"IMEMO", "class":"0x7ffe4907ea00", "imemo_type":"ment", "memsize":48, "flags":{"wb_protected":true}}
{"address":"0x7ffe4907e870", "type":"IMEMO", "class":"0x7ffe4907ea00", "imemo_type":"ment", "memsize":48, "flags":{"wb_protected":true}}
{"address":"0x7ffe4907e898", "type":"IMEMO", "class":"0x7ffe4907ea00", "imemo_type":"ment", "memsize":48, "flags":{"wb_protected":true}}
{"address":"0x7ffe4907e8c0", "type":"IMEMO", "class":"0x7ffe4907ea00", "imemo_type":"ment", "memsize":48, "flags":{"wb_protected":true}}
{"address":"0x7ffe4907e8e8", "type":"IMEMO", "class":"0x7ffe4907ea00", "imemo_type":"ment", "memsize":48, "flags":{"wb_protected":true}}
{"address":"0x7ffe4907e910", "type":"IMEMO", "class":"0x7ffe4907ea00", "imemo_type":"ment", "memsize":48, "flags":{"wb_protected":true}}
{"address":"0x7ffe4907e938", "type":"IMEMO", "class":"0x7ffe4907ea00", "imemo_type":"ment", "memsize":48, "flags":{"wb_protected":true}}
{"address":"0x7ffe4907e960", "type":"IMEMO", "class":"0x7ffe4907ea00", "imemo_type":"ment", "memsize":48, "flags":{"wb_protected":true}}
{"address":"0x7ffe4907e988", "type":"IMEMO", "class":"0x7ffe4907ea00", "imemo_type":"ment", "memsize":48, "flags":{"wb_protected":true}}
{"address":"0x7ffe4907e9b0", "type":"STRING", "class":"0x7ffe490be858", "frozen":true, "embedded":true, "bytesize":19, "value":"Ractor::MovedObject", "encoding":"US-ASCII", "memsize":40, "flags":{"wb_protected":true}}
{"address":"0x7ffe4907e9d8", "type":"CLASS", "class":"0x7ffe490c5770", "references":["0x7ffe490c56f8", "0x7ffe4907ea00"], "memsize":472, "flags":{"wb_protected":true}}
{"address":"0x7ffe4907ea00", "type":"CLASS", "class":"0x7ffe4907e9d8", "name":"Ractor::MovedObject", "references":["0x7ffe490c68f0", "0x7ffe4907e988", "0x7ffe4907e938", "0x7ffe4907e8c0", "0x7ffe4907e898", "0x7ffe4907e870", "0x7ffe4907e848", "0x7ffe4907e910", "0x7ffe4907e8e8", "0x7ffe4907e960", "0x7ffe4907e9b0"], "memsize":728, "flags":{"wb_protected":true}}
{"address":"0x7ffe4907ea28", "type":"STRING", "class":"0x7ffe490be858", "frozen":true, "embedded":true, "fstring":true, "bytesize":11, "value":"MovedObject", "encoding":"US-ASCII", "memsize":40, "flags":{"wb_protected":true}}
{"address":"0x7ffe4907ea50", "type":"STRING", "class":"0x7ffe490be858", "frozen":true, "embedded":true, "bytesize":19, "value":"Ractor::UnsafeError", "encoding":"US-ASCII", "memsize":40, "flags":{"wb_protected":true}}
{"address":"0x7ffe4907ea78", "type":"CLASS", "class":"0x7ffe490c5770", "references":["0x7ffe4907ed98", "0x7ffe4907eaa0"], "memsize":472, "flags":{"wb_protected":true}}
{"address":"0x7ffe4907eaa0", "type":"CLASS", "class":"0x7ffe4907ea78", "name":"Ractor::UnsafeError", "references":["0x7ffe4907edc0", "0x7ffe4907ea50"], "memsize":472, "flags":{"wb_protected":true}}
{"address":"0x7ffe4907eac8", "type":"STRING", "class":"0x7ffe490be858", "frozen":true, "embedded":true, "fstring":true, "bytesize":11, "value":"UnsafeError", "encoding":"US-ASCII", "memsize":40, "flags":{"wb_protected":true}}
{"address":"0x7ffe4907eaf0", "type":"STRING", "class":"0x7ffe490be858", "frozen":true, "embedded":true, "bytesize":19, "value":"Ractor::ClosedError", "encoding":"US-ASCII", "memsize":40, "flags":{"wb_protected":true}}
{"address":"0x7ffe4907eb18", "type":"CLASS", "class":"0x7ffe490c5770", "references":["0x7ffe4907f6d0", "0x7ffe4907eb40"], "memsize":472, "flags":{"wb_protected":true}}
{"address":"0x7ffe4907eb40", "type":"CLASS", "class":"0x7ffe4907eb18", "name":"Ractor::ClosedError", "references":["0x7ffe4907f6f8", "0x7ffe4907eaf0"], "memsize":472, "flags":{"wb_protected":true}}
{"address":"0x7ffe4907eb68", "type":"STRING", "class":"0x7ffe490be858", "frozen":true, "embedded":true, "fstring":true, "bytesize":11, "value":"ClosedError", "encoding":"US-ASCII", "memsize":40, "flags":{"wb_protected":true}}
{"address":"0x7ffe4907eb90", "type":"STRING", "class":"0x7ffe490be858", "frozen":true, "embedded":true, "bytesize":18, "value":"Ractor::MovedError", "encoding":"US-ASCII", "memsize":40, "flags":{"wb_protected":true}}
{"address":"0x7ffe4907ebb8", "type":"CLASS", "class":"0x7ffe490c5770", "references":["0x7ffe4907ed98", "0x7ffe4907ebe0"], "memsize":472, "flags":{"wb_protected":true}}
{"address":"0x7ffe4907ebe0", "type":"CLASS", "class":"0x7ffe4907ebb8", "name":"Ractor::MovedError", "references":["0x7ffe4907edc0", "0x7ffe4907eb90"], "memsize":472, "flags":{"wb_protected":true}}
{"address":"0x7ffe4907ec08", "type":"STRING", "class":"0x7ffe490be858", "frozen":true, "embedded":true, "fstring":true, "bytesize":10, "value":"MovedError", "encoding":"US-ASCII", "memsize":40, "flags":{"wb_protected":true}}
{"address":"0x7ffe4907ec30", "type":"STRING", "class":"0x7ffe490be858", "frozen":true, "embedded":true, "bytesize":19, "value":"Ractor::RemoteError", "encoding":"US-ASCII", "memsize":40, "flags":{"wb_protected":true}}
{"address":"0x7ffe4907ec58", "type":"CLASS", "class":"0x7ffe490c5770", "references":["0x7ffe4907ed98", "0x7ffe490c5130", "0x7ffe4905c450", "0x7ffe490c6468", "0x7ffe4907ec80"], "memsize":624, "flags":{"wb_protected":true}}
{"address":"0x7ffe4907ec80", "type":"CLASS", "class":"0x7ffe4907ec58", "name":"Ractor::RemoteError", "references":["0x7ffe4907edc0", "0x7ffe4905c3b0", "0x7ffe4907ec30"], "memsize":536, "flags":{"wb_protected":true}}
{"address":"0x7ffe4907eca8", "type":"STRING", "class":"0x7ffe490be858", "frozen":true, "embedded":true, "fstring":true, "bytesize":11, "value":"RemoteError", "encoding":"US-ASCII", "memsize":40, "flags":{"wb_protected":true}}
{"address":"0x7ffe4907ecd0", "type":"STRING", "class":"0x7ffe490be858", "frozen":true, "embedded":true, "bytesize":22, "value":"Ractor::IsolationError", "encoding":"US-ASCII", "memsize":40, "flags":{"wb_protected":true}}
{"address":"0x7ffe4907ecf8", "type":"CLASS", "class":"0x7ffe490c5770", "references":["0x7ffe4907ed98", "0x7ffe4907ed20"], "memsize":472, "flags":{"wb_protected":true}}
{"address":"0x7ffe4907ed20", "type":"CLASS", "class":"0x7ffe4907ecf8", "name":"Ractor::IsolationError", "references":["0x7ffe4907edc0", "0x7ffe4907ecd0"], "memsize":472, "flags":{"wb_protected":true}}
{"address":"0x7ffe4907ed48", "type":"STRING", "class":"0x7ffe490be858", "frozen":true, "embedded":true, "fstring":true, "bytesize":14, "value":"IsolationError", "encoding":"US-ASCII", "memsize":40, "flags":{"wb_protected":true}}
{"address":"0x7ffe4907ed70", "type":"STRING", "class":"0x7ffe490be858", "frozen":true, "embedded":true, "bytesize":13, "value":"Ractor::Error", "encoding":"US-ASCII", "memsize":40, "flags":{"wb_protected":true}}
{"address":"0x7ffe4907ed98", "type":"CLASS", "class":"0x7ffe490c5770", "references":["0x7ffe490b6e00", "0x7ffe490c6580", "0x7ffe4907edc0"], "memsize":584, "flags":{"wb_protected":true}}
{"address":"0x7ffe4907edc0", "type":"CLASS", "class":"0x7ffe4907ed98", "name":"Ractor::Error", "references":["0x7ffe490b6e28", "0x7ffe4907ed70"], "memsize":472, "flags":{"wb_protected":true}}
{"address":"0x7ffe4907ede8", "type":"STRING", "class":"0x7ffe490be858", "frozen":true, "embedded":true, "fstring":true, "bytesize":5, "value":"Error", "encoding":"US-ASCII", "memsize":40, "flags":{"wb_protected":true}}
{"address":"0x7ffe4907ee10", "type":"CLASS", "class":"0x7ffe4905c7c0", "references":["0x7ffe490c5720", "0x7ffe4905c270", "0x7ffe4905c770", "0x7ffe4905c6f8", "0x7ffe4905c540", "0x7ffe4905c680", "0x7ffe4905c748", "0x7ffe4905c5e0", "0x7ffe4905c798", "0x7ffe4905c720", "0x7ffe4905c2e8", "0x7ffe4905c310", "0x7ffe490c6468", "0x7ffe490c66c0", "0x7ffe490b5730", "0x7ffe4905c630", "0x7ffe4907ee38"], "memsize":904, "flags":{"wb_protected":true}}
{"address":"0x7ffe4907ee38", "type":"CLASS", "class":"0x7ffe4907ee10", "name":"Ractor", "references":["0x7ffe490c68a0", "0x7ffe4905c568", "0x7ffe4905c4f0", "0x7ffe4905c4c8", "0x7ffe4905c2c0", "0x7ffe4905c298", "0x7ffe4905c658", "0x7ffe4905c608", "0x7ffe4905c5b8", "0x7ffe4905c518", "0x7ffe4905c360", "0x7ffe4905c338", "0x7ffe4905c590", "0x7ffe4905c4a0", "0x7ffe4907ee60", "0x7ffe4907edc0", "0x7ffe4907ed20", "0x7ffe4907ec80", "0x7ffe4907ebe0", "0x7ffe4907eb40", "0x7ffe4907eaa0", "0x7ffe4907ea00"], "memsize":1264, "flags":{"wb_protected":true}}
{"address":"0x7ffe4907ee60", "type":"STRING", "class":"0x7ffe490be858", "frozen":true, "embedded":true, "fstring":true, "bytesize":6, "value":"Ractor", "encoding":"US-ASCII", "memsize":40, "flags":{"wb_protected":true}}
{"address":"0x7ffe4907ee88", "type":"STRING", "class":"0x7ffe490be858", "frozen":true, "fstring":true, "bytesize":13, "value":"enumerator.so", "encoding":"US-ASCII", "memsize":40, "flags":{"wb_protected":true}}
{"address":"0x7ffe4907eeb0", "type":"IMEMO", "class":"0x7ffe4907f130", "imemo_type":"ment", "memsize":48, "flags":{"wb_protected":true}}
{"address":"0x7ffe4907eed8", "type":"IMEMO", "class":"0x7ffe4907f130", "imemo_type":"ment", "memsize":48, "flags":{"wb_protected":true}}
{"address":"0x7ffe4907ef00", "type":"IMEMO", "class":"0x7ffe4907f130", "imemo_type":"ment", "memsize":48, "flags":{"wb_protected":true}}
{"address":"0x7ffe4907ef28", "type":"IMEMO", "class":"0x7ffe4907f130", "imemo_type":"ment", "memsize":48, "flags":{"wb_protected":true}}
{"address":"0x7ffe4907ef50", "type":"IMEMO", "class":"0x7ffe4907f130", "imemo_type":"ment", "memsize":48, "flags":{"wb_protected":true}}
{"address":"0x7ffe4907ef78", "type":"IMEMO", "class":"0x7ffe4907f130", "imemo_type":"ment", "memsize":48, "flags":{"wb_protected":true}}
{"address":"0x7ffe4907efa0", "type":"IMEMO", "class":"0x7ffe4907f130", "imemo_type":"ment", "memsize":48, "flags":{"wb_protected":true}}
{"address":"0x7ffe4907efc8", "type":"IMEMO", "class":"0x7ffe4907f130", "imemo_type":"ment", "memsize":48, "flags":{"wb_protected":true}}
{"address":"0x7ffe4907eff0", "type":"IMEMO", "class":"0x7ffe4907f130", "imemo_type":"ment", "memsize":48, "flags":{"wb_protected":true}}
{"address":"0x7ffe4907f018", "type":"IMEMO", "class":"0x7ffe4907f130", "imemo_type":"ment", "memsize":48, "flags":{"wb_protected":true}}
{"address":"0x7ffe4907f040", "type":"IMEMO", "class":"0x7ffe4907f130", "imemo_type":"ment", "memsize":48, "flags":{"wb_protected":true}}
{"address":"0x7ffe4907f068", "type":"IMEMO", "class":"0x7ffe4907f130", "imemo_type":"ment", "memsize":48, "flags":{"wb_protected":true}}
{"address":"0x7ffe4907f090", "type":"IMEMO", "class":"0x7ffe4907f130", "imemo_type":"ment", "memsize":48, "flags":{"wb_protected":true}}
{"address":"0x7ffe4907f0b8", "type":"IMEMO", "class":"0x7ffe4907f108", "imemo_type":"ment", "memsize":48, "flags":{"wb_protected":true}}
{"address":"0x7ffe4907f0e0", "type":"STRING", "class":"0x7ffe490be858", "frozen":true, "bytesize":30, "capacity":47, "value":"Enumerator::ArithmeticSequence", "encoding":"US-ASCII", "memsize":88, "flags":{"wb_protected":true}}
{"address":"0x7ffe4907f108", "type":"CLASS", "class":"0x7ffe490c5770", "references":["0x7ffe49084a18", "0x7ffe4907f0b8", "0x7ffe4907f130"], "memsize":536, "flags":{"wb_protected":true}}
{"address":"0x7ffe4907f130", "type":"CLASS", "class":"0x7ffe4907f108", "name":"Enumerator::ArithmeticSequence", "references":["0x7ffe49084a40", "0x7ffe4907f040", "0x7ffe4907eff0", "0x7ffe4907efc8", "0x7ffe4907f018", "0x7ffe4907efa0", "0x7ffe4907ef78", "0x7ffe4907ef50", "0x7ffe4907f090", "0x7ffe4907f068", "0x7ffe4907eeb0", "0x7ffe4907ef28", "0x7ffe4907eed8", "0x7ffe4907ef00", "0x7ffe4907f0e0"], "memsize":984, "flags":{"wb_protected":true}}
{"address":"0x7ffe4907f158", "type":"STRING", "class":"0x7ffe490be858", "frozen":true, "embedded":true, "fstring":true, "bytesize":18, "value":"ArithmeticSequence", "encoding":"US-ASCII", "memsize":40, "flags":{"wb_protected":true}}
{"address":"0x7ffe4907f180", "type":"IMEMO", "class":"0x7ffe4907f2c0", "imemo_type":"ment", "memsize":48, "flags":{"wb_protected":true}}
{"address":"0x7ffe4907f1a8", "type":"IMEMO", "class":"0x7ffe4907f2c0", "imemo_type":"ment", "memsize":48, "flags":{"wb_protected":true}}
{"address":"0x7ffe4907f1d0", "type":"IMEMO", "class":"0x7ffe4907f2c0", "imemo_type":"ment", "memsize":48, "flags":{"wb_protected":true}}
{"address":"0x7ffe4907f1f8", "type":"IMEMO", "class":"0x7ffe4907f2c0", "imemo_type":"ment", "memsize":48, "flags":{"wb_protected":true}}
{"address":"0x7ffe4907f220", "type":"IMEMO", "class":"0x7ffe4907f2c0", "imemo_type":"ment", "memsize":48, "flags":{"wb_protected":true}}
{"address":"0x7ffe4907f248", "type":"IMEMO", "class":"0x7ffe4907f2c0", "imemo_type":"ment", "memsize":48, "flags":{"wb_protected":true}}
{"address":"0x7ffe4907f270", "type":"STRING", "class":"0x7ffe490be858", "frozen":true, "embedded":true, "bytesize":17, "value":"Enumerator::Chain", "encoding":"US-ASCII", "memsize":40, "flags":{"wb_protected":true}}
{"address":"0x7ffe4907f298", "type":"CLASS", "class":"0x7ffe490c5770", "references":["0x7ffe49084a18", "0x7ffe4907f2c0"], "memsize":472, "flags":{"wb_protected":true}}
{"address":"0x7ffe4907f2c0", "type":"CLASS", "class":"0x7ffe4907f298", "name":"Enumerator::Chain", "references":["0x7ffe49084a40", "0x7ffe4907f1d0", "0x7ffe4907f248", "0x7ffe4907f220", "0x7ffe4907f1f8", "0x7ffe4907f180", "0x7ffe4907f1a8", "0x7ffe4907f270"], "memsize":600, "flags":{"wb_protected":true}}
{"address":"0x7ffe4907f2e8", "type":"STRING", "class":"0x7ffe490be858", "frozen":true, "embedded":true, "fstring":true, "bytesize":5, "value":"Chain", "encoding":"US-ASCII", "memsize":40, "flags":{"wb_protected":true}}
{"address":"0x7ffe4907f310", "type":"IMEMO", "class":"0x7ffe49084a18", "imemo_type":"ment", "memsize":48, "flags":{"wb_protected":true}}
{"address":"0x7ffe4907f338", "type":"STRING", "class":"0x7ffe490be858", "frozen":true, "embedded":true, "fstring":true, "bytesize":7, "value":"produce", "encoding":"US-ASCII", "memsize":40, "flags":{"wb_protected":true}}
{"address":"0x7ffe4907f360", "type":"IMEMO", "class":"0x7ffe4907f3d8", "imemo_type":"ment", "memsize":48, "flags":{"wb_protected":true}}
{"address":"0x7ffe4907f388", "type":"STRING", "class":"0x7ffe490be858", "frozen":true, "embedded":true, "bytesize":20, "value":"Enumerator::Producer", "encoding":"US-ASCII", "memsize":40, "flags":{"wb_protected":true}}
{"address":"0x7ffe4907f3b0", "type":"CLASS", "class":"0x7ffe490c5770", "references":["0x7ffe490c5720", "0x7ffe4907f3d8"], "memsize":472, "flags":{"wb_protected":true}}
{"address":"0x7ffe4907f3d8", "type":"CLASS", "class":"0x7ffe4907f3b0", "name":"Enumerator::Producer", "references":["0x7ffe490c68a0", "0x7ffe4907f360", "0x7ffe4907f388"], "memsize":536, "flags":{"wb_protected":true}}
{"address":"0x7ffe4907f400", "type":"STRING", "class":"0x7ffe490be858", "frozen":true, "embedded":true, "fstring":true, "bytesize":8, "value":"Producer", "encoding":"US-ASCII", "memsize":40, "flags":{"wb_protected":true}}
{"address":"0x7ffe4907f428", "type":"IMEMO", "class":"0x7ffe4907f518", "imemo_type":"ment", "memsize":48, "flags":{"wb_protected":true}}
{"address":"0x7ffe4907f450", "type":"IMEMO", "class":"0x7ffe4907f518", "imemo_type":"ment", "memsize":48, "flags":{"wb_protected":true}}
{"address":"0x7ffe4907f478", "type":"IMEMO", "class":"0x7ffe4907f518", "imemo_type":"ment", "memsize":48, "flags":{"wb_protected":true}}
{"address":"0x7ffe4907f4a0", "type":"IMEMO", "class":"0x7ffe4907f518", "imemo_type":"ment", "memsize":48, "flags":{"wb_protected":true}}
{"address":"0x7ffe4907f4c8", "type":"STRING", "class":"0x7ffe490be858", "frozen":true, "embedded":true, "bytesize":19, "value":"Enumerator::Yielder", "encoding":"US-ASCII", "memsize":40, "flags":{"wb_protected":true}}
{"address":"0x7ffe4907f4f0", "type":"CLASS", "class":"0x7ffe490c5770", "references":["0x7ffe490c5720", "0x7ffe4907f518"], "memsize":472, "flags":{"wb_protected":true}}
{"address":"0x7ffe4907f518", "type":"CLASS", "class":"0x7ffe4907f4f0", "name":"Enumerator::Yielder", "references":["0x7ffe490c68a0", "0x7ffe4907f450", "0x7ffe4907f4a0", "0x7ffe4907f428", "0x7ffe4907f478", "0x7ffe4907f4c8"], "memsize":600, "flags":{"wb_protected":true}}
{"address":"0x7ffe4907f540", "type":"STRING", "class":"0x7ffe490be858", "frozen":true, "embedded":true, "fstring":true, "bytesize":7, "value":"Yielder", "encoding":"US-ASCII", "memsize":40, "flags":{"wb_protected":true}}
{"address":"0x7ffe4907f568", "type":"IMEMO", "class":"0x7ffe4907f658", "imemo_type":"ment", "memsize":48, "flags":{"wb_protected":true}}
{"address":"0x7ffe4907f590", "type":"IMEMO", "class":"0x7ffe4907f658", "imemo_type":"ment", "memsize":48, "flags":{"wb_protected":true}}
{"address":"0x7ffe4907f5b8", "type":"IMEMO", "class":"0x7ffe4907f658", "imemo_type":"ment", "memsize":48, "flags":{"wb_protected":true}}
{"address":"0x7ffe4907f5e0", "type":"ICLASS", "class":"0x7ffe490bf988", "references":["0x7ffe490c68a0"], "memsize":40, "flags":{"wb_protected":true}}
{"address":"0x7ffe4907f608", "type":"STRING", "class":"0x7ffe490be858", "frozen":true, "embedded":true, "bytesize":21, "value":"Enumerator::Generator", "encoding":"US-ASCII", "memsize":40, "flags":{"wb_protected":true}}
{"address":"0x7ffe4907f630", "type":"CLASS", "class":"0x7ffe490c5770", "references":["0x7ffe490c5720", "0x7ffe4907f658"], "memsize":472, "flags":{"wb_protected":true}}
{"address":"0x7ffe4907f658", "type":"CLASS", "class":"0x7ffe4907f630", "name":"Enumerator::Generator", "references":["0x7ffe4907f5e0", "0x7ffe4907f5b8", "0x7ffe4907f590", "0x7ffe4907f568", "0x7ffe4907f608"], "memsize":536, "flags":{"wb_protected":true}}
{"address":"0x7ffe4907f680", "type":"STRING", "class":"0x7ffe490be858", "frozen":true, "embedded":true, "fstring":true, "bytesize":9, "value":"Generator", "encoding":"US-ASCII", "memsize":40, "flags":{"wb_protected":true}}
{"address":"0x7ffe4907f6a8", "type":"IMEMO", "class":"0x7ffe4907f6f8", "imemo_type":"ment", "memsize":48, "flags":{"wb_protected":true}}
{"address":"0x7ffe4907f6d0", "type":"CLASS", "class":"0x7ffe490c5770", "references":["0x7ffe490b7698", "0x7ffe490c6580", "0x7ffe4907f6f8"], "memsize":584, "flags":{"wb_protected":true}}
{"address":"0x7ffe4907f6f8", "type":"CLASS", "class":"0x7ffe4907f6d0", "name":"StopIteration", "references":["0x7ffe490b76c0", "0x7ffe4907f6a8", "0x7ffe4907f720"], "memsize":536, "flags":{"wb_protected":true}}
{"address":"0x7ffe4907f720", "type":"STRING", "class":"0x7ffe490be858", "frozen":true, "embedded":true, "fstring":true, "bytesize":13, "value":"StopIteration", "encoding":"US-ASCII", "memsize":40, "flags":{"wb_protected":true}}
{"address":"0x7ffe4907f748", "type":"IMEMO", "class":"0x7ffe490845e0", "imemo_type":"ment", "references":["0x7ffe4907f770"], "memsize":48, "flags":{"wb_protected":true}}
{"address":"0x7ffe4907f770", "type":"IMEMO", "imemo_type":"ment", "references":["0x7ffe490bf988"], "memsize":48, "flags":{"wb_protected":true}}
{"address":"0x7ffe4907f798", "type":"HASH", "class":"0x7ffe490a4fe8", "frozen":true, "size":18, "memsize":928, "flags":{"wb_protected":true}}
{"address":"0x7ffe4907f7c0", "type":"IMEMO", "class":"0x7ffe490845e0", "imemo_type":"ment", "memsize":48, "flags":{"wb_protected":true}}
{"address":"0x7ffe4907f7e8", "type":"IMEMO", "class":"0x7ffe490845e0", "imemo_type":"ment", "memsize":48, "flags":{"wb_protected":true}}
{"address":"0x7ffe4907f810", "type":"IMEMO", "class":"0x7ffe490845e0", "imemo_type":"ment", "memsize":48, "flags":{"wb_protected":true}}
{"address":"0x7ffe4907f838", "type":"IMEMO", "class":"0x7ffe490845e0", "imemo_type":"ment", "memsize":48, "flags":{"wb_protected":true}}
{"address":"0x7ffe4907f860", "type":"IMEMO", "class":"0x7ffe490845e0", "imemo_type":"ment", "memsize":48, "flags":{"wb_protected":true}}
{"address":"0x7ffe4907f888", "type":"IMEMO", "class":"0x7ffe490845e0", "imemo_type":"ment", "memsize":48, "flags":{"wb_protected":true}}
{"address":"0x7ffe4907f8b0", "type":"IMEMO", "class":"0x7ffe490845e0", "imemo_type":"ment", "memsize":48, "flags":{"wb_protected":true}}
{"address":"0x7ffe4907f8d8", "type":"IMEMO", "class":"0x7ffe490845e0", "imemo_type":"ment", "memsize":48, "flags":{"wb_protected":true}}
{"address":"0x7ffe4907f900", "type":"IMEMO", "class":"0x7ffe490845e0", "imemo_type":"ment", "memsize":48, "flags":{"wb_protected":true}}
{"address":"0x7ffe4907f928", "type":"IMEMO", "class":"0x7ffe490845e0", "imemo_type":"ment", "memsize":48, "flags":{"wb_protected":true}}
{"address":"0x7ffe4907f950", "type":"IMEMO", "class":"0x7ffe490845e0", "imemo_type":"ment", "memsize":48, "flags":{"wb_protected":true}}
{"address":"0x7ffe4907f978", "type":"IMEMO", "class":"0x7ffe490845e0", "imemo_type":"ment", "memsize":48, "flags":{"wb_protected":true}}
{"address":"0x7ffe4907f9a0", "type":"IMEMO", "class":"0x7ffe490845e0", "imemo_type":"ment", "memsize":48, "flags":{"wb_protected":true}}
{"address":"0x7ffe4907f9c8", "type":"IMEMO", "class":"0x7ffe490845e0", "imemo_type":"ment", "memsize":48, "flags":{"wb_protected":true}}
{"address":"0x7ffe4907f9f0", "type":"IMEMO", "class":"0x7ffe490845e0", "imemo_type":"ment", "memsize":48, "flags":{"wb_protected":true}}
{"address":"0x7ffe4907fa18", "type":"IMEMO", "class":"0x7ffe490845e0", "imemo_type":"ment", "memsize":48, "flags":{"wb_protected":true}}
{"address":"0x7ffe4907fa40", "type":"IMEMO", "class":"0x7ffe490845e0", "imemo_type":"ment", "memsize":48, "flags":{"wb_protected":true}}
{"address":"0x7ffe4907fa68", "type":"IMEMO", "class":"0x7ffe490845e0", "imemo_type":"ment", "memsize":48, "flags":{"wb_protected":true}}
{"address":"0x7ffe4907fa90", "type":"IMEMO", "class":"0x7ffe490845e0", "imemo_type":"ment", "memsize":48, "flags":{"wb_protected":true}}
{"address":"0x7ffe4907fab8", "type":"IMEMO", "class":"0x7ffe490845e0", "imemo_type":"ment", "memsize":48, "flags":{"wb_protected":true}}
{"address":"0x7ffe4907fae0", "type":"IMEMO", "class":"0x7ffe490845e0", "imemo_type":"ment", "memsize":48, "flags":{"wb_protected":true}}
{"address":"0x7ffe4907fb08", "type":"IMEMO", "class":"0x7ffe490845e0", "imemo_type":"ment", "memsize":48, "flags":{"wb_protected":true}}
{"address":"0x7ffe4907fb30", "type":"IMEMO", "class":"0x7ffe490845e0", "imemo_type":"ment", "memsize":48, "flags":{"wb_protected":true}}
{"address":"0x7ffe4907fb58", "type":"IMEMO", "class":"0x7ffe490845e0", "imemo_type":"ment", "memsize":48, "flags":{"wb_protected":true}}
{"address":"0x7ffe4907fb80", "type":"IMEMO", "class":"0x7ffe490845e0", "imemo_type":"ment", "memsize":48, "flags":{"wb_protected":true}}
{"address":"0x7ffe4907fba8", "type":"STRING", "class":"0x7ffe490be858", "frozen":true, "embedded":true, "fstring":true, "bytesize":5, "value":"eager", "encoding":"US-ASCII", "memsize":40, "flags":{"wb_protected":true}}
{"address":"0x7ffe4907fbd0", "type":"IMEMO", "class":"0x7ffe490845e0", "imemo_type":"ment", "memsize":48, "flags":{"wb_protected":true}}
{"address":"0x7ffe4907fbf8", "type":"IMEMO", "class":"0x7ffe490845e0", "imemo_type":"ment", "memsize":48, "flags":{"wb_protected":true}}
{"address":"0x7ffe4907fc20", "type":"IMEMO", "class":"0x7ffe490845e0", "imemo_type":"ment", "memsize":48, "flags":{"wb_protected":true}}
{"address":"0x7ffe4907fc48", "type":"IMEMO", "class":"0x7ffe490c65d0", "imemo_type":"ment", "references":["0x7ffe490c6620"], "memsize":48, "flags":{"wb_protected":true}}
{"address":"0x7ffe4907fc70", "type":"IMEMO", "class":"0x8", "imemo_type":"ment", "memsize":48, "flags":{"wb_protected":true}}
{"address":"0x7ffe4907fc98", "type":"IMEMO", "class":"0x7ffe490c65d0", "imemo_type":"ment", "references":["0x7ffe490c6620"], "memsize":48, "flags":{"wb_protected":true}}
{"address":"0x7ffe4907fcc0", "type":"IMEMO", "class":"0x7ffe490845e0", "imemo_type":"ment", "memsize":48, "flags":{"wb_protected":true}}
{"address":"0x7ffe4907fce8", "type":"STRING", "class":"0x7ffe490be858", "frozen":true, "embedded":true, "fstring":true, "bytesize":22, "value":"_enumerable_with_index", "encoding":"US-ASCII", "memsize":40, "flags":{"wb_protected":true}}
{"address":"0x7ffe4907fd10", "type":"IMEMO", "class":"0x7ffe490845e0", "imemo_type":"ment", "references":["0x7ffe4907fd38"], "memsize":48, "flags":{"wb_protected":true}}
{"address":"0x7ffe4907fd38", "type":"IMEMO", "imemo_type":"ment", "references":["0x7ffe490bf988"], "memsize":48, "flags":{"wb_protected":true}}
{"address":"0x7ffe4907fd60", "type":"STRING", "class":"0x7ffe490be858", "frozen":true, "embedded":true, "fstring":true, "bytesize":16, "value":"_enumerable_uniq", "encoding":"US-ASCII", "memsize":40, "flags":{"wb_protected":true}}
{"address":"0x7ffe4907fd88", "type":"IMEMO", "class":"0x7ffe490845e0", "imemo_type":"ment", "references":["0x7ffe4907fdb0"], "memsize":48, "flags":{"wb_protected":true}}
{"address":"0x7ffe4907fdb0", "type":"IMEMO", "imemo_type":"ment", "references":["0x7ffe490bf988"], "memsize":48, "flags":{"wb_protected":true}}
{"address":"0x7ffe4907fdd8", "type":"STRING", "class":"0x7ffe490be858", "frozen":true, "embedded":true, "fstring":true, "bytesize":22, "value":"_enumerable_drop_while", "encoding":"US-ASCII", "memsize":40, "flags":{"wb_protected":true}}
{"address":"0x7ffe4907fe00", "type":"IMEMO", "class":"0x7ffe490845e0", "imemo_type":"ment", "references":["0x7ffe4907fe28"], "memsize":48, "flags":{"wb_protected":true}}
{"address":"0x7ffe4907fe28", "type":"IMEMO", "imemo_type":"ment", "references":["0x7ffe490bf988"], "memsize":48, "flags":{"wb_protected":true}}
{"address":"0x7ffe4907fe50", "type":"STRING", "class":"0x7ffe490be858", "frozen":true, "embedded":true, "fstring":true, "bytesize":16, "value":"_enumerable_drop", "encoding":"US-ASCII", "memsize":40, "flags":{"wb_protected":true}}
{"address":"0x7ffe4907fe78", "type":"IMEMO", "class":"0x7ffe490845e0", "imemo_type":"ment", "references":["0x7ffe4907fea0"], "memsize":48, "flags":{"wb_protected":true}}
{"address":"0x7ffe4907fea0", "type":"IMEMO", "imemo_type":"ment", "references":["0x7ffe490bf988"], "memsize":48, "flags":{"wb_protected":true}}
{"address":"0x7ffe4907fec8", "type":"STRING", "class":"0x7ffe490be858", "frozen":true, "embedded":true, "fstring":true, "bytesize":22, "value":"_enumerable_take_while", "encoding":"US-ASCII", "memsize":40, "flags":{"wb_protected":true}}
{"address":"0x7ffe4907fef0", "type":"IMEMO", "class":"0x7ffe490845e0", "imemo_type":"ment", "references":["0x7ffe4907ff18"], "memsize":48, "flags":{"wb_protected":true}}
{"address":"0x7ffe4907ff18", "type":"IMEMO", "imemo_type":"ment", "references":["0x7ffe490bf988"], "memsize":48, "flags":{"wb_protected":true}}
{"address":"0x7ffe4907ff40", "type":"STRING", "class":"0x7ffe490be858", "frozen":true, "embedded":true, "fstring":true, "bytesize":16, "value":"_enumerable_take", "encoding":"US-ASCII", "memsize":40, "flags":{"wb_protected":true}}
{"address":"0x7ffe4907ff68", "type":"IMEMO", "class":"0x7ffe490845e0", "imemo_type":"ment", "references":["0x7ffe4907ff90"], "memsize":48, "flags":{"wb_protected":true}}
{"address":"0x7ffe4907ff90", "type":"IMEMO", "imemo_type":"ment", "references":["0x7ffe490bf988"], "memsize":48, "flags":{"wb_protected":true}}
{"address":"0x7ffe4907ffb8", "type":"STRING", "class":"0x7ffe490be858", "frozen":true, "embedded":true, "fstring":true, "bytesize":15, "value":"_enumerable_zip", "encoding":"US-ASCII", "memsize":40, "flags":{"wb_protected":true}}
{"address":"0x7ffe49084018", "type":"IMEMO", "class":"0x7ffe490845e0", "imemo_type":"ment", "references":["0x7ffe49084040"], "memsize":48, "flags":{"wb_protected":true}}
{"address":"0x7ffe49084040", "type":"IMEMO", "imemo_type":"ment", "references":["0x7ffe490bf988"], "memsize":48, "flags":{"wb_protected":true}}
{"address":"0x7ffe49084068", "type":"STRING", "class":"0x7ffe490be858", "frozen":true, "embedded":true, "fstring":true, "bytesize":18, "value":"_enumerable_grep_v", "encoding":"US-ASCII", "memsize":40, "flags":{"wb_protected":true}}
{"address":"0x7ffe49084090", "type":"IMEMO", "class":"0x7ffe490845e0", "imemo_type":"ment", "references":["0x7ffe490840b8"], "memsize":48, "flags":{"wb_protected":true}}
{"address":"0x7ffe490840b8", "type":"IMEMO", "imemo_type":"ment", "references":["0x7ffe490bf988"], "memsize":48, "flags":{"wb_protected":true}}
{"address":"0x7ffe490840e0", "type":"STRING", "class":"0x7ffe490be858", "frozen":true, "embedded":true, "fstring":true, "bytesize":16, "value":"_enumerable_grep", "encoding":"US-ASCII", "memsize":40, "flags":{"wb_protected":true}}
{"address":"0x7ffe49084108", "type":"IMEMO", "class":"0x7ffe490845e0", "imemo_type":"ment", "references":["0x7ffe49084130"], "memsize":48, "flags":{"wb_protected":true}}
{"address":"0x7ffe49084130", "type":"IMEMO", "imemo_type":"ment", "references":["0x7ffe490bf988"], "memsize":48, "flags":{"wb_protected":true}}
{"address":"0x7ffe49084158", "type":"STRING", "class":"0x7ffe490be858", "frozen":true, "embedded":true, "fstring":true, "bytesize":18, "value":"_enumerable_reject", "encoding":"US-ASCII", "memsize":40, "flags":{"wb_protected":true}}
{"address":"0x7ffe49084180", "type":"IMEMO", "class":"0x7ffe490845e0", "imemo_type":"ment", "references":["0x7ffe490841a8"], "memsize":48, "flags":{"wb_protected":true}}
{"address":"0x7ffe490841a8", "type":"IMEMO", "imemo_type":"ment", "references":["0x7ffe490bf988"], "memsize":48, "flags":{"wb_protected":true}}
{"address":"0x7ffe490841d0", "type":"STRING", "class":"0x7ffe490be858", "frozen":true, "embedded":true, "fstring":true, "bytesize":22, "value":"_enumerable_filter_map", "encoding":"US-ASCII", "memsize":40, "flags":{"wb_protected":true}}
{"address":"0x7ffe490841f8", "type":"IMEMO", "class":"0x7ffe490845e0", "imemo_type":"ment", "references":["0x7ffe49084220"], "memsize":48, "flags":{"wb_protected":true}}
{"address":"0x7ffe49084220", "type":"IMEMO", "imemo_type":"ment", "references":["0x7ffe490bf988"], "memsize":48, "flags":{"wb_protected":true}}
{"address":"0x7ffe49084248", "type":"STRING", "class":"0x7ffe490be858", "frozen":true, "embedded":true, "fstring":true, "bytesize":18, "value":"_enumerable_filter", "encoding":"US-ASCII", "memsize":40, "flags":{"wb_protected":true}}
{"address":"0x7ffe49084270", "type":"IMEMO", "class":"0x7ffe490845e0", "imemo_type":"ment", "references":["0x7ffe49084298"], "memsize":48, "flags":{"wb_protected":true}}
{"address":"0x7ffe49084298", "type":"IMEMO", "imemo_type":"ment", "references":["0x7ffe490bf988"], "memsize":48, "flags":{"wb_protected":true}}
{"address":"0x7ffe490842c0", "type":"STRING", "class":"0x7ffe490be858", "frozen":true, "embedded":true, "fstring":true, "bytesize":20, "value":"_enumerable_find_all", "encoding":"US-ASCII", "memsize":40, "flags":{"wb_protected":true}}
{"address":"0x7ffe490842e8", "type":"IMEMO", "class":"0x7ffe490845e0", "imemo_type":"ment", "references":["0x7ffe49084310"], "memsize":48, "flags":{"wb_protected":true}}
{"address":"0x7ffe49084310", "type":"IMEMO", "imemo_type":"ment", "references":["0x7ffe490bf988"], "memsize":48, "flags":{"wb_protected":true}}
{"address":"0x7ffe49084338", "type":"STRING", "class":"0x7ffe490be858", "frozen":true, "embedded":true, "fstring":true, "bytesize":18, "value":"_enumerable_select", "encoding":"US-ASCII", "memsize":40, "flags":{"wb_protected":true}}
{"address":"0x7ffe49084360", "type":"IMEMO", "class":"0x7ffe490845e0", "imemo_type":"ment", "references":["0x7ffe49084388"], "memsize":48, "flags":{"wb_protected":true}}
{"address":"0x7ffe49084388", "type":"IMEMO", "imemo_type":"ment", "references":["0x7ffe490bf988"], "memsize":48, "flags":{"wb_protected":true}}
{"address":"0x7ffe490843b0", "type":"STRING", "class":"0x7ffe490be858", "frozen":true, "fstring":true, "bytesize":26, "value":"_enumerable_collect_concat", "encoding":"US-ASCII", "memsize":67, "flags":{"wb_protected":true}}
{"address":"0x7ffe490843d8", "type":"IMEMO", "class":"0x7ffe490845e0", "imemo_type":"ment", "references":["0x7ffe49084400"], "memsize":48, "flags":{"wb_protected":true}}
{"address":"0x7ffe49084400", "type":"IMEMO", "imemo_type":"ment", "references":["0x7ffe490bf988"], "memsize":48, "flags":{"wb_protected":true}}
{"address":"0x7ffe49084428", "type":"STRING", "class":"0x7ffe490be858", "frozen":true, "embedded":true, "fstring":true, "bytesize":20, "value":"_enumerable_flat_map", "encoding":"US-ASCII", "memsize":40, "flags":{"wb_protected":true}}
{"address":"0x7ffe49084450", "type":"IMEMO", "class":"0x7ffe490845e0", "imemo_type":"ment", "references":["0x7ffe49084478"], "memsize":48, "flags":{"wb_protected":true}}
{"address":"0x7ffe49084478", "type":"IMEMO", "imemo_type":"ment", "references":["0x7ffe490bf988"], "memsize":48, "flags":{"wb_protected":true}}
{"address":"0x7ffe490844a0", "type":"STRING", "class":"0x7ffe490be858", "frozen":true, "embedded":true, "fstring":true, "bytesize":19, "value":"_enumerable_collect", "encoding":"US-ASCII", "memsize":40, "flags":{"wb_protected":true}}
{"address":"0x7ffe490844c8", "type":"IMEMO", "class":"0x7ffe490845e0", "imemo_type":"ment", "references":["0x7ffe490844f0"], "memsize":48, "flags":{"wb_protected":true}}
{"address":"0x7ffe490844f0", "type":"IMEMO", "imemo_type":"ment", "references":["0x7ffe490bf988"], "memsize":48, "flags":{"wb_protected":true}}
{"address":"0x7ffe49084518", "type":"STRING", "class":"0x7ffe490be858", "frozen":true, "embedded":true, "fstring":true, "bytesize":15, "value":"_enumerable_map", "encoding":"US-ASCII", "memsize":40, "flags":{"wb_protected":true}}
{"address":"0x7ffe49084540", "type":"IMEMO", "imemo_type":"ment", "references":["0x7ffe490bf988"], "memsize":48, "flags":{"wb_protected":true}}
{"address":"0x7ffe49084568", "type":"STRING", "class":"0x7ffe490be858", "frozen":true, "embedded":true, "fstring":true, "bytesize":4, "value":"lazy", "encoding":"US-ASCII", "memsize":40, "flags":{"wb_protected":true}}
{"address":"0x7ffe49084590", "type":"STRING", "class":"0x7ffe490be858", "frozen":true, "embedded":true, "bytesize":16, "value":"Enumerator::Lazy", "encoding":"US-ASCII", "memsize":40, "flags":{"wb_protected":true}}
{"address":"0x7ffe490845b8", "type":"CLASS", "class":"0x7ffe490c5770", "references":["0x7ffe49084a18", "0x7ffe490b5730", "0x7ffe490845e0"], "memsize":584, "flags":{"wb_protected":true}}
{"address":"0x7ffe490845e0", "type":"CLASS", "class":"0x7ffe490845b8", "name":"Enumerator::Lazy", "references":["0x7ffe49084a40", "0x7ffe4907f860", "0x7ffe4907f838", "0x7ffe4907f810", "0x7ffe4907f7c0", "0x7ffe4907f8b0", "0x7ffe4907f7e8", "0x7ffe4907f8d8", "0x7ffe490844c8", "0x7ffe49084450", "0x7ffe490843d8", "0x7ffe49084360", "0x7ffe490842e8", "0x7ffe49084270", "0x7ffe490841f8", "0x7ffe49084180", "0x7ffe49084108", "0x7ffe49084090", "0x7ffe49084018", "0x7ffe4907ff68", "0x7ffe4907fef0", "0x7ffe4907fe78", "0x7ffe4907fe00", "0x7ffe4907fd88", "0x7ffe4907fd10", "0x7ffe4907fcc0", "0x7ffe4907fb80", "0x7ffe4907f748", "0x7ffe4907fc20", "0x7ffe4907f9f0", "0x7ffe4907f9c8", "0x7ffe4907fa90", "0x7ffe4907fab8", "0x7ffe4907fa68", "0x7ffe4907fa40", "0x7ffe4907fa18", "0x7ffe4907fb30", "0x7ffe4907fb58", "0x7ffe4907fb08", "0x7ffe4907fae0", "0x7ffe4907f9a0", "0x7ffe4907f978", "0x7ffe4907f950", "0x7ffe4907f928", "0x7ffe4907fbf8", "0x7ffe4907f900", "0x7ffe4907fbd0", "0x7ffe4907f888", "0x7ffe49084590"], "memsize":2520, "flags":{"wb_protected":true}}
{"address":"0x7ffe49084608", "type":"STRING", "class":"0x7ffe490be858", "frozen":true, "embedded":true, "fstring":true, "bytesize":4, "value":"Lazy", "encoding":"US-ASCII", "memsize":40, "flags":{"wb_protected":true}}
{"address":"0x7ffe49084630", "type":"IMEMO", "imemo_type":"ment", "references":["0x7ffe490bf988"], "memsize":48, "flags":{"wb_protected":true}}
{"address":"0x7ffe49084658", "type":"STRING", "class":"0x7ffe490be858", "frozen":true, "embedded":true, "fstring":true, "bytesize":5, "value":"chain", "encoding":"US-ASCII", "memsize":40, "flags":{"wb_protected":true}}
{"address":"0x7ffe49084680", "type":"IMEMO", "class":"0x7ffe49084a40", "imemo_type":"ment", "memsize":48, "flags":{"wb_protected":true}}
{"address":"0x7ffe490846a8", "type":"IMEMO", "class":"0x7ffe49084a40", "imemo_type":"ment", "memsize":48, "flags":{"wb_protected":true}}
{"address":"0x7ffe490846d0", "type":"IMEMO", "class":"0x7ffe49084a40", "imemo_type":"ment", "memsize":48, "flags":{"wb_protected":true}}
{"address":"0x7ffe490846f8", "type":"IMEMO", "class":"0x7ffe49084a40", "imemo_type":"ment", "memsize":48, "flags":{"wb_protected":true}}
{"address":"0x7ffe49084720", "type":"IMEMO", "class":"0x7ffe49084a40", "imemo_type":"ment", "memsize":48, "flags":{"wb_protected":true}}
{"address":"0x7ffe49084748", "type":"STRING", "class":"0x7ffe490be858", "frozen":true, "embedded":true, "fstring":true, "bytesize":4, "value":"feed", "encoding":"US-ASCII", "memsize":40, "flags":{"wb_protected":true}}
{"address":"0x7ffe49084770", "type":"IMEMO", "class":"0x7ffe49084a40", "imemo_type":"ment", "memsize":48, "flags":{"wb_protected":true}}
{"address":"0x7ffe49084798", "type":"STRING", "class":"0x7ffe490be858", "frozen":true, "embedded":true, "fstring":true, "bytesize":4, "value":"peek", "encoding":"US-ASCII", "memsize":40, "flags":{"wb_protected":true}}
{"address":"0x7ffe490847c0", "type":"IMEMO", "class":"0x7ffe49084a40", "imemo_type":"ment", "memsize":48, "flags":{"wb_protected":true}}
{"address":"0x7ffe490847e8", "type":"IMEMO", "class":"0x7ffe49084a40", "imemo_type":"ment", "memsize":48, "flags":{"wb_protected":true}}
{"address":"0x7ffe49084810", "type":"STRING", "class":"0x7ffe490be858", "frozen":true, "embedded":true, "fstring":true, "bytesize":11, "value":"peek_values", "encoding":"US-ASCII", "memsize":40, "flags":{"wb_protected":true}}
{"address":"0x7ffe49084838", "type":"IMEMO", "class":"0x7ffe49084a40", "imemo_type":"ment", "memsize":48, "flags":{"wb_protected":true}}
{"address":"0x7ffe49084860", "type":"STRING", "class":"0x7ffe490be858", "frozen":true, "embedded":true, "fstring":true, "bytesize":11, "value":"next_values", "encoding":"US-ASCII", "memsize":40, "flags":{"wb_protected":true}}
{"address":"0x7ffe49084888", "type":"IMEMO", "class":"0x7ffe49084a40", "imemo_type":"ment", "memsize":48, "flags":{"wb_protected":true}}
{"address":"0x7ffe490848b0", "type":"STRING", "class":"0x7ffe490be858", "frozen":true, "embedded":true, "fstring":true, "bytesize":11, "value":"with_object", "encoding":"US-ASCII", "memsize":40, "flags":{"wb_protected":true}}
{"address":"0x7ffe490848d8", "type":"IMEMO", "class":"0x7ffe49084a40", "imemo_type":"ment", "memsize":48, "flags":{"wb_protected":true}}
{"address":"0x7ffe49084900", "type":"STRING", "class":"0x7ffe490be858", "frozen":true, "embedded":true, "fstring":true, "bytesize":10, "value":"with_index", "encoding":"US-ASCII", "memsize":40, "flags":{"wb_protected":true}}
{"address":"0x7ffe49084928", "type":"IMEMO", "class":"0x7ffe49084a40", "imemo_type":"ment", "memsize":48, "flags":{"wb_protected":true}}
{"address":"0x7ffe49084950", "type":"IMEMO", "class":"0x7ffe49084a40", "imemo_type":"ment", "memsize":48, "flags":{"wb_protected":true}}
{"address":"0x7ffe49084978", "type":"IMEMO", "class":"0x7ffe49084a40", "imemo_type":"ment", "memsize":48, "flags":{"wb_protected":true}}
{"address":"0x7ffe490849a0", "type":"IMEMO", "class":"0x7ffe49084a40", "imemo_type":"ment", "memsize":48, "flags":{"wb_protected":true}}
{"address":"0x7ffe490849c8", "type":"IMEMO", "class":"0x7ffe49084a40", "imemo_type":"ment", "memsize":48, "flags":{"wb_protected":true}}
{"address":"0x7ffe490849f0", "type":"ICLASS", "class":"0x7ffe490bf988", "references":["0x7ffe490c68a0"], "memsize":40, "flags":{"wb_protected":true}}
{"address":"0x7ffe49084a18", "type":"CLASS", "class":"0x7ffe490c5770", "references":["0x7ffe490c5720", "0x7ffe4907f310", "0x7ffe490c6580", "0x7ffe49084a40"], "memsize":648, "flags":{"wb_protected":true}}
{"address":"0x7ffe49084a40", "type":"CLASS", "class":"0x7ffe49084a18", "name":"Enumerator", "references":["0x7ffe490849f0", "0x7ffe490848d8", "0x7ffe490849c8", "0x7ffe490849a0", "0x7ffe49084838", "0x7ffe49084888", "0x7ffe490847c0", "0x7ffe490847e8", "0x7ffe49084770", "0x7ffe49084720", "0x7ffe49084680", "0x7ffe490846f8", "0x7ffe490846d0", "0x7ffe49084950", "0x7ffe49084928", "0x7ffe490846a8", "0x7ffe49084978", "0x7ffe49084a68", "0x7ffe4907f3d8", "0x7ffe4907f2c0", "0x7ffe4907f130", "0x7ffe4907f658", "0x7ffe4907f518", "0x7ffe490845e0"], "memsize":1136, "flags":{"wb_protected":true}}
{"address":"0x7ffe49084a68", "type":"STRING", "class":"0x7ffe490be858", "frozen":true, "embedded":true, "fstring":true, "bytesize":10, "value":"Enumerator", "encoding":"US-ASCII", "memsize":40, "flags":{"wb_protected":true}}
{"address":"0x7ffe49084a90", "type":"IMEMO", "imemo_type":"ment", "references":["0x7ffe490c6620"], "memsize":48, "flags":{"wb_protected":true}}
{"address":"0x7ffe49084ab8", "type":"STRING", "class":"0x7ffe490be858", "frozen":true, "embedded":true, "fstring":true, "bytesize":8, "value":"enum_for", "encoding":"US-ASCII", "memsize":40, "flags":{"wb_protected":true}}
{"address":"0x7ffe49084ae0", "type":"IMEMO", "imemo_type":"ment", "references":["0x7ffe490c6620"], "memsize":48, "flags":{"wb_protected":true}}
{"address":"0x7ffe49084b08", "type":"STRING", "class":"0x7ffe490be858", "frozen":true, "embedded":true, "fstring":true, "bytesize":11, "value":"exclude_end", "encoding":"US-ASCII", "memsize":40, "flags":{"wb_protected":true}}
{"address":"0x7ffe49084b30", "type":"STRING", "class":"0x7ffe490be858", "frozen":true, "embedded":true, "fstring":true, "bytesize":7, "value":"to_enum", "encoding":"US-ASCII", "memsize":40, "flags":{"wb_protected":true}}
{"address":"0x7ffe49084b58", "type":"STRING", "class":"0x7ffe490be858", "frozen":true, "embedded":true, "fstring":true, "bytesize":5, "value":"force", "encoding":"US-ASCII", "memsize":40, "flags":{"wb_protected":true}}
{"address":"0x7ffe49084b80", "type":"STRING", "class":"0x7ffe490be858", "frozen":true, "embedded":true, "fstring":true, "bytesize":4, "value":"memo", "encoding":"US-ASCII", "memsize":40, "flags":{"wb_protected":true}}
{"address":"0x7ffe49084ba8", "type":"STRING", "class":"0x7ffe490be858", "frozen":true, "embedded":true, "fstring":true, "bytesize":9, "value":"arguments", "encoding":"US-ASCII", "memsize":40, "flags":{"wb_protected":true}}
{"address":"0x7ffe49084bd0", "type":"STRING", "class":"0x7ffe490be858", "frozen":true, "fstring":true, "bytesize":20, "value":"GC_ENABLE_LAZY_SWEEP", "encoding":"US-ASCII", "memsize":40, "flags":{"wb_protected":true}}
{"address":"0x7ffe49084bf8", "type":"STRING", "class":"0x7ffe490be858", "frozen":true, "fstring":true, "bytesize":25, "value":"RGENGC_ESTIMATE_OLDMALLOC", "encoding":"US-ASCII", "memsize":40, "flags":{"wb_protected":true}}
{"address":"0x7ffe49084c20", "type":"STRING", "class":"0x7ffe490be858", "frozen":true, "fstring":true, "bytesize":10, "value":"USE_RGENGC", "encoding":"US-ASCII", "memsize":40, "flags":{"wb_protected":true}}
{"address":"0x7ffe49084c48", "type":"STRING", "class":"0x7ffe490be858", "frozen":true, "embedded":true, "fstring":true, "bytesize":4, "value":"OPTS", "encoding":"US-ASCII", "memsize":40, "flags":{"wb_protected":true}}
{"address":"0x7ffe49084c70", "type":"ARRAY", "class":"0x7ffe490a67f8", "frozen":true, "length":3, "embedded":true, "references":["0x7ffe49084c20", "0x7ffe49084bf8", "0x7ffe49084bd0"], "memsize":40, "flags":{"wb_protected":true}}
{"address":"0x7ffe49084c98", "type":"IMEMO", "class":"0x7ffe49084d38", "imemo_type":"ment", "memsize":48, "flags":{"wb_protected":true}}
{"address":"0x7ffe49084cc0", "type":"STRING", "class":"0x7ffe490be858", "frozen":true, "fstring":true, "bytesize":42, "value":"verify_transient_heap_internal_consistency", "encoding":"US-ASCII", "memsize":83, "flags":{"wb_protected":true}}
{"address":"0x7ffe49084ce8", "type":"IMEMO", "class":"0x7ffe49084d38", "imemo_type":"ment", "memsize":48, "flags":{"wb_protected":true}}
{"address":"0x7ffe49084d10", "type":"STRING", "class":"0x7ffe490be858", "frozen":true, "fstring":true, "bytesize":27, "value":"verify_internal_consistency", "encoding":"US-ASCII", "memsize":68, "flags":{"wb_protected":true}}
{"address":"0x7ffe49084d38", "type":"CLASS", "class":"0x7ffe490c5748", "references":["0x7ffe490c6850", "0x7ffe4905e728", "0x7ffe4905e700", "0x7ffe4905e598", "0x7ffe4905e688", "0x7ffe4905e660", "0x7ffe4905e6d8", "0x7ffe4905e610", "0x7ffe4905e6b0", "0x7ffe4905e5c0", "0x7ffe4905e5e8", "0x7ffe4905e570", "0x7ffe4905e778", "0x7ffe49084ce8", "0x7ffe49084c98", "0x7ffe4905e638", "0x7ffe490c6468", "0x7ffe490c66c0", "0x7ffe49085828"], "memsize":1120, "flags":{"wb_protected":true}}
{"address":"0x7ffe49084d60", "type":"ICLASS", "class":"0x7ffe490bf988", "references":["0x7ffe490c68a0"], "memsize":40, "flags":{"wb_protected":true}}
{"address":"0x7ffe49084d88", "type":"IMEMO", "class":"0x7ffe49085008", "imemo_type":"ment", "memsize":48, "flags":{"wb_protected":true}}
{"address":"0x7ffe49084db0", "type":"IMEMO", "class":"0x7ffe49085008", "imemo_type":"ment", "memsize":48, "flags":{"wb_protected":true}}
{"address":"0x7ffe49084dd8", "type":"IMEMO", "class":"0x7ffe49085008", "imemo_type":"ment", "memsize":48, "flags":{"wb_protected":true}}
{"address":"0x7ffe49084e00", "type":"IMEMO", "class":"0x7ffe49085008", "imemo_type":"ment", "memsize":48, "flags":{"wb_protected":true}}
{"address":"0x7ffe49084e28", "type":"IMEMO", "class":"0x7ffe49085008", "imemo_type":"ment", "memsize":48, "flags":{"wb_protected":true}}
{"address":"0x7ffe49084e50", "type":"IMEMO", "class":"0x7ffe49085008", "imemo_type":"ment", "memsize":48, "flags":{"wb_protected":true}}
{"address":"0x7ffe49084e78", "type":"IMEMO", "class":"0x7ffe49085008", "imemo_type":"ment", "memsize":48, "flags":{"wb_protected":true}}
{"address":"0x7ffe49084ea0", "type":"IMEMO", "class":"0x7ffe49085008", "imemo_type":"ment", "memsize":48, "flags":{"wb_protected":true}}
{"address":"0x7ffe49084ec8", "type":"IMEMO", "class":"0x7ffe49085008", "imemo_type":"ment", "memsize":48, "flags":{"wb_protected":true}}
{"address":"0x7ffe49084ef0", "type":"IMEMO", "class":"0x7ffe49085008", "imemo_type":"ment", "memsize":48, "flags":{"wb_protected":true}}
{"address":"0x7ffe49084f18", "type":"IMEMO", "class":"0x7ffe49085008", "imemo_type":"ment", "memsize":48, "flags":{"wb_protected":true}}
{"address":"0x7ffe49084f40", "type":"IMEMO", "class":"0x7ffe49085008", "imemo_type":"ment", "memsize":48, "flags":{"wb_protected":true}}
{"address":"0x7ffe49084f68", "type":"IMEMO", "class":"0x7ffe49085008", "imemo_type":"ment", "memsize":48, "flags":{"wb_protected":true}}
{"address":"0x7ffe49084f90", "type":"IMEMO", "class":"0x7ffe49085008", "imemo_type":"ment", "memsize":48, "flags":{"wb_protected":true}}
{"address":"0x7ffe49084fb8", "type":"STRING", "class":"0x7ffe490be858", "frozen":true, "embedded":true, "bytesize":20, "value":"ObjectSpace::WeakMap", "encoding":"US-ASCII", "memsize":40, "flags":{"wb_protected":true}}
{"address":"0x7ffe49084fe0", "type":"CLASS", "class":"0x7ffe490c5770", "references":["0x7ffe490c5720", "0x7ffe49085008"], "memsize":472, "flags":{"wb_protected":true}}
{"address":"0x7ffe49085008", "type":"CLASS", "class":"0x7ffe49084fe0", "name":"ObjectSpace::WeakMap", "references":["0x7ffe49084d60", "0x7ffe49084e00", "0x7ffe49084dd8", "0x7ffe49084ef0", "0x7ffe49084ec8", "0x7ffe49084f68", "0x7ffe49084f90", "0x7ffe49084f18", "0x7ffe49084d88", "0x7ffe49084db0", "0x7ffe49084e28", "0x7ffe49084e50", "0x7ffe49084ea0", "0x7ffe49084e78", "0x7ffe49084f40", "0x7ffe49084fb8"], "memsize":984, "flags":{"wb_protected":true}}
{"address":"0x7ffe49085030", "type":"STRING", "class":"0x7ffe490be858", "frozen":true, "embedded":true, "fstring":true, "bytesize":7, "value":"WeakMap", "encoding":"US-ASCII", "memsize":40, "flags":{"wb_protected":true}}
{"address":"0x7ffe49085058", "type":"IMEMO", "class":"0x7ffe49085328", "imemo_type":"ment", "memsize":48, "flags":{"wb_protected":true}}
{"address":"0x7ffe49085080", "type":"IMEMO", "imemo_type":"ment", "references":["0x7ffe490853a0"], "memsize":48, "flags":{"wb_protected":true}}
{"address":"0x7ffe490850a8", "type":"STRING", "class":"0x7ffe490be858", "frozen":true, "embedded":true, "fstring":true, "bytesize":13, "value":"count_objects", "encoding":"US-ASCII", "memsize":40, "flags":{"wb_protected":true}}
{"address":"0x7ffe490850d0", "type":"IMEMO", "imemo_type":"ment", "references":["0x7ffe490c6620"], "memsize":48, "flags":{"wb_protected":true}}
{"address":"0x7ffe490850f8", "type":"IMEMO", "class":"0x7ffe490c68f0", "imemo_type":"ment", "memsize":48, "flags":{"wb_protected":true}}
{"address":"0x7ffe49085120", "type":"STRING", "class":"0x7ffe490be858", "frozen":true, "embedded":true, "fstring":true, "bytesize":6, "value":"__id__", "encoding":"US-ASCII", "memsize":40, "flags":{"wb_protected":true}}
{"address":"0x7ffe49085148", "type":"OBJECT", "class":"0x7ffe490b6c70", "frozen":true, "ivars":3, "references":["0x7ffe49085170"], "memsize":40, "flags":{"wb_protected":true}}
{"address":"0x7ffe49085170", "type":"STRING", "class":"0x7ffe490be858", "frozen":true, "bytesize":25, "value":"failed to allocate memory", "encoding":"US-ASCII", "memsize":40, "flags":{"wb_protected":true}}
{"address":"0x7ffe49085198", "type":"IMEMO", "class":"0x7ffe49085328", "imemo_type":"ment", "memsize":48, "flags":{"wb_protected":true}}
{"address":"0x7ffe490851c0", "type":"IMEMO", "imemo_type":"ment", "references":["0x7ffe490853a0"], "memsize":48, "flags":{"wb_protected":true}}
{"address":"0x7ffe490851e8", "type":"STRING", "class":"0x7ffe490be858", "frozen":true, "embedded":true, "fstring":true, "bytesize":7, "value":"_id2ref", "encoding":"US-ASCII", "memsize":40, "flags":{"wb_protected":true}}
{"address":"0x7ffe49085210", "type":"IMEMO", "class":"0x7ffe49085328", "imemo_type":"ment", "memsize":48, "flags":{"wb_protected":true}}
{"address":"0x7ffe49085238", "type":"IMEMO", "imemo_type":"ment", "references":["0x7ffe490853a0"], "memsize":48, "flags":{"wb_protected":true}}
{"address":"0x7ffe49085260", "type":"STRING", "class":"0x7ffe490be858", "frozen":true, "embedded":true, "fstring":true, "bytesize":18, "value":"undefine_finalizer", "encoding":"US-ASCII", "memsize":40, "flags":{"wb_protected":true}}
{"address":"0x7ffe49085288", "type":"IMEMO", "class":"0x7ffe49085328", "imemo_type":"ment", "memsize":48, "flags":{"wb_protected":true}}
{"address":"0x7ffe490852b0", "type":"IMEMO", "imemo_type":"ment", "references":["0x7ffe490853a0"], "memsize":48, "flags":{"wb_protected":true}}
{"address":"0x7ffe490852d8", "type":"STRING", "class":"0x7ffe490be858", "frozen":true, "embedded":true, "fstring":true, "bytesize":16, "value":"define_finalizer", "encoding":"US-ASCII", "memsize":40, "flags":{"wb_protected":true}}
{"address":"0x7ffe49085300", "type":"IMEMO", "class":"0x7ffe49085328", "imemo_type":"ment", "memsize":48, "flags":{"wb_protected":true}}
{"address":"0x7ffe49085328", "type":"CLASS", "class":"0x7ffe490c5748", "references":["0x7ffe490c6850", "0x7ffe490464e8", "0x7ffe49046498", "0x7ffe49046fb0", "0x7ffe49046f38", "0x7ffe49046ec0", "0x7ffe49046e48", "0x7ffe49046dd0", "0x7ffe49046d58", "0x7ffe49046ce0", "0x7ffe49046c68", "0x7ffe49046bf0", "0x7ffe49046b78", "0x7ffe49046b00", "0x7ffe49046948", "0x7ffe49046880", "0x7ffe49046808", "0x7ffe4905e4d0", "0x7ffe49046790", "0x7ffe49046718", "0x7ffe490466a0", "0x7ffe49046628", "0x7ffe490465b0", "0x7ffe49046538", "0x7ffe49085300", "0x7ffe49085288", "0x7ffe49085210", "0x7ffe49085198", "0x7ffe49085058", "0x7ffe49046290", "0x7ffe490468f8", "0x7ffe49046240", "0x7ffe490c6468", "0x7ffe490c66c0", "0x7ffe490464e8", "0x7ffe49046088", "0x7ffe49046290", "0x7ffe49046128", "0x7ffe490468f8", "0x7ffe49045fc0", "0x7ffe49046240", "0x7ffe4904cc08", "0x7ffe49045cf0", "0x7ffe49046498", "0x7ffe49045cc8", "0x7ffe490b5708", "0x7ffe4905e4f8", "0x7ffe490462e0", "0x7ffe490853a0"], "memsize":2080, "flags":{"wb_protected":true}}
{"address":"0x7ffe49085350", "type":"IMEMO", "imemo_type":"ment", "references":["0x7ffe490853a0"], "memsize":48, "flags":{"wb_protected":true}}
{"address":"0x7ffe49085378", "type":"STRING", "class":"0x7ffe490be858", "frozen":true, "embedded":true, "fstring":true, "bytesize":11, "value":"each_object", "encoding":"US-ASCII", "memsize":40, "flags":{"wb_protected":true}}
{"address":"0x7ffe490853a0", "type":"MODULE", "class":"0x7ffe49085328", "name":"ObjectSpace", "references":["0x7ffe49046510", "0x7ffe490464c0", "0x7ffe49046fd8", "0x7ffe49046f60", "0x7ffe49046ee8", "0x7ffe49046e70", "0x7ffe49046df8", "0x7ffe49046d80", "0x7ffe49046d08", "0x7ffe49046c90", "0x7ffe49046c18", "0x7ffe49046ba0", "0x7ffe49046b28", "0x7ffe49046970", "0x7ffe490468a8", "0x7ffe49046830", "0x7ffe4905e520", "0x7ffe490467b8", "0x7ffe49046740", "0x7ffe490466c8", "0x7ffe49046650", "0x7ffe490465d8", "0x7ffe49046560", "0x7ffe49085350", "0x7ffe490852b0", "0x7ffe49085238", "0x7ffe490851c0", "0x7ffe49085080", "0x7ffe490462b8", "0x7ffe49046920", "0x7ffe49046268", "0x7ffe490853c8", "0x7ffe49085008", "0x7ffe49046ab0", "0x7ffe490470f0"], "memsize":1584, "flags":{"wb_protected":true}}
{"address":"0x7ffe490853c8", "type":"STRING", "class":"0x7ffe490be858", "frozen":true, "embedded":true, "fstring":true, "bytesize":11, "value":"ObjectSpace", "encoding":"US-ASCII", "memsize":40, "flags":{"wb_protected":true}}
{"address":"0x7ffe490853f0", "type":"IMEMO", "class":"0x7ffe49085620", "imemo_type":"ment", "memsize":48, "flags":{"wb_protected":true}}
{"address":"0x7ffe49085418", "type":"STRING", "class":"0x7ffe490be858", "frozen":true, "embedded":true, "fstring":true, "bytesize":10, "value":"total_time", "encoding":"US-ASCII", "memsize":40, "flags":{"wb_protected":true}}
{"address":"0x7ffe49085440", "type":"IMEMO", "class":"0x7ffe49085620", "imemo_type":"ment", "memsize":48, "flags":{"wb_protected":true}}
{"address":"0x7ffe49085468", "type":"STRING", "class":"0x7ffe490be858", "frozen":true, "embedded":true, "fstring":true, "bytesize":6, "value":"report", "encoding":"US-ASCII", "memsize":40, "flags":{"wb_protected":true}}
{"address":"0x7ffe49085490", "type":"IMEMO", "class":"0x7ffe49085620", "imemo_type":"ment", "memsize":48, "flags":{"wb_protected":true}}
{"address":"0x7ffe490854b8", "type":"IMEMO", "class":"0x7ffe49085620", "imemo_type":"ment", "memsize":48, "flags":{"wb_protected":true}}
{"address":"0x7ffe490854e0", "type":"IMEMO", "class":"0x7ffe49085620", "imemo_type":"ment", "memsize":48, "flags":{"wb_protected":true}}
{"address":"0x7ffe49085508", "type":"STRING", "class":"0x7ffe490be858", "frozen":true, "embedded":true, "fstring":true, "bytesize":7, "value":"disable", "encoding":"US-ASCII", "memsize":40, "flags":{"wb_protected":true}}
{"address":"0x7ffe49085530", "type":"IMEMO", "class":"0x7ffe49085620", "imemo_type":"ment", "memsize":48, "flags":{"wb_protected":true}}
{"address":"0x7ffe49085558", "type":"STRING", "class":"0x7ffe490be858", "frozen":true, "embedded":true, "fstring":true, "bytesize":8, "value":"raw_data", "encoding":"US-ASCII", "memsize":40, "flags":{"wb_protected":true}}
{"address":"0x7ffe49085580", "type":"IMEMO", "class":"0x7ffe49085620", "imemo_type":"ment", "memsize":48, "flags":{"wb_protected":true}}
{"address":"0x7ffe490855a8", "type":"STRING", "class":"0x7ffe490be858", "frozen":true, "embedded":true, "fstring":true, "bytesize":6, "value":"enable", "encoding":"US-ASCII", "memsize":40, "flags":{"wb_protected":true}}
{"address":"0x7ffe490855d0", "type":"IMEMO", "class":"0x7ffe49085620", "imemo_type":"ment", "memsize":48, "flags":{"wb_protected":true}}
{"address":"0x7ffe490855f8", "type":"STRING", "class":"0x7ffe490be858", "frozen":true, "embedded":true, "fstring":true, "bytesize":8, "value":"enabled?", "encoding":"US-ASCII", "memsize":40, "flags":{"wb_protected":true}}
{"address":"0x7ffe49085620", "type":"CLASS", "class":"0x7ffe490c5748", "references":["0x7ffe490c6850", "0x7ffe49085490", "0x7ffe490854b8", "0x7ffe490855d0", "0x7ffe49085580", "0x7ffe49085530", "0x7ffe490854e0", "0x7ffe49085440", "0x7ffe490853f0", "0x7ffe49085698"], "memsize":728, "flags":{"wb_protected":true}}
{"address":"0x7ffe49085648", "type":"STRING", "class":"0x7ffe490be858", "frozen":true, "embedded":true, "bytesize":12, "value":"GC::Profiler", "encoding":"US-ASCII", "memsize":40, "flags":{"wb_protected":true}}
{"address":"0x7ffe49085670", "type":"STRING", "class":"0x7ffe490be858", "frozen":true, "embedded":true, "bytesize":12, "value":"GC::Profiler", "encoding":"US-ASCII", "memsize":40, "flags":{"wb_protected":true}}
{"address":"0x7ffe49085698", "type":"MODULE", "class":"0x7ffe49085620", "name":"GC::Profiler", "references":["0x7ffe49085648"], "memsize":472, "flags":{"wb_protected":true}}
{"address":"0x7ffe490856c0", "type":"STRING", "class":"0x7ffe490be858", "frozen":true, "embedded":true, "fstring":true, "bytesize":8, "value":"Profiler", "encoding":"US-ASCII", "memsize":40, "flags":{"wb_protected":true}}
{"address":"0x7ffe490856e8", "type":"STRING", "class":"0x7ffe490be858", "frozen":true, "embedded":true, "fstring":true, "bytesize":18, "value":"INTERNAL_CONSTANTS", "encoding":"US-ASCII", "memsize":40, "flags":{"wb_protected":true}}
{"address":"0x7ffe49085710", "type":"STRING", "class":"0x7ffe490be858", "frozen":true, "embedded":true, "fstring":true, "bytesize":14, "value":"HEAP_PAGE_SIZE", "encoding":"US-ASCII", "memsize":40, "flags":{"wb_protected":true}}
{"address":"0x7ffe49085738", "type":"STRING", "class":"0x7ffe490be858", "frozen":true, "embedded":true, "fstring":true, "bytesize":23, "value":"HEAP_PAGE_BITMAP_PLANES", "encoding":"US-ASCII", "memsize":40, "flags":{"wb_protected":true}}
{"address":"0x7ffe49085760", "type":"STRING", "class":"0x7ffe490be858", "frozen":true, "embedded":true, "fstring":true, "bytesize":21, "value":"HEAP_PAGE_BITMAP_SIZE", "encoding":"US-ASCII", "memsize":40, "flags":{"wb_protected":true}}
{"address":"0x7ffe49085788", "type":"STRING", "class":"0x7ffe490be858", "frozen":true, "embedded":true, "fstring":true, "bytesize":19, "value":"HEAP_PAGE_OBJ_LIMIT", "encoding":"US-ASCII", "memsize":40, "flags":{"wb_protected":true}}
{"address":"0x7ffe490857b0", "type":"STRING", "class":"0x7ffe490be858", "frozen":true, "embedded":true, "fstring":true, "bytesize":11, "value":"RVALUE_SIZE", "encoding":"US-ASCII", "memsize":40, "flags":{"wb_protected":true}}
{"address":"0x7ffe490857d8", "type":"STRING", "class":"0x7ffe490be858", "frozen":true, "embedded":true, "fstring":true, "bytesize":5, "value":"DEBUG", "encoding":"US-ASCII", "memsize":40, "flags":{"wb_protected":true}}
{"address":"0x7ffe49085800", "type":"HASH", "class":"0x7ffe490a4fe8", "frozen":true, "size":6, "memsize":168, "flags":{"wb_protected":true}}
{"address":"0x7ffe49085828", "type":"MODULE", "class":"0x7ffe49084d38", "name":"GC", "references":["0x7ffe4905e750", "0x7ffe49085850", "0x7ffe49084c70", "0x7ffe49085800", "0x7ffe49085698"], "memsize":624, "flags":{"wb_protected":true}}
{"address":"0x7ffe49085850", "type":"STRING", "class":"0x7ffe490be858", "frozen":true, "embedded":true, "fstring":true, "bytesize":2, "value":"GC", "encoding":"US-ASCII", "memsize":40, "flags":{"wb_protected":true}}
{"address":"0x7ffe49085878", "type":"IMEMO", "class":"0x7ffe49086430", "imemo_type":"ment", "memsize":48, "flags":{"wb_protected":true}}
{"address":"0x7ffe490858a0", "type":"IMEMO", "imemo_type":"ment", "references":["0x7ffe49086570"], "memsize":48, "flags":{"wb_protected":true}}
{"address":"0x7ffe490858c8", "type":"STRING", "class":"0x7ffe490be858", "frozen":true, "embedded":true, "fstring":true, "bytesize":6, "value":"lgamma", "encoding":"US-ASCII", "memsize":40, "flags":{"wb_protected":true}}
{"address":"0x7ffe490858f0", "type":"IMEMO", "class":"0x7ffe49086430", "imemo_type":"ment", "memsize":48, "flags":{"wb_protected":true}}
{"address":"0x7ffe49085918", "type":"IMEMO", "imemo_type":"ment", "references":["0x7ffe49086570"], "memsize":48, "flags":{"wb_protected":true}}
{"address":"0x7ffe49085940", "type":"STRING", "class":"0x7ffe490be858", "frozen":true, "embedded":true, "fstring":true, "bytesize":5, "value":"gamma", "encoding":"US-ASCII", "memsize":40, "flags":{"wb_protected":true}}
{"address":"0x7ffe49085968", "type":"IMEMO", "class":"0x7ffe49086430", "imemo_type":"ment", "memsize":48, "flags":{"wb_protected":true}}
{"address":"0x7ffe49085990", "type":"IMEMO", "imemo_type":"ment", "references":["0x7ffe49086570"], "memsize":48, "flags":{"wb_protected":true}}
{"address":"0x7ffe490859b8", "type":"STRING", "class":"0x7ffe490be858", "frozen":true, "embedded":true, "fstring":true, "bytesize":4, "value":"erfc", "encoding":"US-ASCII", "memsize":40, "flags":{"wb_protected":true}}
{"address":"0x7ffe490859e0", "type":"IMEMO", "class":"0x7ffe49086430", "imemo_type":"ment", "memsize":48, "flags":{"wb_protected":true}}
{"address":"0x7ffe49085a08", "type":"IMEMO", "imemo_type":"ment", "references":["0x7ffe49086570"], "memsize":48, "flags":{"wb_protected":true}}
{"address":"0x7ffe49085a30", "type":"STRING", "class":"0x7ffe490be858", "frozen":true, "embedded":true, "fstring":true, "bytesize":3, "value":"erf", "encoding":"US-ASCII", "memsize":40, "flags":{"wb_protected":true}}
{"address":"0x7ffe49085a58", "type":"IMEMO", "class":"0x7ffe49086430", "imemo_type":"ment", "memsize":48, "flags":{"wb_protected":true}}
{"address":"0x7ffe49085a80", "type":"IMEMO", "imemo_type":"ment", "references":["0x7ffe49086570"], "memsize":48, "flags":{"wb_protected":true}}
{"address":"0x7ffe49085aa8", "type":"STRING", "class":"0x7ffe490be858", "frozen":true, "embedded":true, "fstring":true, "bytesize":5, "value":"hypot", "encoding":"US-ASCII", "memsize":40, "flags":{"wb_protected":true}}
{"address":"0x7ffe49085ad0", "type":"IMEMO", "class":"0x7ffe49086430", "imemo_type":"ment", "memsize":48, "flags":{"wb_protected":true}}
{"address":"0x7ffe49085af8", "type":"IMEMO", "imemo_type":"ment", "references":["0x7ffe49086570"], "memsize":48, "flags":{"wb_protected":true}}
{"address":"0x7ffe49085b20", "type":"STRING", "class":"0x7ffe490be858", "frozen":true, "embedded":true, "fstring":true, "bytesize":5, "value":"ldexp", "encoding":"US-ASCII", "memsize":40, "flags":{"wb_protected":true}}
{"address":"0x7ffe49085b48", "type":"IMEMO", "class":"0x7ffe49086430", "imemo_type":"ment", "memsize":48, "flags":{"wb_protected":true}}
{"address":"0x7ffe49085b70", "type":"IMEMO", "imemo_type":"ment", "references":["0x7ffe49086570"], "memsize":48, "flags":{"wb_protected":true}}
{"address":"0x7ffe49085b98", "type":"STRING", "class":"0x7ffe490be858", "frozen":true, "embedded":true, "fstring":true, "bytesize":5, "value":"frexp", "encoding":"US-ASCII", "memsize":40, "flags":{"wb_protected":true}}
{"address":"0x7ffe49085bc0", "type":"IMEMO", "class":"0x7ffe49086430", "imemo_type":"ment", "memsize":48, "flags":{"wb_protected":true}}
{"address":"0x7ffe49085be8", "type":"IMEMO", "imemo_type":"ment", "references":["0x7ffe49086570"], "memsize":48, "flags":{"wb_protected":true}}
{"address":"0x7ffe49085c10", "type":"STRING", "class":"0x7ffe490be858", "frozen":true, "embedded":true, "fstring":true, "bytesize":4, "value":"cbrt", "encoding":"US-ASCII", "memsize":40, "flags":{"wb_protected":true}}
{"address":"0x7ffe49085c38", "type":"IMEMO", "class":"0x7ffe49086430", "imemo_type":"ment", "memsize":48, "flags":{"wb_protected":true}}
{"address":"0x7ffe49085c60", "type":"IMEMO", "imemo_type":"ment", "references":["0x7ffe49086570"], "memsize":48, "flags":{"wb_protected":true}}
{"address":"0x7ffe49085c88", "type":"IMEMO", "class":"0x7ffe49086430", "imemo_type":"ment", "memsize":48, "flags":{"wb_protected":true}}
{"address":"0x7ffe49085cb0", "type":"IMEMO", "imemo_type":"ment", "references":["0x7ffe49086570"], "memsize":48, "flags":{"wb_protected":true}}
{"address":"0x7ffe49085cd8", "type":"STRING", "class":"0x7ffe490be858", "frozen":true, "embedded":true, "fstring":true, "bytesize":5, "value":"log10", "encoding":"US-ASCII", "memsize":40, "flags":{"wb_protected":true}}
{"address":"0x7ffe49085d00", "type":"IMEMO", "class":"0x7ffe49086430", "imemo_type":"ment", "memsize":48, "flags":{"wb_protected":true}}
{"address":"0x7ffe49085d28", "type":"IMEMO", "imemo_type":"ment", "references":["0x7ffe49086570"], "memsize":48, "flags":{"wb_protected":true}}
{"address":"0x7ffe49085d50", "type":"STRING", "class":"0x7ffe490be858", "frozen":true, "embedded":true, "fstring":true, "bytesize":4, "value":"log2", "encoding":"US-ASCII", "memsize":40, "flags":{"wb_protected":true}}
{"address":"0x7ffe49085d78", "type":"IMEMO", "class":"0x7ffe49086430", "imemo_type":"ment", "memsize":48, "flags":{"wb_protected":true}}
{"address":"0x7ffe49085da0", "type":"IMEMO", "imemo_type":"ment", "references":["0x7ffe49086570"], "memsize":48, "flags":{"wb_protected":true}}
{"address":"0x7ffe49085dc8", "type":"STRING", "class":"0x7ffe490be858", "frozen":true, "embedded":true, "fstring":true, "bytesize":3, "value":"log", "encoding":"US-ASCII", "memsize":40, "flags":{"wb_protected":true}}
{"address":"0x7ffe49085df0", "type":"IMEMO", "class":"0x7ffe49086430", "imemo_type":"ment", "memsize":48, "flags":{"wb_protected":true}}
{"address":"0x7ffe49085e18", "type":"IMEMO", "imemo_type":"ment", "references":["0x7ffe49086570"], "memsize":48, "flags":{"wb_protected":true}}
{"address":"0x7ffe49085e40", "type":"STRING", "class":"0x7ffe490be858", "frozen":true, "embedded":true, "fstring":true, "bytesize":3, "value":"exp", "encoding":"US-ASCII", "memsize":40, "flags":{"wb_protected":true}}
{"address":"0x7ffe49085e68", "type":"IMEMO", "class":"0x7ffe49086430", "imemo_type":"ment", "memsize":48, "flags":{"wb_protected":true}}
{"address":"0x7ffe49085e90", "type":"IMEMO", "imemo_type":"ment", "references":["0x7ffe49086570"], "memsize":48, "flags":{"wb_protected":true}}
{"address":"0x7ffe49085eb8", "type":"STRING", "class":"0x7ffe490be858", "frozen":true, "embedded":true, "fstring":true, "bytesize":5, "value":"atanh", "encoding":"US-ASCII", "memsize":40, "flags":{"wb_protected":true}}
{"address":"0x7ffe49085ee0", "type":"IMEMO", "class":"0x7ffe49086430", "imemo_type":"ment", "memsize":48, "flags":{"wb_protected":true}}
{"address":"0x7ffe49085f08", "type":"IMEMO", "imemo_type":"ment", "references":["0x7ffe49086570"], "memsize":48, "flags":{"wb_protected":true}}
{"address":"0x7ffe49085f30", "type":"STRING", "class":"0x7ffe490be858", "frozen":true, "embedded":true, "fstring":true, "bytesize":5, "value":"asinh", "encoding":"US-ASCII", "memsize":40, "flags":{"wb_protected":true}}
{"address":"0x7ffe49085f58", "type":"IMEMO", "class":"0x7ffe49086430", "imemo_type":"ment", "memsize":48, "flags":{"wb_protected":true}}
{"address":"0x7ffe49085f80", "type":"IMEMO", "imemo_type":"ment", "references":["0x7ffe49086570"], "memsize":48, "flags":{"wb_protected":true}}
{"address":"0x7ffe49085fa8", "type":"STRING", "class":"0x7ffe490be858", "frozen":true, "embedded":true, "fstring":true, "bytesize":5, "value":"acosh", "encoding":"US-ASCII", "memsize":40, "flags":{"wb_protected":true}}
{"address":"0x7ffe49085fd0", "type":"IMEMO", "class":"0x7ffe49086430", "imemo_type":"ment", "memsize":48, "flags":{"wb_protected":true}}
{"address":"0x7ffe49085ff8", "type":"IMEMO", "imemo_type":"ment", "references":["0x7ffe49086570"], "memsize":48, "flags":{"wb_protected":true}}
{"address":"0x7ffe49086020", "type":"STRING", "class":"0x7ffe490be858", "frozen":true, "embedded":true, "fstring":true, "bytesize":4, "value":"tanh", "encoding":"US-ASCII", "memsize":40, "flags":{"wb_protected":true}}
{"address":"0x7ffe49086048", "type":"IMEMO", "class":"0x7ffe49086430", "imemo_type":"ment", "memsize":48, "flags":{"wb_protected":true}}
{"address":"0x7ffe49086070", "type":"IMEMO", "imemo_type":"ment", "references":["0x7ffe49086570"], "memsize":48, "flags":{"wb_protected":true}}
{"address":"0x7ffe49086098", "type":"STRING", "class":"0x7ffe490be858", "frozen":true, "embedded":true, "fstring":true, "bytesize":4, "value":"sinh", "encoding":"US-ASCII", "memsize":40, "flags":{"wb_protected":true}}
{"address":"0x7ffe490860c0", "type":"IMEMO", "class":"0x7ffe49086430", "imemo_type":"ment", "memsize":48, "flags":{"wb_protected":true}}
{"address":"0x7ffe490860e8", "type":"IMEMO", "imemo_type":"ment", "references":["0x7ffe49086570"], "memsize":48, "flags":{"wb_protected":true}}
{"address":"0x7ffe49086110", "type":"STRING", "class":"0x7ffe490be858", "frozen":true, "embedded":true, "fstring":true, "bytesize":4, "value":"cosh", "encoding":"US-ASCII", "memsize":40, "flags":{"wb_protected":true}}
{"address":"0x7ffe49086138", "type":"IMEMO", "class":"0x7ffe49086430", "imemo_type":"ment", "memsize":48, "flags":{"wb_protected":true}}
{"address":"0x7ffe49086160", "type":"IMEMO", "imemo_type":"ment", "references":["0x7ffe49086570"], "memsize":48, "flags":{"wb_protected":true}}
{"address":"0x7ffe49086188", "type":"STRING", "class":"0x7ffe490be858", "frozen":true, "embedded":true, "fstring":true, "bytesize":4, "value":"atan", "encoding":"US-ASCII", "memsize":40, "flags":{"wb_protected":true}}
{"address":"0x7ffe490861b0", "type":"IMEMO", "class":"0x7ffe49086430", "imemo_type":"ment", "memsize":48, "flags":{"wb_protected":true}}
{"address":"0x7ffe490861d8", "type":"IMEMO", "imemo_type":"ment", "references":["0x7ffe49086570"], "memsize":48, "flags":{"wb_protected":true}}
{"address":"0x7ffe49086200", "type":"STRING", "class":"0x7ffe490be858", "frozen":true, "embedded":true, "fstring":true, "bytesize":4, "value":"asin", "encoding":"US-ASCII", "memsize":40, "flags":{"wb_protected":true}}
{"address":"0x7ffe49086228", "type":"IMEMO", "class":"0x7ffe49086430", "imemo_type":"ment", "memsize":48, "flags":{"wb_protected":true}}
{"address":"0x7ffe49086250", "type":"IMEMO", "imemo_type":"ment", "references":["0x7ffe49086570"], "memsize":48, "flags":{"wb_protected":true}}
{"address":"0x7ffe49086278", "type":"STRING", "class":"0x7ffe490be858", "frozen":true, "embedded":true, "fstring":true, "bytesize":4, "value":"acos", "encoding":"US-ASCII", "memsize":40, "flags":{"wb_protected":true}}
{"address":"0x7ffe490862a0", "type":"IMEMO", "class":"0x7ffe49086430", "imemo_type":"ment", "memsize":48, "flags":{"wb_protected":true}}
{"address":"0x7ffe490862c8", "type":"IMEMO", "imemo_type":"ment", "references":["0x7ffe49086570"], "memsize":48, "flags":{"wb_protected":true}}
{"address":"0x7ffe490862f0", "type":"STRING", "class":"0x7ffe490be858", "frozen":true, "embedded":true, "fstring":true, "bytesize":3, "value":"tan", "encoding":"US-ASCII", "memsize":40, "flags":{"wb_protected":true}}
{"address":"0x7ffe49086318", "type":"IMEMO", "class":"0x7ffe49086430", "imemo_type":"ment", "memsize":48, "flags":{"wb_protected":true}}
{"address":"0x7ffe49086340", "type":"IMEMO", "imemo_type":"ment", "references":["0x7ffe49086570"], "memsize":48, "flags":{"wb_protected":true}}
{"address":"0x7ffe49086368", "type":"STRING", "class":"0x7ffe490be858", "frozen":true, "embedded":true, "fstring":true, "bytesize":3, "value":"sin", "encoding":"US-ASCII", "memsize":40, "flags":{"wb_protected":true}}
{"address":"0x7ffe49086390", "type":"IMEMO", "class":"0x7ffe49086430", "imemo_type":"ment", "memsize":48, "flags":{"wb_protected":true}}
{"address":"0x7ffe490863b8", "type":"IMEMO", "imemo_type":"ment", "references":["0x7ffe49086570"], "memsize":48, "flags":{"wb_protected":true}}
{"address":"0x7ffe490863e0", "type":"STRING", "class":"0x7ffe490be858", "frozen":true, "embedded":true, "fstring":true, "bytesize":3, "value":"cos", "encoding":"US-ASCII", "memsize":40, "flags":{"wb_protected":true}}
{"address":"0x7ffe49086408", "type":"IMEMO", "class":"0x7ffe49086430", "imemo_type":"ment", "memsize":48, "flags":{"wb_protected":true}}
{"address":"0x7ffe49086430", "type":"CLASS", "class":"0x7ffe490c5748", "references":["0x7ffe490c6850", "0x7ffe49086408", "0x7ffe49086390", "0x7ffe49086318", "0x7ffe490862a0", "0x7ffe49086228", "0x7ffe490861b0", "0x7ffe49086138", "0x7ffe490860c0", "0x7ffe49086048", "0x7ffe49085fd0", "0x7ffe49085f58", "0x7ffe49085ee0", "0x7ffe49085e68", "0x7ffe49085df0", "0x7ffe49085d78", "0x7ffe49085d00", "0x7ffe49085c88", "0x7ffe49085bc0", "0x7ffe49085b48", "0x7ffe49085ad0", "0x7ffe49085a58", "0x7ffe490859e0", "0x7ffe49085968", "0x7ffe490858f0", "0x7ffe49085878", "0x7ffe49085c38", "0x7ffe49086570"], "memsize":1496, "flags":{"wb_protected":true}}
{"address":"0x7ffe49086458", "type":"IMEMO", "imemo_type":"ment", "references":["0x7ffe49086570"], "memsize":48, "flags":{"wb_protected":true}}
{"address":"0x7ffe49086480", "type":"STRING", "class":"0x7ffe490be858", "frozen":true, "embedded":true, "fstring":true, "bytesize":5, "value":"atan2", "encoding":"US-ASCII", "memsize":40, "flags":{"wb_protected":true}}
{"address":"0x7ffe490864a8", "type":"STRING", "class":"0x7ffe490be858", "frozen":true, "embedded":true, "fstring":true, "bytesize":2, "value":"PI", "encoding":"US-ASCII", "memsize":40, "flags":{"wb_protected":true}}
{"address":"0x7ffe490864d0", "type":"STRING", "class":"0x7ffe490be858", "frozen":true, "embedded":true, "bytesize":17, "value":"Math::DomainError", "encoding":"US-ASCII", "memsize":40, "flags":{"wb_protected":true}}
{"address":"0x7ffe490864f8", "type":"CLASS", "class":"0x7ffe490c5770", "references":["0x7ffe490b7800", "0x7ffe49086520"], "memsize":472, "flags":{"wb_protected":true}}
{"address":"0x7ffe49086520", "type":"CLASS", "class":"0x7ffe490864f8", "name":"Math::DomainError", "references":["0x7ffe490b7828", "0x7ffe490864d0"], "memsize":472, "flags":{"wb_protected":true}}
{"address":"0x7ffe49086548", "type":"STRING", "class":"0x7ffe490be858", "frozen":true, "embedded":true, "fstring":true, "bytesize":11, "value":"DomainError", "encoding":"US-ASCII", "memsize":40, "flags":{"wb_protected":true}}
{"address":"0x7ffe49086570", "type":"MODULE", "class":"0x7ffe49086430", "name":"Math", "references":["0x7ffe49086458", "0x7ffe490863b8", "0x7ffe49086340", "0x7ffe490862c8", "0x7ffe49086250", "0x7ffe490861d8", "0x7ffe49086160", "0x7ffe490860e8", "0x7ffe49086070", "0x7ffe49085ff8", "0x7ffe49085f80", "0x7ffe49085f08", "0x7ffe49085e90", "0x7ffe49085e18", "0x7ffe49085da0", "0x7ffe49085d28", "0x7ffe49085cb0", "0x7ffe49085be8", "0x7ffe49085b70", "0x7ffe49085af8", "0x7ffe49085a80", "0x7ffe49085a08", "0x7ffe49085990", "0x7ffe49085918", "0x7ffe490858a0", "0x7ffe49085c60", "0x7ffe49086598", "0x7ffe49086520"], "memsize":1584, "flags":{"wb_protected":true}}
{"address":"0x7ffe49086598", "type":"STRING", "class":"0x7ffe490be858", "frozen":true, "embedded":true, "fstring":true, "bytesize":4, "value":"Math", "encoding":"US-ASCII", "memsize":40, "flags":{"wb_protected":true}}
{"address":"0x7ffe490865c0", "type":"IMEMO", "class":"0x7ffe490c5a90", "imemo_type":"ment", "memsize":48, "flags":{"wb_protected":true}}
{"address":"0x7ffe490865e8", "type":"IMEMO", "imemo_type":"ment", "references":["0x7ffe490c6620"], "memsize":48, "flags":{"wb_protected":true}}
{"address":"0x7ffe49086610", "type":"IMEMO", "class":"0x7ffe49086840", "imemo_type":"ment", "memsize":48, "flags":{"wb_protected":true}}
{"address":"0x7ffe49086638", "type":"IMEMO", "class":"0x7ffe49086840", "imemo_type":"ment", "memsize":48, "flags":{"wb_protected":true}}
{"address":"0x7ffe49086660", "type":"IMEMO", "class":"0x7ffe49086840", "imemo_type":"ment", "memsize":48, "flags":{"wb_protected":true}}
{"address":"0x7ffe49086688", "type":"STRING", "class":"0x7ffe490be858", "frozen":true, "embedded":true, "fstring":true, "bytesize":23, "value":"local_variable_defined?", "encoding":"US-ASCII", "memsize":40, "flags":{"wb_protected":true}}
{"address":"0x7ffe490866b0", "type":"IMEMO", "class":"0x7ffe49086840", "imemo_type":"ment", "memsize":48, "flags":{"wb_protected":true}}
{"address":"0x7ffe490866d8", "type":"STRING", "class":"0x7ffe490be858", "frozen":true, "embedded":true, "fstring":true, "bytesize":18, "value":"local_variable_set", "encoding":"US-ASCII", "memsize":40, "flags":{"wb_protected":true}}
{"address":"0x7ffe49086700", "type":"IMEMO", "class":"0x7ffe49086840", "imemo_type":"ment", "memsize":48, "flags":{"wb_protected":true}}
{"address":"0x7ffe49086728", "type":"STRING", "class":"0x7ffe490be858", "frozen":true, "embedded":true, "fstring":true, "bytesize":18, "value":"local_variable_get", "encoding":"US-ASCII", "memsize":40, "flags":{"wb_protected":true}}
{"address":"0x7ffe49086750", "type":"IMEMO", "class":"0x7ffe49086840", "imemo_type":"ment", "memsize":48, "flags":{"wb_protected":true}}
{"address":"0x7ffe49086778", "type":"IMEMO", "class":"0x7ffe49086840", "imemo_type":"ment", "memsize":48, "flags":{"wb_protected":true}}
{"address":"0x7ffe490867a0", "type":"IMEMO", "class":"0x7ffe49086840", "imemo_type":"ment", "memsize":48, "flags":{"wb_protected":true}}
{"address":"0x7ffe490867c8", "type":"IMEMO", "class":"0x7ffe49086840", "imemo_type":"ment", "memsize":48, "flags":{"wb_protected":true}}
{"address":"0x7ffe490867f0", "type":"IMEMO", "class":"0x7ffe49086818", "imemo_type":"ment", "memsize":48, "flags":{"wb_protected":true}}
{"address":"0x7ffe49086818", "type":"CLASS", "class":"0x7ffe490c5770", "references":["0x7ffe490c5720", "0x7ffe490867f0", "0x7ffe490c6468", "0x7ffe49086840"], "memsize":648, "flags":{"wb_protected":true}}
{"address":"0x7ffe49086840", "type":"CLASS", "class":"0x7ffe49086818", "name":"Binding", "references":["0x7ffe490c68a0", "0x7ffe49086778", "0x7ffe49086700", "0x7ffe490866b0", "0x7ffe49086660", "0x7ffe49086638", "0x7ffe4904dab8", "0x7ffe490867c8", "0x7ffe49086750", "0x7ffe49086610", "0x7ffe490867a0", "0x7ffe49086868"], "memsize":728, "flags":{"wb_protected":true}}
{"address":"0x7ffe49086868", "type":"STRING", "class":"0x7ffe490be858", "frozen":true, "embedded":true, "fstring":true, "bytesize":7, "value":"Binding", "encoding":"US-ASCII", "memsize":40, "flags":{"wb_protected":true}}
{"address":"0x7ffe49086890", "type":"IMEMO", "class":"0x7ffe490c4488", "imemo_type":"ment", "memsize":48, "flags":{"wb_protected":true}}
{"address":"0x7ffe490868b8", "type":"IMEMO", "imemo_type":"ment", "references":["0x7ffe490c6620"], "memsize":48, "flags":{"wb_protected":true}}
{"address":"0x7ffe490868e0", "type":"STRING", "class":"0x7ffe490be858", "frozen":true, "embedded":true, "fstring":true, "bytesize":23, "value":"define_singleton_method", "encoding":"US-ASCII", "memsize":40, "flags":{"wb_protected":true}}
{"address":"0x7ffe49086908", "type":"IMEMO", "class":"0x7ffe490c6850", "imemo_type":"ment", "memsize":48, "flags":{"wb_protected":true}}
{"address":"0x7ffe49086930", "type":"STRING", "class":"0x7ffe490be858", "frozen":true, "embedded":true, "fstring":true, "bytesize":13, "value":"define_method", "encoding":"US-ASCII", "memsize":40, "flags":{"wb_protected":true}}
{"address":"0x7ffe49086958", "type":"IMEMO", "class":"0x7ffe490c6850", "imemo_type":"ment", "memsize":48, "flags":{"wb_protected":true}}
{"address":"0x7ffe49086980", "type":"STRING", "class":"0x7ffe490be858", "frozen":true, "embedded":true, "fstring":true, "bytesize":22, "value":"public_instance_method", "encoding":"US-ASCII", "memsize":40, "flags":{"wb_protected":true}}
{"address":"0x7ffe490869a8", "type":"IMEMO", "class":"0x7ffe490c6850", "imemo_type":"ment", "memsize":48, "flags":{"wb_protected":true}}
{"address":"0x7ffe490869d0", "type":"STRING", "class":"0x7ffe490be858", "frozen":true, "embedded":true, "fstring":true, "bytesize":15, "value":"instance_method", "encoding":"US-ASCII", "memsize":40, "flags":{"wb_protected":true}}
{"address":"0x7ffe490869f8", "type":"IMEMO", "class":"0x7ffe49086cf0", "imemo_type":"ment", "memsize":48, "flags":{"wb_protected":true}}
{"address":"0x7ffe49086a20", "type":"IMEMO", "class":"0x7ffe49086cf0", "imemo_type":"ment", "memsize":48, "flags":{"wb_protected":true}}
{"address":"0x7ffe49086a48", "type":"IMEMO", "class":"0x7ffe49086cf0", "imemo_type":"ment", "memsize":48, "flags":{"wb_protected":true}}
{"address":"0x7ffe49086a70", "type":"IMEMO", "class":"0x7ffe49086cf0", "imemo_type":"ment", "memsize":48, "flags":{"wb_protected":true}}
{"address":"0x7ffe49086a98", "type":"STRING", "class":"0x7ffe490be858", "frozen":true, "embedded":true, "fstring":true, "bytesize":9, "value":"bind_call", "encoding":"US-ASCII", "memsize":40, "flags":{"wb_protected":true}}
{"address":"0x7ffe49086ac0", "type":"IMEMO", "class":"0x7ffe49086cf0", "imemo_type":"ment", "memsize":48, "flags":{"wb_protected":true}}
{"address":"0x7ffe49086ae8", "type":"STRING", "class":"0x7ffe490be858", "frozen":true, "embedded":true, "fstring":true, "bytesize":4, "value":"bind", "encoding":"US-ASCII", "memsize":40, "flags":{"wb_protected":true}}
{"address":"0x7ffe49086b10", "type":"IMEMO", "class":"0x7ffe49086cf0", "imemo_type":"ment", "memsize":48, "flags":{"wb_protected":true}}
{"address":"0x7ffe49086b38", "type":"IMEMO", "class":"0x7ffe49086cf0", "imemo_type":"ment", "memsize":48, "flags":{"wb_protected":true}}
{"address":"0x7ffe49086b60", "type":"IMEMO", "class":"0x7ffe49086cf0", "imemo_type":"ment", "memsize":48, "flags":{"wb_protected":true}}
{"address":"0x7ffe49086b88", "type":"IMEMO", "class":"0x7ffe49086cf0", "imemo_type":"ment", "memsize":48, "flags":{"wb_protected":true}}
{"address":"0x7ffe49086bb0", "type":"IMEMO", "class":"0x7ffe49086cf0", "imemo_type":"ment", "memsize":48, "flags":{"wb_protected":true}}
{"address":"0x7ffe49086bd8", "type":"IMEMO", "class":"0x7ffe49086cf0", "imemo_type":"ment", "memsize":48, "flags":{"wb_protected":true}}
{"address":"0x7ffe49086c00", "type":"IMEMO", "class":"0x7ffe49086cf0", "imemo_type":"ment", "memsize":48, "flags":{"wb_protected":true}}
{"address":"0x7ffe49086c28", "type":"IMEMO", "class":"0x7ffe49086cf0", "imemo_type":"ment", "memsize":48, "flags":{"wb_protected":true}}
{"address":"0x7ffe49086c50", "type":"IMEMO", "class":"0x7ffe49086cf0", "imemo_type":"ment", "memsize":48, "flags":{"wb_protected":true}}
{"address":"0x7ffe49086c78", "type":"IMEMO", "class":"0x7ffe49086cf0", "imemo_type":"ment", "memsize":48, "flags":{"wb_protected":true}}
{"address":"0x7ffe49086ca0", "type":"IMEMO", "class":"0x7ffe49086cc8", "imemo_type":"ment", "memsize":48, "flags":{"wb_protected":true}}
{"address":"0x7ffe49086cc8", "type":"CLASS", "class":"0x7ffe490c5770", "references":["0x7ffe490c5720", "0x7ffe49086ca0", "0x7ffe49086cf0"], "memsize":536, "flags":{"wb_protected":true}}
{"address":"0x7ffe49086cf0", "type":"CLASS", "class":"0x7ffe49086cc8", "name":"UnboundMethod", "references":["0x7ffe490c68a0", "0x7ffe49086bd8", "0x7ffe49086a48", "0x7ffe49086a20", "0x7ffe49086c78", "0x7ffe49086b88", "0x7ffe49086bb0", "0x7ffe49086b38", "0x7ffe49086b10", "0x7ffe490869f8", "0x7ffe49086ac0", "0x7ffe49086c50", "0x7ffe49086c00", "0x7ffe49086c28", "0x7ffe49086a70", "0x7ffe49086b60", "0x7ffe49086d18"], "memsize":984, "flags":{"wb_protected":true}}
{"address":"0x7ffe49086d18", "type":"STRING", "class":"0x7ffe490be858", "frozen":true, "embedded":true, "fstring":true, "bytesize":13, "value":"UnboundMethod", "encoding":"US-ASCII", "memsize":40, "flags":{"wb_protected":true}}
{"address":"0x7ffe49086d40", "type":"IMEMO", "imemo_type":"ment", "references":["0x7ffe490c6620"], "memsize":48, "flags":{"wb_protected":true}}
{"address":"0x7ffe49086d68", "type":"STRING", "class":"0x7ffe490be858", "frozen":true, "embedded":true, "fstring":true, "bytesize":16, "value":"singleton_method", "encoding":"US-ASCII", "memsize":40, "flags":{"wb_protected":true}}
{"address":"0x7ffe49086d90", "type":"IMEMO", "imemo_type":"ment", "references":["0x7ffe490c6620"], "memsize":48, "flags":{"wb_protected":true}}
{"address":"0x7ffe49086db8", "type":"STRING", "class":"0x7ffe490be858", "frozen":true, "embedded":true, "fstring":true, "bytesize":13, "value":"public_method", "encoding":"US-ASCII", "memsize":40, "flags":{"wb_protected":true}}
{"address":"0x7ffe49086de0", "type":"IMEMO", "imemo_type":"ment", "references":["0x7ffe490c6620"], "memsize":48, "flags":{"wb_protected":true}}
{"address":"0x7ffe49086e08", "type":"STRING", "class":"0x7ffe490be858", "frozen":true, "embedded":true, "fstring":true, "bytesize":6, "value":"method", "encoding":"US-ASCII", "memsize":40, "flags":{"wb_protected":true}}
{"address":"0x7ffe49086e30", "type":"IMEMO", "class":"0x7ffe49087290", "imemo_type":"ment", "memsize":48, "flags":{"wb_protected":true}}
{"address":"0x7ffe49086e58", "type":"STRING", "class":"0x7ffe490be858", "frozen":true, "embedded":true, "fstring":true, "bytesize":12, "value":"super_method", "encoding":"US-ASCII", "memsize":40, "flags":{"wb_protected":true}}
{"address":"0x7ffe49086e80", "type":"IMEMO", "class":"0x7ffe49087290", "imemo_type":"ment", "memsize":48, "flags":{"wb_protected":true}}
{"address":"0x7ffe49086ea8", "type":"IMEMO", "class":"0x7ffe49087290", "imemo_type":"ment", "memsize":48, "flags":{"wb_protected":true}}
{"address":"0x7ffe49086ed0", "type":"IMEMO", "class":"0x7ffe49087290", "imemo_type":"ment", "memsize":48, "flags":{"wb_protected":true}}
{"address":"0x7ffe49086ef8", "type":"STRING", "class":"0x7ffe490be858", "frozen":true, "embedded":true, "fstring":true, "bytesize":6, "value":"unbind", "encoding":"US-ASCII", "memsize":40, "flags":{"wb_protected":true}}
{"address":"0x7ffe49086f20", "type":"IMEMO", "class":"0x7ffe49087290", "imemo_type":"ment", "memsize":48, "flags":{"wb_protected":true}}
{"address":"0x7ffe49086f48", "type":"STRING", "class":"0x7ffe490be858", "frozen":true, "embedded":true, "fstring":true, "bytesize":5, "value":"owner", "encoding":"US-ASCII", "memsize":40, "flags":{"wb_protected":true}}
{"address":"0x7ffe49086f70", "type":"IMEMO", "class":"0x7ffe49087290", "imemo_type":"ment", "memsize":48, "flags":{"wb_protected":true}}
{"address":"0x7ffe49086f98", "type":"STRING", "class":"0x7ffe490be858", "frozen":true, "embedded":true, "fstring":true, "bytesize":13, "value":"original_name", "encoding":"US-ASCII", "memsize":40, "flags":{"wb_protected":true}}
{"address":"0x7ffe49086fc0", "type":"IMEMO", "class":"0x7ffe49087290", "imemo_type":"ment", "memsize":48, "flags":{"wb_protected":true}}
{"address":"0x7ffe49086fe8", "type":"IMEMO", "class":"0x7ffe49087290", "imemo_type":"ment", "memsize":48, "flags":{"wb_protected":true}}
{"address":"0x7ffe49087010", "type":"IMEMO", "class":"0x7ffe49087290", "imemo_type":"ment", "memsize":48, "flags":{"wb_protected":true}}
{"address":"0x7ffe49087038", "type":"IMEMO", "class":"0x7ffe49087290", "imemo_type":"ment", "memsize":48, "flags":{"wb_protected":true}}
{"address":"0x7ffe49087060", "type":"IMEMO", "class":"0x7ffe49087290", "imemo_type":"ment", "memsize":48, "flags":{"wb_protected":true}}
{"address":"0x7ffe49087088", "type":"IMEMO", "class":"0x7ffe49087290", "imemo_type":"ment", "memsize":48, "flags":{"wb_protected":true}}
{"address":"0x7ffe490870b0", "type":"IMEMO", "class":"0x7ffe49087290", "imemo_type":"ment", "memsize":48, "flags":{"wb_protected":true}}
{"address":"0x7ffe490870d8", "type":"IMEMO", "class":"0x7ffe49087290", "imemo_type":"ment", "memsize":48, "flags":{"wb_protected":true}}
{"address":"0x7ffe49087100", "type":"IMEMO", "class":"0x7ffe49087290", "imemo_type":"ment", "memsize":48, "flags":{"wb_protected":true}}
{"address":"0x7ffe49087128", "type":"IMEMO", "class":"0x7ffe49087290", "imemo_type":"ment", "memsize":48, "flags":{"wb_protected":true}}
{"address":"0x7ffe49087150", "type":"IMEMO", "class":"0x7ffe49087290", "imemo_type":"ment", "memsize":48, "flags":{"wb_protected":true}}
{"address":"0x7ffe49087178", "type":"IMEMO", "class":"0x7ffe49087290", "imemo_type":"ment", "memsize":48, "flags":{"wb_protected":true}}
{"address":"0x7ffe490871a0", "type":"IMEMO", "class":"0x7ffe49087290", "imemo_type":"ment", "memsize":48, "flags":{"wb_protected":true}}
{"address":"0x7ffe490871c8", "type":"IMEMO", "class":"0x7ffe49087290", "imemo_type":"ment", "memsize":48, "flags":{"wb_protected":true}}
{"address":"0x7ffe490871f0", "type":"IMEMO", "class":"0x7ffe49087290", "imemo_type":"ment", "memsize":48, "flags":{"wb_protected":true}}
{"address":"0x7ffe49087218", "type":"IMEMO", "class":"0x7ffe49087290", "imemo_type":"ment", "memsize":48, "flags":{"wb_protected":true}}
{"address":"0x7ffe49087240", "type":"IMEMO", "class":"0x7ffe49087268", "imemo_type":"ment", "memsize":48, "flags":{"wb_protected":true}}
{"address":"0x7ffe49087268", "type":"CLASS", "class":"0x7ffe490c5770", "references":["0x7ffe490c5720", "0x7ffe49087240", "0x7ffe49087290"], "memsize":536, "flags":{"wb_protected":true}}
{"address":"0x7ffe49087290", "type":"CLASS", "class":"0x7ffe49087268", "name":"Method", "references":["0x7ffe490c68a0", "0x7ffe49086e80", "0x7ffe49086fe8", "0x7ffe49087088", "0x7ffe49087100", "0x7ffe49087128", "0x7ffe490870d8", "0x7ffe49087010", "0x7ffe49087218", "0x7ffe49087150", "0x7ffe49087038", "0x7ffe49087060", "0x7ffe49086ea8", "0x7ffe490870b0", "0x7ffe49086f70", "0x7ffe49087178", "0x7ffe49086ed0", "0x7ffe49086f20", "0x7ffe49086e30", "0x7ffe490871f0", "0x7ffe490871a0", "0x7ffe490871c8", "0x7ffe49086fc0", "0x7ffe490872b8"], "memsize":984, "flags":{"wb_protected":true}}
{"address":"0x7ffe490872b8", "type":"STRING", "class":"0x7ffe490be858", "frozen":true, "embedded":true, "fstring":true, "bytesize":6, "value":"Method", "encoding":"US-ASCII", "memsize":40, "flags":{"wb_protected":true}}
{"address":"0x7ffe490872e0", "type":"IMEMO", "class":"0x7ffe490c5a90", "imemo_type":"ment", "memsize":48, "flags":{"wb_protected":true}}
{"address":"0x7ffe49087308", "type":"IMEMO", "imemo_type":"ment", "references":["0x7ffe490c6620"], "memsize":48, "flags":{"wb_protected":true}}
{"address":"0x7ffe49087330", "type":"IMEMO", "class":"0x7ffe490c5a90", "imemo_type":"ment", "memsize":48, "flags":{"wb_protected":true}}
{"address":"0x7ffe49087358", "type":"IMEMO", "imemo_type":"ment", "references":["0x7ffe490c6620"], "memsize":48, "flags":{"wb_protected":true}}
{"address":"0x7ffe49087380", "type":"OBJECT", "class":"0x7ffe490873f8", "frozen":true, "ivars":3, "references":["0x7ffe490873a8"], "memsize":40, "flags":{"wb_protected":true}}
{"address":"0x7ffe490873a8", "type":"STRING", "class":"0x7ffe490be858", "frozen":true, "bytesize":20, "value":"stack level too deep", "encoding":"US-ASCII", "memsize":40, "flags":{"wb_protected":true}}
{"address":"0x7ffe490873d0", "type":"CLASS", "class":"0x7ffe490c5770", "references":["0x7ffe490b7e40", "0x7ffe490873f8"], "memsize":472, "flags":{"wb_protected":true}}
{"address":"0x7ffe490873f8", "type":"CLASS", "class":"0x7ffe490873d0", "name":"SystemStackError", "references":["0x7ffe490b7e68", "0x7ffe49087fb0", "0x7ffe49087420"], "memsize":736, "flags":{"wb_protected":true}}
{"address":"0x7ffe49087420", "type":"STRING", "class":"0x7ffe490be858", "frozen":true, "embedded":true, "fstring":true, "bytesize":16, "value":"SystemStackError", "encoding":"US-ASCII", "memsize":40, "flags":{"wb_protected":true}}
{"address":"0x7ffe49087448", "type":"IMEMO", "class":"0x7ffe49087510", "imemo_type":"ment", "memsize":48, "flags":{"wb_protected":true}}
{"address":"0x7ffe49087470", "type":"STRING", "class":"0x7ffe490be858", "frozen":true, "embedded":true, "fstring":true, "bytesize":6, "value":"reason", "encoding":"US-ASCII", "memsize":40, "flags":{"wb_protected":true}}
{"address":"0x7ffe49087498", "type":"IMEMO", "class":"0x7ffe49087510", "imemo_type":"ment", "memsize":48, "flags":{"wb_protected":true}}
{"address":"0x7ffe490874c0", "type":"STRING", "class":"0x7ffe490be858", "frozen":true, "embedded":true, "fstring":true, "bytesize":10, "value":"exit_value", "encoding":"US-ASCII", "memsize":40, "flags":{"wb_protected":true}}
{"address":"0x7ffe490874e8", "type":"CLASS", "class":"0x7ffe490c5770", "references":["0x7ffe490b7800", "0x7ffe49087510"], "memsize":472, "flags":{"wb_protected":true}}
{"address":"0x7ffe49087510", "type":"CLASS", "class":"0x7ffe490874e8", "name":"LocalJumpError", "references":["0x7ffe490b7828", "0x7ffe49087498", "0x7ffe49087448", "0x7ffe49087538"], "memsize":536, "flags":{"wb_protected":true}}
{"address":"0x7ffe49087538", "type":"STRING", "class":"0x7ffe490be858", "frozen":true, "embedded":true, "fstring":true, "bytesize":14, "value":"LocalJumpError", "encoding":"US-ASCII", "memsize":40, "flags":{"wb_protected":true}}
{"address":"0x7ffe49087560", "type":"IMEMO", "class":"0x7ffe49087a10", "imemo_type":"ment", "memsize":48, "flags":{"wb_protected":true}}
{"address":"0x7ffe49087588", "type":"IMEMO", "class":"0x7ffe49087a10", "imemo_type":"ment", "memsize":48, "flags":{"wb_protected":true}}
{"address":"0x7ffe490875b0", "type":"STRING", "class":"0x7ffe490be858", "frozen":true, "embedded":true, "fstring":true, "bytesize":10, "value":"parameters", "encoding":"US-ASCII", "memsize":40, "flags":{"wb_protected":true}}
{"address":"0x7ffe490875d8", "type":"IMEMO", "class":"0x7ffe49087a10", "imemo_type":"ment", "memsize":48, "flags":{"wb_protected":true}}
{"address":"0x7ffe49087600", "type":"STRING", "class":"0x7ffe490be858", "frozen":true, "embedded":true, "fstring":true, "bytesize":15, "value":"source_location", "encoding":"US-ASCII", "memsize":40, "flags":{"wb_protected":true}}
{"address":"0x7ffe49087628", "type":"IMEMO", "class":"0x7ffe49087a10", "imemo_type":"ment", "memsize":48, "flags":{"wb_protected":true}}
{"address":"0x7ffe49087650", "type":"IMEMO", "class":"0x7ffe49087a10", "imemo_type":"ment", "memsize":48, "flags":{"wb_protected":true}}
{"address":"0x7ffe49087678", "type":"IMEMO", "class":"0x7ffe49087a10", "imemo_type":"ment", "memsize":48, "flags":{"wb_protected":true}}
{"address":"0x7ffe490876a0", "type":"IMEMO", "class":"0x7ffe49087a10", "imemo_type":"ment", "memsize":48, "flags":{"wb_protected":true}}
{"address":"0x7ffe490876c8", "type":"IMEMO", "class":"0x7ffe49087a10", "imemo_type":"ment", "memsize":48, "flags":{"wb_protected":true}}
{"address":"0x7ffe490876f0", "type":"STRING", "class":"0x7ffe490be858", "frozen":true, "embedded":true, "fstring":true, "bytesize":5, "value":"curry", "encoding":"US-ASCII", "memsize":40, "flags":{"wb_protected":true}}
{"address":"0x7ffe49087718", "type":"IMEMO", "class":"0x7ffe49087a10", "imemo_type":"ment", "memsize":48, "flags":{"wb_protected":true}}
{"address":"0x7ffe49087740", "type":"STRING", "class":"0x7ffe490be858", "frozen":true, "embedded":true, "fstring":true, "bytesize":7, "value":"binding", "encoding":"US-ASCII", "memsize":40, "flags":{"wb_protected":true}}
{"address":"0x7ffe49087768", "type":"IMEMO", "class":"0x7ffe49087a10", "imemo_type":"ment", "memsize":48, "flags":{"wb_protected":true}}
{"address":"0x7ffe49087790", "type":"STRING", "class":"0x7ffe490be858", "frozen":true, "embedded":true, "fstring":true, "bytesize":7, "value":"lambda?", "encoding":"US-ASCII", "memsize":40, "flags":{"wb_protected":true}}
{"address":"0x7ffe490877b8", "type":"IMEMO", "class":"0x7ffe49087a10", "imemo_type":"ment", "memsize":48, "flags":{"wb_protected":true}}
{"address":"0x7ffe490877e0", "type":"IMEMO", "class":"0x7ffe49087a10", "imemo_type":"ment", "memsize":48, "flags":{"wb_protected":true}}
{"address":"0x7ffe49087808", "type":"IMEMO", "class":"0x7ffe49087a10", "imemo_type":"ment", "memsize":48, "flags":{"wb_protected":true}}
{"address":"0x7ffe49087830", "type":"IMEMO", "class":"0x7ffe49087a10", "imemo_type":"ment", "memsize":48, "flags":{"wb_protected":true}}
{"address":"0x7ffe49087858", "type":"IMEMO", "class":"0x7ffe49087a10", "imemo_type":"ment", "memsize":48, "flags":{"wb_protected":true}}
{"address":"0x7ffe49087880", "type":"IMEMO", "class":"0x7ffe49087a10", "imemo_type":"ment", "memsize":48, "flags":{"wb_protected":true}}
{"address":"0x7ffe490878a8", "type":"STRING", "class":"0x7ffe490be858", "frozen":true, "embedded":true, "fstring":true, "bytesize":5, "value":"arity", "encoding":"US-ASCII", "memsize":40, "flags":{"wb_protected":true}}
{"address":"0x7ffe490878d0", "type":"IMEMO", "class":"0x7ffe49087a10", "imemo_type":"ment", "memsize":48, "flags":{"wb_protected":true}}
{"address":"0x7ffe490878f8", "type":"IMEMO", "class":"0x7ffe49087a10", "imemo_type":"ment", "memsize":48, "flags":{"wb_protected":true}}
{"address":"0x7ffe49087920", "type":"STRING", "class":"0x7ffe490be858", "frozen":true, "embedded":true, "fstring":true, "bytesize":5, "value":"yield", "encoding":"US-ASCII", "memsize":40, "flags":{"wb_protected":true}}
{"address":"0x7ffe49087948", "type":"IMEMO", "class":"0x7ffe49087a10", "imemo_type":"ment", "memsize":48, "flags":{"wb_protected":true}}
{"address":"0x7ffe49087970", "type":"IMEMO", "class":"0x7ffe49087a10", "imemo_type":"ment", "memsize":48, "flags":{"wb_protected":true}}
{"address":"0x7ffe49087998", "type":"IMEMO", "class":"0x7ffe49087a10", "imemo_type":"ment", "memsize":48, "flags":{"wb_protected":true}}
{"address":"0x7ffe490879c0", "type":"IMEMO", "class":"0x7ffe490879e8", "imemo_type":"ment", "memsize":48, "flags":{"wb_protected":true}}
{"address":"0x7ffe490879e8", "type":"CLASS", "class":"0x7ffe490c5770", "references":["0x7ffe490c5720", "0x7ffe490879c0", "0x7ffe49087a10"], "memsize":536, "flags":{"wb_protected":true}}
{"address":"0x7ffe49087a10", "type":"CLASS", "class":"0x7ffe490879e8", "name":"Proc", "references":["0x7ffe490c68a0", "0x7ffe490878f8", "0x7ffe49087880", "0x7ffe49087768", "0x7ffe49087718", "0x7ffe490876c8", "0x7ffe490878d0", "0x7ffe490876a0", "0x7ffe490877b8", "0x7ffe490877e0", "0x7ffe49087948", "0x7ffe49087678", "0x7ffe490875d8", "0x7ffe49087970", "0x7ffe49087650", "0x7ffe49087998", "0x7ffe49087588", "0x7ffe49087560", "0x7ffe49087858", "0x7ffe49087628", "0x7ffe49087808", "0x7ffe49087830", "0x7ffe49087a38"], "memsize":984, "flags":{"wb_protected":true}}
{"address":"0x7ffe49087a38", "type":"STRING", "class":"0x7ffe490be858", "frozen":true, "embedded":true, "fstring":true, "bytesize":4, "value":"Proc", "encoding":"US-ASCII", "memsize":40, "flags":{"wb_protected":true}}
{"address":"0x7ffe49087a60", "type":"ARRAY", "length":3, "embedded":true, "memsize":40, "flags":{"wb_protected":true}}
{"address":"0x7ffe49087a88", "type":"IMEMO", "class":"0x7ffe490c5a90", "imemo_type":"ment", "memsize":48, "flags":{"wb_protected":true}}
{"address":"0x7ffe49087ab0", "type":"IMEMO", "imemo_type":"ment", "references":["0x7ffe490c6620"], "memsize":48, "flags":{"wb_protected":true}}
{"address":"0x7ffe49087ad8", "type":"IMEMO", "class":"0x7ffe490c5a90", "imemo_type":"ment", "memsize":48, "flags":{"wb_protected":true}}
{"address":"0x7ffe49087b00", "type":"IMEMO", "imemo_type":"ment", "references":["0x7ffe490c6620"], "memsize":48, "flags":{"wb_protected":true}}
{"address":"0x7ffe49087b28", "type":"IMEMO", "class":"0x7ffe490c6850", "imemo_type":"ment", "memsize":48, "flags":{"wb_protected":true}}
{"address":"0x7ffe49087b50", "type":"STRING", "class":"0x7ffe490be858", "frozen":true, "embedded":true, "fstring":true, "bytesize":9, "value":"autoload?", "encoding":"US-ASCII", "memsize":40, "flags":{"wb_protected":true}}
{"address":"0x7ffe49087b78", "type":"IMEMO", "class":"0x7ffe490c6850", "imemo_type":"ment", "memsize":48, "flags":{"wb_protected":true}}
{"address":"0x7ffe49087ba0", "type":"STRING", "class":"0x7ffe490be858", "frozen":true, "embedded":true, "fstring":true, "bytesize":8, "value":"autoload", "encoding":"US-ASCII", "memsize":40, "flags":{"wb_protected":true}}
{"address":"0x7ffe49087bc8", "type":"IMEMO", "class":"0x7ffe490c5a90", "imemo_type":"ment", "memsize":48, "flags":{"wb_protected":true}}
{"address":"0x7ffe49087bf0", "type":"IMEMO", "imemo_type":"ment", "references":["0x7ffe490c6620"], "memsize":48, "flags":{"wb_protected":true}}
{"address":"0x7ffe49087c18", "type":"STRING", "class":"0x7ffe490be858", "frozen":true, "embedded":true, "fstring":true, "bytesize":16, "value":"require_relative", "encoding":"US-ASCII", "memsize":40, "flags":{"wb_protected":true}}
{"address":"0x7ffe49087c40", "type":"IMEMO", "class":"0x7ffe490c5a90", "imemo_type":"ment", "memsize":48, "flags":{"wb_protected":true}}
{"address":"0x7ffe49087c68", "type":"IMEMO", "imemo_type":"ment", "references":["0x7ffe490c6620"], "memsize":48, "flags":{"wb_protected":true}}
{"address":"0x7ffe49087c90", "type":"STRING", "class":"0x7ffe490be858", "frozen":true, "embedded":true, "fstring":true, "bytesize":7, "value":"require", "encoding":"US-ASCII", "memsize":40, "flags":{"wb_protected":true}}
{"address":"0x7ffe49087cb8", "type":"IMEMO", "class":"0x7ffe490c5a90", "imemo_type":"ment", "memsize":48, "flags":{"wb_protected":true}}
{"address":"0x7ffe49087ce0", "type":"IMEMO", "imemo_type":"ment", "references":["0x7ffe490c6620"], "memsize":48, "flags":{"wb_protected":true}}
{"address":"0x7ffe49087d08", "type":"ARRAY", "length":9, "shared":true, "references":["0x7ffe49046218"], "memsize":40, "flags":{"wb_protected":true}}
{"address":"0x7ffe49087d30", "type":"ARRAY", "class":"0x7ffe490a67f8", "length":9, "shared":true, "references":["0x7ffe49046218"], "memsize":40, "flags":{"wb_protected":true}}
{"address":"0x7ffe49087d58", "type":"STRING", "class":"0x7ffe490be858", "frozen":true, "embedded":true, "fstring":true, "bytesize":16, "value":"$LOADED_FEATURES", "encoding":"US-ASCII", "memsize":40, "flags":{"wb_protected":true}}
{"address":"0x7ffe49087d80", "type":"STRING", "class":"0x7ffe490be858", "frozen":true, "embedded":true, "fstring":true, "bytesize":2, "value":"$\"", "encoding":"US-ASCII", "memsize":40, "flags":{"wb_protected":true}}
{"address":"0x7ffe49087da8", "type":"IMEMO", "class":"0x7ffe49087df8", "imemo_type":"ment", "memsize":48, "flags":{"wb_protected":true}}
{"address":"0x7ffe49087dd0", "type":"STRING", "class":"0x7ffe490be858", "frozen":true, "embedded":true, "fstring":true, "bytesize":20, "value":"resolve_feature_path", "encoding":"US-ASCII", "memsize":40, "flags":{"wb_protected":true}}
{"address":"0x7ffe49087df8", "type":"CLASS", "class":"0x7ffe490a67d0", "references":["0x7ffe490a67f8", "0x7ffe49087da8", "0x7ffe49087e70"], "memsize":536, "flags":{"wb_protected":true}}
{"address":"0x7ffe49087e20", "type":"ARRAY", "length":8, "shared":true, "references":["0x7ffe4905fb78"], "memsize":40, "flags":{"wb_protected":true}}
{"address":"0x7ffe49087e48", "type":"ARRAY", "length":0, "memsize":40, "flags":{"wb_protected":true}}
{"address":"0x7ffe49087e70", "type":"ARRAY", "class":"0x7ffe49087df8", "length":8, "shared":true, "references":["0x7ffe4905fb78"], "memsize":40, "flags":{"wb_protected":true}}
{"address":"0x7ffe49087e98", "type":"STRING", "class":"0x7ffe490be858", "frozen":true, "embedded":true, "fstring":true, "bytesize":10, "value":"$LOAD_PATH", "encoding":"US-ASCII", "memsize":40, "flags":{"wb_protected":true}}
{"address":"0x7ffe49087ec0", "type":"STRING", "class":"0x7ffe490be858", "frozen":true, "embedded":true, "fstring":true, "bytesize":3, "value":"$-I", "encoding":"US-ASCII", "memsize":40, "flags":{"wb_protected":true}}
{"address":"0x7ffe49087ee8", "type":"STRING", "class":"0x7ffe490be858", "frozen":true, "embedded":true, "fstring":true, "bytesize":2, "value":"$:", "encoding":"US-ASCII", "memsize":40, "flags":{"wb_protected":true}}
{"address":"0x7ffe49087f10", "type":"IMEMO", "class":"0x7ffe490b78a0", "imemo_type":"ment", "memsize":48, "flags":{"wb_protected":true}}
{"address":"0x7ffe49087f38", "type":"IMEMO", "class":"0x7ffe490b7e68", "imemo_type":"ment", "references":["0x7ffe490b7918"], "memsize":48, "flags":{"wb_protected":true}}
{"address":"0x7ffe49087f60", "type":"STRING", "class":"0x7ffe490be858", "frozen":true, "embedded":true, "fstring":true, "bytesize":5, "value":"signm", "encoding":"US-ASCII", "memsize":40, "flags":{"wb_protected":true}}
{"address":"0x7ffe49087f88", "type":"IMEMO", "class":"0x7ffe490b7918", "imemo_type":"ment", "memsize":48, "flags":{"wb_protected":true}}
{"address":"0x7ffe49087fb0", "type":"IMEMO", "class":"0x7ffe490b7e68", "imemo_type":"ment", "memsize":48, "flags":{"wb_protected":true}}
{"address":"0x7ffe49087fd8", "type":"IMEMO", "class":"0x7ffe490b7918", "imemo_type":"ment", "memsize":48, "flags":{"wb_protected":true}}
{"address":"0x7ffe4908c010", "type":"IMEMO", "class":"0x7ffe4908c100", "imemo_type":"ment", "memsize":48, "flags":{"wb_protected":true}}
{"address":"0x7ffe4908c038", "type":"IMEMO", "imemo_type":"ment", "references":["0x7ffe4908c1c8"], "memsize":48, "flags":{"wb_protected":true}}
{"address":"0x7ffe4908c060", "type":"STRING", "class":"0x7ffe490be858", "frozen":true, "embedded":true, "fstring":true, "bytesize":7, "value":"signame", "encoding":"US-ASCII", "memsize":40, "flags":{"wb_protected":true}}
{"address":"0x7ffe4908c088", "type":"IMEMO", "class":"0x7ffe4908c100", "imemo_type":"ment", "memsize":48, "flags":{"wb_protected":true}}
{"address":"0x7ffe4908c0b0", "type":"IMEMO", "imemo_type":"ment", "references":["0x7ffe4908c1c8"], "memsize":48, "flags":{"wb_protected":true}}
{"address":"0x7ffe4908c0d8", "type":"IMEMO", "class":"0x7ffe4908c100", "imemo_type":"ment", "memsize":48, "flags":{"wb_protected":true}}
{"address":"0x7ffe4908c100", "type":"CLASS", "class":"0x7ffe490c5748", "references":["0x7ffe490c6850", "0x7ffe4908c010", "0x7ffe4908c088", "0x7ffe4908c0d8", "0x7ffe4908c1c8"], "memsize":536, "flags":{"wb_protected":true}}
{"address":"0x7ffe4908c128", "type":"IMEMO", "imemo_type":"ment", "references":["0x7ffe4908c1c8"], "memsize":48, "flags":{"wb_protected":true}}
{"address":"0x7ffe4908c150", "type":"IMEMO", "class":"0x7ffe490c5a90", "imemo_type":"ment", "memsize":48, "flags":{"wb_protected":true}}
{"address":"0x7ffe4908c178", "type":"IMEMO", "imemo_type":"ment", "references":["0x7ffe490c6620"], "memsize":48, "flags":{"wb_protected":true}}
{"address":"0x7ffe4908c1a0", "type":"STRING", "class":"0x7ffe490be858", "frozen":true, "embedded":true, "fstring":true, "bytesize":4, "value":"trap", "encoding":"US-ASCII", "memsize":40, "flags":{"wb_protected":true}}
{"address":"0x7ffe4908c1c8", "type":"MODULE", "class":"0x7ffe4908c100", "name":"Signal", "references":["0x7ffe4908c038", "0x7ffe4908c0b0", "0x7ffe4908c128", "0x7ffe4908c1f0"], "memsize":536, "flags":{"wb_protected":true}}
{"address":"0x7ffe4908c1f0", "type":"STRING", "class":"0x7ffe490be858", "frozen":true, "embedded":true, "fstring":true, "bytesize":6, "value":"Signal", "encoding":"US-ASCII", "memsize":40, "flags":{"wb_protected":true}}
{"address":"0x7ffe4908c218", "type":"IMEMO", "imemo_type":"ment", "references":["0x7ffe4908c358"], "memsize":48, "flags":{"wb_protected":true}}
{"address":"0x7ffe4908c240", "type":"IMEMO", "imemo_type":"ment", "references":["0x7ffe4908c358"], "memsize":48, "flags":{"wb_protected":true}}
{"address":"0x7ffe4908c268", "type":"STRING", "class":"0x7ffe490be858", "frozen":true, "embedded":true, "fstring":true, "bytesize":13, "value":"random_number", "encoding":"US-ASCII", "memsize":40, "flags":{"wb_protected":true}}
{"address":"0x7ffe4908c290", "type":"ICLASS", "class":"0x7ffe4908c358", "references":["0x7ffe490c5720"], "memsize":40, "flags":{"wb_protected":true}}
{"address":"0x7ffe4908c2b8", "type":"CLASS", "class":"0x7ffe4908d050", "references":["0x7ffe4908d000", "0x7ffe4908c808"], "memsize":472, "flags":{"wb_protected":true}}
{"address":"0x7ffe4908c2e0", "type":"ICLASS", "class":"0x7ffe4908c358", "references":["0x7ffe490c68a0"], "memsize":40, "flags":{"wb_protected":true}}
{"address":"0x7ffe4908c308", "type":"STRING", "class":"0x7ffe490be858", "frozen":true, "embedded":true, "bytesize":17, "value":"Random::Formatter", "encoding":"US-ASCII", "memsize":40, "flags":{"wb_protected":true}}
{"address":"0x7ffe4908c330", "type":"STRING", "class":"0x7ffe490be858", "frozen":true, "embedded":true, "bytesize":17, "value":"Random::Formatter", "encoding":"US-ASCII", "memsize":40, "flags":{"wb_protected":true}}
{"address":"0x7ffe4908c358", "type":"MODULE", "class":"0x7ffe490c6850", "name":"Random::Formatter", "references":["0x7ffe4908c240", "0x7ffe4908c218", "0x7ffe4908c308"], "memsize":560, "flags":{"wb_protected":true}}
{"address":"0x7ffe4908c380", "type":"STRING", "class":"0x7ffe490be858", "frozen":true, "embedded":true, "fstring":true, "bytesize":9, "value":"Formatter", "encoding":"US-ASCII", "memsize":40, "flags":{"wb_protected":true}}
{"address":"0x7ffe4908c3a8", "type":"IMEMO", "class":"0x7ffe4908c790", "imemo_type":"ment", "memsize":48, "flags":{"wb_protected":true}}
{"address":"0x7ffe4908c3d0", "type":"IMEMO", "class":"0x7ffe4908c790", "imemo_type":"ment", "memsize":48, "flags":{"wb_protected":true}}
{"address":"0x7ffe4908c3f8", "type":"IMEMO", "class":"0x7ffe4908c790", "imemo_type":"ment", "memsize":48, "flags":{"wb_protected":true}}
{"address":"0x7ffe4908c420", "type":"STRING", "class":"0x7ffe490be858", "frozen":true, "embedded":true, "fstring":true, "bytesize":7, "value":"urandom", "encoding":"US-ASCII", "memsize":40, "flags":{"wb_protected":true}}
{"address":"0x7ffe4908c448", "type":"IMEMO", "class":"0x7ffe4908c790", "imemo_type":"ment", "memsize":48, "flags":{"wb_protected":true}}
{"address":"0x7ffe4908c470", "type":"STRING", "class":"0x7ffe490be858", "frozen":true, "embedded":true, "fstring":true, "bytesize":8, "value":"new_seed", "encoding":"US-ASCII", "memsize":40, "flags":{"wb_protected":true}}
{"address":"0x7ffe4908c498", "type":"IMEMO", "class":"0x7ffe4908c790", "imemo_type":"ment", "memsize":48, "flags":{"wb_protected":true}}
{"address":"0x7ffe4908c4c0", "type":"IMEMO", "class":"0x7ffe4908c790", "imemo_type":"ment", "memsize":48, "flags":{"wb_protected":true}}
{"address":"0x7ffe4908c4e8", "type":"IMEMO", "class":"0x7ffe4908c790", "imemo_type":"ment", "memsize":48, "flags":{"wb_protected":true}}
{"address":"0x7ffe4908c510", "type":"IMEMO", "class":"0x7ffe4908c790", "imemo_type":"ment", "memsize":48, "flags":{"wb_protected":true}}
{"address":"0x7ffe4908c538", "type":"STRING", "class":"0x7ffe490be858", "frozen":true, "embedded":true, "fstring":true, "bytesize":7, "value":"DEFAULT", "encoding":"US-ASCII", "memsize":40, "flags":{"wb_protected":true}}
{"address":"0x7ffe4908c560", "type":"IMEMO", "class":"0x7ffe4908c7b8", "imemo_type":"ment", "memsize":48, "flags":{"wb_protected":true}}
{"address":"0x7ffe4908c588", "type":"IMEMO", "class":"0x7ffe4908c7b8", "imemo_type":"ment", "memsize":48, "flags":{"wb_protected":true}}
{"address":"0x7ffe4908c5b0", "type":"STRING", "class":"0x7ffe490be858", "frozen":true, "embedded":true, "fstring":true, "bytesize":4, "value":"left", "encoding":"US-ASCII", "memsize":40, "flags":{"wb_protected":true}}
{"address":"0x7ffe4908c5d8", "type":"IMEMO", "class":"0x7ffe4908c7b8", "imemo_type":"ment", "memsize":48, "flags":{"wb_protected":true}}
{"address":"0x7ffe4908c600", "type":"STRING", "class":"0x7ffe490be858", "frozen":true, "embedded":true, "fstring":true, "bytesize":5, "value":"state", "encoding":"US-ASCII", "memsize":40, "flags":{"wb_protected":true}}
{"address":"0x7ffe4908c628", "type":"IMEMO", "class":"0x7ffe4908c7b8", "imemo_type":"ment", "memsize":48, "flags":{"wb_protected":true}}
{"address":"0x7ffe4908c650", "type":"IMEMO", "class":"0x7ffe4908c7b8", "imemo_type":"ment", "memsize":48, "flags":{"wb_protected":true}}
{"address":"0x7ffe4908c678", "type":"IMEMO", "class":"0x7ffe4908c7b8", "imemo_type":"ment", "memsize":48, "flags":{"wb_protected":true}}
{"address":"0x7ffe4908c6a0", "type":"IMEMO", "class":"0x7ffe4908c830", "imemo_type":"ment", "memsize":48, "flags":{"wb_protected":true}}
{"address":"0x7ffe4908c6c8", "type":"STRING", "class":"0x7ffe490be858", "frozen":true, "embedded":true, "fstring":true, "bytesize":4, "value":"seed", "encoding":"US-ASCII", "memsize":40, "flags":{"wb_protected":true}}
{"address":"0x7ffe4908c6f0", "type":"IMEMO", "class":"0x7ffe4908c830", "imemo_type":"ment", "memsize":48, "flags":{"wb_protected":true}}
{"address":"0x7ffe4908c718", "type":"IMEMO", "class":"0x7ffe4908c830", "imemo_type":"ment", "memsize":48, "flags":{"wb_protected":true}}
{"address":"0x7ffe4908c740", "type":"IMEMO", "class":"0x7ffe4908c830", "imemo_type":"ment", "memsize":48, "flags":{"wb_protected":true}}
{"address":"0x7ffe4908c768", "type":"STRING", "class":"0x7ffe490be858", "frozen":true, "embedded":true, "bytesize":12, "value":"Random::Base", "encoding":"US-ASCII", "memsize":40, "flags":{"wb_protected":true}}
{"address":"0x7ffe4908c790", "type":"CLASS", "class":"0x7ffe490c5770", "references":["0x7ffe4908c808", "0x7ffe4908c3a8", "0x7ffe4908c448", "0x7ffe4908c3f8", "0x7ffe4908c4e8", "0x7ffe4908c510", "0x7ffe4908c4c0", "0x7ffe4908c498", "0x7ffe4908c3d0", "0x7ffe4908c7b8"], "memsize":728, "flags":{"wb_protected":true}}
{"address":"0x7ffe4908c7b8", "type":"CLASS", "class":"0x7ffe4908c790", "name":"Random", "references":["0x7ffe4908c830", "0x7ffe4908c588", "0x7ffe4908c678", "0x7ffe4908c650", "0x7ffe4908c628", "0x7ffe4908c560", "0x7ffe4908c5d8", "0x7ffe4908c7e0", "0x7ffe4908c358", "0x7ffe4908c7b8", "0x7ffe4908c830"], "memsize":688, "flags":{"wb_protected":true}}
{"address":"0x7ffe4908c7e0", "type":"STRING", "class":"0x7ffe490be858", "frozen":true, "embedded":true, "fstring":true, "bytesize":6, "value":"Random", "encoding":"US-ASCII", "memsize":40, "flags":{"wb_protected":true}}
{"address":"0x7ffe4908c808", "type":"CLASS", "class":"0x7ffe4908c2b8", "references":["0x7ffe4908c290", "0x7ffe490c6580", "0x7ffe4908c830"], "memsize":584, "flags":{"wb_protected":true}}
{"address":"0x7ffe4908c830", "type":"CLASS", "class":"0x7ffe4908c808", "name":"Random::Base", "references":["0x7ffe4908c2e0", "0x7ffe4908c740", "0x7ffe4908c718", "0x7ffe4908c6f0", "0x7ffe4908c6a0", "0x7ffe4908c768"], "memsize":600, "flags":{"wb_protected":true}}
{"address":"0x7ffe4908c858", "type":"IMEMO", "class":"0x7ffe490c5a90", "imemo_type":"ment", "memsize":48, "flags":{"wb_protected":true}}
{"address":"0x7ffe4908c880", "type":"IMEMO", "imemo_type":"ment", "references":["0x7ffe490c6620"], "memsize":48, "flags":{"wb_protected":true}}
{"address":"0x7ffe4908c8a8", "type":"IMEMO", "class":"0x7ffe490c5a90", "imemo_type":"ment", "memsize":48, "flags":{"wb_protected":true}}
{"address":"0x7ffe4908c8d0", "type":"IMEMO", "imemo_type":"ment", "references":["0x7ffe490c6620"], "memsize":48, "flags":{"wb_protected":true}}
{"address":"0x7ffe4908c8f8", "type":"STRING", "class":"0x7ffe490be858", "frozen":true, "embedded":true, "fstring":true, "bytesize":5, "value":"srand", "encoding":"US-ASCII", "memsize":40, "flags":{"wb_protected":true}}
{"address":"0x7ffe4908c920", "type":"STRING", "class":"0x7ffe490be858", "frozen":true, "embedded":true, "fstring":true, "bytesize":4, "value":"Base", "encoding":"US-ASCII", "memsize":40, "flags":{"wb_protected":true}}
{"address":"0x7ffe4908c948", "type":"STRING", "class":"0x7ffe490be858", "frozen":true, "embedded":true, "fstring":true, "bytesize":4, "value":"rand", "encoding":"US-ASCII", "memsize":40, "flags":{"wb_protected":true}}
{"address":"0x7ffe4908c970", "type":"IMEMO", "class":"0x7ffe4908cf38", "imemo_type":"ment", "memsize":48, "flags":{"wb_protected":true}}
{"address":"0x7ffe4908c998", "type":"STRING", "class":"0x7ffe490be858", "frozen":true, "embedded":true, "fstring":true, "bytesize":9, "value":"from_time", "encoding":"US-ASCII", "memsize":40, "flags":{"wb_protected":true}}
{"address":"0x7ffe4908c9c0", "type":"IMEMO", "class":"0x7ffe4908cf60", "imemo_type":"ment", "memsize":48, "flags":{"wb_protected":true}}
{"address":"0x7ffe4908c9e8", "type":"STRING", "class":"0x7ffe490be858", "frozen":true, "embedded":true, "fstring":true, "bytesize":7, "value":"to_time", "encoding":"US-ASCII", "memsize":40, "flags":{"wb_protected":true}}
{"address":"0x7ffe4908ca10", "type":"IMEMO", "class":"0x7ffe4908cf60", "imemo_type":"ment", "memsize":48, "flags":{"wb_protected":true}}
{"address":"0x7ffe4908ca38", "type":"IMEMO", "class":"0x7ffe4908cf60", "imemo_type":"ment", "memsize":48, "flags":{"wb_protected":true}}
{"address":"0x7ffe4908ca60", "type":"IMEMO", "class":"0x7ffe4908cf60", "imemo_type":"ment", "memsize":48, "flags":{"wb_protected":true}}
{"address":"0x7ffe4908ca88", "type":"IMEMO", "class":"0x7ffe4908cf60", "imemo_type":"ment", "memsize":48, "flags":{"wb_protected":true}}
{"address":"0x7ffe4908cab0", "type":"IMEMO", "class":"0x7ffe4908cf60", "imemo_type":"ment", "memsize":48, "flags":{"wb_protected":true}}
{"address":"0x7ffe4908cad8", "type":"IMEMO", "class":"0x7ffe4908cf60", "imemo_type":"ment", "memsize":48, "flags":{"wb_protected":true}}
{"address":"0x7ffe4908cb00", "type":"IMEMO", "class":"0x7ffe4908cf60", "imemo_type":"ment", "memsize":48, "flags":{"wb_protected":true}}
{"address":"0x7ffe4908cb28", "type":"IMEMO", "class":"0x7ffe4908cf60", "imemo_type":"ment", "memsize":48, "flags":{"wb_protected":true}}
{"address":"0x7ffe4908cb50", "type":"IMEMO", "class":"0x7ffe4908cf60", "imemo_type":"ment", "memsize":48, "flags":{"wb_protected":true}}
{"address":"0x7ffe4908cb78", "type":"IMEMO", "class":"0x7ffe4908cf60", "imemo_type":"ment", "memsize":48, "flags":{"wb_protected":true}}
{"address":"0x7ffe4908cba0", "type":"IMEMO", "class":"0x7ffe4908cf60", "imemo_type":"ment", "memsize":48, "flags":{"wb_protected":true}}
{"address":"0x7ffe4908cbc8", "type":"IMEMO", "class":"0x7ffe4908cf60", "imemo_type":"ment", "memsize":48, "flags":{"wb_protected":true}}
{"address":"0x7ffe4908cbf0", "type":"IMEMO", "class":"0x7ffe4908cf60", "imemo_type":"ment", "memsize":48, "flags":{"wb_protected":true}}
{"address":"0x7ffe4908cc18", "type":"IMEMO", "class":"0x7ffe4908cf60", "imemo_type":"ment", "memsize":48, "flags":{"wb_protected":true}}
{"address":"0x7ffe4908cc40", "type":"IMEMO", "class":"0x7ffe4908cf60", "imemo_type":"ment", "memsize":48, "flags":{"wb_protected":true}}
{"address":"0x7ffe4908cc68", "type":"IMEMO", "class":"0x7ffe4908cf60", "imemo_type":"ment", "memsize":48, "flags":{"wb_protected":true}}
{"address":"0x7ffe4908cc90", "type":"IMEMO", "class":"0x7ffe4908cf60", "imemo_type":"ment", "memsize":48, "flags":{"wb_protected":true}}
{"address":"0x7ffe4908ccb8", "type":"IMEMO", "class":"0x7ffe4908cf60", "imemo_type":"ment", "memsize":48, "flags":{"wb_protected":true}}
{"address":"0x7ffe4908cce0", "type":"IMEMO", "class":"0x7ffe4908cf60", "imemo_type":"ment", "memsize":48, "flags":{"wb_protected":true}}
{"address":"0x7ffe4908cd08", "type":"IMEMO", "class":"0x7ffe4908cf60", "imemo_type":"ment", "memsize":48, "flags":{"wb_protected":true}}
{"address":"0x7ffe4908cd30", "type":"IMEMO", "class":"0x7ffe4908cf60", "imemo_type":"ment", "memsize":48, "flags":{"wb_protected":true}}
{"address":"0x7ffe4908cd58", "type":"IMEMO", "class":"0x7ffe4908cf60", "imemo_type":"ment", "memsize":48, "flags":{"wb_protected":true}}
{"address":"0x7ffe4908cd80", "type":"IMEMO", "class":"0x7ffe4908cf60", "imemo_type":"ment", "memsize":48, "flags":{"wb_protected":true}}
{"address":"0x7ffe4908cda8", "type":"IMEMO", "class":"0x7ffe4908cf60", "imemo_type":"ment", "memsize":48, "flags":{"wb_protected":true}}
{"address":"0x7ffe4908cdd0", "type":"IMEMO", "class":"0x7ffe4908cf60", "imemo_type":"ment", "memsize":48, "flags":{"wb_protected":true}}
{"address":"0x7ffe4908cdf8", "type":"IMEMO", "class":"0x7ffe4908cf60", "imemo_type":"ment", "memsize":48, "flags":{"wb_protected":true}}
{"address":"0x7ffe4908ce20", "type":"IMEMO", "class":"0x7ffe4908cf60", "imemo_type":"ment", "memsize":48, "flags":{"wb_protected":true}}
{"address":"0x7ffe4908ce48", "type":"IMEMO", "class":"0x7ffe4908cf60", "imemo_type":"ment", "memsize":48, "flags":{"wb_protected":true}}
{"address":"0x7ffe4908ce70", "type":"IMEMO", "class":"0x7ffe4908cf60", "imemo_type":"ment", "memsize":48, "flags":{"wb_protected":true}}
{"address":"0x7ffe4908ce98", "type":"IMEMO", "class":"0x7ffe4908cf60", "imemo_type":"ment", "memsize":48, "flags":{"wb_protected":true}}
{"address":"0x7ffe4908cec0", "type":"IMEMO", "class":"0x7ffe4908cf60", "imemo_type":"ment", "memsize":48, "flags":{"wb_protected":true}}
{"address":"0x7ffe4908cee8", "type":"IMEMO", "class":"0x7ffe4908cf60", "imemo_type":"ment", "memsize":48, "flags":{"wb_protected":true}}
{"address":"0x7ffe4908cf10", "type":"STRING", "class":"0x7ffe490be858", "frozen":true, "embedded":true, "bytesize":8, "value":"Time::tm", "encoding":"US-ASCII", "memsize":40, "flags":{"wb_protected":true}}
{"address":"0x7ffe4908cf38", "type":"CLASS", "class":"0x7ffe490c5770", "references":["0x7ffe490c5720", "0x7ffe4908c970", "0x7ffe4908cf60"], "memsize":536, "flags":{"wb_protected":true}}
{"address":"0x7ffe4908cf60", "type":"CLASS", "class":"0x7ffe4908cf38", "name":"Time::tm", "references":["0x7ffe490c68a0", "0x7ffe4908ca38", "0x7ffe4908cbf0", "0x7ffe4908cbc8", "0x7ffe4908cb78", "0x7ffe4908cb28", "0x7ffe4908c9c0", "0x7ffe4908cc18", "0x7ffe4908cc68", "0x7ffe4908cb00", "0x7ffe4908cad8", "0x7ffe4908cab0", "0x7ffe4908cd58", "0x7ffe4908cb50", "0x7ffe4908cba0", "0x7ffe4908cdd0", "0x7ffe4908ce20", "0x7ffe4908ce70", "0x7ffe4908ce98", "0x7ffe4908cee8", "0x7ffe4908cda8", "0x7ffe4908ca10", "0x7ffe4908cec0", "0x7ffe4908ca88", "0x7ffe4908cc40", "0x7ffe4908ca60", "0x7ffe4908ce48", "0x7ffe4908cdf8", "0x7ffe4908cd80", "0x7ffe4908cd30", "0x7ffe4908cd08", "0x7ffe4908cce0", "0x7ffe4908ccb8", "0x7ffe4908cc90", "0x7ffe4908cf10"], "memsize":1496, "flags":{"wb_protected":true}}
{"address":"0x7ffe4908cf88", "type":"STRING", "class":"0x7ffe490be858", "frozen":true, "embedded":true, "fstring":true, "bytesize":2, "value":"tm", "encoding":"US-ASCII", "memsize":40, "flags":{"wb_protected":true}}
{"address":"0x7ffe4908cfb0", "type":"IMEMO", "class":"0x7ffe4908dfc8", "imemo_type":"ment", "memsize":48, "flags":{"wb_protected":true}}
{"address":"0x7ffe4908cfd8", "type":"CLASS", "class":"0x7ffe4908d050", "references":["0x7ffe490c5770", "0x7ffe490c56f8"], "memsize":472, "flags":{"wb_protected":true}}
{"address":"0x7ffe4908d000", "type":"CLASS", "class":"0x7ffe4908d050", "references":["0x7ffe4908cfd8", "0x7ffe490c5720"], "memsize":472, "flags":{"wb_protected":true}}
{"address":"0x7ffe4908d028", "type":"CLASS", "class":"0x7ffe4908d050", "references":["0x7ffe4908d000", "0x7ffe490c5748"], "memsize":472, "flags":{"wb_protected":true}}
{"address":"0x7ffe4908d050", "type":"CLASS", "class":"0x7ffe4908d050", "references":["0x7ffe4908d028", "0x7ffe490c5770"], "memsize":472, "flags":{"wb_protected":true}}
{"address":"0x7ffe4908d078", "type":"CLASS", "class":"0x7ffe4908d050", "references":["0x7ffe4908d000", "0x7ffe4908dfc8"], "memsize":472, "flags":{"wb_protected":true}}
{"address":"0x7ffe4908d0a0", "type":"IMEMO", "class":"0x7ffe4908dff0", "imemo_type":"ment", "memsize":48, "flags":{"wb_protected":true}}
{"address":"0x7ffe4908d0c8", "type":"IMEMO", "class":"0x7ffe4908dff0", "imemo_type":"ment", "memsize":48, "flags":{"wb_protected":true}}
{"address":"0x7ffe4908d0f0", "type":"STRING", "class":"0x7ffe490be858", "frozen":true, "embedded":true, "fstring":true, "bytesize":8, "value":"strftime", "encoding":"US-ASCII", "memsize":40, "flags":{"wb_protected":true}}
{"address":"0x7ffe4908d118", "type":"IMEMO", "class":"0x7ffe4908dff0", "imemo_type":"ment", "memsize":48, "flags":{"wb_protected":true}}
{"address":"0x7ffe4908d140", "type":"STRING", "class":"0x7ffe490be858", "frozen":true, "embedded":true, "fstring":true, "bytesize":6, "value":"subsec", "encoding":"US-ASCII", "memsize":40, "flags":{"wb_protected":true}}
{"address":"0x7ffe4908d168", "type":"IMEMO", "class":"0x7ffe4908dff0", "imemo_type":"ment", "memsize":48, "flags":{"wb_protected":true}}
{"address":"0x7ffe4908d190", "type":"IMEMO", "class":"0x7ffe4908dff0", "imemo_type":"ment", "memsize":48, "flags":{"wb_protected":true}}
{"address":"0x7ffe4908d1b8", "type":"STRING", "class":"0x7ffe490be858", "frozen":true, "embedded":true, "fstring":true, "bytesize":7, "value":"tv_nsec", "encoding":"US-ASCII", "memsize":40, "flags":{"wb_protected":true}}
{"address":"0x7ffe4908d1e0", "type":"IMEMO", "class":"0x7ffe4908dff0", "imemo_type":"ment", "memsize":48, "flags":{"wb_protected":true}}
{"address":"0x7ffe4908d208", "type":"IMEMO", "class":"0x7ffe4908dff0", "imemo_type":"ment", "memsize":48, "flags":{"wb_protected":true}}
{"address":"0x7ffe4908d230", "type":"STRING", "class":"0x7ffe490be858", "frozen":true, "embedded":true, "fstring":true, "bytesize":7, "value":"tv_usec", "encoding":"US-ASCII", "memsize":40, "flags":{"wb_protected":true}}
{"address":"0x7ffe4908d258", "type":"IMEMO", "class":"0x7ffe4908dff0", "imemo_type":"ment", "memsize":48, "flags":{"wb_protected":true}}
{"address":"0x7ffe4908d280", "type":"STRING", "class":"0x7ffe490be858", "frozen":true, "embedded":true, "fstring":true, "bytesize":6, "value":"tv_sec", "encoding":"US-ASCII", "memsize":40, "flags":{"wb_protected":true}}
{"address":"0x7ffe4908d2a8", "type":"IMEMO", "class":"0x7ffe4908dff0", "imemo_type":"ment", "memsize":48, "flags":{"wb_protected":true}}
{"address":"0x7ffe4908d2d0", "type":"STRING", "class":"0x7ffe490be858", "frozen":true, "embedded":true, "fstring":true, "bytesize":9, "value":"saturday?", "encoding":"US-ASCII", "memsize":40, "flags":{"wb_protected":true}}
{"address":"0x7ffe4908d2f8", "type":"IMEMO", "class":"0x7ffe4908dff0", "imemo_type":"ment", "memsize":48, "flags":{"wb_protected":true}}
{"address":"0x7ffe4908d320", "type":"STRING", "class":"0x7ffe490be858", "frozen":true, "embedded":true, "fstring":true, "bytesize":7, "value":"friday?", "encoding":"US-ASCII", "memsize":40, "flags":{"wb_protected":true}}
{"address":"0x7ffe4908d348", "type":"IMEMO", "class":"0x7ffe4908dff0", "imemo_type":"ment", "memsize":48, "flags":{"wb_protected":true}}
{"address":"0x7ffe4908d370", "type":"STRING", "class":"0x7ffe490be858", "frozen":true, "embedded":true, "fstring":true, "bytesize":9, "value":"thursday?", "encoding":"US-ASCII", "memsize":40, "flags":{"wb_protected":true}}
{"address":"0x7ffe4908d398", "type":"IMEMO", "class":"0x7ffe4908dff0", "imemo_type":"ment", "memsize":48, "flags":{"wb_protected":true}}
{"address":"0x7ffe4908d3c0", "type":"STRING", "class":"0x7ffe490be858", "frozen":true, "embedded":true, "fstring":true, "bytesize":10, "value":"wednesday?", "encoding":"US-ASCII", "memsize":40, "flags":{"wb_protected":true}}
{"address":"0x7ffe4908d3e8", "type":"IMEMO", "class":"0x7ffe4908dff0", "imemo_type":"ment", "memsize":48, "flags":{"wb_protected":true}}
{"address":"0x7ffe4908d410", "type":"STRING", "class":"0x7ffe490be858", "frozen":true, "embedded":true, "fstring":true, "bytesize":8, "value":"tuesday?", "encoding":"US-ASCII", "memsize":40, "flags":{"wb_protected":true}}
{"address":"0x7ffe4908d438", "type":"IMEMO", "class":"0x7ffe4908dff0", "imemo_type":"ment", "memsize":48, "flags":{"wb_protected":true}}
{"address":"0x7ffe4908d460", "type":"STRING", "class":"0x7ffe490be858", "frozen":true, "embedded":true, "fstring":true, "bytesize":7, "value":"monday?", "encoding":"US-ASCII", "memsize":40, "flags":{"wb_protected":true}}
{"address":"0x7ffe4908d488", "type":"IMEMO", "class":"0x7ffe4908dff0", "imemo_type":"ment", "memsize":48, "flags":{"wb_protected":true}}
{"address":"0x7ffe4908d4b0", "type":"STRING", "class":"0x7ffe490be858", "frozen":true, "embedded":true, "fstring":true, "bytesize":7, "value":"sunday?", "encoding":"US-ASCII", "memsize":40, "flags":{"wb_protected":true}}
{"address":"0x7ffe4908d4d8", "type":"IMEMO", "class":"0x7ffe4908dff0", "imemo_type":"ment", "memsize":48, "flags":{"wb_protected":true}}
{"address":"0x7ffe4908d500", "type":"STRING", "class":"0x7ffe490be858", "frozen":true, "embedded":true, "fstring":true, "bytesize":4, "value":"gmt?", "encoding":"US-ASCII", "memsize":40, "flags":{"wb_protected":true}}
{"address":"0x7ffe4908d528", "type":"IMEMO", "class":"0x7ffe4908dff0", "imemo_type":"ment", "memsize":48, "flags":{"wb_protected":true}}
{"address":"0x7ffe4908d550", "type":"STRING", "class":"0x7ffe490be858", "frozen":true, "embedded":true, "fstring":true, "bytesize":4, "value":"utc?", "encoding":"US-ASCII", "memsize":40, "flags":{"wb_protected":true}}
{"address":"0x7ffe4908d578", "type":"IMEMO", "class":"0x7ffe4908dff0", "imemo_type":"ment", "memsize":48, "flags":{"wb_protected":true}}
{"address":"0x7ffe4908d5a0", "type":"STRING", "class":"0x7ffe490be858", "frozen":true, "embedded":true, "fstring":true, "bytesize":10, "value":"utc_offset", "encoding":"US-ASCII", "memsize":40, "flags":{"wb_protected":true}}
{"address":"0x7ffe4908d5c8", "type":"IMEMO", "class":"0x7ffe4908dff0", "imemo_type":"ment", "memsize":48, "flags":{"wb_protected":true}}
{"address":"0x7ffe4908d5f0", "type":"STRING", "class":"0x7ffe490be858", "frozen":true, "embedded":true, "fstring":true, "bytesize":10, "value":"gmt_offset", "encoding":"US-ASCII", "memsize":40, "flags":{"wb_protected":true}}
{"address":"0x7ffe4908d618", "type":"IMEMO", "class":"0x7ffe4908dff0", "imemo_type":"ment", "memsize":48, "flags":{"wb_protected":true}}
{"address":"0x7ffe4908d640", "type":"STRING", "class":"0x7ffe490be858", "frozen":true, "embedded":true, "fstring":true, "bytesize":6, "value":"gmtoff", "encoding":"US-ASCII", "memsize":40, "flags":{"wb_protected":true}}
{"address":"0x7ffe4908d668", "type":"IMEMO", "class":"0x7ffe4908dff0", "imemo_type":"ment", "memsize":48, "flags":{"wb_protected":true}}
{"address":"0x7ffe4908d690", "type":"IMEMO", "class":"0x7ffe4908dff0", "imemo_type":"ment", "memsize":48, "flags":{"wb_protected":true}}
{"address":"0x7ffe4908d6b8", "type":"STRING", "class":"0x7ffe490be858", "frozen":true, "embedded":true, "fstring":true, "bytesize":4, "value":"dst?", "encoding":"US-ASCII", "memsize":40, "flags":{"wb_protected":true}}
{"address":"0x7ffe4908d6e0", "type":"IMEMO", "class":"0x7ffe4908dff0", "imemo_type":"ment", "memsize":48, "flags":{"wb_protected":true}}
{"address":"0x7ffe4908d708", "type":"IMEMO", "class":"0x7ffe4908dff0", "imemo_type":"ment", "memsize":48, "flags":{"wb_protected":true}}
{"address":"0x7ffe4908d730", "type":"STRING", "class":"0x7ffe490be858", "frozen":true, "embedded":true, "fstring":true, "bytesize":4, "value":"yday", "encoding":"US-ASCII", "memsize":40, "flags":{"wb_protected":true}}
{"address":"0x7ffe4908d758", "type":"IMEMO", "class":"0x7ffe4908dff0", "imemo_type":"ment", "memsize":48, "flags":{"wb_protected":true}}
{"address":"0x7ffe4908d780", "type":"STRING", "class":"0x7ffe490be858", "frozen":true, "embedded":true, "fstring":true, "bytesize":4, "value":"wday", "encoding":"US-ASCII", "memsize":40, "flags":{"wb_protected":true}}
{"address":"0x7ffe4908d7a8", "type":"IMEMO", "class":"0x7ffe4908dff0", "imemo_type":"ment", "memsize":48, "flags":{"wb_protected":true}}
{"address":"0x7ffe4908d7d0", "type":"IMEMO", "class":"0x7ffe4908dff0", "imemo_type":"ment", "memsize":48, "flags":{"wb_protected":true}}
{"address":"0x7ffe4908d7f8", "type":"STRING", "class":"0x7ffe490be858", "frozen":true, "embedded":true, "fstring":true, "bytesize":5, "value":"month", "encoding":"US-ASCII", "memsize":40, "flags":{"wb_protected":true}}
{"address":"0x7ffe4908d820", "type":"IMEMO", "class":"0x7ffe4908dff0", "imemo_type":"ment", "memsize":48, "flags":{"wb_protected":true}}
{"address":"0x7ffe4908d848", "type":"IMEMO", "class":"0x7ffe4908dff0", "imemo_type":"ment", "memsize":48, "flags":{"wb_protected":true}}
{"address":"0x7ffe4908d870", "type":"STRING", "class":"0x7ffe490be858", "frozen":true, "embedded":true, "fstring":true, "bytesize":3, "value":"day", "encoding":"US-ASCII", "memsize":40, "flags":{"wb_protected":true}}
{"address":"0x7ffe4908d898", "type":"IMEMO", "class":"0x7ffe4908dff0", "imemo_type":"ment", "memsize":48, "flags":{"wb_protected":true}}
{"address":"0x7ffe4908d8c0", "type":"IMEMO", "class":"0x7ffe4908dff0", "imemo_type":"ment", "memsize":48, "flags":{"wb_protected":true}}
{"address":"0x7ffe4908d8e8", "type":"IMEMO", "class":"0x7ffe4908dff0", "imemo_type":"ment", "memsize":48, "flags":{"wb_protected":true}}
{"address":"0x7ffe4908d910", "type":"IMEMO", "class":"0x7ffe4908dff0", "imemo_type":"ment", "memsize":48, "flags":{"wb_protected":true}}
{"address":"0x7ffe4908d938", "type":"IMEMO", "class":"0x7ffe4908dff0", "imemo_type":"ment", "memsize":48, "flags":{"wb_protected":true}}
{"address":"0x7ffe4908d960", "type":"IMEMO", "class":"0x7ffe4908dff0", "imemo_type":"ment", "memsize":48, "flags":{"wb_protected":true}}
{"address":"0x7ffe4908d988", "type":"IMEMO", "class":"0x7ffe4908dff0", "imemo_type":"ment", "memsize":48, "flags":{"wb_protected":true}}
{"address":"0x7ffe4908d9b0", "type":"IMEMO", "class":"0x7ffe4908dff0", "imemo_type":"ment", "memsize":48, "flags":{"wb_protected":true}}
{"address":"0x7ffe4908d9d8", "type":"IMEMO", "class":"0x7ffe4908dff0", "imemo_type":"ment", "memsize":48, "flags":{"wb_protected":true}}
{"address":"0x7ffe4908da00", "type":"IMEMO", "class":"0x7ffe4908dff0", "imemo_type":"ment", "memsize":48, "flags":{"wb_protected":true}}
{"address":"0x7ffe4908da28", "type":"IMEMO", "class":"0x7ffe4908dff0", "imemo_type":"ment", "memsize":48, "flags":{"wb_protected":true}}
{"address":"0x7ffe4908da50", "type":"IMEMO", "class":"0x7ffe4908dff0", "imemo_type":"ment", "memsize":48, "flags":{"wb_protected":true}}
{"address":"0x7ffe4908da78", "type":"IMEMO", "class":"0x7ffe4908dff0", "imemo_type":"ment", "memsize":48, "flags":{"wb_protected":true}}
{"address":"0x7ffe4908daa0", "type":"STRING", "class":"0x7ffe490be858", "frozen":true, "embedded":true, "fstring":true, "bytesize":7, "value":"asctime", "encoding":"US-ASCII", "memsize":40, "flags":{"wb_protected":true}}
{"address":"0x7ffe4908dac8", "type":"IMEMO", "class":"0x7ffe4908dff0", "imemo_type":"ment", "memsize":48, "flags":{"wb_protected":true}}
{"address":"0x7ffe4908daf0", "type":"IMEMO", "class":"0x7ffe4908dff0", "imemo_type":"ment", "memsize":48, "flags":{"wb_protected":true}}
{"address":"0x7ffe4908db18", "type":"STRING", "class":"0x7ffe490be858", "frozen":true, "embedded":true, "fstring":true, "bytesize":6, "value":"getutc", "encoding":"US-ASCII", "memsize":40, "flags":{"wb_protected":true}}
{"address":"0x7ffe4908db40", "type":"IMEMO", "class":"0x7ffe4908dff0", "imemo_type":"ment", "memsize":48, "flags":{"wb_protected":true}}
{"address":"0x7ffe4908db68", "type":"STRING", "class":"0x7ffe490be858", "frozen":true, "embedded":true, "fstring":true, "bytesize":5, "value":"getgm", "encoding":"US-ASCII", "memsize":40, "flags":{"wb_protected":true}}
{"address":"0x7ffe4908db90", "type":"IMEMO", "class":"0x7ffe4908dff0", "imemo_type":"ment", "memsize":48, "flags":{"wb_protected":true}}
{"address":"0x7ffe4908dbb8", "type":"STRING", "class":"0x7ffe490be858", "frozen":true, "embedded":true, "fstring":true, "bytesize":8, "value":"getlocal", "encoding":"US-ASCII", "memsize":40, "flags":{"wb_protected":true}}
{"address":"0x7ffe4908dbe0", "type":"IMEMO", "class":"0x7ffe4908dff0", "imemo_type":"ment", "memsize":48, "flags":{"wb_protected":true}}
{"address":"0x7ffe4908dc08", "type":"IMEMO", "class":"0x7ffe4908dff0", "imemo_type":"ment", "memsize":48, "flags":{"wb_protected":true}}
{"address":"0x7ffe4908dc30", "type":"STRING", "class":"0x7ffe490be858", "frozen":true, "embedded":true, "fstring":true, "bytesize":6, "value":"gmtime", "encoding":"US-ASCII", "memsize":40, "flags":{"wb_protected":true}}
{"address":"0x7ffe4908dc58", "type":"IMEMO", "class":"0x7ffe4908dff0", "imemo_type":"ment", "memsize":48, "flags":{"wb_protected":true}}
{"address":"0x7ffe4908dc80", "type":"STRING", "class":"0x7ffe490be858", "frozen":true, "embedded":true, "fstring":true, "bytesize":9, "value":"localtime", "encoding":"US-ASCII", "memsize":40, "flags":{"wb_protected":true}}
{"address":"0x7ffe4908dca8", "type":"IMEMO", "class":"0x7ffe4908dff0", "imemo_type":"ment", "memsize":48, "flags":{"wb_protected":true}}
{"address":"0x7ffe4908dcd0", "type":"IMEMO", "class":"0x7ffe4908dff0", "imemo_type":"ment", "memsize":48, "flags":{"wb_protected":true}}
{"address":"0x7ffe4908dcf8", "type":"IMEMO", "class":"0x7ffe4908dff0", "imemo_type":"ment", "memsize":48, "flags":{"wb_protected":true}}
{"address":"0x7ffe4908dd20", "type":"IMEMO", "class":"0x7ffe4908dff0", "imemo_type":"ment", "memsize":48, "flags":{"wb_protected":true}}
{"address":"0x7ffe4908dd48", "type":"IMEMO", "class":"0x7ffe4908dff0", "imemo_type":"ment", "memsize":48, "flags":{"wb_protected":true}}
{"address":"0x7ffe4908dd70", "type":"IMEMO", "class":"0x7ffe4908dff0", "imemo_type":"ment", "memsize":48, "flags":{"wb_protected":true}}
{"address":"0x7ffe4908dd98", "type":"IMEMO", "class":"0x7ffe4908dff0", "imemo_type":"ment", "memsize":48, "flags":{"wb_protected":true}}
{"address":"0x7ffe4908ddc0", "type":"IMEMO", "class":"0x7ffe4908dff0", "imemo_type":"ment", "memsize":48, "flags":{"wb_protected":true}}
{"address":"0x7ffe4908dde8", "type":"IMEMO", "class":"0x7ffe4908dfc8", "imemo_type":"ment", "memsize":48, "flags":{"wb_protected":true}}
{"address":"0x7ffe4908de10", "type":"STRING", "class":"0x7ffe490be858", "frozen":true, "embedded":true, "fstring":true, "bytesize":6, "value":"mktime", "encoding":"US-ASCII", "memsize":40, "flags":{"wb_protected":true}}
{"address":"0x7ffe4908de38", "type":"IMEMO", "class":"0x7ffe4908dfc8", "imemo_type":"ment", "memsize":48, "flags":{"wb_protected":true}}
{"address":"0x7ffe4908de60", "type":"STRING", "class":"0x7ffe490be858", "frozen":true, "embedded":true, "fstring":true, "bytesize":5, "value":"local", "encoding":"US-ASCII", "memsize":40, "flags":{"wb_protected":true}}
{"address":"0x7ffe4908de88", "type":"IMEMO", "class":"0x7ffe4908dfc8", "imemo_type":"ment", "memsize":48, "flags":{"wb_protected":true}}
{"address":"0x7ffe4908deb0", "type":"STRING", "class":"0x7ffe490be858", "frozen":true, "embedded":true, "fstring":true, "bytesize":2, "value":"gm", "encoding":"US-ASCII", "memsize":40, "flags":{"wb_protected":true}}
{"address":"0x7ffe4908ded8", "type":"IMEMO", "class":"0x7ffe4908dfc8", "imemo_type":"ment", "memsize":48, "flags":{"wb_protected":true}}
{"address":"0x7ffe4908df00", "type":"STRING", "class":"0x7ffe490be858", "frozen":true, "embedded":true, "fstring":true, "bytesize":3, "value":"utc", "encoding":"US-ASCII", "memsize":40, "flags":{"wb_protected":true}}
{"address":"0x7ffe4908df28", "type":"IMEMO", "class":"0x7ffe4908dfc8", "imemo_type":"ment", "memsize":48, "flags":{"wb_protected":true}}
{"address":"0x7ffe4908df50", "type":"IMEMO", "class":"0x7ffe4908dfc8", "imemo_type":"ment", "memsize":48, "flags":{"wb_protected":true}}
{"address":"0x7ffe4908df78", "type":"STRING", "class":"0x7ffe490be858", "frozen":true, "embedded":true, "fstring":true, "bytesize":3, "value":"now", "encoding":"US-ASCII", "memsize":40, "flags":{"wb_protected":true}}
{"address":"0x7ffe4908dfa0", "type":"ICLASS", "class":"0x7ffe490bfb40", "references":["0x7ffe490c68a0"], "memsize":40, "flags":{"wb_protected":true}}
{"address":"0x7ffe4908dfc8", "type":"CLASS", "class":"0x7ffe4908d078", "references":["0x7ffe490c5720", "0x7ffe4908df50", "0x7ffe4908df28", "0x7ffe4908de88", "0x7ffe4908de38", "0x7ffe4908dde8", "0x7ffe4908cfb0", "0x7ffe4908ded8", "0x7ffe4908dff0"], "memsize":728, "flags":{"wb_protected":true}}
{"address":"0x7ffe4908dff0", "type":"CLASS", "class":"0x7ffe4908dfc8", "name":"Time", "references":["0x7ffe4908dfa0", "0x7ffe4908d348", "0x7ffe4908d398", "0x7ffe4908d2a8", "0x7ffe4908d2f8", "0x7ffe4908d208", "0x7ffe4908d258", "0x7ffe4908d118", "0x7ffe4908dd48", "0x7ffe4908d0c8", "0x7ffe4908d190", "0x7ffe4908dd20", "0x7ffe4908d8e8", "0x7ffe4908d9d8", "0x7ffe4908da28", "0x7ffe4908d9b0", "0x7ffe4908dcd0", "0x7ffe4908dca8", "0x7ffe4908d0a0", "0x7ffe4908da00", "0x7ffe4908da50", "0x7ffe4908ddc0", "0x7ffe4908dd98", "0x7ffe4908dd70", "0x7ffe4908d668", "0x7ffe4908d168", "0x7ffe4908d1e0", "0x7ffe4908d7a8", "0x7ffe4908d820", "0x7ffe4908d898", "0x7ffe4908d8c0", "0x7ffe4908d910", "0x7ffe4908d6e0", "0x7ffe4908d960", "0x7ffe4908dbe0", "0x7ffe4908d988", "0x7ffe4908d938", "0x7ffe4908dc58", "0x7ffe4908dc08", "0x7ffe4908db90", "0x7ffe4908db40", "0x7ffe4908daf0", "0x7ffe4908da78", "0x7ffe4908dac8", "0x7ffe4908d7d0", "0x7ffe4908d758", "0x7ffe4908d848", "0x7ffe4908d690", "0x7ffe4908d618", "0x7ffe4908d708", "0x7ffe4908d578", "0x7ffe4908d528", "0x7ffe4908d4d8", "0x7ffe4908d488", "0x7ffe4908dcf8", "0x7ffe4908d5c8", "0x7ffe4908d3e8", "0x7ffe4908d438", "0x7ffe4908e018", "0x7ffe4908cf60"], "memsize":2608, "flags":{"wb_protected":true}}
{"address":"0x7ffe4908e018", "type":"STRING", "class":"0x7ffe490be858", "frozen":true, "embedded":true, "fstring":true, "bytesize":4, "value":"Time", "encoding":"US-ASCII", "memsize":40, "flags":{"wb_protected":true}}
{"address":"0x7ffe4908e040", "type":"STRING", "class":"0x7ffe490be858", "frozen":true, "fstring":true, "bytesize":3, "value":"UTC", "encoding":"US-ASCII", "memsize":40, "flags":{"wb_protected":true}}
{"address":"0x7ffe4908e068", "type":"STRING", "class":"0x7ffe490be858", "frozen":true, "embedded":true, "fstring":true, "bytesize":13, "value":"find_timezone", "encoding":"US-ASCII", "memsize":40, "flags":{"wb_protected":true}}
{"address":"0x7ffe4908e090", "type":"STRING", "class":"0x7ffe490be858", "frozen":true, "embedded":true, "fstring":true, "bytesize":5, "value":"isdst", "encoding":"US-ASCII", "memsize":40, "flags":{"wb_protected":true}}
{"address":"0x7ffe4908e0b8", "type":"STRING", "class":"0x7ffe490be858", "frozen":true, "embedded":true, "fstring":true, "bytesize":3, "value":"sec", "encoding":"US-ASCII", "memsize":40, "flags":{"wb_protected":true}}
{"address":"0x7ffe4908e0e0", "type":"STRING", "class":"0x7ffe490be858", "frozen":true, "embedded":true, "fstring":true, "bytesize":4, "value":"hour", "encoding":"US-ASCII", "memsize":40, "flags":{"wb_protected":true}}
{"address":"0x7ffe4908e108", "type":"STRING", "class":"0x7ffe490be858", "frozen":true, "embedded":true, "fstring":true, "bytesize":4, "value":"mday", "encoding":"US-ASCII", "memsize":40, "flags":{"wb_protected":true}}
{"address":"0x7ffe4908e130", "type":"STRING", "class":"0x7ffe490be858", "frozen":true, "embedded":true, "fstring":true, "bytesize":3, "value":"mon", "encoding":"US-ASCII", "memsize":40, "flags":{"wb_protected":true}}
{"address":"0x7ffe4908e158", "type":"STRING", "class":"0x7ffe490be858", "frozen":true, "embedded":true, "fstring":true, "bytesize":4, "value":"year", "encoding":"US-ASCII", "memsize":40, "flags":{"wb_protected":true}}
{"address":"0x7ffe4908e180", "type":"STRING", "class":"0x7ffe490be858", "frozen":true, "embedded":true, "fstring":true, "bytesize":12, "value":"utc_to_local", "encoding":"US-ASCII", "memsize":40, "flags":{"wb_protected":true}}
{"address":"0x7ffe4908e1a8", "type":"STRING", "class":"0x7ffe490be858", "frozen":true, "embedded":true, "fstring":true, "bytesize":12, "value":"local_to_utc", "encoding":"US-ASCII", "memsize":40, "flags":{"wb_protected":true}}
{"address":"0x7ffe4908e1d0", "type":"STRING", "class":"0x7ffe490be858", "frozen":true, "embedded":true, "fstring":true, "bytesize":4, "value":"usec", "encoding":"US-ASCII", "memsize":40, "flags":{"wb_protected":true}}
{"address":"0x7ffe4908e1f8", "type":"STRING", "class":"0x7ffe490be858", "frozen":true, "embedded":true, "fstring":true, "bytesize":4, "value":"nsec", "encoding":"US-ASCII", "memsize":40, "flags":{"wb_protected":true}}
{"address":"0x7ffe4908e220", "type":"STRING", "class":"0x7ffe490be858", "frozen":true, "embedded":true, "fstring":true, "bytesize":11, "value":"millisecond", "encoding":"US-ASCII", "memsize":40, "flags":{"wb_protected":true}}
{"address":"0x7ffe4908e248", "type":"STRING", "class":"0x7ffe490be858", "frozen":true, "embedded":true, "fstring":true, "bytesize":11, "value":"microsecond", "encoding":"US-ASCII", "memsize":40, "flags":{"wb_protected":true}}
{"address":"0x7ffe4908e270", "type":"STRING", "class":"0x7ffe490be858", "frozen":true, "embedded":true, "fstring":true, "bytesize":10, "value":"nanosecond", "encoding":"US-ASCII", "memsize":40, "flags":{"wb_protected":true}}
{"address":"0x7ffe4908e298", "type":"STRING", "class":"0x7ffe490be858", "frozen":true, "embedded":true, "fstring":true, "bytesize":4, "value":"zone", "encoding":"US-ASCII", "memsize":40, "flags":{"wb_protected":true}}
{"address":"0x7ffe4908e2c0", "type":"STRING", "class":"0x7ffe490be858", "frozen":true, "embedded":true, "fstring":true, "bytesize":8, "value":"nano_den", "encoding":"US-ASCII", "memsize":40, "flags":{"wb_protected":true}}
{"address":"0x7ffe4908e2e8", "type":"STRING", "class":"0x7ffe490be858", "frozen":true, "embedded":true, "fstring":true, "bytesize":8, "value":"nano_num", "encoding":"US-ASCII", "memsize":40, "flags":{"wb_protected":true}}
{"address":"0x7ffe4908e310", "type":"STRING", "class":"0x7ffe490be858", "frozen":true, "embedded":true, "fstring":true, "bytesize":8, "value":"submicro", "encoding":"US-ASCII", "memsize":40, "flags":{"wb_protected":true}}
{"address":"0x7ffe4908e338", "type":"STRING", "class":"0x7ffe490be858", "frozen":true, "embedded":true, "fstring":true, "bytesize":13, "value":"FNM_SHORTNAME", "encoding":"US-ASCII", "memsize":40, "flags":{"wb_protected":true}}
{"address":"0x7ffe4908e360", "type":"STRING", "class":"0x7ffe490be858", "frozen":true, "embedded":true, "fstring":true, "bytesize":11, "value":"FNM_SYSCASE", "encoding":"US-ASCII", "memsize":40, "flags":{"wb_protected":true}}
{"address":"0x7ffe4908e388", "type":"STRING", "class":"0x7ffe490be858", "frozen":true, "embedded":true, "fstring":true, "bytesize":11, "value":"FNM_EXTGLOB", "encoding":"US-ASCII", "memsize":40, "flags":{"wb_protected":true}}
{"address":"0x7ffe4908e3b0", "type":"STRING", "class":"0x7ffe490be858", "frozen":true, "embedded":true, "fstring":true, "bytesize":12, "value":"FNM_CASEFOLD", "encoding":"US-ASCII", "memsize":40, "flags":{"wb_protected":true}}
{"address":"0x7ffe4908e3d8", "type":"STRING", "class":"0x7ffe490be858", "frozen":true, "embedded":true, "fstring":true, "bytesize":12, "value":"FNM_DOTMATCH", "encoding":"US-ASCII", "memsize":40, "flags":{"wb_protected":true}}
{"address":"0x7ffe4908e400", "type":"STRING", "class":"0x7ffe490be858", "frozen":true, "embedded":true, "fstring":true, "bytesize":12, "value":"FNM_PATHNAME", "encoding":"US-ASCII", "memsize":40, "flags":{"wb_protected":true}}
{"address":"0x7ffe4908e428", "type":"STRING", "class":"0x7ffe490be858", "frozen":true, "embedded":true, "fstring":true, "bytesize":12, "value":"FNM_NOESCAPE", "encoding":"US-ASCII", "memsize":40, "flags":{"wb_protected":true}}
{"address":"0x7ffe4908e450", "type":"IMEMO", "class":"0x7ffe490959f8", "imemo_type":"ment", "memsize":48, "flags":{"wb_protected":true}}
{"address":"0x7ffe4908e478", "type":"STRING", "class":"0x7ffe490be858", "frozen":true, "embedded":true, "fstring":true, "bytesize":8, "value":"fnmatch?", "encoding":"US-ASCII", "memsize":40, "flags":{"wb_protected":true}}
{"address":"0x7ffe4908e4a0", "type":"IMEMO", "class":"0x7ffe490959f8", "imemo_type":"ment", "memsize":48, "flags":{"wb_protected":true}}
{"address":"0x7ffe4908e4c8", "type":"STRING", "class":"0x7ffe490be858", "frozen":true, "embedded":true, "fstring":true, "bytesize":7, "value":"fnmatch", "encoding":"US-ASCII", "memsize":40, "flags":{"wb_protected":true}}
{"address":"0x7ffe4908e4f0", "type":"IMEMO", "class":"0x7ffe4908eb30", "imemo_type":"ment", "memsize":48, "flags":{"wb_protected":true}}
{"address":"0x7ffe4908e518", "type":"IMEMO", "class":"0x7ffe4908eb30", "imemo_type":"ment", "memsize":48, "flags":{"wb_protected":true}}
{"address":"0x7ffe4908e540", "type":"IMEMO", "class":"0x7ffe4908eb30", "imemo_type":"ment", "memsize":48, "flags":{"wb_protected":true}}
{"address":"0x7ffe4908e568", "type":"IMEMO", "class":"0x7ffe4908eb30", "imemo_type":"ment", "memsize":48, "flags":{"wb_protected":true}}
{"address":"0x7ffe4908e590", "type":"STRING", "class":"0x7ffe490be858", "frozen":true, "embedded":true, "fstring":true, "bytesize":4, "value":"home", "encoding":"US-ASCII", "memsize":40, "flags":{"wb_protected":true}}
{"address":"0x7ffe4908e5b8", "type":"IMEMO", "class":"0x7ffe4908eb30", "imemo_type":"ment", "memsize":48, "flags":{"wb_protected":true}}
{"address":"0x7ffe4908e5e0", "type":"IMEMO", "class":"0x7ffe4908eb30", "imemo_type":"ment", "memsize":48, "flags":{"wb_protected":true}}
{"address":"0x7ffe4908e608", "type":"IMEMO", "class":"0x7ffe4908eb30", "imemo_type":"ment", "memsize":48, "flags":{"wb_protected":true}}
{"address":"0x7ffe4908e630", "type":"STRING", "class":"0x7ffe490be858", "frozen":true, "embedded":true, "fstring":true, "bytesize":5, "value":"rmdir", "encoding":"US-ASCII", "memsize":40, "flags":{"wb_protected":true}}
{"address":"0x7ffe4908e658", "type":"IMEMO", "class":"0x7ffe4908eb30", "imemo_type":"ment", "memsize":48, "flags":{"wb_protected":true}}
{"address":"0x7ffe4908e680", "type":"STRING", "class":"0x7ffe490be858", "frozen":true, "embedded":true, "fstring":true, "bytesize":5, "value":"mkdir", "encoding":"US-ASCII", "memsize":40, "flags":{"wb_protected":true}}
{"address":"0x7ffe4908e6a8", "type":"IMEMO", "class":"0x7ffe4908eb30", "imemo_type":"ment", "memsize":48, "flags":{"wb_protected":true}}
{"address":"0x7ffe4908e6d0", "type":"STRING", "class":"0x7ffe490be858", "frozen":true, "embedded":true, "fstring":true, "bytesize":6, "value":"chroot", "encoding":"US-ASCII", "memsize":40, "flags":{"wb_protected":true}}
{"address":"0x7ffe4908e6f8", "type":"IMEMO", "class":"0x7ffe4908eb30", "imemo_type":"ment", "memsize":48, "flags":{"wb_protected":true}}
{"address":"0x7ffe4908e720", "type":"STRING", "class":"0x7ffe490be858", "frozen":true, "embedded":true, "fstring":true, "bytesize":3, "value":"pwd", "encoding":"US-ASCII", "memsize":40, "flags":{"wb_protected":true}}
{"address":"0x7ffe4908e748", "type":"IMEMO", "class":"0x7ffe4908eb30", "imemo_type":"ment", "memsize":48, "flags":{"wb_protected":true}}
{"address":"0x7ffe4908e770", "type":"STRING", "class":"0x7ffe490be858", "frozen":true, "embedded":true, "fstring":true, "bytesize":5, "value":"getwd", "encoding":"US-ASCII", "memsize":40, "flags":{"wb_protected":true}}
{"address":"0x7ffe4908e798", "type":"IMEMO", "class":"0x7ffe4908eb30", "imemo_type":"ment", "memsize":48, "flags":{"wb_protected":true}}
{"address":"0x7ffe4908e7c0", "type":"STRING", "class":"0x7ffe490be858", "frozen":true, "embedded":true, "fstring":true, "bytesize":5, "value":"chdir", "encoding":"US-ASCII", "memsize":40, "flags":{"wb_protected":true}}
{"address":"0x7ffe4908e7e8", "type":"IMEMO", "class":"0x7ffe4908eb58", "imemo_type":"ment", "memsize":48, "flags":{"wb_protected":true}}
{"address":"0x7ffe4908e810", "type":"IMEMO", "class":"0x7ffe4908eb58", "imemo_type":"ment", "memsize":48, "flags":{"wb_protected":true}}
{"address":"0x7ffe4908e838", "type":"IMEMO", "class":"0x7ffe4908eb58", "imemo_type":"ment", "memsize":48, "flags":{"wb_protected":true}}
{"address":"0x7ffe4908e860", "type":"IMEMO", "class":"0x7ffe4908eb58", "imemo_type":"ment", "memsize":48, "flags":{"wb_protected":true}}
{"address":"0x7ffe4908e888", "type":"IMEMO", "class":"0x7ffe4908eb58", "imemo_type":"ment", "memsize":48, "flags":{"wb_protected":true}}
{"address":"0x7ffe4908e8b0", "type":"IMEMO", "class":"0x7ffe4908eb58", "imemo_type":"ment", "memsize":48, "flags":{"wb_protected":true}}
{"address":"0x7ffe4908e8d8", "type":"IMEMO", "class":"0x7ffe4908eb58", "imemo_type":"ment", "memsize":48, "flags":{"wb_protected":true}}
{"address":"0x7ffe4908e900", "type":"IMEMO", "class":"0x7ffe4908eb58", "imemo_type":"ment", "memsize":48, "flags":{"wb_protected":true}}
{"address":"0x7ffe4908e928", "type":"IMEMO", "class":"0x7ffe4908eb58", "imemo_type":"ment", "memsize":48, "flags":{"wb_protected":true}}
{"address":"0x7ffe4908e950", "type":"IMEMO", "class":"0x7ffe4908eb58", "imemo_type":"ment", "memsize":48, "flags":{"wb_protected":true}}
{"address":"0x7ffe4908e978", "type":"IMEMO", "class":"0x7ffe4908eb58", "imemo_type":"ment", "memsize":48, "flags":{"wb_protected":true}}
{"address":"0x7ffe4908e9a0", "type":"IMEMO", "class":"0x7ffe4908eb58", "imemo_type":"ment", "memsize":48, "flags":{"wb_protected":true}}
{"address":"0x7ffe4908e9c8", "type":"IMEMO", "class":"0x7ffe4908eb58", "imemo_type":"ment", "memsize":48, "flags":{"wb_protected":true}}
{"address":"0x7ffe4908e9f0", "type":"IMEMO", "class":"0x7ffe4908eb58", "imemo_type":"ment", "memsize":48, "flags":{"wb_protected":true}}
{"address":"0x7ffe4908ea18", "type":"IMEMO", "class":"0x7ffe4908eb30", "imemo_type":"ment", "memsize":48, "flags":{"wb_protected":true}}
{"address":"0x7ffe4908ea40", "type":"STRING", "class":"0x7ffe490be858", "frozen":true, "embedded":true, "fstring":true, "bytesize":8, "value":"children", "encoding":"US-ASCII", "memsize":40, "flags":{"wb_protected":true}}
{"address":"0x7ffe4908ea68", "type":"IMEMO", "class":"0x7ffe4908eb30", "imemo_type":"ment", "memsize":48, "flags":{"wb_protected":true}}
{"address":"0x7ffe4908ea90", "type":"STRING", "class":"0x7ffe490be858", "frozen":true, "embedded":true, "fstring":true, "bytesize":10, "value":"each_child", "encoding":"US-ASCII", "memsize":40, "flags":{"wb_protected":true}}
{"address":"0x7ffe4908eab8", "type":"IMEMO", "class":"0x7ffe4908eb30", "imemo_type":"ment", "memsize":48, "flags":{"wb_protected":true}}
{"address":"0x7ffe4908eae0", "type":"IMEMO", "class":"0x7ffe4908eb30", "imemo_type":"ment", "memsize":48, "flags":{"wb_protected":true}}
{"address":"0x7ffe4908eb08", "type":"ICLASS", "class":"0x7ffe490bf988", "references":["0x7ffe490c68a0"], "memsize":40, "flags":{"wb_protected":true}}
{"address":"0x7ffe4908eb30", "type":"CLASS", "class":"0x7ffe490566b8", "references":["0x7ffe490c5720", "0x7ffe4908ea68", "0x7ffe4908eae0", "0x7ffe4908e798", "0x7ffe4908e748", "0x7ffe4908ea18", "0x7ffe4908e6f8", "0x7ffe4908e658", "0x7ffe4908e608", "0x7ffe4908e6a8", "0x7ffe4908e568", "0x7ffe49056618", "0x7ffe49056690", "0x7ffe4908e5e0", "0x7ffe49056640", "0x7ffe4908eab8", "0x7ffe4908e540", "0x7ffe4908e518", "0x7ffe4908e5b8", "0x7ffe4908e4f0", "0x7ffe490c6468", "0x7ffe490c66c0", "0x7ffe4908eb58"], "memsize":1120, "flags":{"wb_protected":true}}
{"address":"0x7ffe4908eb58", "type":"CLASS", "class":"0x7ffe4908eb30", "name":"Dir", "references":["0x7ffe4908eb08", "0x7ffe4908e900", "0x7ffe4908e8d8", "0x7ffe4908e8b0", "0x7ffe4908e838", "0x7ffe4908e810", "0x7ffe4908e9c8", "0x7ffe4908e7e8", "0x7ffe49056668", "0x7ffe4908e978", "0x7ffe4908e9f0", "0x7ffe4908e950", "0x7ffe4908e888", "0x7ffe4908e928", "0x7ffe4908e860", "0x7ffe4908e9a0", "0x7ffe4908eb80"], "memsize":984, "flags":{"wb_protected":true}}
{"address":"0x7ffe4908eb80", "type":"STRING", "class":"0x7ffe490be858", "frozen":true, "embedded":true, "fstring":true, "bytesize":3, "value":"Dir", "encoding":"US-ASCII", "memsize":40, "flags":{"wb_protected":true}}
{"address":"0x7ffe4908eba8", "type":"STRING", "class":"0x7ffe490be858", "frozen":true, "embedded":true, "fstring":true, "bytesize":13, "value":"wait_writable", "encoding":"US-ASCII", "memsize":40, "flags":{"wb_protected":true}}
{"address":"0x7ffe4908ebd0", "type":"STRING", "class":"0x7ffe490be858", "frozen":true, "embedded":true, "fstring":true, "bytesize":13, "value":"wait_readable", "encoding":"US-ASCII", "memsize":40, "flags":{"wb_protected":true}}
{"address":"0x7ffe4908ebf8", "type":"STRING", "class":"0x7ffe490be858", "frozen":true, "embedded":true, "fstring":true, "bytesize":4, "value":"HOLE", "encoding":"US-ASCII", "memsize":40, "flags":{"wb_protected":true}}
{"address":"0x7ffe4908ec20", "type":"STRING", "class":"0x7ffe490be858", "frozen":true, "embedded":true, "fstring":true, "bytesize":4, "value":"DATA", "encoding":"US-ASCII", "memsize":40, "flags":{"wb_protected":true}}
{"address":"0x7ffe4908ec48", "type":"STRING", "class":"0x7ffe490be858", "frozen":true, "embedded":true, "fstring":true, "bytesize":3, "value":"END", "encoding":"US-ASCII", "memsize":40, "flags":{"wb_protected":true}}
{"address":"0x7ffe4908ec70", "type":"STRING", "class":"0x7ffe490be858", "frozen":true, "embedded":true, "fstring":true, "bytesize":3, "value":"CUR", "encoding":"US-ASCII", "memsize":40, "flags":{"wb_protected":true}}
{"address":"0x7ffe4908ec98", "type":"STRING", "class":"0x7ffe490be858", "frozen":true, "embedded":true, "fstring":true, "bytesize":3, "value":"SET", "encoding":"US-ASCII", "memsize":40, "flags":{"wb_protected":true}}
{"address":"0x7ffe4908ecc0", "type":"STRING", "class":"0x7ffe490be858", "frozen":true, "embedded":true, "fstring":true, "bytesize":7, "value":"noreuse", "encoding":"US-ASCII", "memsize":40, "flags":{"wb_protected":true}}
{"address":"0x7ffe4908ece8", "type":"STRING", "class":"0x7ffe490be858", "frozen":true, "embedded":true, "fstring":true, "bytesize":8, "value":"dontneed", "encoding":"US-ASCII", "memsize":40, "flags":{"wb_protected":true}}
{"address":"0x7ffe4908ed10", "type":"STRING", "class":"0x7ffe490be858", "frozen":true, "embedded":true, "fstring":true, "bytesize":8, "value":"willneed", "encoding":"US-ASCII", "memsize":40, "flags":{"wb_protected":true}}
{"address":"0x7ffe4908ed38", "type":"STRING", "class":"0x7ffe490be858", "frozen":true, "embedded":true, "fstring":true, "bytesize":6, "value":"random", "encoding":"US-ASCII", "memsize":40, "flags":{"wb_protected":true}}
{"address":"0x7ffe4908ed60", "type":"STRING", "class":"0x7ffe490be858", "frozen":true, "embedded":true, "fstring":true, "bytesize":10, "value":"sequential", "encoding":"US-ASCII", "memsize":40, "flags":{"wb_protected":true}}
{"address":"0x7ffe4908ed88", "type":"STRING", "class":"0x7ffe490be858", "frozen":true, "embedded":true, "fstring":true, "bytesize":6, "value":"normal", "encoding":"US-ASCII", "memsize":40, "flags":{"wb_protected":true}}
{"address":"0x7ffe4908edb0", "type":"STRING", "class":"0x7ffe490be858", "frozen":true, "embedded":true, "fstring":true, "bytesize":9, "value":"autoclose", "encoding":"US-ASCII", "memsize":40, "flags":{"wb_protected":true}}
{"address":"0x7ffe4908edd8", "type":"STRING", "class":"0x7ffe490be858", "frozen":true, "embedded":true, "fstring":true, "bytesize":8, "value":"textmode", "encoding":"US-ASCII", "memsize":40, "flags":{"wb_protected":true}}
{"address":"0x7ffe4908ee00", "type":"STRING", "class":"0x7ffe490be858", "frozen":true, "embedded":true, "fstring":true, "bytesize":9, "value":"open_args", "encoding":"US-ASCII", "memsize":40, "flags":{"wb_protected":true}}
{"address":"0x7ffe4908ee28", "type":"STRING", "class":"0x7ffe490be858", "frozen":true, "embedded":true, "fstring":true, "bytesize":5, "value":"flags", "encoding":"US-ASCII", "memsize":40, "flags":{"wb_protected":true}}
{"address":"0x7ffe4908ee50", "type":"STRING", "class":"0x7ffe490be858", "frozen":true, "embedded":true, "fstring":true, "bytesize":4, "value":"perm", "encoding":"US-ASCII", "memsize":40, "flags":{"wb_protected":true}}
{"address":"0x7ffe4908ee78", "type":"IMEMO", "class":"0x7ffe49095a20", "imemo_type":"ment", "memsize":48, "flags":{"wb_protected":true}}
{"address":"0x7ffe4908eea0", "type":"IMEMO", "class":"0x7ffe4908f828", "imemo_type":"ment", "memsize":48, "flags":{"wb_protected":true}}
{"address":"0x7ffe4908eec8", "type":"IMEMO", "class":"0x7ffe4908f828", "imemo_type":"ment", "memsize":48, "flags":{"wb_protected":true}}
{"address":"0x7ffe4908eef0", "type":"IMEMO", "class":"0x7ffe4908f828", "imemo_type":"ment", "memsize":48, "flags":{"wb_protected":true}}
{"address":"0x7ffe4908ef18", "type":"IMEMO", "class":"0x7ffe4908f828", "imemo_type":"ment", "memsize":48, "flags":{"wb_protected":true}}
{"address":"0x7ffe4908ef40", "type":"IMEMO", "class":"0x7ffe4908f828", "imemo_type":"ment", "memsize":48, "flags":{"wb_protected":true}}
{"address":"0x7ffe4908ef68", "type":"IMEMO", "class":"0x7ffe4908f828", "imemo_type":"ment", "memsize":48, "flags":{"wb_protected":true}}
{"address":"0x7ffe4908ef90", "type":"IMEMO", "class":"0x7ffe4908f828", "imemo_type":"ment", "memsize":48, "flags":{"wb_protected":true}}
{"address":"0x7ffe4908efb8", "type":"IMEMO", "class":"0x7ffe4908f828", "imemo_type":"ment", "memsize":48, "flags":{"wb_protected":true}}
{"address":"0x7ffe4908efe0", "type":"IMEMO", "class":"0x7ffe4908f828", "imemo_type":"ment", "memsize":48, "flags":{"wb_protected":true}}
{"address":"0x7ffe4908f008", "type":"IMEMO", "class":"0x7ffe4908f828", "imemo_type":"ment", "memsize":48, "flags":{"wb_protected":true}}
{"address":"0x7ffe4908f030", "type":"IMEMO", "class":"0x7ffe4908f828", "imemo_type":"ment", "memsize":48, "flags":{"wb_protected":true}}
{"address":"0x7ffe4908f058", "type":"IMEMO", "class":"0x7ffe4908f828", "imemo_type":"ment", "memsize":48, "flags":{"wb_protected":true}}
{"address":"0x7ffe4908f080", "type":"IMEMO", "class":"0x7ffe4908f828", "imemo_type":"ment", "memsize":48, "flags":{"wb_protected":true}}
{"address":"0x7ffe4908f0a8", "type":"IMEMO", "class":"0x7ffe4908f828", "imemo_type":"ment", "memsize":48, "flags":{"wb_protected":true}}
{"address":"0x7ffe4908f0d0", "type":"IMEMO", "class":"0x7ffe4908f828", "imemo_type":"ment", "memsize":48, "flags":{"wb_protected":true}}
{"address":"0x7ffe4908f0f8", "type":"IMEMO", "class":"0x7ffe4908f828", "imemo_type":"ment", "memsize":48, "flags":{"wb_protected":true}}
{"address":"0x7ffe4908f120", "type":"IMEMO", "class":"0x7ffe4908f828", "imemo_type":"ment", "memsize":48, "flags":{"wb_protected":true}}
{"address":"0x7ffe4908f148", "type":"IMEMO", "class":"0x7ffe4908f828", "imemo_type":"ment", "memsize":48, "flags":{"wb_protected":true}}
{"address":"0x7ffe4908f170", "type":"IMEMO", "class":"0x7ffe4908f828", "imemo_type":"ment", "memsize":48, "flags":{"wb_protected":true}}
{"address":"0x7ffe4908f198", "type":"IMEMO", "class":"0x7ffe4908f828", "imemo_type":"ment", "memsize":48, "flags":{"wb_protected":true}}
{"address":"0x7ffe4908f1c0", "type":"IMEMO", "class":"0x7ffe4908f828", "imemo_type":"ment", "memsize":48, "flags":{"wb_protected":true}}
{"address":"0x7ffe4908f1e8", "type":"IMEMO", "class":"0x7ffe4908f828", "imemo_type":"ment", "memsize":48, "flags":{"wb_protected":true}}
{"address":"0x7ffe4908f210", "type":"IMEMO", "class":"0x7ffe4908f828", "imemo_type":"ment", "memsize":48, "flags":{"wb_protected":true}}
{"address":"0x7ffe4908f238", "type":"IMEMO", "class":"0x7ffe4908f828", "imemo_type":"ment", "memsize":48, "flags":{"wb_protected":true}}
{"address":"0x7ffe4908f260", "type":"IMEMO", "class":"0x7ffe4908f828", "imemo_type":"ment", "memsize":48, "flags":{"wb_protected":true}}
{"address":"0x7ffe4908f288", "type":"IMEMO", "class":"0x7ffe4908f828", "imemo_type":"ment", "memsize":48, "flags":{"wb_protected":true}}
{"address":"0x7ffe4908f2b0", "type":"IMEMO", "class":"0x7ffe4908f828", "imemo_type":"ment", "memsize":48, "flags":{"wb_protected":true}}
{"address":"0x7ffe4908f2d8", "type":"IMEMO", "class":"0x7ffe4908f828", "imemo_type":"ment", "memsize":48, "flags":{"wb_protected":true}}
{"address":"0x7ffe4908f300", "type":"IMEMO", "class":"0x7ffe4908f828", "imemo_type":"ment", "memsize":48, "flags":{"wb_protected":true}}
{"address":"0x7ffe4908f328", "type":"STRING", "class":"0x7ffe490be858", "frozen":true, "embedded":true, "fstring":true, "bytesize":6, "value":"blocks", "encoding":"US-ASCII", "memsize":40, "flags":{"wb_protected":true}}
{"address":"0x7ffe4908f350", "type":"IMEMO", "class":"0x7ffe4908f828", "imemo_type":"ment", "memsize":48, "flags":{"wb_protected":true}}
{"address":"0x7ffe4908f378", "type":"STRING", "class":"0x7ffe490be858", "frozen":true, "embedded":true, "fstring":true, "bytesize":7, "value":"blksize", "encoding":"US-ASCII", "memsize":40, "flags":{"wb_protected":true}}
{"address":"0x7ffe4908f3a0", "type":"IMEMO", "class":"0x7ffe4908f828", "imemo_type":"ment", "memsize":48, "flags":{"wb_protected":true}}
{"address":"0x7ffe4908f3c8", "type":"IMEMO", "class":"0x7ffe4908f828", "imemo_type":"ment", "memsize":48, "flags":{"wb_protected":true}}
{"address":"0x7ffe4908f3f0", "type":"STRING", "class":"0x7ffe490be858", "frozen":true, "embedded":true, "fstring":true, "bytesize":10, "value":"rdev_minor", "encoding":"US-ASCII", "memsize":40, "flags":{"wb_protected":true}}
{"address":"0x7ffe4908f418", "type":"IMEMO", "class":"0x7ffe4908f828", "imemo_type":"ment", "memsize":48, "flags":{"wb_protected":true}}
{"address":"0x7ffe4908f440", "type":"STRING", "class":"0x7ffe490be858", "frozen":true, "embedded":true, "fstring":true, "bytesize":10, "value":"rdev_major", "encoding":"US-ASCII", "memsize":40, "flags":{"wb_protected":true}}
{"address":"0x7ffe4908f468", "type":"IMEMO", "class":"0x7ffe4908f828", "imemo_type":"ment", "memsize":48, "flags":{"wb_protected":true}}
{"address":"0x7ffe4908f490", "type":"STRING", "class":"0x7ffe490be858", "frozen":true, "embedded":true, "fstring":true, "bytesize":4, "value":"rdev", "encoding":"US-ASCII", "memsize":40, "flags":{"wb_protected":true}}
{"address":"0x7ffe4908f4b8", "type":"IMEMO", "class":"0x7ffe4908f828", "imemo_type":"ment", "memsize":48, "flags":{"wb_protected":true}}
{"address":"0x7ffe4908f4e0", "type":"STRING", "class":"0x7ffe490be858", "frozen":true, "embedded":true, "fstring":true, "bytesize":3, "value":"gid", "encoding":"US-ASCII", "memsize":40, "flags":{"wb_protected":true}}
{"address":"0x7ffe4908f508", "type":"IMEMO", "class":"0x7ffe4908f828", "imemo_type":"ment", "memsize":48, "flags":{"wb_protected":true}}
{"address":"0x7ffe4908f530", "type":"STRING", "class":"0x7ffe490be858", "frozen":true, "embedded":true, "fstring":true, "bytesize":3, "value":"uid", "encoding":"US-ASCII", "memsize":40, "flags":{"wb_protected":true}}
{"address":"0x7ffe4908f558", "type":"IMEMO", "class":"0x7ffe4908f828", "imemo_type":"ment", "memsize":48, "flags":{"wb_protected":true}}
{"address":"0x7ffe4908f580", "type":"STRING", "class":"0x7ffe490be858", "frozen":true, "embedded":true, "fstring":true, "bytesize":5, "value":"nlink", "encoding":"US-ASCII", "memsize":40, "flags":{"wb_protected":true}}
{"address":"0x7ffe4908f5a8", "type":"IMEMO", "class":"0x7ffe4908f828", "imemo_type":"ment", "memsize":48, "flags":{"wb_protected":true}}
{"address":"0x7ffe4908f5d0", "type":"STRING", "class":"0x7ffe490be858", "frozen":true, "embedded":true, "fstring":true, "bytesize":4, "value":"mode", "encoding":"US-ASCII", "memsize":40, "flags":{"wb_protected":true}}
{"address":"0x7ffe4908f5f8", "type":"IMEMO", "class":"0x7ffe4908f828", "imemo_type":"ment", "memsize":48, "flags":{"wb_protected":true}}
{"address":"0x7ffe4908f620", "type":"STRING", "class":"0x7ffe490be858", "frozen":true, "embedded":true, "fstring":true, "bytesize":3, "value":"ino", "encoding":"US-ASCII", "memsize":40, "flags":{"wb_protected":true}}
{"address":"0x7ffe4908f648", "type":"IMEMO", "class":"0x7ffe4908f828", "imemo_type":"ment", "memsize":48, "flags":{"wb_protected":true}}
{"address":"0x7ffe4908f670", "type":"STRING", "class":"0x7ffe490be858", "frozen":true, "embedded":true, "fstring":true, "bytesize":9, "value":"dev_minor", "encoding":"US-ASCII", "memsize":40, "flags":{"wb_protected":true}}
{"address":"0x7ffe4908f698", "type":"IMEMO", "class":"0x7ffe4908f828", "imemo_type":"ment", "memsize":48, "flags":{"wb_protected":true}}
{"address":"0x7ffe4908f6c0", "type":"STRING", "class":"0x7ffe490be858", "frozen":true, "embedded":true, "fstring":true, "bytesize":9, "value":"dev_major", "encoding":"US-ASCII", "memsize":40, "flags":{"wb_protected":true}}
{"address":"0x7ffe4908f6e8", "type":"IMEMO", "class":"0x7ffe4908f828", "imemo_type":"ment", "memsize":48, "flags":{"wb_protected":true}}
{"address":"0x7ffe4908f710", "type":"STRING", "class":"0x7ffe490be858", "frozen":true, "embedded":true, "fstring":true, "bytesize":3, "value":"dev", "encoding":"US-ASCII", "memsize":40, "flags":{"wb_protected":true}}
{"address":"0x7ffe4908f738", "type":"IMEMO", "class":"0x7ffe4908f828", "imemo_type":"ment", "memsize":48, "flags":{"wb_protected":true}}
{"address":"0x7ffe4908f760", "type":"ICLASS", "class":"0x7ffe490bfb40", "references":["0x7ffe490c68a0"], "memsize":40, "flags":{"wb_protected":true}}
{"address":"0x7ffe4908f788", "type":"IMEMO", "class":"0x7ffe4908f828", "imemo_type":"ment", "memsize":48, "flags":{"wb_protected":true}}
{"address":"0x7ffe4908f7b0", "type":"IMEMO", "class":"0x7ffe4908f828", "imemo_type":"ment", "memsize":48, "flags":{"wb_protected":true}}
{"address":"0x7ffe4908f7d8", "type":"STRING", "class":"0x7ffe490be858", "frozen":true, "embedded":true, "bytesize":10, "value":"File::Stat", "encoding":"US-ASCII", "memsize":40, "flags":{"wb_protected":true}}
{"address":"0x7ffe4908f800", "type":"CLASS", "class":"0x7ffe490c5770", "references":["0x7ffe490c5720", "0x7ffe4908f828"], "memsize":472, "flags":{"wb_protected":true}}
{"address":"0x7ffe4908f828", "type":"CLASS", "class":"0x7ffe4908f800", "name":"File::Stat", "references":["0x7ffe4908f760", "0x7ffe4908f738", "0x7ffe4908f6e8", "0x7ffe4908f698", "0x7ffe4908f648", "0x7ffe4908f5f8", "0x7ffe4908f5a8", "0x7ffe4908f558", "0x7ffe4908f508", "0x7ffe4908f4b8", "0x7ffe4908f468", "0x7ffe4908f418", "0x7ffe4908f3c8", "0x7ffe4908f350", "0x7ffe4908f300", "0x7ffe4908f238", "0x7ffe4908f3a0", "0x7ffe4908f7b0", "0x7ffe4908f788", "0x7ffe4908f1e8", "0x7ffe4908f1c0", "0x7ffe4908f198", "0x7ffe4908f170", "0x7ffe4908f148", "0x7ffe4908f120", "0x7ffe4908f0f8", "0x7ffe4908f0d0", "0x7ffe4908f0a8", "0x7ffe4908f080", "0x7ffe4908f030", "0x7ffe4908f008", "0x7ffe4908efe0", "0x7ffe4908efb8", "0x7ffe4908ef90", "0x7ffe4908f058", "0x7ffe4908ef68", "0x7ffe4908ef18", "0x7ffe4908eef0", "0x7ffe4908ef40", "0x7ffe4908eec8", "0x7ffe4908eea0", "0x7ffe4908f210", "0x7ffe4908f2d8", "0x7ffe4908f2b0", "0x7ffe4908f288", "0x7ffe4908f260", "0x7ffe4908f7d8"], "memsize":2520, "flags":{"wb_protected":true}}
{"address":"0x7ffe4908f850", "type":"STRING", "class":"0x7ffe490be858", "frozen":true, "embedded":true, "fstring":true, "bytesize":4, "value":"Stat", "encoding":"US-ASCII", "memsize":40, "flags":{"wb_protected":true}}
{"address":"0x7ffe4908f878", "type":"IMEMO", "class":"0x7ffe490c5a90", "imemo_type":"ment", "memsize":48, "flags":{"wb_protected":true}}
{"address":"0x7ffe4908f8a0", "type":"IMEMO", "imemo_type":"ment", "references":["0x7ffe490c6620"], "memsize":48, "flags":{"wb_protected":true}}
{"address":"0x7ffe4908f8c8", "type":"STRING", "class":"0x7ffe490be858", "frozen":true, "embedded":true, "fstring":true, "bytesize":4, "value":"test", "encoding":"US-ASCII", "memsize":40, "flags":{"wb_protected":true}}
{"address":"0x7ffe4908f8f0", "type":"IMEMO", "class":"0x7ffe49095a20", "imemo_type":"ment", "memsize":48, "flags":{"wb_protected":true}}
{"address":"0x7ffe4908f918", "type":"STRING", "class":"0x7ffe490be858", "frozen":true, "embedded":true, "fstring":true, "bytesize":7, "value":"to_path", "encoding":"US-ASCII", "memsize":40, "flags":{"wb_protected":true}}
{"address":"0x7ffe4908f940", "type":"IMEMO", "class":"0x7ffe49095a20", "imemo_type":"ment", "memsize":48, "flags":{"wb_protected":true}}
{"address":"0x7ffe4908f968", "type":"STRING", "class":"0x7ffe490be858", "frozen":true, "embedded":true, "fstring":true, "bytesize":4, "value":"NULL", "encoding":"US-ASCII", "memsize":40, "flags":{"wb_protected":true}}
{"address":"0x7ffe4908f990", "type":"STRING", "class":"0x7ffe490be858", "frozen":true, "fstring":true, "bytesize":9, "value":"/dev/null", "encoding":"US-ASCII", "memsize":40, "flags":{"wb_protected":true}}
{"address":"0x7ffe4908f9b8", "type":"STRING", "class":"0x7ffe490be858", "frozen":true, "embedded":true, "fstring":true, "bytesize":7, "value":"LOCK_NB", "encoding":"US-ASCII", "memsize":40, "flags":{"wb_protected":true}}
{"address":"0x7ffe4908f9e0", "type":"STRING", "class":"0x7ffe490be858", "frozen":true, "embedded":true, "fstring":true, "bytesize":7, "value":"LOCK_UN", "encoding":"US-ASCII", "memsize":40, "flags":{"wb_protected":true}}
{"address":"0x7ffe4908fa08", "type":"STRING", "class":"0x7ffe490be858", "frozen":true, "embedded":true, "fstring":true, "bytesize":7, "value":"LOCK_EX", "encoding":"US-ASCII", "memsize":40, "flags":{"wb_protected":true}}
{"address":"0x7ffe4908fa30", "type":"STRING", "class":"0x7ffe490be858", "frozen":true, "embedded":true, "fstring":true, "bytesize":7, "value":"LOCK_SH", "encoding":"US-ASCII", "memsize":40, "flags":{"wb_protected":true}}
{"address":"0x7ffe4908fa58", "type":"STRING", "class":"0x7ffe490be858", "frozen":true, "embedded":true, "fstring":true, "bytesize":8, "value":"NOFOLLOW", "encoding":"US-ASCII", "memsize":40, "flags":{"wb_protected":true}}
{"address":"0x7ffe4908fa80", "type":"STRING", "class":"0x7ffe490be858", "frozen":true, "embedded":true, "fstring":true, "bytesize":5, "value":"DSYNC", "encoding":"US-ASCII", "memsize":40, "flags":{"wb_protected":true}}
{"address":"0x7ffe4908faa8", "type":"STRING", "class":"0x7ffe490be858", "frozen":true, "embedded":true, "fstring":true, "bytesize":4, "value":"SYNC", "encoding":"US-ASCII", "memsize":40, "flags":{"wb_protected":true}}
{"address":"0x7ffe4908fad0", "type":"STRING", "class":"0x7ffe490be858", "frozen":true, "embedded":true, "fstring":true, "bytesize":12, "value":"SHARE_DELETE", "encoding":"US-ASCII", "memsize":40, "flags":{"wb_protected":true}}
{"address":"0x7ffe4908faf8", "type":"STRING", "class":"0x7ffe490be858", "frozen":true, "embedded":true, "fstring":true, "bytesize":6, "value":"BINARY", "encoding":"US-ASCII", "memsize":40, "flags":{"wb_protected":true}}
{"address":"0x7ffe4908fb20", "type":"STRING", "class":"0x7ffe490be858", "frozen":true, "embedded":true, "fstring":true, "bytesize":6, "value":"NOCTTY", "encoding":"US-ASCII", "memsize":40, "flags":{"wb_protected":true}}
{"address":"0x7ffe4908fb48", "type":"STRING", "class":"0x7ffe490be858", "frozen":true, "embedded":true, "fstring":true, "bytesize":5, "value":"TRUNC", "encoding":"US-ASCII", "memsize":40, "flags":{"wb_protected":true}}
{"address":"0x7ffe4908fb70", "type":"STRING", "class":"0x7ffe490be858", "frozen":true, "embedded":true, "fstring":true, "bytesize":8, "value":"NONBLOCK", "encoding":"US-ASCII", "memsize":40, "flags":{"wb_protected":true}}
{"address":"0x7ffe4908fb98", "type":"STRING", "class":"0x7ffe490be858", "frozen":true, "embedded":true, "fstring":true, "bytesize":4, "value":"EXCL", "encoding":"US-ASCII", "memsize":40, "flags":{"wb_protected":true}}
{"address":"0x7ffe4908fbc0", "type":"STRING", "class":"0x7ffe490be858", "frozen":true, "embedded":true, "fstring":true, "bytesize":5, "value":"CREAT", "encoding":"US-ASCII", "memsize":40, "flags":{"wb_protected":true}}
{"address":"0x7ffe4908fbe8", "type":"STRING", "class":"0x7ffe490be858", "frozen":true, "embedded":true, "fstring":true, "bytesize":6, "value":"APPEND", "encoding":"US-ASCII", "memsize":40, "flags":{"wb_protected":true}}
{"address":"0x7ffe4908fc10", "type":"STRING", "class":"0x7ffe490be858", "frozen":true, "embedded":true, "fstring":true, "bytesize":4, "value":"RDWR", "encoding":"US-ASCII", "memsize":40, "flags":{"wb_protected":true}}
{"address":"0x7ffe4908fc38", "type":"STRING", "class":"0x7ffe490be858", "frozen":true, "embedded":true, "fstring":true, "bytesize":6, "value":"WRONLY", "encoding":"US-ASCII", "memsize":40, "flags":{"wb_protected":true}}
{"address":"0x7ffe4908fc60", "type":"STRING", "class":"0x7ffe490be858", "frozen":true, "embedded":true, "fstring":true, "bytesize":6, "value":"RDONLY", "encoding":"US-ASCII", "memsize":40, "flags":{"wb_protected":true}}
{"address":"0x7ffe4908fc88", "type":"ICLASS", "class":"0x7ffe4908fd00", "references":["0x7ffe4909c410"], "memsize":40, "flags":{"wb_protected":true}}
{"address":"0x7ffe4908fcb0", "type":"STRING", "class":"0x7ffe490be858", "frozen":true, "embedded":true, "bytesize":15, "value":"File::Constants", "encoding":"US-ASCII", "memsize":40, "flags":{"wb_protected":true}}
{"address":"0x7ffe4908fcd8", "type":"STRING", "class":"0x7ffe490be858", "frozen":true, "embedded":true, "bytesize":15, "value":"File::Constants", "encoding":"US-ASCII", "memsize":40, "flags":{"wb_protected":true}}
{"address":"0x7ffe4908fd00", "type":"MODULE", "class":"0x7ffe490c6850", "name":"File::Constants", "references":["0x7ffe4908fcb0", "0x7ffe4908f990"], "memsize":1520, "flags":{"wb_protected":true}}
{"address":"0x7ffe4908fd28", "type":"STRING", "class":"0x7ffe490be858", "frozen":true, "embedded":true, "fstring":true, "bytesize":9, "value":"Constants", "encoding":"US-ASCII", "memsize":40, "flags":{"wb_protected":true}}
{"address":"0x7ffe4908fd50", "type":"IMEMO", "class":"0x7ffe49095a20", "imemo_type":"ment", "memsize":48, "flags":{"wb_protected":true}}
{"address":"0x7ffe4908fd78", "type":"STRING", "class":"0x7ffe490be858", "frozen":true, "embedded":true, "fstring":true, "bytesize":5, "value":"flock", "encoding":"US-ASCII", "memsize":40, "flags":{"wb_protected":true}}
{"address":"0x7ffe4908fda0", "type":"IMEMO", "class":"0x7ffe49095a20", "imemo_type":"ment", "memsize":48, "flags":{"wb_protected":true}}
{"address":"0x7ffe4908fdc8", "type":"IMEMO", "class":"0x7ffe49095a20", "imemo_type":"ment", "memsize":48, "flags":{"wb_protected":true}}
{"address":"0x7ffe4908fdf0", "type":"IMEMO", "class":"0x7ffe49095a20", "imemo_type":"ment", "memsize":48, "flags":{"wb_protected":true}}
{"address":"0x7ffe4908fe18", "type":"IMEMO", "class":"0x7ffe49095a20", "imemo_type":"ment", "memsize":48, "flags":{"wb_protected":true}}
{"address":"0x7ffe4908fe40", "type":"IMEMO", "class":"0x7ffe49095a20", "imemo_type":"ment", "memsize":48, "flags":{"wb_protected":true}}
{"address":"0x7ffe4908fe68", "type":"IMEMO", "class":"0x7ffe49095a20", "imemo_type":"ment", "memsize":48, "flags":{"wb_protected":true}}
{"address":"0x7ffe4908fe90", "type":"IMEMO", "class":"0x7ffe49095a20", "imemo_type":"ment", "memsize":48, "flags":{"wb_protected":true}}
{"address":"0x7ffe4908feb8", "type":"IMEMO", "class":"0x7ffe49095a20", "imemo_type":"ment", "memsize":48, "flags":{"wb_protected":true}}
{"address":"0x7ffe4908fee0", "type":"IMEMO", "class":"0x7ffe49095a20", "imemo_type":"ment", "memsize":48, "flags":{"wb_protected":true}}
{"address":"0x7ffe4908ff08", "type":"IMEMO", "class":"0x7ffe4909c460", "imemo_type":"ment", "memsize":48, "flags":{"wb_protected":true}}
{"address":"0x7ffe4908ff30", "type":"STRING", "class":"0x7ffe490be858", "frozen":true, "embedded":true, "fstring":true, "bytesize":14, "value":"PATH_SEPARATOR", "encoding":"US-ASCII", "memsize":40, "flags":{"wb_protected":true}}
{"address":"0x7ffe4908ff58", "type":"STRING", "class":"0x7ffe490be858", "frozen":true, "embedded":true, "fstring":true, "bytesize":13, "value":"ALT_SEPARATOR", "encoding":"US-ASCII", "memsize":40, "flags":{"wb_protected":true}}
{"address":"0x7ffe4908ff80", "type":"IMEMO", "class":"0x7ffe490959f8", "imemo_type":"ment", "memsize":48, "flags":{"wb_protected":true}}
{"address":"0x7ffe4908ffa8", "type":"IMEMO", "class":"0x7ffe490959f8", "imemo_type":"ment", "memsize":48, "flags":{"wb_protected":true}}
{"address":"0x7ffe4908ffd0", "type":"STRING", "class":"0x7ffe490be858", "frozen":true, "embedded":true, "fstring":true, "bytesize":9, "value":"SEPARATOR", "encoding":"US-ASCII", "memsize":40, "flags":{"wb_protected":true}}
{"address":"0x7ffe49094008", "type":"STRING", "class":"0x7ffe490be858", "frozen":true, "embedded":true, "fstring":true, "bytesize":9, "value":"Separator", "encoding":"US-ASCII", "memsize":40, "flags":{"wb_protected":true}}
{"address":"0x7ffe49094030", "type":"IMEMO", "class":"0x7ffe490959f8", "imemo_type":"ment", "memsize":48, "flags":{"wb_protected":true}}
{"address":"0x7ffe49094058", "type":"IMEMO", "class":"0x7ffe490959f8", "imemo_type":"ment", "memsize":48, "flags":{"wb_protected":true}}
{"address":"0x7ffe49094080", "type":"STRING", "class":"0x7ffe490be858", "frozen":true, "embedded":true, "fstring":true, "bytesize":7, "value":"extname", "encoding":"US-ASCII", "memsize":40, "flags":{"wb_protected":true}}
{"address":"0x7ffe490940a8", "type":"IMEMO", "class":"0x7ffe490959f8", "imemo_type":"ment", "memsize":48, "flags":{"wb_protected":true}}
{"address":"0x7ffe490940d0", "type":"STRING", "class":"0x7ffe490be858", "frozen":true, "embedded":true, "fstring":true, "bytesize":7, "value":"dirname", "encoding":"US-ASCII", "memsize":40, "flags":{"wb_protected":true}}
{"address":"0x7ffe490940f8", "type":"IMEMO", "class":"0x7ffe490959f8", "imemo_type":"ment", "memsize":48, "flags":{"wb_protected":true}}
{"address":"0x7ffe49094120", "type":"STRING", "class":"0x7ffe490be858", "frozen":true, "embedded":true, "fstring":true, "bytesize":8, "value":"basename", "encoding":"US-ASCII", "memsize":40, "flags":{"wb_protected":true}}
{"address":"0x7ffe49094148", "type":"IMEMO", "class":"0x7ffe490959f8", "imemo_type":"ment", "memsize":48, "flags":{"wb_protected":true}}
{"address":"0x7ffe49094170", "type":"STRING", "class":"0x7ffe490be858", "frozen":true, "embedded":true, "fstring":true, "bytesize":11, "value":"realdirpath", "encoding":"US-ASCII", "memsize":40, "flags":{"wb_protected":true}}
{"address":"0x7ffe49094198", "type":"IMEMO", "class":"0x7ffe490959f8", "imemo_type":"ment", "memsize":48, "flags":{"wb_protected":true}}
{"address":"0x7ffe490941c0", "type":"STRING", "class":"0x7ffe490be858", "frozen":true, "embedded":true, "fstring":true, "bytesize":8, "value":"realpath", "encoding":"US-ASCII", "memsize":40, "flags":{"wb_protected":true}}
{"address":"0x7ffe490941e8", "type":"IMEMO", "class":"0x7ffe490959f8", "imemo_type":"ment", "memsize":48, "flags":{"wb_protected":true}}
{"address":"0x7ffe49094210", "type":"STRING", "class":"0x7ffe490be858", "frozen":true, "embedded":true, "fstring":true, "bytesize":14, "value":"absolute_path?", "encoding":"US-ASCII", "memsize":40, "flags":{"wb_protected":true}}
{"address":"0x7ffe49094238", "type":"IMEMO", "class":"0x7ffe490959f8", "imemo_type":"ment", "memsize":48, "flags":{"wb_protected":true}}
{"address":"0x7ffe49094260", "type":"STRING", "class":"0x7ffe490be858", "frozen":true, "embedded":true, "fstring":true, "bytesize":13, "value":"absolute_path", "encoding":"US-ASCII", "memsize":40, "flags":{"wb_protected":true}}
{"address":"0x7ffe49094288", "type":"IMEMO", "class":"0x7ffe490959f8", "imemo_type":"ment", "memsize":48, "flags":{"wb_protected":true}}
{"address":"0x7ffe490942b0", "type":"STRING", "class":"0x7ffe490be858", "frozen":true, "embedded":true, "fstring":true, "bytesize":11, "value":"expand_path", "encoding":"US-ASCII", "memsize":40, "flags":{"wb_protected":true}}
{"address":"0x7ffe490942d8", "type":"IMEMO", "class":"0x7ffe490959f8", "imemo_type":"ment", "memsize":48, "flags":{"wb_protected":true}}
{"address":"0x7ffe49094300", "type":"STRING", "class":"0x7ffe490be858", "frozen":true, "embedded":true, "fstring":true, "bytesize":6, "value":"mkfifo", "encoding":"US-ASCII", "memsize":40, "flags":{"wb_protected":true}}
{"address":"0x7ffe49094328", "type":"IMEMO", "class":"0x7ffe490959f8", "imemo_type":"ment", "memsize":48, "flags":{"wb_protected":true}}
{"address":"0x7ffe49094350", "type":"IMEMO", "class":"0x7ffe490959f8", "imemo_type":"ment", "memsize":48, "flags":{"wb_protected":true}}
{"address":"0x7ffe49094378", "type":"STRING", "class":"0x7ffe490be858", "frozen":true, "embedded":true, "fstring":true, "bytesize":5, "value":"umask", "encoding":"US-ASCII", "memsize":40, "flags":{"wb_protected":true}}
{"address":"0x7ffe490943a0", "type":"IMEMO", "class":"0x7ffe490959f8", "imemo_type":"ment", "memsize":48, "flags":{"wb_protected":true}}
{"address":"0x7ffe490943c8", "type":"STRING", "class":"0x7ffe490be858", "frozen":true, "embedded":true, "fstring":true, "bytesize":6, "value":"rename", "encoding":"US-ASCII", "memsize":40, "flags":{"wb_protected":true}}
{"address":"0x7ffe490943f0", "type":"IMEMO", "class":"0x7ffe490959f8", "imemo_type":"ment", "memsize":48, "flags":{"wb_protected":true}}
{"address":"0x7ffe49094418", "type":"IMEMO", "class":"0x7ffe490959f8", "imemo_type":"ment", "memsize":48, "flags":{"wb_protected":true}}
{"address":"0x7ffe49094440", "type":"STRING", "class":"0x7ffe490be858", "frozen":true, "embedded":true, "fstring":true, "bytesize":6, "value":"unlink", "encoding":"US-ASCII", "memsize":40, "flags":{"wb_protected":true}}
{"address":"0x7ffe49094468", "type":"IMEMO", "class":"0x7ffe490959f8", "imemo_type":"ment", "memsize":48, "flags":{"wb_protected":true}}
{"address":"0x7ffe49094490", "type":"STRING", "class":"0x7ffe490be858", "frozen":true, "embedded":true, "fstring":true, "bytesize":8, "value":"readlink", "encoding":"US-ASCII", "memsize":40, "flags":{"wb_protected":true}}
{"address":"0x7ffe490944b8", "type":"IMEMO", "class":"0x7ffe490959f8", "imemo_type":"ment", "memsize":48, "flags":{"wb_protected":true}}
{"address":"0x7ffe490944e0", "type":"STRING", "class":"0x7ffe490be858", "frozen":true, "embedded":true, "fstring":true, "bytesize":7, "value":"symlink", "encoding":"US-ASCII", "memsize":40, "flags":{"wb_protected":true}}
{"address":"0x7ffe49094508", "type":"IMEMO", "class":"0x7ffe490959f8", "imemo_type":"ment", "memsize":48, "flags":{"wb_protected":true}}
{"address":"0x7ffe49094530", "type":"STRING", "class":"0x7ffe490be858", "frozen":true, "embedded":true, "fstring":true, "bytesize":4, "value":"link", "encoding":"US-ASCII", "memsize":40, "flags":{"wb_protected":true}}
{"address":"0x7ffe49094558", "type":"IMEMO", "class":"0x7ffe490959f8", "imemo_type":"ment", "memsize":48, "flags":{"wb_protected":true}}
{"address":"0x7ffe49094580", "type":"STRING", "class":"0x7ffe490be858", "frozen":true, "embedded":true, "fstring":true, "bytesize":6, "value":"lutime", "encoding":"US-ASCII", "memsize":40, "flags":{"wb_protected":true}}
{"address":"0x7ffe490945a8", "type":"IMEMO", "class":"0x7ffe490959f8", "imemo_type":"ment", "memsize":48, "flags":{"wb_protected":true}}
{"address":"0x7ffe490945d0", "type":"STRING", "class":"0x7ffe490be858", "frozen":true, "embedded":true, "fstring":true, "bytesize":6, "value":"lchown", "encoding":"US-ASCII", "memsize":40, "flags":{"wb_protected":true}}
{"address":"0x7ffe490945f8", "type":"IMEMO", "class":"0x7ffe490959f8", "imemo_type":"ment", "memsize":48, "flags":{"wb_protected":true}}
{"address":"0x7ffe49094620", "type":"STRING", "class":"0x7ffe490be858", "frozen":true, "embedded":true, "fstring":true, "bytesize":6, "value":"lchmod", "encoding":"US-ASCII", "memsize":40, "flags":{"wb_protected":true}}
{"address":"0x7ffe49094648", "type":"IMEMO", "class":"0x7ffe490959f8", "imemo_type":"ment", "memsize":48, "flags":{"wb_protected":true}}
{"address":"0x7ffe49094670", "type":"STRING", "class":"0x7ffe490be858", "frozen":true, "embedded":true, "fstring":true, "bytesize":5, "value":"chown", "encoding":"US-ASCII", "memsize":40, "flags":{"wb_protected":true}}
{"address":"0x7ffe49094698", "type":"IMEMO", "class":"0x7ffe490959f8", "imemo_type":"ment", "memsize":48, "flags":{"wb_protected":true}}
{"address":"0x7ffe490946c0", "type":"STRING", "class":"0x7ffe490be858", "frozen":true, "embedded":true, "fstring":true, "bytesize":5, "value":"chmod", "encoding":"US-ASCII", "memsize":40, "flags":{"wb_protected":true}}
{"address":"0x7ffe490946e8", "type":"IMEMO", "class":"0x7ffe490959f8", "imemo_type":"ment", "memsize":48, "flags":{"wb_protected":true}}
{"address":"0x7ffe49094710", "type":"STRING", "class":"0x7ffe490be858", "frozen":true, "embedded":true, "fstring":true, "bytesize":5, "value":"utime", "encoding":"US-ASCII", "memsize":40, "flags":{"wb_protected":true}}
{"address":"0x7ffe49094738", "type":"IMEMO", "class":"0x7ffe490959f8", "imemo_type":"ment", "memsize":48, "flags":{"wb_protected":true}}
{"address":"0x7ffe49094760", "type":"STRING", "class":"0x7ffe490be858", "frozen":true, "embedded":true, "fstring":true, "bytesize":9, "value":"birthtime", "encoding":"US-ASCII", "memsize":40, "flags":{"wb_protected":true}}
{"address":"0x7ffe49094788", "type":"IMEMO", "class":"0x7ffe490959f8", "imemo_type":"ment", "memsize":48, "flags":{"wb_protected":true}}
{"address":"0x7ffe490947b0", "type":"STRING", "class":"0x7ffe490be858", "frozen":true, "embedded":true, "fstring":true, "bytesize":5, "value":"ctime", "encoding":"US-ASCII", "memsize":40, "flags":{"wb_protected":true}}
{"address":"0x7ffe490947d8", "type":"IMEMO", "class":"0x7ffe490959f8", "imemo_type":"ment", "memsize":48, "flags":{"wb_protected":true}}
{"address":"0x7ffe49094800", "type":"STRING", "class":"0x7ffe490be858", "frozen":true, "embedded":true, "fstring":true, "bytesize":5, "value":"mtime", "encoding":"US-ASCII", "memsize":40, "flags":{"wb_protected":true}}
{"address":"0x7ffe49094828", "type":"IMEMO", "class":"0x7ffe490959f8", "imemo_type":"ment", "memsize":48, "flags":{"wb_protected":true}}
{"address":"0x7ffe49094850", "type":"STRING", "class":"0x7ffe490be858", "frozen":true, "embedded":true, "fstring":true, "bytesize":5, "value":"atime", "encoding":"US-ASCII", "memsize":40, "flags":{"wb_protected":true}}
{"address":"0x7ffe49094878", "type":"IMEMO", "class":"0x7ffe490959f8", "imemo_type":"ment", "memsize":48, "flags":{"wb_protected":true}}
{"address":"0x7ffe490948a0", "type":"STRING", "class":"0x7ffe490be858", "frozen":true, "embedded":true, "fstring":true, "bytesize":5, "value":"ftype", "encoding":"US-ASCII", "memsize":40, "flags":{"wb_protected":true}}
{"address":"0x7ffe490948c8", "type":"IMEMO", "class":"0x7ffe490959f8", "imemo_type":"ment", "memsize":48, "flags":{"wb_protected":true}}
{"address":"0x7ffe490948f0", "type":"STRING", "class":"0x7ffe490be858", "frozen":true, "embedded":true, "fstring":true, "bytesize":5, "value":"lstat", "encoding":"US-ASCII", "memsize":40, "flags":{"wb_protected":true}}
{"address":"0x7ffe49094918", "type":"IMEMO", "class":"0x7ffe490959f8", "imemo_type":"ment", "memsize":48, "flags":{"wb_protected":true}}
{"address":"0x7ffe49094940", "type":"STRING", "class":"0x7ffe490be858", "frozen":true, "embedded":true, "fstring":true, "bytesize":4, "value":"stat", "encoding":"US-ASCII", "memsize":40, "flags":{"wb_protected":true}}
{"address":"0x7ffe49094968", "type":"IMEMO", "class":"0x7ffe490959f8", "imemo_type":"ment", "memsize":48, "flags":{"wb_protected":true}}
{"address":"0x7ffe49094990", "type":"IMEMO", "class":"0x7ffe49095980", "imemo_type":"ment", "memsize":48, "flags":{"wb_protected":true}}
{"address":"0x7ffe490949b8", "type":"IMEMO", "imemo_type":"ment", "references":["0x7ffe49095a70"], "memsize":48, "flags":{"wb_protected":true}}
{"address":"0x7ffe490949e0", "type":"STRING", "class":"0x7ffe490be858", "frozen":true, "embedded":true, "fstring":true, "bytesize":10, "value":"identical?", "encoding":"US-ASCII", "memsize":40, "flags":{"wb_protected":true}}
{"address":"0x7ffe49094a08", "type":"IMEMO", "class":"0x7ffe490959f8", "imemo_type":"ment", "memsize":48, "flags":{"wb_protected":true}}
{"address":"0x7ffe49094a30", "type":"IMEMO", "class":"0x7ffe49095980", "imemo_type":"ment", "memsize":48, "flags":{"wb_protected":true}}
{"address":"0x7ffe49094a58", "type":"IMEMO", "imemo_type":"ment", "references":["0x7ffe49095a70"], "memsize":48, "flags":{"wb_protected":true}}
{"address":"0x7ffe49094a80", "type":"STRING", "class":"0x7ffe490be858", "frozen":true, "embedded":true, "fstring":true, "bytesize":7, "value":"sticky?", "encoding":"US-ASCII", "memsize":40, "flags":{"wb_protected":true}}
{"address":"0x7ffe49094aa8", "type":"IMEMO", "class":"0x7ffe490959f8", "imemo_type":"ment", "memsize":48, "flags":{"wb_protected":true}}
{"address":"0x7ffe49094ad0", "type":"IMEMO", "class":"0x7ffe49095980", "imemo_type":"ment", "memsize":48, "flags":{"wb_protected":true}}
{"address":"0x7ffe49094af8", "type":"IMEMO", "imemo_type":"ment", "references":["0x7ffe49095a70"], "memsize":48, "flags":{"wb_protected":true}}
{"address":"0x7ffe49094b20", "type":"STRING", "class":"0x7ffe490be858", "frozen":true, "embedded":true, "fstring":true, "bytesize":7, "value":"setgid?", "encoding":"US-ASCII", "memsize":40, "flags":{"wb_protected":true}}
{"address":"0x7ffe49094b48", "type":"IMEMO", "class":"0x7ffe490959f8", "imemo_type":"ment", "memsize":48, "flags":{"wb_protected":true}}
{"address":"0x7ffe49094b70", "type":"IMEMO", "class":"0x7ffe49095980", "imemo_type":"ment", "memsize":48, "flags":{"wb_protected":true}}
{"address":"0x7ffe49094b98", "type":"IMEMO", "imemo_type":"ment", "references":["0x7ffe49095a70"], "memsize":48, "flags":{"wb_protected":true}}
{"address":"0x7ffe49094bc0", "type":"STRING", "class":"0x7ffe490be858", "frozen":true, "embedded":true, "fstring":true, "bytesize":7, "value":"setuid?", "encoding":"US-ASCII", "memsize":40, "flags":{"wb_protected":true}}
{"address":"0x7ffe49094be8", "type":"IMEMO", "class":"0x7ffe490959f8", "imemo_type":"ment", "memsize":48, "flags":{"wb_protected":true}}
{"address":"0x7ffe49094c10", "type":"IMEMO", "class":"0x7ffe49095980", "imemo_type":"ment", "memsize":48, "flags":{"wb_protected":true}}
{"address":"0x7ffe49094c38", "type":"IMEMO", "imemo_type":"ment", "references":["0x7ffe49095a70"], "memsize":48, "flags":{"wb_protected":true}}
{"address":"0x7ffe49094c60", "type":"STRING", "class":"0x7ffe490be858", "frozen":true, "embedded":true, "fstring":true, "bytesize":8, "value":"chardev?", "encoding":"US-ASCII", "memsize":40, "flags":{"wb_protected":true}}
{"address":"0x7ffe49094c88", "type":"IMEMO", "class":"0x7ffe490959f8", "imemo_type":"ment", "memsize":48, "flags":{"wb_protected":true}}
{"address":"0x7ffe49094cb0", "type":"IMEMO", "class":"0x7ffe49095980", "imemo_type":"ment", "memsize":48, "flags":{"wb_protected":true}}
{"address":"0x7ffe49094cd8", "type":"IMEMO", "imemo_type":"ment", "references":["0x7ffe49095a70"], "memsize":48, "flags":{"wb_protected":true}}
{"address":"0x7ffe49094d00", "type":"STRING", "class":"0x7ffe490be858", "frozen":true, "embedded":true, "fstring":true, "bytesize":9, "value":"blockdev?", "encoding":"US-ASCII", "memsize":40, "flags":{"wb_protected":true}}
{"address":"0x7ffe49094d28", "type":"IMEMO", "class":"0x7ffe490959f8", "imemo_type":"ment", "memsize":48, "flags":{"wb_protected":true}}
{"address":"0x7ffe49094d50", "type":"IMEMO", "class":"0x7ffe49095980", "imemo_type":"ment", "memsize":48, "flags":{"wb_protected":true}}
{"address":"0x7ffe49094d78", "type":"IMEMO", "imemo_type":"ment", "references":["0x7ffe49095a70"], "memsize":48, "flags":{"wb_protected":true}}
{"address":"0x7ffe49094da0", "type":"STRING", "class":"0x7ffe490be858", "frozen":true, "embedded":true, "fstring":true, "bytesize":7, "value":"socket?", "encoding":"US-ASCII", "memsize":40, "flags":{"wb_protected":true}}
{"address":"0x7ffe49094dc8", "type":"IMEMO", "class":"0x7ffe490959f8", "imemo_type":"ment", "memsize":48, "flags":{"wb_protected":true}}
{"address":"0x7ffe49094df0", "type":"IMEMO", "class":"0x7ffe49095980", "imemo_type":"ment", "memsize":48, "flags":{"wb_protected":true}}
{"address":"0x7ffe49094e18", "type":"IMEMO", "imemo_type":"ment", "references":["0x7ffe49095a70"], "memsize":48, "flags":{"wb_protected":true}}
{"address":"0x7ffe49094e40", "type":"STRING", "class":"0x7ffe490be858", "frozen":true, "embedded":true, "fstring":true, "bytesize":8, "value":"symlink?", "encoding":"US-ASCII", "memsize":40, "flags":{"wb_protected":true}}
{"address":"0x7ffe49094e68", "type":"IMEMO", "class":"0x7ffe490959f8", "imemo_type":"ment", "memsize":48, "flags":{"wb_protected":true}}
{"address":"0x7ffe49094e90", "type":"IMEMO", "class":"0x7ffe49095980", "imemo_type":"ment", "memsize":48, "flags":{"wb_protected":true}}
{"address":"0x7ffe49094eb8", "type":"IMEMO", "imemo_type":"ment", "references":["0x7ffe49095a70"], "memsize":48, "flags":{"wb_protected":true}}
{"address":"0x7ffe49094ee0", "type":"STRING", "class":"0x7ffe490be858", "frozen":true, "embedded":true, "fstring":true, "bytesize":5, "value":"pipe?", "encoding":"US-ASCII", "memsize":40, "flags":{"wb_protected":true}}
{"address":"0x7ffe49094f08", "type":"IMEMO", "class":"0x7ffe490959f8", "imemo_type":"ment", "memsize":48, "flags":{"wb_protected":true}}
{"address":"0x7ffe49094f30", "type":"IMEMO", "class":"0x7ffe49095980", "imemo_type":"ment", "memsize":48, "flags":{"wb_protected":true}}
{"address":"0x7ffe49094f58", "type":"IMEMO", "imemo_type":"ment", "references":["0x7ffe49095a70"], "memsize":48, "flags":{"wb_protected":true}}
{"address":"0x7ffe49094f80", "type":"STRING", "class":"0x7ffe490be858", "frozen":true, "embedded":true, "fstring":true, "bytesize":9, "value":"grpowned?", "encoding":"US-ASCII", "memsize":40, "flags":{"wb_protected":true}}
{"address":"0x7ffe49094fa8", "type":"IMEMO", "class":"0x7ffe490959f8", "imemo_type":"ment", "memsize":48, "flags":{"wb_protected":true}}
{"address":"0x7ffe49094fd0", "type":"IMEMO", "class":"0x7ffe49095980", "imemo_type":"ment", "memsize":48, "flags":{"wb_protected":true}}
{"address":"0x7ffe49094ff8", "type":"IMEMO", "imemo_type":"ment", "references":["0x7ffe49095a70"], "memsize":48, "flags":{"wb_protected":true}}
{"address":"0x7ffe49095020", "type":"STRING", "class":"0x7ffe490be858", "frozen":true, "embedded":true, "fstring":true, "bytesize":6, "value":"owned?", "encoding":"US-ASCII", "memsize":40, "flags":{"wb_protected":true}}
{"address":"0x7ffe49095048", "type":"IMEMO", "class":"0x7ffe490959f8", "imemo_type":"ment", "memsize":48, "flags":{"wb_protected":true}}
{"address":"0x7ffe49095070", "type":"IMEMO", "class":"0x7ffe49095980", "imemo_type":"ment", "memsize":48, "flags":{"wb_protected":true}}
{"address":"0x7ffe49095098", "type":"IMEMO", "imemo_type":"ment", "references":["0x7ffe49095a70"], "memsize":48, "flags":{"wb_protected":true}}
{"address":"0x7ffe490950c0", "type":"IMEMO", "class":"0x7ffe490959f8", "imemo_type":"ment", "memsize":48, "flags":{"wb_protected":true}}
{"address":"0x7ffe490950e8", "type":"IMEMO", "class":"0x7ffe49095980", "imemo_type":"ment", "memsize":48, "flags":{"wb_protected":true}}
{"address":"0x7ffe49095110", "type":"IMEMO", "imemo_type":"ment", "references":["0x7ffe49095a70"], "memsize":48, "flags":{"wb_protected":true}}
{"address":"0x7ffe49095138", "type":"STRING", "class":"0x7ffe490be858", "frozen":true, "embedded":true, "fstring":true, "bytesize":5, "value":"size?", "encoding":"US-ASCII", "memsize":40, "flags":{"wb_protected":true}}
{"address":"0x7ffe49095160", "type":"IMEMO", "class":"0x7ffe490959f8", "imemo_type":"ment", "memsize":48, "flags":{"wb_protected":true}}
{"address":"0x7ffe49095188", "type":"IMEMO", "class":"0x7ffe49095980", "imemo_type":"ment", "memsize":48, "flags":{"wb_protected":true}}
{"address":"0x7ffe490951b0", "type":"IMEMO", "imemo_type":"ment", "references":["0x7ffe49095a70"], "memsize":48, "flags":{"wb_protected":true}}
{"address":"0x7ffe490951d8", "type":"IMEMO", "class":"0x7ffe490959f8", "imemo_type":"ment", "memsize":48, "flags":{"wb_protected":true}}
{"address":"0x7ffe49095200", "type":"IMEMO", "class":"0x7ffe49095980", "imemo_type":"ment", "memsize":48, "flags":{"wb_protected":true}}
{"address":"0x7ffe49095228", "type":"IMEMO", "imemo_type":"ment", "references":["0x7ffe49095a70"], "memsize":48, "flags":{"wb_protected":true}}
{"address":"0x7ffe49095250", "type":"IMEMO", "class":"0x7ffe490959f8", "imemo_type":"ment", "memsize":48, "flags":{"wb_protected":true}}
{"address":"0x7ffe49095278", "type":"IMEMO", "class":"0x7ffe49095980", "imemo_type":"ment", "memsize":48, "flags":{"wb_protected":true}}
{"address":"0x7ffe490952a0", "type":"IMEMO", "imemo_type":"ment", "references":["0x7ffe49095a70"], "memsize":48, "flags":{"wb_protected":true}}
{"address":"0x7ffe490952c8", "type":"STRING", "class":"0x7ffe490be858", "frozen":true, "embedded":true, "fstring":true, "bytesize":5, "value":"file?", "encoding":"US-ASCII", "memsize":40, "flags":{"wb_protected":true}}
{"address":"0x7ffe490952f0", "type":"IMEMO", "class":"0x7ffe490959f8", "imemo_type":"ment", "memsize":48, "flags":{"wb_protected":true}}
{"address":"0x7ffe49095318", "type":"IMEMO", "class":"0x7ffe49095980", "imemo_type":"ment", "memsize":48, "flags":{"wb_protected":true}}
{"address":"0x7ffe49095340", "type":"IMEMO", "imemo_type":"ment", "references":["0x7ffe49095a70"], "memsize":48, "flags":{"wb_protected":true}}
{"address":"0x7ffe49095368", "type":"STRING", "class":"0x7ffe490be858", "frozen":true, "embedded":true, "fstring":true, "bytesize":16, "value":"executable_real?", "encoding":"US-ASCII", "memsize":40, "flags":{"wb_protected":true}}
{"address":"0x7ffe49095390", "type":"IMEMO", "class":"0x7ffe490959f8", "imemo_type":"ment", "memsize":48, "flags":{"wb_protected":true}}
{"address":"0x7ffe490953b8", "type":"IMEMO", "class":"0x7ffe49095980", "imemo_type":"ment", "memsize":48, "flags":{"wb_protected":true}}
{"address":"0x7ffe490953e0", "type":"IMEMO", "imemo_type":"ment", "references":["0x7ffe49095a70"], "memsize":48, "flags":{"wb_protected":true}}
{"address":"0x7ffe49095408", "type":"STRING", "class":"0x7ffe490be858", "frozen":true, "embedded":true, "fstring":true, "bytesize":11, "value":"executable?", "encoding":"US-ASCII", "memsize":40, "flags":{"wb_protected":true}}
{"address":"0x7ffe49095430", "type":"IMEMO", "class":"0x7ffe490959f8", "imemo_type":"ment", "memsize":48, "flags":{"wb_protected":true}}
{"address":"0x7ffe49095458", "type":"IMEMO", "class":"0x7ffe49095980", "imemo_type":"ment", "memsize":48, "flags":{"wb_protected":true}}
{"address":"0x7ffe49095480", "type":"IMEMO", "imemo_type":"ment", "references":["0x7ffe49095a70"], "memsize":48, "flags":{"wb_protected":true}}
{"address":"0x7ffe490954a8", "type":"STRING", "class":"0x7ffe490be858", "frozen":true, "embedded":true, "fstring":true, "bytesize":15, "value":"world_writable?", "encoding":"US-ASCII", "memsize":40, "flags":{"wb_protected":true}}
{"address":"0x7ffe490954d0", "type":"IMEMO", "class":"0x7ffe490959f8", "imemo_type":"ment", "memsize":48, "flags":{"wb_protected":true}}
{"address":"0x7ffe490954f8", "type":"IMEMO", "class":"0x7ffe49095980", "imemo_type":"ment", "memsize":48, "flags":{"wb_protected":true}}
{"address":"0x7ffe49095520", "type":"IMEMO", "imemo_type":"ment", "references":["0x7ffe49095a70"], "memsize":48, "flags":{"wb_protected":true}}
{"address":"0x7ffe49095548", "type":"STRING", "class":"0x7ffe490be858", "frozen":true, "embedded":true, "fstring":true, "bytesize":14, "value":"writable_real?", "encoding":"US-ASCII", "memsize":40, "flags":{"wb_protected":true}}
{"address":"0x7ffe49095570", "type":"IMEMO", "class":"0x7ffe490959f8", "imemo_type":"ment", "memsize":48, "flags":{"wb_protected":true}}
{"address":"0x7ffe49095598", "type":"IMEMO", "class":"0x7ffe49095980", "imemo_type":"ment", "memsize":48, "flags":{"wb_protected":true}}
{"address":"0x7ffe490955c0", "type":"IMEMO", "imemo_type":"ment", "references":["0x7ffe49095a70"], "memsize":48, "flags":{"wb_protected":true}}
{"address":"0x7ffe490955e8", "type":"STRING", "class":"0x7ffe490be858", "frozen":true, "embedded":true, "fstring":true, "bytesize":9, "value":"writable?", "encoding":"US-ASCII", "memsize":40, "flags":{"wb_protected":true}}
{"address":"0x7ffe49095610", "type":"IMEMO", "class":"0x7ffe490959f8", "imemo_type":"ment", "memsize":48, "flags":{"wb_protected":true}}
{"address":"0x7ffe49095638", "type":"IMEMO", "class":"0x7ffe49095980", "imemo_type":"ment", "memsize":48, "flags":{"wb_protected":true}}
{"address":"0x7ffe49095660", "type":"IMEMO", "imemo_type":"ment", "references":["0x7ffe49095a70"], "memsize":48, "flags":{"wb_protected":true}}
{"address":"0x7ffe49095688", "type":"STRING", "class":"0x7ffe490be858", "frozen":true, "embedded":true, "fstring":true, "bytesize":15, "value":"world_readable?", "encoding":"US-ASCII", "memsize":40, "flags":{"wb_protected":true}}
{"address":"0x7ffe490956b0", "type":"IMEMO", "class":"0x7ffe490959f8", "imemo_type":"ment", "memsize":48, "flags":{"wb_protected":true}}
{"address":"0x7ffe490956d8", "type":"IMEMO", "class":"0x7ffe49095980", "imemo_type":"ment", "memsize":48, "flags":{"wb_protected":true}}
{"address":"0x7ffe49095700", "type":"IMEMO", "imemo_type":"ment", "references":["0x7ffe49095a70"], "memsize":48, "flags":{"wb_protected":true}}
{"address":"0x7ffe49095728", "type":"STRING", "class":"0x7ffe490be858", "frozen":true, "embedded":true, "fstring":true, "bytesize":14, "value":"readable_real?", "encoding":"US-ASCII", "memsize":40, "flags":{"wb_protected":true}}
{"address":"0x7ffe49095750", "type":"IMEMO", "class":"0x7ffe490959f8", "imemo_type":"ment", "memsize":48, "flags":{"wb_protected":true}}
{"address":"0x7ffe49095778", "type":"IMEMO", "class":"0x7ffe49095980", "imemo_type":"ment", "memsize":48, "flags":{"wb_protected":true}}
{"address":"0x7ffe490957a0", "type":"IMEMO", "imemo_type":"ment", "references":["0x7ffe49095a70"], "memsize":48, "flags":{"wb_protected":true}}
{"address":"0x7ffe490957c8", "type":"STRING", "class":"0x7ffe490be858", "frozen":true, "embedded":true, "fstring":true, "bytesize":9, "value":"readable?", "encoding":"US-ASCII", "memsize":40, "flags":{"wb_protected":true}}
{"address":"0x7ffe490957f0", "type":"IMEMO", "class":"0x7ffe490959f8", "imemo_type":"ment", "memsize":48, "flags":{"wb_protected":true}}
{"address":"0x7ffe49095818", "type":"IMEMO", "class":"0x7ffe49095980", "imemo_type":"ment", "memsize":48, "flags":{"wb_protected":true}}
{"address":"0x7ffe49095840", "type":"IMEMO", "imemo_type":"ment", "references":["0x7ffe49095a70"], "memsize":48, "flags":{"wb_protected":true}}
{"address":"0x7ffe49095868", "type":"STRING", "class":"0x7ffe490be858", "frozen":true, "embedded":true, "fstring":true, "bytesize":7, "value":"exists?", "encoding":"US-ASCII", "memsize":40, "flags":{"wb_protected":true}}
{"address":"0x7ffe49095890", "type":"IMEMO", "class":"0x7ffe490959f8", "imemo_type":"ment", "memsize":48, "flags":{"wb_protected":true}}
{"address":"0x7ffe490958b8", "type":"IMEMO", "class":"0x7ffe49095980", "imemo_type":"ment", "memsize":48, "flags":{"wb_protected":true}}
{"address":"0x7ffe490958e0", "type":"IMEMO", "imemo_type":"ment", "references":["0x7ffe49095a70"], "memsize":48, "flags":{"wb_protected":true}}
{"address":"0x7ffe49095908", "type":"STRING", "class":"0x7ffe490be858", "frozen":true, "embedded":true, "fstring":true, "bytesize":6, "value":"exist?", "encoding":"US-ASCII", "memsize":40, "flags":{"wb_protected":true}}
{"address":"0x7ffe49095930", "type":"IMEMO", "class":"0x7ffe490959f8", "imemo_type":"ment", "memsize":48, "flags":{"wb_protected":true}}
{"address":"0x7ffe49095958", "type":"IMEMO", "class":"0x7ffe49095980", "imemo_type":"ment", "memsize":48, "flags":{"wb_protected":true}}
{"address":"0x7ffe49095980", "type":"CLASS", "class":"0x7ffe490c5748", "references":["0x7ffe490c6850", "0x7ffe49095958", "0x7ffe490958b8", "0x7ffe49095818", "0x7ffe49095778", "0x7ffe490956d8", "0x7ffe49095638", "0x7ffe49095598", "0x7ffe490954f8", "0x7ffe49095458", "0x7ffe490953b8", "0x7ffe49095318", "0x7ffe49095278", "0x7ffe490950e8", "0x7ffe49094fd0", "0x7ffe49094f30", "0x7ffe49094e90", "0x7ffe49094df0", "0x7ffe49095200", "0x7ffe49094d50", "0x7ffe49094cb0", "0x7ffe49094c10", "0x7ffe49094b70", "0x7ffe49094ad0", "0x7ffe49095188", "0x7ffe49094990", "0x7ffe49094a30", "0x7ffe49095070", "0x7ffe49095a70"], "memsize":1496, "flags":{"wb_protected":true}}
{"address":"0x7ffe490959a8", "type":"IMEMO", "imemo_type":"ment", "references":["0x7ffe49095a70"], "memsize":48, "flags":{"wb_protected":true}}
{"address":"0x7ffe490959d0", "type":"STRING", "class":"0x7ffe490be858", "frozen":true, "embedded":true, "fstring":true, "bytesize":10, "value":"directory?", "encoding":"US-ASCII", "memsize":40, "flags":{"wb_protected":true}}
{"address":"0x7ffe490959f8", "type":"CLASS", "class":"0x7ffe490c5770", "references":["0x7ffe4909c438", "0x7ffe49094288", "0x7ffe49094198", "0x7ffe490941e8", "0x7ffe490940f8", "0x7ffe49094148", "0x7ffe49094058", "0x7ffe490940a8", "0x7ffe49094030", "0x7ffe49095160", "0x7ffe4908ffa8", "0x7ffe4908ff80", "0x7ffe49095048", "0x7ffe4908e4a0", "0x7ffe4908e450", "0x7ffe490943f0", "0x7ffe49095930", "0x7ffe49095890", "0x7ffe490957f0", "0x7ffe49095750", "0x7ffe490956b0", "0x7ffe49095610", "0x7ffe49095570", "0x7ffe490954d0", "0x7ffe49095430", "0x7ffe49095390", "0x7ffe490952f0", "0x7ffe49095250", "0x7ffe490950c0", "0x7ffe49094fa8", "0x7ffe49094f08", "0x7ffe49094e68", "0x7ffe49094dc8", "0x7ffe490951d8", "0x7ffe49094d28", "0x7ffe49094c88", "0x7ffe49094be8", "0x7ffe49094b48", "0x7ffe49094aa8", "0x7ffe49094968", "0x7ffe49094918", "0x7ffe49094a08", "0x7ffe490948c8", "0x7ffe49094828", "0x7ffe490947d8", "0x7ffe49094878", "0x7ffe49094788", "0x7ffe490946e8", "0x7ffe49094698", "0x7ffe49094738", "0x7ffe49094648", "0x7ffe490945a8", "0x7ffe49094558", "0x7ffe490945f8", "0x7ffe49094508", "0x7ffe49094468", "0x7ffe49094418", "0x7ffe490944b8", "0x7ffe490943a0", "0x7ffe49094350", "0x7ffe490942d8", "0x7ffe49094328", "0x7ffe49094238", "0x7ffe49095a20"], "memsize":2520, "flags":{"wb_protected":true}}
{"address":"0x7ffe49095a20", "type":"CLASS", "class":"0x7ffe490959f8", "name":"File", "references":["0x7ffe4909c460", "0x7ffe4908ee78", "0x7ffe4908f940", "0x7ffe4908fd50", "0x7ffe4908fda0", "0x7ffe4908fee0", "0x7ffe4908feb8", "0x7ffe4908fe90", "0x7ffe4908fe68", "0x7ffe4908fe40", "0x7ffe4908fdf0", "0x7ffe4908fdc8", "0x7ffe4908fe18", "0x7ffe4908f8f0", "0x7ffe4908ee78", "0x7ffe490968f8", "0x7ffe49095a48", "0x7ffe490c7ca0", "0x7ffe4908f828", "0x7ffe4908fd00", "0x7ffe490c7cc8", "0x7ffe490c7cc8"], "memsize":1272, "flags":{"wb_protected":true}}
{"address":"0x7ffe49095a48", "type":"STRING", "class":"0x7ffe490be858", "frozen":true, "embedded":true, "fstring":true, "bytesize":4, "value":"File", "encoding":"US-ASCII", "memsize":40, "flags":{"wb_protected":true}}
{"address":"0x7ffe49095a70", "type":"MODULE", "class":"0x7ffe49095980", "name":"FileTest", "references":["0x7ffe490959a8", "0x7ffe490958e0", "0x7ffe49095840", "0x7ffe490957a0", "0x7ffe49095700", "0x7ffe49095660", "0x7ffe490955c0", "0x7ffe49095520", "0x7ffe49095480", "0x7ffe490953e0", "0x7ffe49095340", "0x7ffe490952a0", "0x7ffe49095110", "0x7ffe49094ff8", "0x7ffe49094f58", "0x7ffe49094eb8", "0x7ffe49094e18", "0x7ffe49095228", "0x7ffe49094d78", "0x7ffe49094cd8", "0x7ffe49094c38", "0x7ffe49094b98", "0x7ffe49094af8", "0x7ffe490951b0", "0x7ffe490949b8", "0x7ffe49094a58", "0x7ffe49095098", "0x7ffe49095a98"], "memsize":1496, "flags":{"wb_protected":true}}
{"address":"0x7ffe49095a98", "type":"STRING", "class":"0x7ffe490be858", "frozen":true, "embedded":true, "fstring":true, "bytesize":8, "value":"FileTest", "encoding":"US-ASCII", "memsize":40, "flags":{"wb_protected":true}}
{"address":"0x7ffe49095ac0", "type":"STRING", "class":"0x7ffe490be858", "frozen":true, "embedded":true, "fstring":true, "bytesize":2, "value":"$*", "encoding":"US-ASCII", "memsize":40, "flags":{"wb_protected":true}}
{"address":"0x7ffe49095ae8", "type":"STRING", "class":"0x7ffe490be858", "frozen":true, "embedded":true, "fstring":true, "bytesize":3, "value":"$-i", "encoding":"US-ASCII", "memsize":40, "flags":{"wb_protected":true}}
{"address":"0x7ffe49095b10", "type":"STRING", "class":"0x7ffe490be858", "bytesize":1, "value":"-", "memsize":40, "flags":{"wb_protected":true}}
{"address":"0x7ffe49095b38", "type":"STRING", "class":"0x7ffe490be858", "frozen":true, "embedded":true, "fstring":true, "bytesize":9, "value":"$FILENAME", "encoding":"US-ASCII", "memsize":40, "flags":{"wb_protected":true}}
{"address":"0x7ffe49095b60", "type":"STRING", "class":"0x7ffe490be858", "frozen":true, "embedded":true, "fstring":true, "bytesize":2, "value":"$.", "encoding":"US-ASCII", "memsize":40, "flags":{"wb_protected":true}}
{"address":"0x7ffe49095b88", "type":"STRING", "class":"0x7ffe490be858", "frozen":true, "embedded":true, "fstring":true, "bytesize":4, "value":"ARGF", "encoding":"US-ASCII", "memsize":40, "flags":{"wb_protected":true}}
{"address":"0x7ffe49095bb0", "type":"STRING", "class":"0x7ffe490be858", "frozen":true, "embedded":true, "fstring":true, "bytesize":2, "value":"$<", "encoding":"US-ASCII", "memsize":40, "flags":{"wb_protected":true}}
{"address":"0x7ffe49095bd8", "type":"ARRAY", "class":"0x7ffe490a67f8", "length":0, "memsize":40, "flags":{"wb_protected":true}}
{"address":"0x7ffe49095c00", "type":"DATA", "class":"0x7ffe490965d8", "struct":"ARGF", "references":["0x7ffe49095b10", "0x7ffe49095bd8"], "memsize":128}
{"address":"0x7ffe49095c28", "type":"IMEMO", "class":"0x7ffe490965d8", "imemo_type":"ment", "memsize":48, "flags":{"wb_protected":true}}
{"address":"0x7ffe49095c50", "type":"IMEMO", "class":"0x7ffe490965d8", "imemo_type":"ment", "memsize":48, "flags":{"wb_protected":true}}
{"address":"0x7ffe49095c78", "type":"IMEMO", "class":"0x7ffe490965d8", "imemo_type":"ment", "memsize":48, "flags":{"wb_protected":true}}
{"address":"0x7ffe49095ca0", "type":"IMEMO", "class":"0x7ffe490965d8", "imemo_type":"ment", "memsize":48, "flags":{"wb_protected":true}}
{"address":"0x7ffe49095cc8", "type":"STRING", "class":"0x7ffe490be858", "frozen":true, "embedded":true, "fstring":true, "bytesize":13, "value":"inplace_mode=", "encoding":"US-ASCII", "memsize":40, "flags":{"wb_protected":true}}
{"address":"0x7ffe49095cf0", "type":"IMEMO", "class":"0x7ffe490965d8", "imemo_type":"ment", "memsize":48, "flags":{"wb_protected":true}}
{"address":"0x7ffe49095d18", "type":"STRING", "class":"0x7ffe490be858", "frozen":true, "embedded":true, "fstring":true, "bytesize":12, "value":"inplace_mode", "encoding":"US-ASCII", "memsize":40, "flags":{"wb_protected":true}}
{"address":"0x7ffe49095d40", "type":"IMEMO", "class":"0x7ffe490965d8", "imemo_type":"ment", "memsize":48, "flags":{"wb_protected":true}}
{"address":"0x7ffe49095d68", "type":"IMEMO", "class":"0x7ffe490965d8", "imemo_type":"ment", "memsize":48, "flags":{"wb_protected":true}}
{"address":"0x7ffe49095d90", "type":"IMEMO", "class":"0x7ffe490965d8", "imemo_type":"ment", "memsize":48, "flags":{"wb_protected":true}}
{"address":"0x7ffe49095db8", "type":"IMEMO", "class":"0x7ffe490965d8", "imemo_type":"ment", "memsize":48, "flags":{"wb_protected":true}}
{"address":"0x7ffe49095de0", "type":"IMEMO", "class":"0x7ffe490965d8", "imemo_type":"ment", "memsize":48, "flags":{"wb_protected":true}}
{"address":"0x7ffe49095e08", "type":"STRING", "class":"0x7ffe490be858", "frozen":true, "embedded":true, "fstring":true, "bytesize":4, "value":"skip", "encoding":"US-ASCII", "memsize":40, "flags":{"wb_protected":true}}
{"address":"0x7ffe49095e30", "type":"IMEMO", "class":"0x7ffe490965d8", "imemo_type":"ment", "memsize":48, "flags":{"wb_protected":true}}
{"address":"0x7ffe49095e58", "type":"STRING", "class":"0x7ffe490be858", "frozen":true, "embedded":true, "fstring":true, "bytesize":4, "value":"file", "encoding":"US-ASCII", "memsize":40, "flags":{"wb_protected":true}}
{"address":"0x7ffe49095e80", "type":"IMEMO", "class":"0x7ffe490965d8", "imemo_type":"ment", "memsize":48, "flags":{"wb_protected":true}}
{"address":"0x7ffe49095ea8", "type":"IMEMO", "class":"0x7ffe490965d8", "imemo_type":"ment", "memsize":48, "flags":{"wb_protected":true}}
{"address":"0x7ffe49095ed0", "type":"STRING", "class":"0x7ffe490be858", "frozen":true, "embedded":true, "fstring":true, "bytesize":8, "value":"filename", "encoding":"US-ASCII", "memsize":40, "flags":{"wb_protected":true}}
{"address":"0x7ffe49095ef8", "type":"IMEMO", "class":"0x7ffe490965d8", "imemo_type":"ment", "memsize":48, "flags":{"wb_protected":true}}
{"address":"0x7ffe49095f20", "type":"IMEMO", "class":"0x7ffe490965d8", "imemo_type":"ment", "memsize":48, "flags":{"wb_protected":true}}
{"address":"0x7ffe49095f48", "type":"IMEMO", "class":"0x7ffe490965d8", "imemo_type":"ment", "memsize":48, "flags":{"wb_protected":true}}
{"address":"0x7ffe49095f70", "type":"IMEMO", "class":"0x7ffe490965d8", "imemo_type":"ment", "memsize":48, "flags":{"wb_protected":true}}
{"address":"0x7ffe49095f98", "type":"IMEMO", "class":"0x7ffe490965d8", "imemo_type":"ment", "memsize":48, "flags":{"wb_protected":true}}
{"address":"0x7ffe49095fc0", "type":"IMEMO", "class":"0x7ffe490965d8", "imemo_type":"ment", "memsize":48, "flags":{"wb_protected":true}}
{"address":"0x7ffe49095fe8", "type":"IMEMO", "class":"0x7ffe490965d8", "imemo_type":"ment", "memsize":48, "flags":{"wb_protected":true}}
{"address":"0x7ffe49096010", "type":"IMEMO", "class":"0x7ffe490965d8", "imemo_type":"ment", "memsize":48, "flags":{"wb_protected":true}}
{"address":"0x7ffe49096038", "type":"IMEMO", "class":"0x7ffe490965d8", "imemo_type":"ment", "memsize":48, "flags":{"wb_protected":true}}
{"address":"0x7ffe49096060", "type":"IMEMO", "class":"0x7ffe490965d8", "imemo_type":"ment", "memsize":48, "flags":{"wb_protected":true}}
{"address":"0x7ffe49096088", "type":"IMEMO", "class":"0x7ffe490965d8", "imemo_type":"ment", "memsize":48, "flags":{"wb_protected":true}}
{"address":"0x7ffe490960b0", "type":"IMEMO", "class":"0x7ffe490965d8", "imemo_type":"ment", "memsize":48, "flags":{"wb_protected":true}}
{"address":"0x7ffe490960d8", "type":"IMEMO", "class":"0x7ffe490965d8", "imemo_type":"ment", "memsize":48, "flags":{"wb_protected":true}}
{"address":"0x7ffe49096100", "type":"IMEMO", "class":"0x7ffe490965d8", "imemo_type":"ment", "memsize":48, "flags":{"wb_protected":true}}
{"address":"0x7ffe49096128", "type":"IMEMO", "class":"0x7ffe490965d8", "imemo_type":"ment", "memsize":48, "flags":{"wb_protected":true}}
{"address":"0x7ffe49096150", "type":"IMEMO", "class":"0x7ffe490965d8", "imemo_type":"ment", "memsize":48, "flags":{"wb_protected":true}}
{"address":"0x7ffe49096178", "type":"IMEMO", "class":"0x7ffe490965d8", "imemo_type":"ment", "memsize":48, "flags":{"wb_protected":true}}
{"address":"0x7ffe490961a0", "type":"IMEMO", "class":"0x7ffe490965d8", "imemo_type":"ment", "memsize":48, "flags":{"wb_protected":true}}
{"address":"0x7ffe490961c8", "type":"IMEMO", "class":"0x7ffe490965d8", "imemo_type":"ment", "memsize":48, "flags":{"wb_protected":true}}
{"address":"0x7ffe490961f0", "type":"IMEMO", "class":"0x7ffe490965d8", "imemo_type":"ment", "memsize":48, "flags":{"wb_protected":true}}
{"address":"0x7ffe49096218", "type":"IMEMO", "class":"0x7ffe490965d8", "imemo_type":"ment", "memsize":48, "flags":{"wb_protected":true}}
{"address":"0x7ffe49096240", "type":"IMEMO", "class":"0x7ffe490965d8", "imemo_type":"ment", "memsize":48, "flags":{"wb_protected":true}}
{"address":"0x7ffe49096268", "type":"IMEMO", "class":"0x7ffe490965d8", "imemo_type":"ment", "memsize":48, "flags":{"wb_protected":true}}
{"address":"0x7ffe49096290", "type":"STRING", "class":"0x7ffe490be858", "frozen":true, "embedded":true, "fstring":true, "bytesize":13, "value":"read_nonblock", "encoding":"US-ASCII", "memsize":40, "flags":{"wb_protected":true}}
{"address":"0x7ffe490962b8", "type":"IMEMO", "class":"0x7ffe490965d8", "imemo_type":"ment", "memsize":48, "flags":{"wb_protected":true}}
{"address":"0x7ffe490962e0", "type":"IMEMO", "class":"0x7ffe490965d8", "imemo_type":"ment", "memsize":48, "flags":{"wb_protected":true}}
{"address":"0x7ffe49096308", "type":"IMEMO", "class":"0x7ffe490965d8", "imemo_type":"ment", "memsize":48, "flags":{"wb_protected":true}}
{"address":"0x7ffe49096330", "type":"IMEMO", "class":"0x7ffe490965d8", "imemo_type":"ment", "memsize":48, "flags":{"wb_protected":true}}
{"address":"0x7ffe49096358", "type":"IMEMO", "class":"0x7ffe490965d8", "imemo_type":"ment", "memsize":48, "flags":{"wb_protected":true}}
{"address":"0x7ffe49096380", "type":"IMEMO", "class":"0x7ffe490965d8", "imemo_type":"ment", "memsize":48, "flags":{"wb_protected":true}}
{"address":"0x7ffe490963a8", "type":"IMEMO", "class":"0x7ffe490965d8", "imemo_type":"ment", "memsize":48, "flags":{"wb_protected":true}}
{"address":"0x7ffe490963d0", "type":"IMEMO", "class":"0x7ffe490965d8", "imemo_type":"ment", "memsize":48, "flags":{"wb_protected":true}}
{"address":"0x7ffe490963f8", "type":"STRING", "class":"0x7ffe490be858", "frozen":true, "embedded":true, "fstring":true, "bytesize":11, "value":"to_write_io", "encoding":"US-ASCII", "memsize":40, "flags":{"wb_protected":true}}
{"address":"0x7ffe49096420", "type":"IMEMO", "class":"0x7ffe490965d8", "imemo_type":"ment", "memsize":48, "flags":{"wb_protected":true}}
{"address":"0x7ffe49096448", "type":"IMEMO", "class":"0x7ffe490965d8", "imemo_type":"ment", "memsize":48, "flags":{"wb_protected":true}}
{"address":"0x7ffe49096470", "type":"IMEMO", "class":"0x7ffe490965d8", "imemo_type":"ment", "memsize":48, "flags":{"wb_protected":true}}
{"address":"0x7ffe49096498", "type":"IMEMO", "class":"0x7ffe490965d8", "imemo_type":"ment", "memsize":48, "flags":{"wb_protected":true}}
{"address":"0x7ffe490964c0", "type":"STRING", "class":"0x7ffe490be858", "frozen":true, "embedded":true, "fstring":true, "bytesize":4, "value":"argv", "encoding":"US-ASCII", "memsize":40, "flags":{"wb_protected":true}}
{"address":"0x7ffe490964e8", "type":"IMEMO", "class":"0x7ffe490965d8", "imemo_type":"ment", "memsize":48, "flags":{"wb_protected":true}}
{"address":"0x7ffe49096510", "type":"IMEMO", "class":"0x7ffe490965d8", "imemo_type":"ment", "memsize":48, "flags":{"wb_protected":true}}
{"address":"0x7ffe49096538", "type":"IMEMO", "class":"0x7ffe490965d8", "imemo_type":"ment", "memsize":48, "flags":{"wb_protected":true}}
{"address":"0x7ffe49096560", "type":"IMEMO", "class":"0x7ffe490965d8", "imemo_type":"ment", "memsize":48, "flags":{"wb_protected":true}}
{"address":"0x7ffe49096588", "type":"ICLASS", "class":"0x7ffe490bf988", "references":["0x7ffe490c68a0"], "memsize":40, "flags":{"wb_protected":true}}
{"address":"0x7ffe490965b0", "type":"STRING", "class":"0x7ffe490be858", "frozen":true, "embedded":true, "bytesize":10, "value":"ARGF.class", "memsize":40, "flags":{"wb_protected":true}}
{"address":"0x7ffe490965d8", "type":"CLASS", "class":"0x7ffe490c6800", "name":"ARGF.class", "references":["0x7ffe49096588", "0x7ffe49095e80", "0x7ffe49096470", "0x7ffe49095d68", "0x7ffe49096178", "0x7ffe490961a0", "0x7ffe49096150", "0x7ffe49096128", "0x7ffe49096100", "0x7ffe490960d8", "0x7ffe49095f98", "0x7ffe49095d40", "0x7ffe490960b0", "0x7ffe49096088", "0x7ffe49096060", "0x7ffe49096038", "0x7ffe49096010", "0x7ffe49095db8", "0x7ffe49095d90", "0x7ffe490964e8", "0x7ffe49095fc0", "0x7ffe49095c78", "0x7ffe49095c50", "0x7ffe490961f0", "0x7ffe490963a8", "0x7ffe49096560", "0x7ffe49096538", "0x7ffe490963d0", "0x7ffe49096498", "0x7ffe49095ea8", "0x7ffe49096268", "0x7ffe49095de0", "0x7ffe49095e30", "0x7ffe49095ca0", "0x7ffe49095cf0", "0x7ffe49096420", "0x7ffe49096218", "0x7ffe49096510", "0x7ffe49096448", "0x7ffe49096380", "0x7ffe49096358", "0x7ffe49096330", "0x7ffe49096308", "0x7ffe490962e0", "0x7ffe49095fe8", "0x7ffe490962b8", "0x7ffe49095c28", "0x7ffe49095ef8", "0x7ffe49095f70", "0x7ffe49095f48", "0x7ffe49095f20", "0x7ffe490961c8", "0x7ffe49096240", "0x7ffe49096560", "0x7ffe490965b0"], "memsize":2632, "flags":{"wb_protected":true}}
{"address":"0x7ffe49096600", "type":"STRING", "class":"0x7ffe490be858", "frozen":true, "embedded":true, "fstring":true, "bytesize":6, "value":"STDERR", "encoding":"US-ASCII", "memsize":40, "flags":{"wb_protected":true}}
{"address":"0x7ffe49096628", "type":"STRING", "class":"0x7ffe490be858", "frozen":true, "embedded":true, "fstring":true, "bytesize":6, "value":"STDOUT", "encoding":"US-ASCII", "memsize":40, "flags":{"wb_protected":true}}
{"address":"0x7ffe49096650", "type":"STRING", "class":"0x7ffe490be858", "frozen":true, "embedded":true, "fstring":true, "bytesize":5, "value":"STDIN", "encoding":"US-ASCII", "memsize":40, "flags":{"wb_protected":true}}
{"address":"0x7ffe49096678", "type":"STRING", "class":"0x7ffe490be858", "frozen":true, "embedded":true, "bytesize":8, "value":"<STDERR>", "memsize":40, "flags":{"wb_protected":true}}
{"address":"0x7ffe490966a0", "type":"FILE", "class":"0x7ffe4909c460", "fd":2, "references":["0x7ffe490966a0", "0x7ffe49096678"], "memsize":240}
{"address":"0x7ffe490966c8", "type":"STRING", "class":"0x7ffe490be858", "frozen":true, "embedded":true, "bytesize":8, "value":"<STDOUT>", "memsize":40, "flags":{"wb_protected":true}}
{"address":"0x7ffe490966f0", "type":"FILE", "class":"0x7ffe4909c460", "fd":1, "references":["0x7ffe490966f0", "0x7ffe490966c8", "0x7ffe49045fe8"], "memsize":8432}
{"address":"0x7ffe49096718", "type":"STRING", "class":"0x7ffe490be858", "frozen":true, "embedded":true, "bytesize":7, "value":"<STDIN>", "memsize":40, "flags":{"wb_protected":true}}
{"address":"0x7ffe49096740", "type":"FILE", "class":"0x7ffe4909c460", "fd":0, "references":["0x7ffe49096740", "0x7ffe49096718"], "memsize":240}
{"address":"0x7ffe49096768", "type":"STRING", "class":"0x7ffe490be858", "frozen":true, "embedded":true, "fstring":true, "bytesize":7, "value":"$stderr", "encoding":"US-ASCII", "memsize":40, "flags":{"wb_protected":true}}
{"address":"0x7ffe49096790", "type":"STRING", "class":"0x7ffe490be858", "frozen":true, "embedded":true, "fstring":true, "bytesize":2, "value":"$>", "encoding":"US-ASCII", "memsize":40, "flags":{"wb_protected":true}}
{"address":"0x7ffe490967b8", "type":"STRING", "class":"0x7ffe490be858", "frozen":true, "embedded":true, "fstring":true, "bytesize":7, "value":"$stdout", "encoding":"US-ASCII", "memsize":40, "flags":{"wb_protected":true}}
{"address":"0x7ffe490967e0", "type":"STRING", "class":"0x7ffe490be858", "frozen":true, "embedded":true, "fstring":true, "bytesize":6, "value":"$stdin", "encoding":"US-ASCII", "memsize":40, "flags":{"wb_protected":true}}
{"address":"0x7ffe49096808", "type":"IMEMO", "class":"0x7ffe4909c460", "imemo_type":"ment", "memsize":48, "flags":{"wb_protected":true}}
{"address":"0x7ffe49096830", "type":"STRING", "class":"0x7ffe490be858", "frozen":true, "embedded":true, "fstring":true, "bytesize":10, "value":"autoclose=", "encoding":"US-ASCII", "memsize":40, "flags":{"wb_protected":true}}
{"address":"0x7ffe49096858", "type":"IMEMO", "class":"0x7ffe4909c460", "imemo_type":"ment", "memsize":48, "flags":{"wb_protected":true}}
{"address":"0x7ffe49096880", "type":"STRING", "class":"0x7ffe490be858", "frozen":true, "embedded":true, "fstring":true, "bytesize":10, "value":"autoclose?", "encoding":"US-ASCII", "memsize":40, "flags":{"wb_protected":true}}
{"address":"0x7ffe490968a8", "type":"IMEMO", "class":"0x7ffe4909c460", "imemo_type":"ment", "memsize":48, "flags":{"wb_protected":true}}
{"address":"0x7ffe490968d0", "type":"STRING", "class":"0x7ffe490be858", "frozen":true, "embedded":true, "fstring":true, "bytesize":19, "value":"set_encoding_by_bom", "encoding":"US-ASCII", "memsize":40, "flags":{"wb_protected":true}}
{"address":"0x7ffe490968f8", "type":"IMEMO", "class":"0x7ffe4909c460", "imemo_type":"ment", "memsize":48, "flags":{"wb_protected":true}}
{"address":"0x7ffe49096920", "type":"IMEMO", "class":"0x7ffe4909c460", "imemo_type":"ment", "memsize":48, "flags":{"wb_protected":true}}
{"address":"0x7ffe49096948", "type":"STRING", "class":"0x7ffe490be858", "frozen":true, "embedded":true, "fstring":true, "bytesize":17, "value":"internal_encoding", "encoding":"US-ASCII", "memsize":40, "flags":{"wb_protected":true}}
{"address":"0x7ffe49096970", "type":"IMEMO", "class":"0x7ffe4909c460", "imemo_type":"ment", "memsize":48, "flags":{"wb_protected":true}}
{"address":"0x7ffe49096998", "type":"STRING", "class":"0x7ffe490be858", "frozen":true, "embedded":true, "fstring":true, "bytesize":17, "value":"external_encoding", "encoding":"US-ASCII", "memsize":40, "flags":{"wb_protected":true}}
{"address":"0x7ffe490969c0", "type":"IMEMO", "class":"0x7ffe4909c460", "imemo_type":"ment", "memsize":48, "flags":{"wb_protected":true}}
{"address":"0x7ffe490969e8", "type":"IMEMO", "class":"0x7ffe4909c460", "imemo_type":"ment", "memsize":48, "flags":{"wb_protected":true}}
{"address":"0x7ffe49096a10", "type":"STRING", "class":"0x7ffe490be858", "frozen":true, "embedded":true, "fstring":true, "bytesize":3, "value":"pid", "encoding":"US-ASCII", "memsize":40, "flags":{"wb_protected":true}}
{"address":"0x7ffe49096a38", "type":"IMEMO", "class":"0x7ffe4909c460", "imemo_type":"ment", "memsize":48, "flags":{"wb_protected":true}}
{"address":"0x7ffe49096a60", "type":"STRING", "class":"0x7ffe490be858", "frozen":true, "embedded":true, "fstring":true, "bytesize":5, "value":"fcntl", "encoding":"US-ASCII", "memsize":40, "flags":{"wb_protected":true}}
{"address":"0x7ffe49096a88", "type":"IMEMO", "class":"0x7ffe4909c460", "imemo_type":"ment", "memsize":48, "flags":{"wb_protected":true}}
{"address":"0x7ffe49096ab0", "type":"STRING", "class":"0x7ffe490be858", "frozen":true, "embedded":true, "fstring":true, "bytesize":5, "value":"ioctl", "encoding":"US-ASCII", "memsize":40, "flags":{"wb_protected":true}}
{"address":"0x7ffe49096ad8", "type":"IMEMO", "class":"0x7ffe4909c460", "imemo_type":"ment", "memsize":48, "flags":{"wb_protected":true}}
{"address":"0x7ffe49096b00", "type":"STRING", "class":"0x7ffe490be858", "frozen":true, "embedded":true, "fstring":true, "bytesize":6, "value":"advise", "encoding":"US-ASCII", "memsize":40, "flags":{"wb_protected":true}}
{"address":"0x7ffe49096b28", "type":"IMEMO", "class":"0x7ffe4909c460", "imemo_type":"ment", "memsize":48, "flags":{"wb_protected":true}}
{"address":"0x7ffe49096b50", "type":"STRING", "class":"0x7ffe490be858", "frozen":true, "embedded":true, "fstring":true, "bytesize":7, "value":"sysseek", "encoding":"US-ASCII", "memsize":40, "flags":{"wb_protected":true}}
{"address":"0x7ffe49096b78", "type":"IMEMO", "class":"0x7ffe4909c460", "imemo_type":"ment", "memsize":48, "flags":{"wb_protected":true}}
{"address":"0x7ffe49096ba0", "type":"STRING", "class":"0x7ffe490be858", "frozen":true, "embedded":true, "fstring":true, "bytesize":8, "value":"binmode?", "encoding":"US-ASCII", "memsize":40, "flags":{"wb_protected":true}}
{"address":"0x7ffe49096bc8", "type":"IMEMO", "class":"0x7ffe4909c460", "imemo_type":"ment", "memsize":48, "flags":{"wb_protected":true}}
{"address":"0x7ffe49096bf0", "type":"IMEMO", "class":"0x7ffe4909c460", "imemo_type":"ment", "memsize":48, "flags":{"wb_protected":true}}
{"address":"0x7ffe49096c18", "type":"STRING", "class":"0x7ffe490be858", "frozen":true, "embedded":true, "fstring":true, "bytesize":4, "value":"tty?", "encoding":"US-ASCII", "memsize":40, "flags":{"wb_protected":true}}
{"address":"0x7ffe49096c40", "type":"IMEMO", "class":"0x7ffe4909c460", "imemo_type":"ment", "memsize":48, "flags":{"wb_protected":true}}
{"address":"0x7ffe49096c68", "type":"STRING", "class":"0x7ffe490be858", "frozen":true, "embedded":true, "fstring":true, "bytesize":6, "value":"isatty", "encoding":"US-ASCII", "memsize":40, "flags":{"wb_protected":true}}
{"address":"0x7ffe49096c90", "type":"IMEMO", "class":"0x7ffe4909c460", "imemo_type":"ment", "memsize":48, "flags":{"wb_protected":true}}
{"address":"0x7ffe49096cb8", "type":"STRING", "class":"0x7ffe490be858", "frozen":true, "embedded":true, "fstring":true, "bytesize":11, "value":"close_write", "encoding":"US-ASCII", "memsize":40, "flags":{"wb_protected":true}}
{"address":"0x7ffe49096ce0", "type":"IMEMO", "class":"0x7ffe4909c460", "imemo_type":"ment", "memsize":48, "flags":{"wb_protected":true}}
{"address":"0x7ffe49096d08", "type":"STRING", "class":"0x7ffe490be858", "frozen":true, "embedded":true, "fstring":true, "bytesize":10, "value":"close_read", "encoding":"US-ASCII", "memsize":40, "flags":{"wb_protected":true}}
{"address":"0x7ffe49096d30", "type":"IMEMO", "class":"0x7ffe4909c460", "imemo_type":"ment", "memsize":48, "flags":{"wb_protected":true}}
{"address":"0x7ffe49096d58", "type":"STRING", "class":"0x7ffe490be858", "frozen":true, "embedded":true, "fstring":true, "bytesize":7, "value":"closed?", "encoding":"US-ASCII", "memsize":40, "flags":{"wb_protected":true}}
{"address":"0x7ffe49096d80", "type":"IMEMO", "class":"0x7ffe4909c460", "imemo_type":"ment", "memsize":48, "flags":{"wb_protected":true}}
{"address":"0x7ffe49096da8", "type":"STRING", "class":"0x7ffe490be858", "frozen":true, "embedded":true, "fstring":true, "bytesize":5, "value":"close", "encoding":"US-ASCII", "memsize":40, "flags":{"wb_protected":true}}
{"address":"0x7ffe49096dd0", "type":"IMEMO", "class":"0x7ffe4909c460", "imemo_type":"ment", "memsize":48, "flags":{"wb_protected":true}}
{"address":"0x7ffe49096df8", "type":"STRING", "class":"0x7ffe490be858", "frozen":true, "embedded":true, "fstring":true, "bytesize":14, "value":"close_on_exec=", "encoding":"US-ASCII", "memsize":40, "flags":{"wb_protected":true}}
{"address":"0x7ffe49096e20", "type":"IMEMO", "class":"0x7ffe4909c460", "imemo_type":"ment", "memsize":48, "flags":{"wb_protected":true}}
{"address":"0x7ffe49096e48", "type":"STRING", "class":"0x7ffe490be858", "frozen":true, "embedded":true, "fstring":true, "bytesize":14, "value":"close_on_exec?", "encoding":"US-ASCII", "memsize":40, "flags":{"wb_protected":true}}
{"address":"0x7ffe49096e70", "type":"IMEMO", "class":"0x7ffe4909c460", "imemo_type":"ment", "memsize":48, "flags":{"wb_protected":true}}
{"address":"0x7ffe49096e98", "type":"STRING", "class":"0x7ffe490be858", "frozen":true, "embedded":true, "fstring":true, "bytesize":4, "value":"eof?", "encoding":"US-ASCII", "memsize":40, "flags":{"wb_protected":true}}
{"address":"0x7ffe49096ec0", "type":"IMEMO", "class":"0x7ffe4909c460", "imemo_type":"ment", "memsize":48, "flags":{"wb_protected":true}}
{"address":"0x7ffe49096ee8", "type":"STRING", "class":"0x7ffe490be858", "frozen":true, "embedded":true, "fstring":true, "bytesize":3, "value":"eof", "encoding":"US-ASCII", "memsize":40, "flags":{"wb_protected":true}}
{"address":"0x7ffe49096f10", "type":"IMEMO", "class":"0x7ffe4909c460", "imemo_type":"ment", "memsize":48, "flags":{"wb_protected":true}}
{"address":"0x7ffe49096f38", "type":"STRING", "class":"0x7ffe490be858", "frozen":true, "embedded":true, "fstring":true, "bytesize":4, "value":"pos=", "encoding":"US-ASCII", "memsize":40, "flags":{"wb_protected":true}}
{"address":"0x7ffe49096f60", "type":"IMEMO", "class":"0x7ffe4909c460", "imemo_type":"ment", "memsize":48, "flags":{"wb_protected":true}}
{"address":"0x7ffe49096f88", "type":"STRING", "class":"0x7ffe490be858", "frozen":true, "embedded":true, "fstring":true, "bytesize":3, "value":"pos", "encoding":"US-ASCII", "memsize":40, "flags":{"wb_protected":true}}
{"address":"0x7ffe49096fb0", "type":"IMEMO", "class":"0x7ffe4909c460", "imemo_type":"ment", "memsize":48, "flags":{"wb_protected":true}}
{"address":"0x7ffe49096fd8", "type":"STRING", "class":"0x7ffe490be858", "frozen":true, "embedded":true, "fstring":true, "bytesize":6, "value":"rewind", "encoding":"US-ASCII", "memsize":40, "flags":{"wb_protected":true}}
{"address":"0x7ffe49097000", "type":"STRING", "class":"0x7ffe490be858", "frozen":true, "embedded":true, "fstring":true, "bytesize":9, "value":"SEEK_HOLE", "encoding":"US-ASCII", "memsize":40, "flags":{"wb_protected":true}}
{"address":"0x7ffe49097028", "type":"STRING", "class":"0x7ffe490be858", "frozen":true, "embedded":true, "fstring":true, "bytesize":9, "value":"SEEK_DATA", "encoding":"US-ASCII", "memsize":40, "flags":{"wb_protected":true}}
{"address":"0x7ffe49097050", "type":"STRING", "class":"0x7ffe490be858", "frozen":true, "embedded":true, "fstring":true, "bytesize":8, "value":"SEEK_END", "encoding":"US-ASCII", "memsize":40, "flags":{"wb_protected":true}}
{"address":"0x7ffe49097078", "type":"STRING", "class":"0x7ffe490be858", "frozen":true, "embedded":true, "fstring":true, "bytesize":8, "value":"SEEK_CUR", "encoding":"US-ASCII", "memsize":40, "flags":{"wb_protected":true}}
{"address":"0x7ffe490970a0", "type":"STRING", "class":"0x7ffe490be858", "frozen":true, "embedded":true, "fstring":true, "bytesize":8, "value":"SEEK_SET", "encoding":"US-ASCII", "memsize":40, "flags":{"wb_protected":true}}
{"address":"0x7ffe490970c8", "type":"IMEMO", "class":"0x7ffe4909c460", "imemo_type":"ment", "memsize":48, "flags":{"wb_protected":true}}
{"address":"0x7ffe490970f0", "type":"STRING", "class":"0x7ffe490be858", "frozen":true, "embedded":true, "fstring":true, "bytesize":4, "value":"seek", "encoding":"US-ASCII", "memsize":40, "flags":{"wb_protected":true}}
{"address":"0x7ffe49097118", "type":"IMEMO", "class":"0x7ffe4909c460", "imemo_type":"ment", "memsize":48, "flags":{"wb_protected":true}}
{"address":"0x7ffe49097140", "type":"STRING", "class":"0x7ffe490be858", "frozen":true, "embedded":true, "fstring":true, "bytesize":4, "value":"tell", "encoding":"US-ASCII", "memsize":40, "flags":{"wb_protected":true}}
{"address":"0x7ffe49097168", "type":"IMEMO", "class":"0x7ffe4909c460", "imemo_type":"ment", "memsize":48, "flags":{"wb_protected":true}}
{"address":"0x7ffe49097190", "type":"IMEMO", "class":"0x7ffe4909c460", "imemo_type":"ment", "memsize":48, "flags":{"wb_protected":true}}
{"address":"0x7ffe490971b8", "type":"IMEMO", "class":"0x7ffe4909c460", "imemo_type":"ment", "memsize":48, "flags":{"wb_protected":true}}
{"address":"0x7ffe490971e0", "type":"STRING", "class":"0x7ffe490be858", "frozen":true, "embedded":true, "fstring":true, "bytesize":6, "value":"ungetc", "encoding":"US-ASCII", "memsize":40, "flags":{"wb_protected":true}}
{"address":"0x7ffe49097208", "type":"IMEMO", "class":"0x7ffe4909c460", "imemo_type":"ment", "memsize":48, "flags":{"wb_protected":true}}
{"address":"0x7ffe49097230", "type":"STRING", "class":"0x7ffe490be858", "frozen":true, "embedded":true, "fstring":true, "bytesize":9, "value":"ungetbyte", "encoding":"US-ASCII", "memsize":40, "flags":{"wb_protected":true}}
{"address":"0x7ffe49097258", "type":"IMEMO", "class":"0x7ffe4909c460", "imemo_type":"ment", "memsize":48, "flags":{"wb_protected":true}}
{"address":"0x7ffe49097280", "type":"STRING", "class":"0x7ffe490be858", "frozen":true, "embedded":true, "fstring":true, "bytesize":8, "value":"readbyte", "encoding":"US-ASCII", "memsize":40, "flags":{"wb_protected":true}}
{"address":"0x7ffe490972a8", "type":"IMEMO", "class":"0x7ffe4909c460", "imemo_type":"ment", "memsize":48, "flags":{"wb_protected":true}}
{"address":"0x7ffe490972d0", "type":"STRING", "class":"0x7ffe490be858", "frozen":true, "embedded":true, "fstring":true, "bytesize":8, "value":"readchar", "encoding":"US-ASCII", "memsize":40, "flags":{"wb_protected":true}}
{"address":"0x7ffe490972f8", "type":"IMEMO", "class":"0x7ffe4909c460", "imemo_type":"ment", "memsize":48, "flags":{"wb_protected":true}}
{"address":"0x7ffe49097320", "type":"IMEMO", "class":"0x7ffe4909c460", "imemo_type":"ment", "memsize":48, "flags":{"wb_protected":true}}
{"address":"0x7ffe49097348", "type":"STRING", "class":"0x7ffe490be858", "frozen":true, "embedded":true, "fstring":true, "bytesize":4, "value":"getc", "encoding":"US-ASCII", "memsize":40, "flags":{"wb_protected":true}}
{"address":"0x7ffe49097370", "type":"IMEMO", "class":"0x7ffe4909c460", "imemo_type":"ment", "memsize":48, "flags":{"wb_protected":true}}
{"address":"0x7ffe49097398", "type":"IMEMO", "class":"0x7ffe4909c460", "imemo_type":"ment", "memsize":48, "flags":{"wb_protected":true}}
{"address":"0x7ffe490973c0", "type":"IMEMO", "class":"0x7ffe4909c460", "imemo_type":"ment", "memsize":48, "flags":{"wb_protected":true}}
{"address":"0x7ffe490973e8", "type":"IMEMO", "class":"0x7ffe4909c460", "imemo_type":"ment", "memsize":48, "flags":{"wb_protected":true}}
{"address":"0x7ffe49097410", "type":"IMEMO", "class":"0x7ffe4909c460", "imemo_type":"ment", "memsize":48, "flags":{"wb_protected":true}}
{"address":"0x7ffe49097438", "type":"IMEMO", "class":"0x7ffe4909c460", "imemo_type":"ment", "memsize":48, "flags":{"wb_protected":true}}
{"address":"0x7ffe49097460", "type":"IMEMO", "class":"0x7ffe4909c460", "imemo_type":"ment", "memsize":48, "flags":{"wb_protected":true}}
{"address":"0x7ffe49097488", "type":"STRING", "class":"0x7ffe490be858", "frozen":true, "embedded":true, "fstring":true, "bytesize":7, "value":"lineno=", "encoding":"US-ASCII", "memsize":40, "flags":{"wb_protected":true}}
{"address":"0x7ffe490974b0", "type":"IMEMO", "class":"0x7ffe4909c460", "imemo_type":"ment", "memsize":48, "flags":{"wb_protected":true}}
{"address":"0x7ffe490974d8", "type":"STRING", "class":"0x7ffe490be858", "frozen":true, "embedded":true, "fstring":true, "bytesize":6, "value":"lineno", "encoding":"US-ASCII", "memsize":40, "flags":{"wb_protected":true}}
{"address":"0x7ffe49097500", "type":"IMEMO", "class":"0x7ffe4909c460", "imemo_type":"ment", "memsize":48, "flags":{"wb_protected":true}}
{"address":"0x7ffe49097528", "type":"STRING", "class":"0x7ffe490be858", "frozen":true, "embedded":true, "fstring":true, "bytesize":5, "value":"sync=", "encoding":"US-ASCII", "memsize":40, "flags":{"wb_protected":true}}
{"address":"0x7ffe49097550", "type":"IMEMO", "class":"0x7ffe4909c460", "imemo_type":"ment", "memsize":48, "flags":{"wb_protected":true}}
{"address":"0x7ffe49097578", "type":"STRING", "class":"0x7ffe490be858", "frozen":true, "embedded":true, "fstring":true, "bytesize":4, "value":"sync", "encoding":"US-ASCII", "memsize":40, "flags":{"wb_protected":true}}
{"address":"0x7ffe490975a0", "type":"IMEMO", "class":"0x7ffe4909c460", "imemo_type":"ment", "memsize":48, "flags":{"wb_protected":true}}
{"address":"0x7ffe490975c8", "type":"STRING", "class":"0x7ffe490be858", "frozen":true, "embedded":true, "fstring":true, "bytesize":9, "value":"fdatasync", "encoding":"US-ASCII", "memsize":40, "flags":{"wb_protected":true}}
{"address":"0x7ffe490975f0", "type":"IMEMO", "class":"0x7ffe4909c460", "imemo_type":"ment", "memsize":48, "flags":{"wb_protected":true}}
{"address":"0x7ffe49097618", "type":"STRING", "class":"0x7ffe490be858", "frozen":true, "embedded":true, "fstring":true, "bytesize":5, "value":"fsync", "encoding":"US-ASCII", "memsize":40, "flags":{"wb_protected":true}}
{"address":"0x7ffe49097640", "type":"IMEMO", "class":"0x7ffe4909c460", "imemo_type":"ment", "memsize":48, "flags":{"wb_protected":true}}
{"address":"0x7ffe49097668", "type":"IMEMO", "class":"0x7ffe4909c460", "imemo_type":"ment", "memsize":48, "flags":{"wb_protected":true}}
{"address":"0x7ffe49097690", "type":"IMEMO", "class":"0x7ffe4909c460", "imemo_type":"ment", "memsize":48, "flags":{"wb_protected":true}}
{"address":"0x7ffe490976b8", "type":"STRING", "class":"0x7ffe490be858", "frozen":true, "embedded":true, "fstring":true, "bytesize":6, "value":"fileno", "encoding":"US-ASCII", "memsize":40, "flags":{"wb_protected":true}}
{"address":"0x7ffe490976e0", "type":"IMEMO", "class":"0x7ffe4909c460", "imemo_type":"ment", "memsize":48, "flags":{"wb_protected":true}}
{"address":"0x7ffe49097708", "type":"STRING", "class":"0x7ffe490be858", "frozen":true, "embedded":true, "fstring":true, "bytesize":6, "value":"pwrite", "encoding":"US-ASCII", "memsize":40, "flags":{"wb_protected":true}}
{"address":"0x7ffe49097730", "type":"IMEMO", "class":"0x7ffe4909c460", "imemo_type":"ment", "memsize":48, "flags":{"wb_protected":true}}
{"address":"0x7ffe49097758", "type":"STRING", "class":"0x7ffe490be858", "frozen":true, "embedded":true, "fstring":true, "bytesize":5, "value":"pread", "encoding":"US-ASCII", "memsize":40, "flags":{"wb_protected":true}}
{"address":"0x7ffe49097780", "type":"IMEMO", "class":"0x7ffe4909c460", "imemo_type":"ment", "memsize":48, "flags":{"wb_protected":true}}
{"address":"0x7ffe490977a8", "type":"STRING", "class":"0x7ffe490be858", "frozen":true, "embedded":true, "fstring":true, "bytesize":7, "value":"sysread", "encoding":"US-ASCII", "memsize":40, "flags":{"wb_protected":true}}
{"address":"0x7ffe490977d0", "type":"IMEMO", "class":"0x7ffe4909c460", "imemo_type":"ment", "memsize":48, "flags":{"wb_protected":true}}
{"address":"0x7ffe490977f8", "type":"STRING", "class":"0x7ffe490be858", "frozen":true, "embedded":true, "fstring":true, "bytesize":8, "value":"syswrite", "encoding":"US-ASCII", "memsize":40, "flags":{"wb_protected":true}}
{"address":"0x7ffe49097820", "type":"IMEMO", "class":"0x7ffe4909c460", "imemo_type":"ment", "memsize":48, "flags":{"wb_protected":true}}
{"address":"0x7ffe49097848", "type":"IMEMO", "class":"0x7ffe4909c460", "imemo_type":"ment", "memsize":48, "flags":{"wb_protected":true}}
{"address":"0x7ffe49097870", "type":"IMEMO", "class":"0x7ffe4909c460", "imemo_type":"ment", "memsize":48, "flags":{"wb_protected":true}}
{"address":"0x7ffe49097898", "type":"IMEMO", "class":"0x7ffe4909c460", "imemo_type":"ment", "memsize":48, "flags":{"wb_protected":true}}
{"address":"0x7ffe490978c0", "type":"IMEMO", "class":"0x7ffe4909c460", "imemo_type":"ment", "memsize":48, "flags":{"wb_protected":true}}
{"address":"0x7ffe490978e8", "type":"IMEMO", "class":"0x7ffe4909c460", "imemo_type":"ment", "memsize":48, "flags":{"wb_protected":true}}
{"address":"0x7ffe49097910", "type":"IMEMO", "class":"0x7ffe4909c460", "imemo_type":"ment", "memsize":48, "flags":{"wb_protected":true}}
{"address":"0x7ffe49097938", "type":"IMEMO", "class":"0x7ffe4909c460", "imemo_type":"ment", "memsize":48, "flags":{"wb_protected":true}}
{"address":"0x7ffe49097960", "type":"IMEMO", "class":"0x7ffe4909c460", "imemo_type":"ment", "memsize":48, "flags":{"wb_protected":true}}
{"address":"0x7ffe49097988", "type":"IMEMO", "class":"0x7ffe4909c460", "imemo_type":"ment", "memsize":48, "flags":{"wb_protected":true}}
{"address":"0x7ffe490979b0", "type":"STRING", "class":"0x7ffe490be858", "frozen":true, "embedded":true, "fstring":true, "bytesize":6, "value":"reopen", "encoding":"US-ASCII", "memsize":40, "flags":{"wb_protected":true}}
{"address":"0x7ffe490979d8", "type":"IMEMO", "class":"0x7ffe4909c460", "imemo_type":"ment", "memsize":48, "flags":{"wb_protected":true}}
{"address":"0x7ffe49097a00", "type":"STRING", "class":"0x7ffe490be858", "frozen":true, "embedded":true, "fstring":true, "bytesize":2, "value":"$\\", "encoding":"US-ASCII", "memsize":40, "flags":{"wb_protected":true}}
{"address":"0x7ffe49097a28", "type":"STRING", "class":"0x7ffe490be858", "frozen":true, "embedded":true, "fstring":true, "bytesize":3, "value":"$-0", "encoding":"US-ASCII", "memsize":40, "flags":{"wb_protected":true}}
{"address":"0x7ffe49097a50", "type":"STRING", "class":"0x7ffe490be858", "frozen":true, "embedded":true, "fstring":true, "bytesize":2, "value":"$/", "encoding":"US-ASCII", "memsize":40, "flags":{"wb_protected":true}}
{"address":"0x7ffe49097a78", "type":"STRING", "class":"0x7ffe490be858", "frozen":true, "fstring":true, "bytesize":1, "value":"\n", "encoding":"US-ASCII", "memsize":40, "flags":{"wb_protected":true}}
{"address":"0x7ffe49097aa0", "type":"STRING", "class":"0x7ffe490be858", "frozen":true, "embedded":true, "fstring":true, "bytesize":2, "value":"$,", "encoding":"US-ASCII", "memsize":40, "flags":{"wb_protected":true}}
{"address":"0x7ffe49097ac8", "type":"IMEMO", "class":"0x7ffe4909c460", "imemo_type":"ment", "memsize":48, "flags":{"wb_protected":true}}
{"address":"0x7ffe49097af0", "type":"IMEMO", "class":"0x7ffe4909c438", "imemo_type":"ment", "memsize":48, "flags":{"wb_protected":true}}
{"address":"0x7ffe49097b18", "type":"STRING", "class":"0x7ffe490be858", "frozen":true, "embedded":true, "fstring":true, "bytesize":11, "value":"copy_stream", "encoding":"US-ASCII", "memsize":40, "flags":{"wb_protected":true}}
{"address":"0x7ffe49097b40", "type":"IMEMO", "class":"0x7ffe4909c438", "imemo_type":"ment", "memsize":48, "flags":{"wb_protected":true}}
{"address":"0x7ffe49097b68", "type":"IMEMO", "class":"0x7ffe4909c438", "imemo_type":"ment", "memsize":48, "flags":{"wb_protected":true}}
{"address":"0x7ffe49097b90", "type":"STRING", "class":"0x7ffe490be858", "frozen":true, "embedded":true, "fstring":true, "bytesize":4, "value":"pipe", "encoding":"US-ASCII", "memsize":40, "flags":{"wb_protected":true}}
{"address":"0x7ffe49097bb8", "type":"IMEMO", "class":"0x7ffe4909c438", "imemo_type":"ment", "memsize":48, "flags":{"wb_protected":true}}
{"address":"0x7ffe49097be0", "type":"IMEMO", "class":"0x7ffe4909c438", "imemo_type":"ment", "memsize":48, "flags":{"wb_protected":true}}
{"address":"0x7ffe49097c08", "type":"STRING", "class":"0x7ffe490be858", "frozen":true, "embedded":true, "fstring":true, "bytesize":8, "value":"binwrite", "encoding":"US-ASCII", "memsize":40, "flags":{"wb_protected":true}}
{"address":"0x7ffe49097c30", "type":"IMEMO", "class":"0x7ffe4909c438", "imemo_type":"ment", "memsize":48, "flags":{"wb_protected":true}}
{"address":"0x7ffe49097c58", "type":"IMEMO", "class":"0x7ffe4909c438", "imemo_type":"ment", "memsize":48, "flags":{"wb_protected":true}}
{"address":"0x7ffe49097c80", "type":"STRING", "class":"0x7ffe490be858", "frozen":true, "embedded":true, "fstring":true, "bytesize":7, "value":"binread", "encoding":"US-ASCII", "memsize":40, "flags":{"wb_protected":true}}
{"address":"0x7ffe49097ca8", "type":"IMEMO", "class":"0x7ffe4909c438", "imemo_type":"ment", "memsize":48, "flags":{"wb_protected":true}}
{"address":"0x7ffe49097cd0", "type":"IMEMO", "class":"0x7ffe4909c438", "imemo_type":"ment", "memsize":48, "flags":{"wb_protected":true}}
{"address":"0x7ffe49097cf8", "type":"IMEMO", "class":"0x7ffe4909c438", "imemo_type":"ment", "memsize":48, "flags":{"wb_protected":true}}
{"address":"0x7ffe49097d20", "type":"STRING", "class":"0x7ffe490be858", "frozen":true, "embedded":true, "fstring":true, "bytesize":7, "value":"foreach", "encoding":"US-ASCII", "memsize":40, "flags":{"wb_protected":true}}
{"address":"0x7ffe49097d48", "type":"IMEMO", "class":"0x7ffe4909c438", "imemo_type":"ment", "memsize":48, "flags":{"wb_protected":true}}
{"address":"0x7ffe49097d70", "type":"ARRAY", "length":1024, "references":["0x7ffe49097d98", "0x7ffe49097d20", "0x7ffe49097c80", "0x7ffe49097c08", "0x7ffe49097b90", "0x7ffe49097b18", "0x7ffe49097aa0", "0x7ffe49097a50", "0x7ffe49097a28", "0x7ffe49097a00", "0x7ffe490979b0", "0x7ffe490977f8", "0x7ffe490977a8", "0x7ffe49097758", "0x7ffe49097708", "0x7ffe490976b8", "0x7ffe49097618", "0x7ffe490975c8", "0x7ffe49097578", "0x7ffe49097528", "0x7ffe490974d8", "0x7ffe49097488", "0x7ffe49097348", "0x7ffe490972d0", "0x7ffe49097280", "0x7ffe49097230", "0x7ffe490971e0", "0x7ffe49097140", "0x7ffe490970f0", "0x7ffe490970a0", "0x7ffe49097078", "0x7ffe49097050", "0x7ffe49097028", "0x7ffe49097000", "0x7ffe49096fd8", "0x7ffe49096f88", "0x7ffe49096f38", "0x7ffe49096ee8", "0x7ffe49096e98", "0x7ffe49096e48", "0x7ffe49096df8", "0x7ffe49096da8", "0x7ffe49096d58", "0x7ffe49096d08", "0x7ffe49096cb8", "0x7ffe49096c68", "0x7ffe49096c18", "0x7ffe49096ba0", "0x7ffe49096b50", "0x7ffe49096b00", "0x7ffe49096ab0", "0x7ffe49096a60", "0x7ffe49096a10", "0x7ffe49096998", "0x7ffe49096948", "0x7ffe490968d0", "0x7ffe49096880", "0x7ffe49096830", "0x7ffe490967e0", "0x7ffe490967b8", "0x7ffe49096790", "0x7ffe49096768", "0x7ffe49096650", "0x7ffe49096628", "0x7ffe49096600", "0x7ffe490964c0", "0x7ffe490963f8", "0x7ffe49096290", "0x7ffe49095ed0", "0x7ffe49095e58", "0x7ffe49095e08", "0x7ffe49095d18", "0x7ffe49095cc8", "0x7ffe49095bb0", "0x7ffe49095b88", "0x7ffe49095b60", "0x7ffe49095b38", "0x7ffe49095ae8", "0x7ffe49095ac0", "0x7ffe49095a98", "0x7ffe49095a48", "0x7ffe490959d0", "0x7ffe49095908", "0x7ffe49095868", "0x7ffe490957c8", "0x7ffe49095728", "0x7ffe49095688", "0x7ffe490955e8", "0x7ffe49095548", "0x7ffe490954a8", "0x7ffe49095408", "0x7ffe49095368", "0x7ffe490952c8", "0x7ffe49095138", "0x7ffe49095020", "0x7ffe49094f80", "0x7ffe49094ee0", "0x7ffe49094e40", "0x7ffe49094da0", "0x7ffe49094d00", "0x7ffe49094c60", "0x7ffe49094bc0", "0x7ffe49094b20", "0x7ffe49094a80", "0x7ffe490949e0", "0x7ffe49094940", "0x7ffe490948f0", "0x7ffe490948a0", "0x7ffe49094850", "0x7ffe49094800", "0x7ffe490947b0", "0x7ffe49094760", "0x7ffe49094710", "0x7ffe490946c0", "0x7ffe49094670", "0x7ffe49094620", "0x7ffe490945d0", "0x7ffe49094580", "0x7ffe49094530", "0x7ffe490944e0", "0x7ffe49094490", "0x7ffe49094440", "0x7ffe490943c8", "0x7ffe49094378", "0x7ffe49094300", "0x7ffe490942b0", "0x7ffe49094260", "0x7ffe49094210", "0x7ffe490941c0", "0x7ffe49094170", "0x7ffe49094120", "0x7ffe490940d0", "0x7ffe49094080", "0x7ffe49094008", "0x7ffe4908ffd0", "0x7ffe4908ff58", "0x7ffe4908ff30", "0x7ffe4908fd78", "0x7ffe4908fd28", "0x7ffe4908fc60", "0x7ffe4908fc38", "0x7ffe4908fc10", "0x7ffe4908fbe8", "0x7ffe4908fbc0", "0x7ffe4908fb98", "0x7ffe4908fb70", "0x7ffe4908fb48", "0x7ffe4908fb20", "0x7ffe4908faf8", "0x7ffe4908fad0", "0x7ffe4908faa8", "0x7ffe4908fa80", "0x7ffe4908fa58", "0x7ffe4908fa30", "0x7ffe4908fa08", "0x7ffe4908f9e0", "0x7ffe4908f9b8", "0x7ffe4908f968", "0x7ffe4908f918", "0x7ffe4908f8c8", "0x7ffe4908f850", "0x7ffe4908f710", "0x7ffe4908f6c0", "0x7ffe4908f670", "0x7ffe4908f620", "0x7ffe4908f5d0", "0x7ffe4908f580", "0x7ffe4908f530", "0x7ffe4908f4e0", "0x7ffe4908f490", "0x7ffe4908f440", "0x7ffe4908f3f0", "0x7ffe4908f378", "0x7ffe4908f328", "0x7ffe4908ee50", "0x7ffe4908ee28", "0x7ffe4908ee00", "0x7ffe4908edd8", "0x7ffe4908edb0", "0x7ffe4908ed88", "0x7ffe4908ed60", "0x7ffe4908ed38", "0x7ffe4908ed10", "0x7ffe4908ece8", "0x7ffe4908ecc0", "0x7ffe4908ec98", "0x7ffe4908ec70", "0x7ffe4908ec48", "0x7ffe4908ec20", "0x7ffe4908ebf8", "0x7ffe4908ebd0", "0x7ffe4908eba8", "0x7ffe4908eb80", "0x7ffe4908ea90", "0x7ffe4908ea40", "0x7ffe4908e7c0", "0x7ffe4908e770", "0x7ffe4908e720", "0x7ffe4908e6d0", "0x7ffe4908e680", "0x7ffe4908e630", "0x7ffe4908e590", "0x7ffe4908e4c8", "0x7ffe4908e478", "0x7ffe4908e428", "0x7ffe4908e400", "0x7ffe4908e3d8", "0x7ffe4908e3b0", "0x7ffe4908e388", "0x7ffe4908e360", "0x7ffe4908e338", "0x7ffe4908e310", "0x7ffe4908e2e8", "0x7ffe4908e2c0", "0x7ffe4908e298", "0x7ffe4908e270", "0x7ffe4908e248", "0x7ffe4908e220", "0x7ffe4908e1f8", "0x7ffe4908e1d0", "0x7ffe4908e1a8", "0x7ffe4908e180", "0x7ffe4908e158", "0x7ffe4908e130", "0x7ffe4908e108", "0x7ffe4908e0e0", "0x7ffe4908e0b8", "0x7ffe4908e090", "0x7ffe4908e068", "0x7ffe4908e018", "0x7ffe4908df78", "0x7ffe4908df00", "0x7ffe4908deb0", "0x7ffe4908de60", "0x7ffe4908de10", "0x7ffe4908dc80", "0x7ffe4908dc30", "0x7ffe4908dbb8", "0x7ffe4908db68", "0x7ffe4908db18", "0x7ffe4908daa0", "0x7ffe4908d870", "0x7ffe4908d7f8", "0x7ffe4908d780", "0x7ffe4908d730", "0x7ffe4908d6b8", "0x7ffe4908d640", "0x7ffe4908d5f0", "0x7ffe4908d5a0", "0x7ffe4908d550", "0x7ffe4908d500", "0x7ffe4908d4b0", "0x7ffe4908d460", "0x7ffe4908d410", "0x7ffe4908d3c0", "0x7ffe4908d370", "0x7ffe4908d320", "0x7ffe4908d2d0", "0x7ffe4908d280", "0x7ffe4908d230", "0x7ffe4908d1b8", "0x7ffe4908d140", "0x7ffe4908d0f0", "0x7ffe4908cf88", "0x7ffe4908c9e8", "0x7ffe4908c998", "0x7ffe4908c948", "0x7ffe4908c920", "0x7ffe4908c8f8", "0x7ffe4908c7e0", "0x7ffe4908c6c8", "0x7ffe4908c600", "0x7ffe4908c5b0", "0x7ffe4908c538", "0x7ffe4908c470", "0x7ffe4908c420", "0x7ffe4908c380", "0x7ffe4908c268", "0x7ffe4908c1f0", "0x7ffe4908c1a0", "0x7ffe4908c060", "0x7ffe49087f60", "0x7ffe49087ee8", "0x7ffe49087ec0", "0x7ffe49087e98", "0x7ffe49087dd0", "0x7ffe49087d80", "0x7ffe49087d58", "0x7ffe49087c90", "0x7ffe49087c18", "0x7ffe49087ba0", "0x7ffe49087b50", "0x7ffe49087a38", "0x7ffe49087920", "0x7ffe490878a8", "0x7ffe49087790", "0x7ffe49087740", "0x7ffe490876f0", "0x7ffe49087600", "0x7ffe490875b0", "0x7ffe49087538", "0x7ffe490874c0", "0x7ffe49087470", "0x7ffe49087420", "0x7ffe490872b8", "0x7ffe49086f98", "0x7ffe49086f48", "0x7ffe49086ef8", "0x7ffe49086e58", "0x7ffe49086e08", "0x7ffe49086db8", "0x7ffe49086d68", "0x7ffe49086d18", "0x7ffe49086ae8", "0x7ffe49086a98", "0x7ffe490869d0", "0x7ffe49086980", "0x7ffe49086930", "0x7ffe490868e0", "0x7ffe49086868", "0x7ffe49086728", "0x7ffe490866d8", "0x7ffe49086688", "0x7ffe49086598", "0x7ffe49086548", "0x7ffe490864a8", "0x7ffe49086480", "0x7ffe490863e0", "0x7ffe49086368", "0x7ffe490862f0", "0x7ffe49086278", "0x7ffe49086200", "0x7ffe49086188", "0x7ffe49086110", "0x7ffe49086098", "0x7ffe49086020", "0x7ffe49085fa8", "0x7ffe49085f30", "0x7ffe49085eb8", "0x7ffe49085e40", "0x7ffe49085dc8", "0x7ffe49085d50", "0x7ffe49085cd8", "0x7ffe49085c10", "0x7ffe49085b98", "0x7ffe49085b20", "0x7ffe49085aa8", "0x7ffe49085a30", "0x7ffe490859b8", "0x7ffe49085940", "0x7ffe490858c8", "0x7ffe49085850", "0x7ffe490857d8", "0x7ffe490857b0", "0x7ffe49085788", "0x7ffe49085760", "0x7ffe49085738", "0x7ffe49085710", "0x7ffe490856e8", "0x7ffe490856c0", "0x7ffe490855f8", "0x7ffe490855a8", "0x7ffe49085558", "0x7ffe49085508", "0x7ffe49085468", "0x7ffe49085418", "0x7ffe490853c8", "0x7ffe49085378", "0x7ffe490852d8", "0x7ffe49085260", "0x7ffe490851e8", "0x7ffe49085120", "0x7ffe490850a8", "0x7ffe49085030", "0x7ffe49084d10", "0x7ffe49084cc0", "0x7ffe49084c48", "0x7ffe49084ba8", "0x7ffe49084b80", "0x7ffe49084b58", "0x7ffe49084b30", "0x7ffe49084b08", "0x7ffe49084ab8", "0x7ffe49084a68", "0x7ffe49084900", "0x7ffe490848b0", "0x7ffe49084860", "0x7ffe49084810", "0x7ffe49084798", "0x7ffe49084748", "0x7ffe49084658", "0x7ffe49084608", "0x7ffe49084568", "0x7ffe49084518", "0x7ffe490844a0", "0x7ffe49084428", "0x7ffe490843b0", "0x7ffe49084338", "0x7ffe490842c0", "0x7ffe49084248", "0x7ffe490841d0", "0x7ffe49084158", "0x7ffe490840e0", "0x7ffe49084068", "0x7ffe4907ffb8", "0x7ffe4907ff40", "0x7ffe4907fec8", "0x7ffe4907fe50", "0x7ffe4907fdd8", "0x7ffe4907fd60", "0x7ffe4907fce8", "0x7ffe4907fba8", "0x7ffe4907f720", "0x7ffe4907f680", "0x7ffe4907f540", "0x7ffe4907f400", "0x7ffe4907f338", "0x7ffe4907f2e8", "0x7ffe4907f158", "0x7ffe4907ee60", "0x7ffe4907ede8", "0x7ffe4907ed48", "0x7ffe4907eca8", "0x7ffe4907ec08", "0x7ffe4907eb68", "0x7ffe4907eac8", "0x7ffe4907ea28", "0x7ffe4907e820", "0x7ffe4907e550", "0x7ffe4907e500", "0x7ffe4907e4b0", "0x7ffe4907e460", "0x7ffe4907e370", "0x7ffe4907e320", "0x7ffe4907e2d0", "0x7ffe4907c318", "0x7ffe4907c2c8", "0x7ffe4907c2a0", "0x7ffe4907c278", "0x7ffe4907c250", "0x7ffe4907c228", "0x7ffe4907c188", "0x7ffe4907c048", "0x7ffe49077f70", "0x7ffe49077ea8", "0x7ffe49077db8", "0x7ffe49077d68", "0x7ffe49077c78", "0x7ffe49077c00", "0x7ffe49077b88", "0x7ffe49077ac0", "0x7ffe49077a70", "0x7ffe490779d0", "0x7ffe49077980", "0x7ffe49077930", "0x7ffe49077840", "0x7ffe490777f0", "0x7ffe49077728", "0x7ffe490776d8", "0x7ffe49077688", "0x7ffe490775e8", "0x7ffe49077570", "0x7ffe49077520", "0x7ffe490774f8", "0x7ffe490774d0", "0x7ffe49077480", "0x7ffe49077430", "0x7ffe490773e0", "0x7ffe49077390", "0x7ffe49077340", "0x7ffe490772f0", "0x7ffe490772a0", "0x7ffe49077250", "0x7ffe490771d8", "0x7ffe49077188", "0x7ffe49077138", "0x7ffe490770e8", "0x7ffe49077098", "0x7ffe49077048", "0x7ffe49076ff8", "0x7ffe49076fa8", "0x7ffe49076e68", "0x7ffe49076df0", "0x7ffe49076da0", "0x7ffe49076c88", "0x7ffe49076c38", "0x7ffe49076bc0", "0x7ffe49076b70", "0x7ffe49076b20", "0x7ffe49076ad0", "0x7ffe49076a80", "0x7ffe49076a30", "0x7ffe49076940", "0x7ffe49076878", "0x7ffe49076788", "0x7ffe490766e8", "0x7ffe49076698", "0x7ffe49076648", "0x7ffe490765d0", "0x7ffe490765a8", "0x7ffe49076580", "0x7ffe490764b8", "0x7ffe490763f0", "0x7ffe490763a0", "0x7ffe49076350", "0x7ffe49076300", "0x7ffe490762b0", "0x7ffe49076260", "0x7ffe490761e8", "0x7ffe49076148", "0x7ffe49075f40", "0x7ffe49075ef0"], "memsize":8232, "flags":{"wb_protected":true}}
{"address":"0x7ffe49097d98", "type":"STRING", "class":"0x7ffe490be858", "frozen":true, "embedded":true, "fstring":true, "bytesize":5, "value":"popen", "encoding":"US-ASCII", "memsize":40, "flags":{"wb_protected":true}}
{"address":"0x7ffe49097dc0", "type":"IMEMO", "class":"0x7ffe4909c438", "imemo_type":"ment", "memsize":48, "flags":{"wb_protected":true}}
{"address":"0x7ffe49097de8", "type":"STRING", "class":"0x7ffe490be858", "frozen":true, "embedded":true, "fstring":true, "bytesize":6, "value":"for_fd", "encoding":"US-ASCII", "memsize":40, "flags":{"wb_protected":true}}
{"address":"0x7ffe49097e10", "type":"IMEMO", "class":"0x7ffe4909c438", "imemo_type":"ment", "memsize":48, "flags":{"wb_protected":true}}
{"address":"0x7ffe49097e38", "type":"STRING", "class":"0x7ffe490be858", "frozen":true, "embedded":true, "fstring":true, "bytesize":7, "value":"sysopen", "encoding":"US-ASCII", "memsize":40, "flags":{"wb_protected":true}}
{"address":"0x7ffe49097e60", "type":"IMEMO", "class":"0x7ffe4909c438", "imemo_type":"ment", "memsize":48, "flags":{"wb_protected":true}}
{"address":"0x7ffe49097e88", "type":"IMEMO", "class":"0x7ffe4909c438", "imemo_type":"ment", "memsize":48, "flags":{"wb_protected":true}}
{"address":"0x7ffe49097eb0", "type":"ICLASS", "class":"0x7ffe4909c2a8", "references":["0x7ffe490adb70"], "memsize":40, "flags":{"wb_protected":true}}
{"address":"0x7ffe49097ed8", "type":"STRING", "class":"0x7ffe490be858", "frozen":true, "bytesize":27, "capacity":47, "value":"IO::EINPROGRESSWaitWritable", "encoding":"US-ASCII", "memsize":88, "flags":{"wb_protected":true}}
{"address":"0x7ffe49097f00", "type":"CLASS", "class":"0x7ffe490c5770", "references":["0x7ffe490adb48", "0x7ffe49097f28"], "memsize":472, "flags":{"wb_protected":true}}
{"address":"0x7ffe49097f28", "type":"CLASS", "class":"0x7ffe49097f00", "name":"IO::EINPROGRESSWaitWritable", "references":["0x7ffe49097eb0", "0x7ffe49097ed8"], "memsize":472, "flags":{"wb_protected":true}}
{"address":"0x7ffe49097f50", "type":"STRING", "class":"0x7ffe490be858", "frozen":true, "embedded":true, "fstring":true, "bytesize":23, "value":"EINPROGRESSWaitWritable", "encoding":"US-ASCII", "memsize":40, "flags":{"wb_protected":true}}
{"address":"0x7ffe49097f78", "type":"ICLASS", "class":"0x7ffe4909c348", "references":["0x7ffe490adb70"], "memsize":40, "flags":{"wb_protected":true}}
{"address":"0x7ffe49097fa0", "type":"STRING", "class":"0x7ffe490be858", "frozen":true, "bytesize":27, "capacity":47, "value":"IO::EINPROGRESSWaitReadable", "encoding":"US-ASCII", "memsize":88, "flags":{"wb_protected":true}}
{"address":"0x7ffe49097fc8", "type":"CLASS", "class":"0x7ffe490c5770", "references":["0x7ffe490adb48", "0x7ffe4909c028"], "memsize":472, "flags":{"wb_protected":true}}
{"address":"0x7ffe4909c028", "type":"CLASS", "class":"0x7ffe49097fc8", "name":"IO::EINPROGRESSWaitReadable", "references":["0x7ffe49097f78", "0x7ffe49097fa0"], "memsize":472, "flags":{"wb_protected":true}}
{"address":"0x7ffe4909c050", "type":"STRING", "class":"0x7ffe490be858", "frozen":true, "embedded":true, "fstring":true, "bytesize":23, "value":"EINPROGRESSWaitReadable", "encoding":"US-ASCII", "memsize":40, "flags":{"wb_protected":true}}
{"address":"0x7ffe4909c078", "type":"STRING", "class":"0x7ffe490be858", "frozen":true, "embedded":true, "fstring":true, "bytesize":23, "value":"EWOULDBLOCKWaitWritable", "encoding":"US-ASCII", "memsize":40, "flags":{"wb_protected":true}}
{"address":"0x7ffe4909c0a0", "type":"STRING", "class":"0x7ffe490be858", "frozen":true, "embedded":true, "fstring":true, "bytesize":23, "value":"EWOULDBLOCKWaitReadable", "encoding":"US-ASCII", "memsize":40, "flags":{"wb_protected":true}}
{"address":"0x7ffe4909c0c8", "type":"ICLASS", "class":"0x7ffe4909c2a8", "references":["0x7ffe490aeef8"], "memsize":40, "flags":{"wb_protected":true}}
{"address":"0x7ffe4909c0f0", "type":"STRING", "class":"0x7ffe490be858", "frozen":true, "embedded":true, "bytesize":22, "value":"IO::EAGAINWaitWritable", "encoding":"US-ASCII", "memsize":40, "flags":{"wb_protected":true}}
{"address":"0x7ffe4909c118", "type":"CLASS", "class":"0x7ffe490c5770", "references":["0x7ffe490aeed0", "0x7ffe4909c140"], "memsize":472, "flags":{"wb_protected":true}}
{"address":"0x7ffe4909c140", "type":"CLASS", "class":"0x7ffe4909c118", "name":"IO::EAGAINWaitWritable", "references":["0x7ffe4909c0c8", "0x7ffe4909c0f0"], "memsize":472, "flags":{"wb_protected":true}}
{"address":"0x7ffe4909c168", "type":"STRING", "class":"0x7ffe490be858", "frozen":true, "embedded":true, "fstring":true, "bytesize":18, "value":"EAGAINWaitWritable", "encoding":"US-ASCII", "memsize":40, "flags":{"wb_protected":true}}
{"address":"0x7ffe4909c190", "type":"ICLASS", "class":"0x7ffe4909c348", "references":["0x7ffe490aeef8"], "memsize":40, "flags":{"wb_protected":true}}
{"address":"0x7ffe4909c1b8", "type":"STRING", "class":"0x7ffe490be858", "frozen":true, "embedded":true, "bytesize":22, "value":"IO::EAGAINWaitReadable", "encoding":"US-ASCII", "memsize":40, "flags":{"wb_protected":true}}
{"address":"0x7ffe4909c1e0", "type":"CLASS", "class":"0x7ffe490c5770", "references":["0x7ffe490aeed0", "0x7ffe4909c208"], "memsize":472, "flags":{"wb_protected":true}}
{"address":"0x7ffe4909c208", "type":"CLASS", "class":"0x7ffe4909c1e0", "name":"IO::EAGAINWaitReadable", "references":["0x7ffe4909c190", "0x7ffe4909c1b8"], "memsize":472, "flags":{"wb_protected":true}}
{"address":"0x7ffe4909c230", "type":"STRING", "class":"0x7ffe490be858", "frozen":true, "embedded":true, "fstring":true, "bytesize":18, "value":"EAGAINWaitReadable", "encoding":"US-ASCII", "memsize":40, "flags":{"wb_protected":true}}
{"address":"0x7ffe4909c258", "type":"STRING", "class":"0x7ffe490be858", "frozen":true, "embedded":true, "bytesize":16, "value":"IO::WaitWritable", "encoding":"US-ASCII", "memsize":40, "flags":{"wb_protected":true}}
{"address":"0x7ffe4909c280", "type":"STRING", "class":"0x7ffe490be858", "frozen":true, "embedded":true, "bytesize":16, "value":"IO::WaitWritable", "encoding":"US-ASCII", "memsize":40, "flags":{"wb_protected":true}}
{"address":"0x7ffe4909c2a8", "type":"MODULE", "class":"0x7ffe490c6850", "name":"IO::WaitWritable", "references":["0x7ffe4909c258"], "memsize":496, "flags":{"wb_protected":true}}
{"address":"0x7ffe4909c2d0", "type":"STRING", "class":"0x7ffe490be858", "frozen":true, "embedded":true, "fstring":true, "bytesize":12, "value":"WaitWritable", "encoding":"US-ASCII", "memsize":40, "flags":{"wb_protected":true}}
{"address":"0x7ffe4909c2f8", "type":"STRING", "class":"0x7ffe490be858", "frozen":true, "embedded":true, "bytesize":16, "value":"IO::WaitReadable", "encoding":"US-ASCII", "memsize":40, "flags":{"wb_protected":true}}
{"address":"0x7ffe4909c320", "type":"STRING", "class":"0x7ffe490be858", "frozen":true, "embedded":true, "bytesize":16, "value":"IO::WaitReadable", "encoding":"US-ASCII", "memsize":40, "flags":{"wb_protected":true}}
{"address":"0x7ffe4909c348", "type":"MODULE", "class":"0x7ffe490c6850", "name":"IO::WaitReadable", "references":["0x7ffe4909c2f8"], "memsize":496, "flags":{"wb_protected":true}}
{"address":"0x7ffe4909c370", "type":"STRING", "class":"0x7ffe490be858", "frozen":true, "embedded":true, "fstring":true, "bytesize":12, "value":"WaitReadable", "encoding":"US-ASCII", "memsize":40, "flags":{"wb_protected":true}}
{"address":"0x7ffe4909c398", "type":"STRING", "class":"0x7ffe490be858", "frozen":true, "embedded":true, "fstring":true, "bytesize":8, "value":"PRIORITY", "encoding":"US-ASCII", "memsize":40, "flags":{"wb_protected":true}}
{"address":"0x7ffe4909c3c0", "type":"STRING", "class":"0x7ffe490be858", "frozen":true, "embedded":true, "fstring":true, "bytesize":8, "value":"WRITABLE", "encoding":"US-ASCII", "memsize":40, "flags":{"wb_protected":true}}
{"address":"0x7ffe4909c3e8", "type":"STRING", "class":"0x7ffe490be858", "frozen":true, "embedded":true, "fstring":true, "bytesize":8, "value":"READABLE", "encoding":"US-ASCII", "memsize":40, "flags":{"wb_protected":true}}
{"address":"0x7ffe4909c410", "type":"ICLASS", "class":"0x7ffe490bf988", "references":["0x7ffe490c68a0"], "memsize":40, "flags":{"wb_protected":true}}
{"address":"0x7ffe4909c438", "type":"CLASS", "class":"0x7ffe490c5770", "references":["0x7ffe490c5720", "0x7ffe49097d48", "0x7ffe49097cf8", "0x7ffe49097c58", "0x7ffe49097be0", "0x7ffe49097b68", "0x7ffe49097bb8", "0x7ffe49097b40", "0x7ffe49097af0", "0x7ffe49097e60", "0x7ffe49097cd0", "0x7ffe49097ca8", "0x7ffe49097e88", "0x7ffe49097c30", "0x7ffe49097e10", "0x7ffe49097dc0", "0x7ffe490c6580", "0x7ffe490c6468", "0x7ffe490c5450", "0x7ffe4909c460"], "memsize":1144, "flags":{"wb_protected":true}}
{"address":"0x7ffe4909c460", "type":"CLASS", "class":"0x7ffe4909c438", "name":"IO", "references":["0x7ffe4908fc88", "0x7ffe49097190", "0x7ffe49097988", "0x7ffe490977d0", "0x7ffe49097780", "0x7ffe49097730", "0x7ffe490976e0", "0x7ffe49097690", "0x7ffe490975f0", "0x7ffe490975a0", "0x7ffe49097550", "0x7ffe49097500", "0x7ffe490974b0", "0x7ffe49097460", "0x7ffe490972f8", "0x7ffe49097320", "0x7ffe49097258", "0x7ffe49097208", "0x7ffe490972a8", "0x7ffe490971b8", "0x7ffe490973c0", "0x7ffe490970c8", "0x7ffe49097118", "0x7ffe49096fb0", "0x7ffe49096f60", "0x7ffe49096f10", "0x7ffe49096ec0", "0x7ffe49096e70", "0x7ffe49096e20", "0x7ffe49096dd0", "0x7ffe49096d80", "0x7ffe49096d30", "0x7ffe49096ce0", "0x7ffe49096c90", "0x7ffe49096c40", "0x7ffe49096bf0", "0x7ffe49096b78", "0x7ffe49096b28", "0x7ffe49096ad8", "0x7ffe49096a88", "0x7ffe49096a38", "0x7ffe490969e8", "0x7ffe49096970", "0x7ffe490969c0", "0x7ffe49096920", "0x7ffe490968a8", "0x7ffe49097398", "0x7ffe49096808", "0x7ffe490978c0", "0x7ffe49096858", "0x7ffe49097ac8", "0x7ffe490979d8", "0x7ffe49057018", "0x7ffe49056ff0", "0x7ffe49097640", "0x7ffe49097668", "0x7ffe49097898", "0x7ffe49097870", "0x7ffe49097848", "0x7ffe49097820", "0x7ffe490973e8", "0x7ffe49096bc8", "0x7ffe49097168", "0x7ffe49097410", "0x7ffe490968f8", "0x7ffe4908ff08", "0x7ffe490978e8", "0x7ffe49097960", "0x7ffe49097938", "0x7ffe49097910", "0x7ffe49097370", "0x7ffe49097438", "0x7ffe490973c0", "0x7ffe49097910", "0x7ffe4909c488", "0x7ffe4909c348", "0x7ffe4909c2a8", "0x7ffe4909c208", "0x7ffe4909c140", "0x7ffe4909c208", "0x7ffe4909c140", "0x7ffe4909c028", "0x7ffe49097f28"], "memsize":3192, "flags":{"wb_protected":true}}
{"address":"0x7ffe4909c488", "type":"STRING", "class":"0x7ffe490be858", "frozen":true, "embedded":true, "fstring":true, "bytesize":2, "value":"IO", "encoding":"US-ASCII", "memsize":40, "flags":{"wb_protected":true}}
{"address":"0x7ffe4909c4b0", "type":"IMEMO", "imemo_type":"ment", "references":["0x7ffe490c6620"], "memsize":48, "flags":{"wb_protected":true}}
{"address":"0x7ffe4909c4d8", "type":"STRING", "class":"0x7ffe490be858", "frozen":true, "embedded":true, "fstring":true, "bytesize":7, "value":"display", "encoding":"US-ASCII", "memsize":40, "flags":{"wb_protected":true}}
{"address":"0x7ffe4909c500", "type":"IMEMO", "class":"0x7ffe490c5a90", "imemo_type":"ment", "memsize":48, "flags":{"wb_protected":true}}
{"address":"0x7ffe4909c528", "type":"IMEMO", "imemo_type":"ment", "references":["0x7ffe490c6620"], "memsize":48, "flags":{"wb_protected":true}}
{"address":"0x7ffe4909c550", "type":"STRING", "class":"0x7ffe490be858", "frozen":true, "embedded":true, "fstring":true, "bytesize":1, "value":"p", "encoding":"US-ASCII", "memsize":40, "flags":{"wb_protected":true}}
{"address":"0x7ffe4909c578", "type":"IMEMO", "class":"0x7ffe490c5a90", "imemo_type":"ment", "memsize":48, "flags":{"wb_protected":true}}
{"address":"0x7ffe4909c5a0", "type":"IMEMO", "imemo_type":"ment", "references":["0x7ffe490c6620"], "memsize":48, "flags":{"wb_protected":true}}
{"address":"0x7ffe4909c5c8", "type":"IMEMO", "class":"0x7ffe490c5a90", "imemo_type":"ment", "memsize":48, "flags":{"wb_protected":true}}
{"address":"0x7ffe4909c5f0", "type":"IMEMO", "imemo_type":"ment", "references":["0x7ffe490c6620"], "memsize":48, "flags":{"wb_protected":true}}
{"address":"0x7ffe4909c618", "type":"STRING", "class":"0x7ffe490be858", "frozen":true, "embedded":true, "fstring":true, "bytesize":9, "value":"readlines", "encoding":"US-ASCII", "memsize":40, "flags":{"wb_protected":true}}
{"address":"0x7ffe4909c640", "type":"IMEMO", "class":"0x7ffe490c5a90", "imemo_type":"ment", "memsize":48, "flags":{"wb_protected":true}}
{"address":"0x7ffe4909c668", "type":"IMEMO", "imemo_type":"ment", "references":["0x7ffe490c6620"], "memsize":48, "flags":{"wb_protected":true}}
{"address":"0x7ffe4909c690", "type":"IMEMO", "class":"0x7ffe490c5a90", "imemo_type":"ment", "memsize":48, "flags":{"wb_protected":true}}
{"address":"0x7ffe4909c6b8", "type":"IMEMO", "imemo_type":"ment", "references":["0x7ffe490c6620"], "memsize":48, "flags":{"wb_protected":true}}
{"address":"0x7ffe4909c6e0", "type":"STRING", "class":"0x7ffe490be858", "frozen":true, "embedded":true, "fstring":true, "bytesize":8, "value":"readline", "encoding":"US-ASCII", "memsize":40, "flags":{"wb_protected":true}}
{"address":"0x7ffe4909c708", "type":"IMEMO", "class":"0x7ffe490c5a90", "imemo_type":"ment", "memsize":48, "flags":{"wb_protected":true}}
{"address":"0x7ffe4909c730", "type":"IMEMO", "imemo_type":"ment", "references":["0x7ffe490c6620"], "memsize":48, "flags":{"wb_protected":true}}
{"address":"0x7ffe4909c758", "type":"IMEMO", "class":"0x7ffe490c5a90", "imemo_type":"ment", "memsize":48, "flags":{"wb_protected":true}}
{"address":"0x7ffe4909c780", "type":"IMEMO", "imemo_type":"ment", "references":["0x7ffe490c6620"], "memsize":48, "flags":{"wb_protected":true}}
{"address":"0x7ffe4909c7a8", "type":"STRING", "class":"0x7ffe490be858", "frozen":true, "embedded":true, "fstring":true, "bytesize":4, "value":"puts", "encoding":"US-ASCII", "memsize":40, "flags":{"wb_protected":true}}
{"address":"0x7ffe4909c7d0", "type":"IMEMO", "class":"0x7ffe490c5a90", "imemo_type":"ment", "memsize":48, "flags":{"wb_protected":true}}
{"address":"0x7ffe4909c7f8", "type":"IMEMO", "imemo_type":"ment", "references":["0x7ffe490c6620"], "memsize":48, "flags":{"wb_protected":true}}
{"address":"0x7ffe4909c820", "type":"STRING", "class":"0x7ffe490be858", "frozen":true, "embedded":true, "fstring":true, "bytesize":4, "value":"putc", "encoding":"US-ASCII", "memsize":40, "flags":{"wb_protected":true}}
{"address":"0x7ffe4909c848", "type":"IMEMO", "class":"0x7ffe490c5a90", "imemo_type":"ment", "memsize":48, "flags":{"wb_protected":true}}
{"address":"0x7ffe4909c870", "type":"IMEMO", "imemo_type":"ment", "references":["0x7ffe490c6620"], "memsize":48, "flags":{"wb_protected":true}}
{"address":"0x7ffe4909c898", "type":"STRING", "class":"0x7ffe490be858", "frozen":true, "embedded":true, "fstring":true, "bytesize":5, "value":"print", "encoding":"US-ASCII", "memsize":40, "flags":{"wb_protected":true}}
{"address":"0x7ffe4909c8c0", "type":"IMEMO", "class":"0x7ffe490c5a90", "imemo_type":"ment", "memsize":48, "flags":{"wb_protected":true}}
{"address":"0x7ffe4909c8e8", "type":"IMEMO", "imemo_type":"ment", "references":["0x7ffe490c6620"], "memsize":48, "flags":{"wb_protected":true}}
{"address":"0x7ffe4909c910", "type":"STRING", "class":"0x7ffe490be858", "frozen":true, "embedded":true, "fstring":true, "bytesize":6, "value":"printf", "encoding":"US-ASCII", "memsize":40, "flags":{"wb_protected":true}}
{"address":"0x7ffe4909c938", "type":"IMEMO", "class":"0x7ffe490c5a90", "imemo_type":"ment", "memsize":48, "flags":{"wb_protected":true}}
{"address":"0x7ffe4909c960", "type":"IMEMO", "imemo_type":"ment", "references":["0x7ffe490c6620"], "memsize":48, "flags":{"wb_protected":true}}
{"address":"0x7ffe4909c988", "type":"STRING", "class":"0x7ffe490be858", "frozen":true, "embedded":true, "fstring":true, "bytesize":4, "value":"open", "encoding":"US-ASCII", "memsize":40, "flags":{"wb_protected":true}}
{"address":"0x7ffe4909c9b0", "type":"IMEMO", "class":"0x7ffe490c5a90", "imemo_type":"ment", "memsize":48, "flags":{"wb_protected":true}}
{"address":"0x7ffe4909c9d8", "type":"IMEMO", "imemo_type":"ment", "references":["0x7ffe490c6620"], "memsize":48, "flags":{"wb_protected":true}}
{"address":"0x7ffe4909ca00", "type":"STRING", "class":"0x7ffe490be858", "frozen":true, "embedded":true, "fstring":true, "bytesize":7, "value":"syscall", "encoding":"US-ASCII", "memsize":40, "flags":{"wb_protected":true}}
{"address":"0x7ffe4909ca28", "type":"STRING", "class":"0x7ffe490be858", "frozen":true, "embedded":true, "fstring":true, "bytesize":12, "value":"set_encoding", "encoding":"US-ASCII", "memsize":40, "flags":{"wb_protected":true}}
{"address":"0x7ffe4909ca50", "type":"STRING", "class":"0x7ffe490be858", "frozen":true, "embedded":true, "fstring":true, "bytesize":11, "value":"readpartial", "encoding":"US-ASCII", "memsize":40, "flags":{"wb_protected":true}}
{"address":"0x7ffe4909ca78", "type":"STRING", "class":"0x7ffe490be858", "frozen":true, "embedded":true, "fstring":true, "bytesize":5, "value":"flush", "encoding":"US-ASCII", "memsize":40, "flags":{"wb_protected":true}}
{"address":"0x7ffe4909caa0", "type":"CLASS", "class":"0x7ffe490c5770", "references":["0x7ffe4909cb18", "0x7ffe4909cac8"], "memsize":472, "flags":{"wb_protected":true}}
{"address":"0x7ffe4909cac8", "type":"CLASS", "class":"0x7ffe4909caa0", "name":"EOFError", "references":["0x7ffe4909cb40", "0x7ffe4909caf0"], "memsize":472, "flags":{"wb_protected":true}}
{"address":"0x7ffe4909caf0", "type":"STRING", "class":"0x7ffe490be858", "frozen":true, "embedded":true, "fstring":true, "bytesize":8, "value":"EOFError", "encoding":"US-ASCII", "memsize":40, "flags":{"wb_protected":true}}
{"address":"0x7ffe4909cb18", "type":"CLASS", "class":"0x7ffe490c5770", "references":["0x7ffe490b7800", "0x7ffe490c6580", "0x7ffe4909cb40"], "memsize":584, "flags":{"wb_protected":true}}
{"address":"0x7ffe4909cb40", "type":"CLASS", "class":"0x7ffe4909cb18", "name":"IOError", "references":["0x7ffe490b7828", "0x7ffe49087fb0", "0x7ffe4909cb68"], "memsize":736, "flags":{"wb_protected":true}}
{"address":"0x7ffe4909cb68", "type":"STRING", "class":"0x7ffe490be858", "frozen":true, "embedded":true, "fstring":true, "bytesize":7, "value":"IOError", "encoding":"US-ASCII", "memsize":40, "flags":{"wb_protected":true}}
{"address":"0x7ffe4909cb90", "type":"IMEMO", "class":"0x7ffe4909d068", "imemo_type":"ment", "memsize":48, "flags":{"wb_protected":true}}
{"address":"0x7ffe4909cbb8", "type":"IMEMO", "class":"0x7ffe4909d068", "imemo_type":"ment", "memsize":48, "flags":{"wb_protected":true}}
{"address":"0x7ffe4909cbe0", "type":"STRING", "class":"0x7ffe490be858", "frozen":true, "embedded":true, "fstring":true, "bytesize":6, "value":"cover?", "encoding":"US-ASCII", "memsize":40, "flags":{"wb_protected":true}}
{"address":"0x7ffe4909cc08", "type":"IMEMO", "class":"0x7ffe4909d068", "imemo_type":"ment", "memsize":48, "flags":{"wb_protected":true}}
{"address":"0x7ffe4909cc30", "type":"IMEMO", "class":"0x7ffe4909d068", "imemo_type":"ment", "memsize":48, "flags":{"wb_protected":true}}
{"address":"0x7ffe4909cc58", "type":"IMEMO", "class":"0x7ffe4909d068", "imemo_type":"ment", "memsize":48, "flags":{"wb_protected":true}}
{"address":"0x7ffe4909cc80", "type":"STRING", "class":"0x7ffe490be858", "frozen":true, "embedded":true, "fstring":true, "bytesize":12, "value":"exclude_end?", "encoding":"US-ASCII", "memsize":40, "flags":{"wb_protected":true}}
{"address":"0x7ffe4909cca8", "type":"IMEMO", "class":"0x7ffe4909d068", "imemo_type":"ment", "memsize":48, "flags":{"wb_protected":true}}
{"address":"0x7ffe4909ccd0", "type":"IMEMO", "class":"0x7ffe4909d068", "imemo_type":"ment", "memsize":48, "flags":{"wb_protected":true}}
{"address":"0x7ffe4909ccf8", "type":"IMEMO", "class":"0x7ffe4909d068", "imemo_type":"ment", "memsize":48, "flags":{"wb_protected":true}}
{"address":"0x7ffe4909cd20", "type":"IMEMO", "class":"0x7ffe4909d068", "imemo_type":"ment", "memsize":48, "flags":{"wb_protected":true}}
{"address":"0x7ffe4909cd48", "type":"IMEMO", "class":"0x7ffe4909d068", "imemo_type":"ment", "memsize":48, "flags":{"wb_protected":true}}
{"address":"0x7ffe4909cd70", "type":"IMEMO", "class":"0x7ffe4909d068", "imemo_type":"ment", "memsize":48, "flags":{"wb_protected":true}}
{"address":"0x7ffe4909cd98", "type":"IMEMO", "class":"0x7ffe4909d068", "imemo_type":"ment", "memsize":48, "flags":{"wb_protected":true}}
{"address":"0x7ffe4909cdc0", "type":"IMEMO", "class":"0x7ffe4909d068", "imemo_type":"ment", "memsize":48, "flags":{"wb_protected":true}}
{"address":"0x7ffe4909cde8", "type":"IMEMO", "class":"0x7ffe4909d068", "imemo_type":"ment", "memsize":48, "flags":{"wb_protected":true}}
{"address":"0x7ffe4909ce10", "type":"IMEMO", "class":"0x7ffe4909d068", "imemo_type":"ment", "memsize":48, "flags":{"wb_protected":true}}
{"address":"0x7ffe4909ce38", "type":"IMEMO", "class":"0x7ffe4909d068", "imemo_type":"ment", "memsize":48, "flags":{"wb_protected":true}}
{"address":"0x7ffe4909ce60", "type":"IMEMO", "class":"0x7ffe4909d068", "imemo_type":"ment", "memsize":48, "flags":{"wb_protected":true}}
{"address":"0x7ffe4909ce88", "type":"IMEMO", "class":"0x7ffe4909d068", "imemo_type":"ment", "memsize":48, "flags":{"wb_protected":true}}
{"address":"0x7ffe4909ceb0", "type":"IMEMO", "class":"0x7ffe4909d068", "imemo_type":"ment", "memsize":48, "flags":{"wb_protected":true}}
{"address":"0x7ffe4909ced8", "type":"IMEMO", "class":"0x7ffe4909d068", "imemo_type":"ment", "memsize":48, "flags":{"wb_protected":true}}
{"address":"0x7ffe4909cf00", "type":"IMEMO", "class":"0x7ffe4909d068", "imemo_type":"ment", "memsize":48, "flags":{"wb_protected":true}}
{"address":"0x7ffe4909cf28", "type":"IMEMO", "class":"0x7ffe4909d068", "imemo_type":"ment", "memsize":48, "flags":{"wb_protected":true}}
{"address":"0x7ffe4909cf50", "type":"IMEMO", "class":"0x7ffe4909d068", "imemo_type":"ment", "memsize":48, "flags":{"wb_protected":true}}
{"address":"0x7ffe4909cf78", "type":"IMEMO", "class":"0x7ffe4909d068", "imemo_type":"ment", "memsize":48, "flags":{"wb_protected":true}}
{"address":"0x7ffe4909cfa0", "type":"IMEMO", "class":"0x7ffe4909d068", "imemo_type":"ment", "memsize":48, "flags":{"wb_protected":true}}
{"address":"0x7ffe4909cfc8", "type":"IMEMO", "class":"0x7ffe4909d068", "imemo_type":"ment", "memsize":48, "flags":{"wb_protected":true}}
{"address":"0x7ffe4909cff0", "type":"IMEMO", "class":"0x7ffe4909d068", "imemo_type":"ment", "memsize":48, "flags":{"wb_protected":true}}
{"address":"0x7ffe4909d018", "type":"ICLASS", "class":"0x7ffe490bf988", "references":["0x7ffe490c68a0"], "memsize":40, "flags":{"wb_protected":true}}
{"address":"0x7ffe4909d040", "type":"CLASS", "class":"0x7ffe490c5770", "references":["0x7ffe490c5720", "0x7ffe4909d068"], "memsize":472, "flags":{"wb_protected":true}}
{"address":"0x7ffe4909d068", "type":"CLASS", "class":"0x7ffe4909d040", "name":"Range", "references":["0x7ffe4909d018", "0x7ffe4909cff0", "0x7ffe4909cfc8", "0x7ffe4909cfa0", "0x7ffe4909cf78", "0x7ffe4909ccd0", "0x7ffe4909ce88", "0x7ffe4909ce60", "0x7ffe4909ce38", "0x7ffe4909cd20", "0x7ffe4909ccf8", "0x7ffe4909cb90", "0x7ffe4909cf50", "0x7ffe4909cc08", "0x7ffe4909cc58", "0x7ffe4909cbb8", "0x7ffe4909ceb0", "0x7ffe4909ce10", "0x7ffe4909cde8", "0x7ffe4909ced8", "0x7ffe4909cdc0", "0x7ffe4909cd98", "0x7ffe4909cd70", "0x7ffe4909cca8", "0x7ffe4909cc30", "0x7ffe4909cd48", "0x7ffe4909cf00", "0x7ffe4909cf28", "0x7ffe4909d090", "0x7ffe4909d0b8", "0x7ffe4909d0b8"], "memsize":1496, "flags":{"wb_protected":true}}
{"address":"0x7ffe4909d090", "type":"STRING", "class":"0x7ffe490be858", "frozen":true, "embedded":true, "fstring":true, "bytesize":5, "value":"Range", "encoding":"US-ASCII", "memsize":40, "flags":{"wb_protected":true}}
{"address":"0x7ffe4909d0b8", "type":"ARRAY", "frozen":true, "length":3, "embedded":true, "memsize":40, "flags":{"wb_protected":true}}
{"address":"0x7ffe4909d0e0", "type":"HASH", "size":0, "memsize":192}
{"address":"0x7ffe4909d108", "type":"STRING", "class":"0x7ffe490be858", "frozen":true, "embedded":true, "fstring":true, "bytesize":4, "value":"excl", "encoding":"US-ASCII", "memsize":40, "flags":{"wb_protected":true}}
{"address":"0x7ffe4909d130", "type":"STRING", "class":"0x7ffe490be858", "frozen":true, "embedded":true, "fstring":true, "bytesize":13, "value":"MINOR_VERSION", "encoding":"US-ASCII", "memsize":40, "flags":{"wb_protected":true}}
{"address":"0x7ffe4909d158", "type":"STRING", "class":"0x7ffe490be858", "frozen":true, "embedded":true, "fstring":true, "bytesize":13, "value":"MAJOR_VERSION", "encoding":"US-ASCII", "memsize":40, "flags":{"wb_protected":true}}
{"address":"0x7ffe4909d180", "type":"IMEMO", "class":"0x7ffe4909d298", "imemo_type":"ment", "memsize":48, "flags":{"wb_protected":true}}
{"address":"0x7ffe4909d1a8", "type":"IMEMO", "imemo_type":"ment", "references":["0x7ffe4909d428"], "memsize":48, "flags":{"wb_protected":true}}
{"address":"0x7ffe4909d1d0", "type":"STRING", "class":"0x7ffe490be858", "frozen":true, "embedded":true, "fstring":true, "bytesize":7, "value":"restore", "encoding":"US-ASCII", "memsize":40, "flags":{"wb_protected":true}}
{"address":"0x7ffe4909d1f8", "type":"IMEMO", "class":"0x7ffe4909d298", "imemo_type":"ment", "memsize":48, "flags":{"wb_protected":true}}
{"address":"0x7ffe4909d220", "type":"IMEMO", "imemo_type":"ment", "references":["0x7ffe4909d428"], "memsize":48, "flags":{"wb_protected":true}}
{"address":"0x7ffe4909d248", "type":"STRING", "class":"0x7ffe490be858", "frozen":true, "embedded":true, "fstring":true, "bytesize":4, "value":"load", "encoding":"US-ASCII", "memsize":40, "flags":{"wb_protected":true}}
{"address":"0x7ffe4909d270", "type":"IMEMO", "class":"0x7ffe4909d298", "imemo_type":"ment", "memsize":48, "flags":{"wb_protected":true}}
{"address":"0x7ffe4909d298", "type":"CLASS", "class":"0x7ffe490c5748", "references":["0x7ffe490c6850", "0x7ffe4909d180", "0x7ffe4909d270", "0x7ffe4909d1f8", "0x7ffe4909d428"], "memsize":536, "flags":{"wb_protected":true}}
{"address":"0x7ffe4909d2c0", "type":"IMEMO", "imemo_type":"ment", "references":["0x7ffe4909d428"], "memsize":48, "flags":{"wb_protected":true}}
{"address":"0x7ffe4909d2e8", "type":"STRING", "class":"0x7ffe490be858", "frozen":true, "embedded":true, "fstring":true, "bytesize":1, "value":"K", "encoding":"US-ASCII", "memsize":40, "flags":{"wb_protected":true}}
{"address":"0x7ffe4909d310", "type":"STRING", "class":"0x7ffe490be858", "frozen":true, "embedded":true, "fstring":true, "bytesize":1, "value":"E", "encoding":"US-ASCII", "memsize":40, "flags":{"wb_protected":true}}
{"address":"0x7ffe4909d338", "type":"STRING", "class":"0x7ffe490be858", "frozen":true, "embedded":true, "fstring":true, "bytesize":7, "value":"binmode", "encoding":"US-ASCII", "memsize":40, "flags":{"wb_protected":true}}
{"address":"0x7ffe4909d360", "type":"STRING", "class":"0x7ffe490be858", "frozen":true, "embedded":true, "fstring":true, "bytesize":4, "value":"read", "encoding":"US-ASCII", "memsize":40, "flags":{"wb_protected":true}}
{"address":"0x7ffe4909d388", "type":"STRING", "class":"0x7ffe490be858", "frozen":true, "embedded":true, "fstring":true, "bytesize":10, "value":"_load_data", "encoding":"US-ASCII", "memsize":40, "flags":{"wb_protected":true}}
{"address":"0x7ffe4909d3b0", "type":"STRING", "class":"0x7ffe490be858", "frozen":true, "embedded":true, "fstring":true, "bytesize":10, "value":"_dump_data", "encoding":"US-ASCII", "memsize":40, "flags":{"wb_protected":true}}
{"address":"0x7ffe4909d3d8", "type":"STRING", "class":"0x7ffe490be858", "frozen":true, "embedded":true, "fstring":true, "bytesize":12, "value":"marshal_load", "encoding":"US-ASCII", "memsize":40, "flags":{"wb_protected":true}}
{"address":"0x7ffe4909d400", "type":"STRING", "class":"0x7ffe490be858", "frozen":true, "embedded":true, "fstring":true, "bytesize":12, "value":"marshal_dump", "encoding":"US-ASCII", "memsize":40, "flags":{"wb_protected":true}}
{"address":"0x7ffe4909d428", "type":"MODULE", "class":"0x7ffe4909d298", "name":"Marshal", "references":["0x7ffe4909d1a8", "0x7ffe4909d2c0", "0x7ffe4909d220", "0x7ffe4909d450"], "memsize":624, "flags":{"wb_protected":true}}
{"address":"0x7ffe4909d450", "type":"STRING", "class":"0x7ffe490be858", "frozen":true, "embedded":true, "fstring":true, "bytesize":7, "value":"Marshal", "encoding":"US-ASCII", "memsize":40, "flags":{"wb_protected":true}}
{"address":"0x7ffe4909d478", "type":"IMEMO", "class":"0x7ffe4909e058", "imemo_type":"ment", "memsize":48, "flags":{"wb_protected":true}}
{"address":"0x7ffe4909d4a0", "type":"STRING", "class":"0x7ffe490be858", "frozen":true, "embedded":true, "fstring":true, "bytesize":17, "value":"incomplete_input?", "encoding":"US-ASCII", "memsize":40, "flags":{"wb_protected":true}}
{"address":"0x7ffe4909d4c8", "type":"IMEMO", "class":"0x7ffe4909e058", "imemo_type":"ment", "memsize":48, "flags":{"wb_protected":true}}
{"address":"0x7ffe4909d4f0", "type":"STRING", "class":"0x7ffe490be858", "frozen":true, "embedded":true, "fstring":true, "bytesize":15, "value":"readagain_bytes", "encoding":"US-ASCII", "memsize":40, "flags":{"wb_protected":true}}
{"address":"0x7ffe4909d518", "type":"IMEMO", "class":"0x7ffe4909e058", "imemo_type":"ment", "memsize":48, "flags":{"wb_protected":true}}
{"address":"0x7ffe4909d540", "type":"STRING", "class":"0x7ffe490be858", "frozen":true, "embedded":true, "fstring":true, "bytesize":11, "value":"error_bytes", "encoding":"US-ASCII", "memsize":40, "flags":{"wb_protected":true}}
{"address":"0x7ffe4909d568", "type":"IMEMO", "class":"0x7ffe4909e058", "imemo_type":"ment", "memsize":48, "flags":{"wb_protected":true}}
{"address":"0x7ffe4909d590", "type":"IMEMO", "class":"0x7ffe4909e058", "imemo_type":"ment", "memsize":48, "flags":{"wb_protected":true}}
{"address":"0x7ffe4909d5b8", "type":"IMEMO", "class":"0x7ffe4909e058", "imemo_type":"ment", "memsize":48, "flags":{"wb_protected":true}}
{"address":"0x7ffe4909d5e0", "type":"IMEMO", "class":"0x7ffe4909e058", "imemo_type":"ment", "memsize":48, "flags":{"wb_protected":true}}
{"address":"0x7ffe4909d608", "type":"IMEMO", "class":"0x7ffe4909e0f8", "imemo_type":"ment", "memsize":48, "flags":{"wb_protected":true}}
{"address":"0x7ffe4909d630", "type":"STRING", "class":"0x7ffe490be858", "frozen":true, "embedded":true, "fstring":true, "bytesize":10, "value":"error_char", "encoding":"US-ASCII", "memsize":40, "flags":{"wb_protected":true}}
{"address":"0x7ffe4909d658", "type":"IMEMO", "class":"0x7ffe4909e0f8", "imemo_type":"ment", "memsize":48, "flags":{"wb_protected":true}}
{"address":"0x7ffe4909d680", "type":"IMEMO", "class":"0x7ffe4909e0f8", "imemo_type":"ment", "memsize":48, "flags":{"wb_protected":true}}
{"address":"0x7ffe4909d6a8", "type":"IMEMO", "class":"0x7ffe4909e0f8", "imemo_type":"ment", "memsize":48, "flags":{"wb_protected":true}}
{"address":"0x7ffe4909d6d0", "type":"STRING", "class":"0x7ffe490be858", "frozen":true, "fstring":true, "bytesize":25, "value":"destination_encoding_name", "encoding":"US-ASCII", "memsize":66, "flags":{"wb_protected":true}}
{"address":"0x7ffe4909d6f8", "type":"IMEMO", "class":"0x7ffe4909e0f8", "imemo_type":"ment", "memsize":48, "flags":{"wb_protected":true}}
{"address":"0x7ffe4909d720", "type":"STRING", "class":"0x7ffe490be858", "frozen":true, "embedded":true, "fstring":true, "bytesize":20, "value":"source_encoding_name", "encoding":"US-ASCII", "memsize":40, "flags":{"wb_protected":true}}
{"address":"0x7ffe4909d748", "type":"STRING", "class":"0x7ffe490be858", "frozen":true, "fstring":true, "bytesize":24, "value":"XML_ATTR_QUOTE_DECORATOR", "encoding":"US-ASCII", "memsize":65, "flags":{"wb_protected":true}}
{"address":"0x7ffe4909d770", "type":"STRING", "class":"0x7ffe490be858", "frozen":true, "fstring":true, "bytesize":26, "value":"XML_ATTR_CONTENT_DECORATOR", "encoding":"US-ASCII", "memsize":67, "flags":{"wb_protected":true}}
{"address":"0x7ffe4909d798", "type":"STRING", "class":"0x7ffe490be858", "frozen":true, "embedded":true, "fstring":true, "bytesize":18, "value":"XML_TEXT_DECORATOR", "encoding":"US-ASCII", "memsize":40, "flags":{"wb_protected":true}}
{"address":"0x7ffe4909d7c0", "type":"STRING", "class":"0x7ffe490be858", "frozen":true, "embedded":true, "fstring":true, "bytesize":20, "value":"CR_NEWLINE_DECORATOR", "encoding":"US-ASCII", "memsize":40, "flags":{"wb_protected":true}}
{"address":"0x7ffe4909d7e8", "type":"STRING", "class":"0x7ffe490be858", "frozen":true, "embedded":true, "fstring":true, "bytesize":22, "value":"CRLF_NEWLINE_DECORATOR", "encoding":"US-ASCII", "memsize":40, "flags":{"wb_protected":true}}
{"address":"0x7ffe4909d810", "type":"STRING", "class":"0x7ffe490be858", "frozen":true, "fstring":true, "bytesize":27, "value":"UNIVERSAL_NEWLINE_DECORATOR", "encoding":"US-ASCII", "memsize":68, "flags":{"wb_protected":true}}
{"address":"0x7ffe4909d838", "type":"STRING", "class":"0x7ffe490be858", "frozen":true, "embedded":true, "fstring":true, "bytesize":12, "value":"AFTER_OUTPUT", "encoding":"US-ASCII", "memsize":40, "flags":{"wb_protected":true}}
{"address":"0x7ffe4909d860", "type":"STRING", "class":"0x7ffe490be858", "frozen":true, "embedded":true, "fstring":true, "bytesize":13, "value":"PARTIAL_INPUT", "encoding":"US-ASCII", "memsize":40, "flags":{"wb_protected":true}}
{"address":"0x7ffe4909d888", "type":"STRING", "class":"0x7ffe490be858", "frozen":true, "embedded":true, "fstring":true, "bytesize":17, "value":"UNDEF_HEX_CHARREF", "encoding":"US-ASCII", "memsize":40, "flags":{"wb_protected":true}}
{"address":"0x7ffe4909d8b0", "type":"STRING", "class":"0x7ffe490be858", "frozen":true, "embedded":true, "fstring":true, "bytesize":13, "value":"UNDEF_REPLACE", "encoding":"US-ASCII", "memsize":40, "flags":{"wb_protected":true}}
{"address":"0x7ffe4909d8d8", "type":"STRING", "class":"0x7ffe490be858", "frozen":true, "embedded":true, "fstring":true, "bytesize":10, "value":"UNDEF_MASK", "encoding":"US-ASCII", "memsize":40, "flags":{"wb_protected":true}}
{"address":"0x7ffe4909d900", "type":"STRING", "class":"0x7ffe490be858", "frozen":true, "embedded":true, "fstring":true, "bytesize":15, "value":"INVALID_REPLACE", "encoding":"US-ASCII", "memsize":40, "flags":{"wb_protected":true}}
{"address":"0x7ffe4909d928", "type":"STRING", "class":"0x7ffe490be858", "frozen":true, "embedded":true, "fstring":true, "bytesize":12, "value":"INVALID_MASK", "encoding":"US-ASCII", "memsize":40, "flags":{"wb_protected":true}}
{"address":"0x7ffe4909d950", "type":"IMEMO", "class":"0x7ffe4909de78", "imemo_type":"ment", "memsize":48, "flags":{"wb_protected":true}}
{"address":"0x7ffe4909d978", "type":"IMEMO", "class":"0x7ffe4909de78", "imemo_type":"ment", "memsize":48, "flags":{"wb_protected":true}}
{"address":"0x7ffe4909d9a0", "type":"STRING", "class":"0x7ffe490be858", "frozen":true, "embedded":true, "fstring":true, "bytesize":12, "value":"replacement=", "encoding":"US-ASCII", "memsize":40, "flags":{"wb_protected":true}}
{"address":"0x7ffe4909d9c8", "type":"IMEMO", "class":"0x7ffe4909de78", "imemo_type":"ment", "memsize":48, "flags":{"wb_protected":true}}
{"address":"0x7ffe4909d9f0", "type":"STRING", "class":"0x7ffe490be858", "frozen":true, "embedded":true, "fstring":true, "bytesize":11, "value":"replacement", "encoding":"US-ASCII", "memsize":40, "flags":{"wb_protected":true}}
{"address":"0x7ffe4909da18", "type":"IMEMO", "class":"0x7ffe4909de78", "imemo_type":"ment", "memsize":48, "flags":{"wb_protected":true}}
{"address":"0x7ffe4909da40", "type":"STRING", "class":"0x7ffe490be858", "frozen":true, "embedded":true, "fstring":true, "bytesize":10, "value":"last_error", "encoding":"US-ASCII", "memsize":40, "flags":{"wb_protected":true}}
{"address":"0x7ffe4909da68", "type":"IMEMO", "class":"0x7ffe4909de78", "imemo_type":"ment", "memsize":48, "flags":{"wb_protected":true}}
{"address":"0x7ffe4909da90", "type":"STRING", "class":"0x7ffe490be858", "frozen":true, "embedded":true, "fstring":true, "bytesize":7, "value":"putback", "encoding":"US-ASCII", "memsize":40, "flags":{"wb_protected":true}}
{"address":"0x7ffe4909dab8", "type":"IMEMO", "class":"0x7ffe4909de78", "imemo_type":"ment", "memsize":48, "flags":{"wb_protected":true}}
{"address":"0x7ffe4909dae0", "type":"STRING", "class":"0x7ffe490be858", "frozen":true, "embedded":true, "fstring":true, "bytesize":13, "value":"insert_output", "encoding":"US-ASCII", "memsize":40, "flags":{"wb_protected":true}}
{"address":"0x7ffe4909db08", "type":"IMEMO", "class":"0x7ffe4909de78", "imemo_type":"ment", "memsize":48, "flags":{"wb_protected":true}}
{"address":"0x7ffe4909db30", "type":"STRING", "class":"0x7ffe490be858", "frozen":true, "embedded":true, "fstring":true, "bytesize":17, "value":"primitive_errinfo", "encoding":"US-ASCII", "memsize":40, "flags":{"wb_protected":true}}
{"address":"0x7ffe4909db58", "type":"IMEMO", "class":"0x7ffe4909de78", "imemo_type":"ment", "memsize":48, "flags":{"wb_protected":true}}
{"address":"0x7ffe4909db80", "type":"STRING", "class":"0x7ffe490be858", "frozen":true, "embedded":true, "fstring":true, "bytesize":6, "value":"finish", "encoding":"US-ASCII", "memsize":40, "flags":{"wb_protected":true}}
{"address":"0x7ffe4909dba8", "type":"IMEMO", "class":"0x7ffe4909de78", "imemo_type":"ment", "memsize":48, "flags":{"wb_protected":true}}
{"address":"0x7ffe4909dbd0", "type":"STRING", "class":"0x7ffe490be858", "frozen":true, "embedded":true, "fstring":true, "bytesize":7, "value":"convert", "encoding":"US-ASCII", "memsize":40, "flags":{"wb_protected":true}}
{"address":"0x7ffe4909dbf8", "type":"IMEMO", "class":"0x7ffe4909de78", "imemo_type":"ment", "memsize":48, "flags":{"wb_protected":true}}
{"address":"0x7ffe4909dc20", "type":"STRING", "class":"0x7ffe490be858", "frozen":true, "embedded":true, "fstring":true, "bytesize":17, "value":"primitive_convert", "encoding":"US-ASCII", "memsize":40, "flags":{"wb_protected":true}}
{"address":"0x7ffe4909dc48", "type":"IMEMO", "class":"0x7ffe4909de78", "imemo_type":"ment", "memsize":48, "flags":{"wb_protected":true}}
{"address":"0x7ffe4909dc70", "type":"STRING", "class":"0x7ffe490be858", "frozen":true, "embedded":true, "fstring":true, "bytesize":20, "value":"destination_encoding", "encoding":"US-ASCII", "memsize":40, "flags":{"wb_protected":true}}
{"address":"0x7ffe4909dc98", "type":"IMEMO", "class":"0x7ffe4909de78", "imemo_type":"ment", "memsize":48, "flags":{"wb_protected":true}}
{"address":"0x7ffe4909dcc0", "type":"STRING", "class":"0x7ffe490be858", "frozen":true, "embedded":true, "fstring":true, "bytesize":15, "value":"source_encoding", "encoding":"US-ASCII", "memsize":40, "flags":{"wb_protected":true}}
{"address":"0x7ffe4909dce8", "type":"IMEMO", "class":"0x7ffe4909de78", "imemo_type":"ment", "memsize":48, "flags":{"wb_protected":true}}
{"address":"0x7ffe4909dd10", "type":"STRING", "class":"0x7ffe490be858", "frozen":true, "embedded":true, "fstring":true, "bytesize":8, "value":"convpath", "encoding":"US-ASCII", "memsize":40, "flags":{"wb_protected":true}}
{"address":"0x7ffe4909dd38", "type":"IMEMO", "class":"0x7ffe4909de78", "imemo_type":"ment", "memsize":48, "flags":{"wb_protected":true}}
{"address":"0x7ffe4909dd60", "type":"IMEMO", "class":"0x7ffe4909de78", "imemo_type":"ment", "memsize":48, "flags":{"wb_protected":true}}
{"address":"0x7ffe4909dd88", "type":"IMEMO", "class":"0x7ffe4909de50", "imemo_type":"ment", "memsize":48, "flags":{"wb_protected":true}}
{"address":"0x7ffe4909ddb0", "type":"STRING", "class":"0x7ffe490be858", "frozen":true, "embedded":true, "fstring":true, "bytesize":15, "value":"search_convpath", "encoding":"US-ASCII", "memsize":40, "flags":{"wb_protected":true}}
{"address":"0x7ffe4909ddd8", "type":"IMEMO", "class":"0x7ffe4909de50", "imemo_type":"ment", "memsize":48, "flags":{"wb_protected":true}}
{"address":"0x7ffe4909de00", "type":"STRING", "class":"0x7ffe490be858", "frozen":true, "embedded":true, "fstring":true, "bytesize":20, "value":"asciicompat_encoding", "encoding":"US-ASCII", "memsize":40, "flags":{"wb_protected":true}}
{"address":"0x7ffe4909de28", "type":"STRING", "class":"0x7ffe490be858", "frozen":true, "embedded":true, "bytesize":19, "value":"Encoding::Converter", "encoding":"US-ASCII", "memsize":40, "flags":{"wb_protected":true}}
{"address":"0x7ffe4909de50", "type":"CLASS", "class":"0x7ffe490c5770", "references":["0x7ffe490c5720", "0x7ffe4909ddd8", "0x7ffe4909dd88", "0x7ffe4909de78"], "memsize":536, "flags":{"wb_protected":true}}
{"address":"0x7ffe4909de78", "type":"CLASS", "class":"0x7ffe4909de50", "name":"Encoding::Converter", "references":["0x7ffe490c68a0", "0x7ffe4909dd60", "0x7ffe4909dd38", "0x7ffe4909d950", "0x7ffe4909dce8", "0x7ffe4909dc98", "0x7ffe4909dc48", "0x7ffe4909dbf8", "0x7ffe4909dba8", "0x7ffe4909db58", "0x7ffe4909db08", "0x7ffe4909dab8", "0x7ffe4909da68", "0x7ffe4909da18", "0x7ffe4909d9c8", "0x7ffe4909d978", "0x7ffe4909de28"], "memsize":1520, "flags":{"wb_protected":true}}
{"address":"0x7ffe4909dea0", "type":"STRING", "class":"0x7ffe490be858", "frozen":true, "embedded":true, "fstring":true, "bytesize":9, "value":"Converter", "encoding":"US-ASCII", "memsize":40, "flags":{"wb_protected":true}}
{"address":"0x7ffe4909dec8", "type":"IMEMO", "class":"0x7ffe490be858", "imemo_type":"ment", "memsize":48, "flags":{"wb_protected":true}}
{"address":"0x7ffe4909def0", "type":"STRING", "class":"0x7ffe490be858", "frozen":true, "embedded":true, "fstring":true, "bytesize":7, "value":"encode!", "encoding":"US-ASCII", "memsize":40, "flags":{"wb_protected":true}}
{"address":"0x7ffe4909df18", "type":"IMEMO", "class":"0x7ffe490be858", "imemo_type":"ment", "memsize":48, "flags":{"wb_protected":true}}
{"address":"0x7ffe4909df40", "type":"STRING", "class":"0x7ffe490be858", "frozen":true, "embedded":true, "fstring":true, "bytesize":6, "value":"encode", "encoding":"US-ASCII", "memsize":40, "flags":{"wb_protected":true}}
{"address":"0x7ffe4909df68", "type":"STRING", "class":"0x7ffe490be858", "frozen":true, "bytesize":32, "capacity":47, "value":"Encoding::ConverterNotFoundError", "encoding":"US-ASCII", "memsize":88, "flags":{"wb_protected":true}}
{"address":"0x7ffe4909df90", "type":"CLASS", "class":"0x7ffe490c5770", "references":["0x7ffe490b6bd0", "0x7ffe4909dfb8"], "memsize":472, "flags":{"wb_protected":true}}
{"address":"0x7ffe4909dfb8", "type":"CLASS", "class":"0x7ffe4909df90", "name":"Encoding::ConverterNotFoundError", "references":["0x7ffe490b6bf8", "0x7ffe4909df68"], "memsize":472, "flags":{"wb_protected":true}}
{"address":"0x7ffe4909dfe0", "type":"STRING", "class":"0x7ffe490be858", "frozen":true, "embedded":true, "fstring":true, "bytesize":22, "value":"ConverterNotFoundError", "encoding":"US-ASCII", "memsize":40, "flags":{"wb_protected":true}}
{"address":"0x7ffe4909e008", "type":"STRING", "class":"0x7ffe490be858", "frozen":true, "bytesize":34, "capacity":47, "value":"Encoding::InvalidByteSequenceError", "encoding":"US-ASCII", "memsize":88, "flags":{"wb_protected":true}}
{"address":"0x7ffe4909e030", "type":"CLASS", "class":"0x7ffe490c5770", "references":["0x7ffe490b6bd0", "0x7ffe4909e058"], "memsize":472, "flags":{"wb_protected":true}}
{"address":"0x7ffe4909e058", "type":"CLASS", "class":"0x7ffe4909e030", "name":"Encoding::InvalidByteSequenceError", "references":["0x7ffe490b6bf8", "0x7ffe4909d4c8", "0x7ffe4909d478", "0x7ffe4909d590", "0x7ffe4909d568", "0x7ffe4909d5e0", "0x7ffe4909d5b8", "0x7ffe4909d518", "0x7ffe4909e008"], "memsize":728, "flags":{"wb_protected":true}}
{"address":"0x7ffe4909e080", "type":"STRING", "class":"0x7ffe490be858", "frozen":true, "fstring":true, "bytesize":24, "value":"InvalidByteSequenceError", "encoding":"US-ASCII", "memsize":65, "flags":{"wb_protected":true}}
{"address":"0x7ffe4909e0a8", "type":"STRING", "class":"0x7ffe490be858", "frozen":true, "bytesize":34, "capacity":47, "value":"Encoding::UndefinedConversionError", "encoding":"US-ASCII", "memsize":88, "flags":{"wb_protected":true}}
{"address":"0x7ffe4909e0d0", "type":"CLASS", "class":"0x7ffe490c5770", "references":["0x7ffe490b6bd0", "0x7ffe4909e0f8"], "memsize":472, "flags":{"wb_protected":true}}
{"address":"0x7ffe4909e0f8", "type":"CLASS", "class":"0x7ffe4909e0d0", "name":"Encoding::UndefinedConversionError", "references":["0x7ffe490b6bf8", "0x7ffe4909d608", "0x7ffe4909d6f8", "0x7ffe4909d6a8", "0x7ffe4909d658", "0x7ffe4909d680", "0x7ffe4909e0a8"], "memsize":600, "flags":{"wb_protected":true}}
{"address":"0x7ffe4909e120", "type":"STRING", "class":"0x7ffe490be858", "frozen":true, "fstring":true, "bytesize":24, "value":"UndefinedConversionError", "encoding":"US-ASCII", "memsize":65, "flags":{"wb_protected":true}}
{"address":"0x7ffe4909e148", "type":"STRING", "class":"0x7ffe490be858", "frozen":true, "embedded":true, "fstring":true, "bytesize":2, "value":"lf", "encoding":"US-ASCII", "memsize":40, "flags":{"wb_protected":true}}
{"address":"0x7ffe4909e170", "type":"STRING", "class":"0x7ffe490be858", "frozen":true, "embedded":true, "fstring":true, "bytesize":2, "value":"cr", "encoding":"US-ASCII", "memsize":40, "flags":{"wb_protected":true}}
{"address":"0x7ffe4909e198", "type":"STRING", "class":"0x7ffe490be858", "frozen":true, "embedded":true, "fstring":true, "bytesize":4, "value":"crlf", "encoding":"US-ASCII", "memsize":40, "flags":{"wb_protected":true}}
{"address":"0x7ffe4909e1c0", "type":"STRING", "class":"0x7ffe490be858", "frozen":true, "embedded":true, "fstring":true, "bytesize":9, "value":"universal", "encoding":"US-ASCII", "memsize":40, "flags":{"wb_protected":true}}
{"address":"0x7ffe4909e1e8", "type":"STRING", "class":"0x7ffe490be858", "frozen":true, "embedded":true, "fstring":true, "bytesize":7, "value":"newline", "encoding":"US-ASCII", "memsize":40, "flags":{"wb_protected":true}}
{"address":"0x7ffe4909e210", "type":"STRING", "class":"0x7ffe490be858", "frozen":true, "embedded":true, "fstring":true, "bytesize":13, "value":"partial_input", "encoding":"US-ASCII", "memsize":40, "flags":{"wb_protected":true}}
{"address":"0x7ffe4909e238", "type":"STRING", "class":"0x7ffe490be858", "frozen":true, "embedded":true, "fstring":true, "bytesize":10, "value":"cr_newline", "encoding":"US-ASCII", "memsize":40, "flags":{"wb_protected":true}}
{"address":"0x7ffe4909e260", "type":"STRING", "class":"0x7ffe490be858", "frozen":true, "embedded":true, "fstring":true, "bytesize":12, "value":"crlf_newline", "encoding":"US-ASCII", "memsize":40, "flags":{"wb_protected":true}}
{"address":"0x7ffe4909e288", "type":"STRING", "class":"0x7ffe490be858", "frozen":true, "embedded":true, "fstring":true, "bytesize":17, "value":"universal_newline", "encoding":"US-ASCII", "memsize":40, "flags":{"wb_protected":true}}
{"address":"0x7ffe4909e2b0", "type":"STRING", "class":"0x7ffe490be858", "frozen":true, "embedded":true, "fstring":true, "bytesize":16, "value":"incomplete_input", "encoding":"US-ASCII", "memsize":40, "flags":{"wb_protected":true}}
{"address":"0x7ffe4909e2d8", "type":"STRING", "class":"0x7ffe490be858", "frozen":true, "embedded":true, "fstring":true, "bytesize":12, "value":"after_output", "encoding":"US-ASCII", "memsize":40, "flags":{"wb_protected":true}}
{"address":"0x7ffe4909e300", "type":"STRING", "class":"0x7ffe490be858", "frozen":true, "embedded":true, "fstring":true, "bytesize":8, "value":"finished", "encoding":"US-ASCII", "memsize":40, "flags":{"wb_protected":true}}
{"address":"0x7ffe4909e328", "type":"STRING", "class":"0x7ffe490be858", "frozen":true, "embedded":true, "fstring":true, "bytesize":19, "value":"source_buffer_empty", "encoding":"US-ASCII", "memsize":40, "flags":{"wb_protected":true}}
{"address":"0x7ffe4909e350", "type":"STRING", "class":"0x7ffe490be858", "frozen":true, "embedded":true, "fstring":true, "bytesize":23, "value":"destination_buffer_full", "encoding":"US-ASCII", "memsize":40, "flags":{"wb_protected":true}}
{"address":"0x7ffe4909e378", "type":"STRING", "class":"0x7ffe490be858", "frozen":true, "embedded":true, "fstring":true, "bytesize":20, "value":"undefined_conversion", "encoding":"US-ASCII", "memsize":40, "flags":{"wb_protected":true}}
{"address":"0x7ffe4909e3a0", "type":"STRING", "class":"0x7ffe490be858", "frozen":true, "embedded":true, "fstring":true, "bytesize":21, "value":"invalid_byte_sequence", "encoding":"US-ASCII", "memsize":40, "flags":{"wb_protected":true}}
{"address":"0x7ffe4909e3c8", "type":"STRING", "class":"0x7ffe490be858", "frozen":true, "embedded":true, "fstring":true, "bytesize":4, "value":"text", "encoding":"US-ASCII", "memsize":40, "flags":{"wb_protected":true}}
{"address":"0x7ffe4909e3f0", "type":"STRING", "class":"0x7ffe490be858", "frozen":true, "embedded":true, "fstring":true, "bytesize":3, "value":"xml", "encoding":"US-ASCII", "memsize":40, "flags":{"wb_protected":true}}
{"address":"0x7ffe4909e418", "type":"STRING", "class":"0x7ffe490be858", "frozen":true, "embedded":true, "fstring":true, "bytesize":8, "value":"fallback", "encoding":"US-ASCII", "memsize":40, "flags":{"wb_protected":true}}
{"address":"0x7ffe4909e440", "type":"STRING", "class":"0x7ffe490be858", "frozen":true, "embedded":true, "fstring":true, "bytesize":5, "value":"undef", "encoding":"US-ASCII", "memsize":40, "flags":{"wb_protected":true}}
{"address":"0x7ffe4909e468", "type":"STRING", "class":"0x7ffe490be858", "frozen":true, "embedded":true, "fstring":true, "bytesize":7, "value":"invalid", "encoding":"US-ASCII", "memsize":40, "flags":{"wb_protected":true}}
{"address":"0x7ffe4909e490", "type":"IMEMO", "class":"0x7ffe4909e990", "imemo_type":"ment", "memsize":48, "flags":{"wb_protected":true}}
{"address":"0x7ffe4909e4b8", "type":"IMEMO", "class":"0x7ffe4909e990", "imemo_type":"ment", "memsize":48, "flags":{"wb_protected":true}}
{"address":"0x7ffe4909e4e0", "type":"IMEMO", "class":"0x7ffe4909e990", "imemo_type":"ment", "memsize":48, "flags":{"wb_protected":true}}
{"address":"0x7ffe4909e508", "type":"IMEMO", "class":"0x7ffe4909e990", "imemo_type":"ment", "memsize":48, "flags":{"wb_protected":true}}
{"address":"0x7ffe4909e530", "type":"STRING", "class":"0x7ffe490be858", "frozen":true, "embedded":true, "fstring":true, "bytesize":6, "value":"string", "encoding":"US-ASCII", "memsize":40, "flags":{"wb_protected":true}}
{"address":"0x7ffe4909e558", "type":"IMEMO", "class":"0x7ffe4909e990", "imemo_type":"ment", "memsize":48, "flags":{"wb_protected":true}}
{"address":"0x7ffe4909e580", "type":"IMEMO", "class":"0x7ffe4909e990", "imemo_type":"ment", "memsize":48, "flags":{"wb_protected":true}}
{"address":"0x7ffe4909e5a8", "type":"IMEMO", "class":"0x7ffe4909e990", "imemo_type":"ment", "memsize":48, "flags":{"wb_protected":true}}
{"address":"0x7ffe4909e5d0", "type":"STRING", "class":"0x7ffe490be858", "frozen":true, "embedded":true, "fstring":true, "bytesize":10, "value":"post_match", "encoding":"US-ASCII", "memsize":40, "flags":{"wb_protected":true}}
{"address":"0x7ffe4909e5f8", "type":"IMEMO", "class":"0x7ffe4909e990", "imemo_type":"ment", "memsize":48, "flags":{"wb_protected":true}}
{"address":"0x7ffe4909e620", "type":"STRING", "class":"0x7ffe490be858", "frozen":true, "embedded":true, "fstring":true, "bytesize":9, "value":"pre_match", "encoding":"US-ASCII", "memsize":40, "flags":{"wb_protected":true}}
{"address":"0x7ffe4909e648", "type":"IMEMO", "class":"0x7ffe4909e990", "imemo_type":"ment", "memsize":48, "flags":{"wb_protected":true}}
{"address":"0x7ffe4909e670", "type":"IMEMO", "class":"0x7ffe4909e990", "imemo_type":"ment", "memsize":48, "flags":{"wb_protected":true}}
{"address":"0x7ffe4909e698", "type":"IMEMO", "class":"0x7ffe4909e990", "imemo_type":"ment", "memsize":48, "flags":{"wb_protected":true}}
{"address":"0x7ffe4909e6c0", "type":"STRING", "class":"0x7ffe490be858", "frozen":true, "embedded":true, "fstring":true, "bytesize":8, "value":"captures", "encoding":"US-ASCII", "memsize":40, "flags":{"wb_protected":true}}
{"address":"0x7ffe4909e6e8", "type":"IMEMO", "class":"0x7ffe4909e990", "imemo_type":"ment", "memsize":48, "flags":{"wb_protected":true}}
{"address":"0x7ffe4909e710", "type":"IMEMO", "class":"0x7ffe4909e990", "imemo_type":"ment", "memsize":48, "flags":{"wb_protected":true}}
{"address":"0x7ffe4909e738", "type":"IMEMO", "class":"0x7ffe4909e990", "imemo_type":"ment", "memsize":48, "flags":{"wb_protected":true}}
{"address":"0x7ffe4909e760", "type":"STRING", "class":"0x7ffe490be858", "frozen":true, "embedded":true, "fstring":true, "bytesize":3, "value":"end", "encoding":"US-ASCII", "memsize":40, "flags":{"wb_protected":true}}
{"address":"0x7ffe4909e788", "type":"IMEMO", "class":"0x7ffe4909e990", "imemo_type":"ment", "memsize":48, "flags":{"wb_protected":true}}
{"address":"0x7ffe4909e7b0", "type":"STRING", "class":"0x7ffe490be858", "frozen":true, "embedded":true, "fstring":true, "bytesize":5, "value":"begin", "encoding":"US-ASCII", "memsize":40, "flags":{"wb_protected":true}}
{"address":"0x7ffe4909e7d8", "type":"IMEMO", "class":"0x7ffe4909e990", "imemo_type":"ment", "memsize":48, "flags":{"wb_protected":true}}
{"address":"0x7ffe4909e800", "type":"STRING", "class":"0x7ffe490be858", "frozen":true, "embedded":true, "fstring":true, "bytesize":6, "value":"offset", "encoding":"US-ASCII", "memsize":40, "flags":{"wb_protected":true}}
{"address":"0x7ffe4909e828", "type":"IMEMO", "class":"0x7ffe4909e990", "imemo_type":"ment", "memsize":48, "flags":{"wb_protected":true}}
{"address":"0x7ffe4909e850", "type":"IMEMO", "class":"0x7ffe4909e990", "imemo_type":"ment", "memsize":48, "flags":{"wb_protected":true}}
{"address":"0x7ffe4909e878", "type":"IMEMO", "class":"0x7ffe4909e990", "imemo_type":"ment", "memsize":48, "flags":{"wb_protected":true}}
{"address":"0x7ffe4909e8a0", "type":"IMEMO", "class":"0x7ffe4909e990", "imemo_type":"ment", "memsize":48, "flags":{"wb_protected":true}}
{"address":"0x7ffe4909e8c8", "type":"STRING", "class":"0x7ffe490be858", "frozen":true, "embedded":true, "fstring":true, "bytesize":6, "value":"regexp", "encoding":"US-ASCII", "memsize":40, "flags":{"wb_protected":true}}
{"address":"0x7ffe4909e8f0", "type":"IMEMO", "class":"0x7ffe4909e990", "imemo_type":"ment", "memsize":48, "flags":{"wb_protected":true}}
{"address":"0x7ffe4909e918", "type":"IMEMO", "class":"0x7ffe4909e968", "imemo_type":"ment", "memsize":48, "flags":{"wb_protected":true}}
{"address":"0x7ffe4909e940", "type":"IMEMO", "class":"0x7ffe4909e968", "imemo_type":"ment", "memsize":48, "flags":{"wb_protected":true}}
{"address":"0x7ffe4909e968", "type":"CLASS", "class":"0x7ffe490c5770", "references":["0x7ffe490c5720", "0x7ffe4909e918", "0x7ffe4909e940", "0x7ffe4909e990"], "memsize":536, "flags":{"wb_protected":true}}
{"address":"0x7ffe4909e990", "type":"CLASS", "class":"0x7ffe4909e968", "name":"MatchData", "references":["0x7ffe490c68a0", "0x7ffe4909e8f0", "0x7ffe4909e670", "0x7ffe4909e710", "0x7ffe4909e8a0", "0x7ffe4909e7d8", "0x7ffe4909e788", "0x7ffe4909e738", "0x7ffe4909e6e8", "0x7ffe4909e698", "0x7ffe4909e5f8", "0x7ffe4909e5a8", "0x7ffe4909e508", "0x7ffe4909e558", "0x7ffe4909e828", "0x7ffe4909e850", "0x7ffe4909e4b8", "0x7ffe4909e490", "0x7ffe4909e580", "0x7ffe4909e648", "0x7ffe4909e878", "0x7ffe4909e4e0", "0x7ffe4909e9b8"], "memsize":984, "flags":{"wb_protected":true}}
{"address":"0x7ffe4909e9b8", "type":"STRING", "class":"0x7ffe490be858", "frozen":true, "embedded":true, "fstring":true, "bytesize":9, "value":"MatchData", "encoding":"US-ASCII", "memsize":40, "flags":{"wb_protected":true}}
{"address":"0x7ffe4909e9e0", "type":"STRING", "class":"0x7ffe490be858", "frozen":true, "embedded":true, "fstring":true, "bytesize":10, "value":"NOENCODING", "encoding":"US-ASCII", "memsize":40, "flags":{"wb_protected":true}}
{"address":"0x7ffe4909ea08", "type":"STRING", "class":"0x7ffe490be858", "frozen":true, "embedded":true, "fstring":true, "bytesize":13, "value":"FIXEDENCODING", "encoding":"US-ASCII", "memsize":40, "flags":{"wb_protected":true}}
{"address":"0x7ffe4909ea30", "type":"STRING", "class":"0x7ffe490be858", "frozen":true, "embedded":true, "fstring":true, "bytesize":9, "value":"MULTILINE", "encoding":"US-ASCII", "memsize":40, "flags":{"wb_protected":true}}
{"address":"0x7ffe4909ea58", "type":"STRING", "class":"0x7ffe490be858", "frozen":true, "embedded":true, "fstring":true, "bytesize":8, "value":"EXTENDED", "encoding":"US-ASCII", "memsize":40, "flags":{"wb_protected":true}}
{"address":"0x7ffe4909ea80", "type":"STRING", "class":"0x7ffe490be858", "frozen":true, "embedded":true, "fstring":true, "bytesize":10, "value":"IGNORECASE", "encoding":"US-ASCII", "memsize":40, "flags":{"wb_protected":true}}
{"address":"0x7ffe4909eaa8", "type":"IMEMO", "class":"0x7ffe4909f020", "imemo_type":"ment", "memsize":48, "flags":{"wb_protected":true}}
{"address":"0x7ffe4909ead0", "type":"STRING", "class":"0x7ffe490be858", "frozen":true, "embedded":true, "fstring":true, "bytesize":14, "value":"named_captures", "encoding":"US-ASCII", "memsize":40, "flags":{"wb_protected":true}}
{"address":"0x7ffe4909eaf8", "type":"IMEMO", "class":"0x7ffe4909f020", "imemo_type":"ment", "memsize":48, "flags":{"wb_protected":true}}
{"address":"0x7ffe4909eb20", "type":"IMEMO", "class":"0x7ffe4909f020", "imemo_type":"ment", "memsize":48, "flags":{"wb_protected":true}}
{"address":"0x7ffe4909eb48", "type":"STRING", "class":"0x7ffe490be858", "frozen":true, "embedded":true, "fstring":true, "bytesize":15, "value":"fixed_encoding?", "encoding":"US-ASCII", "memsize":40, "flags":{"wb_protected":true}}
{"address":"0x7ffe4909eb70", "type":"IMEMO", "class":"0x7ffe4909f020", "imemo_type":"ment", "memsize":48, "flags":{"wb_protected":true}}
{"address":"0x7ffe4909eb98", "type":"IMEMO", "class":"0x7ffe4909f020", "imemo_type":"ment", "memsize":48, "flags":{"wb_protected":true}}
{"address":"0x7ffe4909ebc0", "type":"STRING", "class":"0x7ffe490be858", "frozen":true, "embedded":true, "fstring":true, "bytesize":7, "value":"options", "encoding":"US-ASCII", "memsize":40, "flags":{"wb_protected":true}}
{"address":"0x7ffe4909ebe8", "type":"IMEMO", "class":"0x7ffe4909f020", "imemo_type":"ment", "memsize":48, "flags":{"wb_protected":true}}
{"address":"0x7ffe4909ec10", "type":"STRING", "class":"0x7ffe490be858", "frozen":true, "embedded":true, "fstring":true, "bytesize":9, "value":"casefold?", "encoding":"US-ASCII", "memsize":40, "flags":{"wb_protected":true}}
{"address":"0x7ffe4909ec38", "type":"IMEMO", "class":"0x7ffe4909f020", "imemo_type":"ment", "memsize":48, "flags":{"wb_protected":true}}
{"address":"0x7ffe4909ec60", "type":"STRING", "class":"0x7ffe490be858", "frozen":true, "embedded":true, "fstring":true, "bytesize":6, "value":"source", "encoding":"US-ASCII", "memsize":40, "flags":{"wb_protected":true}}
{"address":"0x7ffe4909ec88", "type":"IMEMO", "class":"0x7ffe4909f020", "imemo_type":"ment", "memsize":48, "flags":{"wb_protected":true}}
{"address":"0x7ffe4909ecb0", "type":"IMEMO", "class":"0x7ffe4909f020", "imemo_type":"ment", "memsize":48, "flags":{"wb_protected":true}}
{"address":"0x7ffe4909ecd8", "type":"IMEMO", "class":"0x7ffe4909f020", "imemo_type":"ment", "memsize":48, "flags":{"wb_protected":true}}
{"address":"0x7ffe4909ed00", "type":"IMEMO", "class":"0x7ffe4909f020", "imemo_type":"ment", "memsize":48, "flags":{"wb_protected":true}}
{"address":"0x7ffe4909ed28", "type":"IMEMO", "class":"0x7ffe4909f020", "imemo_type":"ment", "memsize":48, "flags":{"wb_protected":true}}
{"address":"0x7ffe4909ed50", "type":"IMEMO", "class":"0x7ffe4909f020", "imemo_type":"ment", "memsize":48, "flags":{"wb_protected":true}}
{"address":"0x7ffe4909ed78", "type":"IMEMO", "class":"0x7ffe4909f020", "imemo_type":"ment", "memsize":48, "flags":{"wb_protected":true}}
{"address":"0x7ffe4909eda0", "type":"IMEMO", "class":"0x7ffe4909f020", "imemo_type":"ment", "memsize":48, "flags":{"wb_protected":true}}
{"address":"0x7ffe4909edc8", "type":"IMEMO", "class":"0x7ffe4909f020", "imemo_type":"ment", "memsize":48, "flags":{"wb_protected":true}}
{"address":"0x7ffe4909edf0", "type":"IMEMO", "class":"0x7ffe4909f020", "imemo_type":"ment", "memsize":48, "flags":{"wb_protected":true}}
{"address":"0x7ffe4909ee18", "type":"IMEMO", "class":"0x7ffe4909f020", "imemo_type":"ment", "memsize":48, "flags":{"wb_protected":true}}
{"address":"0x7ffe4909ee40", "type":"IMEMO", "class":"0x7ffe4909f020", "imemo_type":"ment", "memsize":48, "flags":{"wb_protected":true}}
{"address":"0x7ffe4909ee68", "type":"IMEMO", "class":"0x7ffe4909eff8", "imemo_type":"ment", "memsize":48, "flags":{"wb_protected":true}}
{"address":"0x7ffe4909ee90", "type":"IMEMO", "class":"0x7ffe4909eff8", "imemo_type":"ment", "memsize":48, "flags":{"wb_protected":true}}
{"address":"0x7ffe4909eeb8", "type":"STRING", "class":"0x7ffe490be858", "frozen":true, "embedded":true, "fstring":true, "bytesize":10, "value":"last_match", "encoding":"US-ASCII", "memsize":40, "flags":{"wb_protected":true}}
{"address":"0x7ffe4909eee0", "type":"IMEMO", "class":"0x7ffe4909eff8", "imemo_type":"ment", "memsize":48, "flags":{"wb_protected":true}}
{"address":"0x7ffe4909ef08", "type":"IMEMO", "class":"0x7ffe4909eff8", "imemo_type":"ment", "memsize":48, "flags":{"wb_protected":true}}
{"address":"0x7ffe4909ef30", "type":"STRING", "class":"0x7ffe490be858", "frozen":true, "embedded":true, "fstring":true, "bytesize":6, "value":"escape", "encoding":"US-ASCII", "memsize":40, "flags":{"wb_protected":true}}
{"address":"0x7ffe4909ef58", "type":"IMEMO", "class":"0x7ffe4909eff8", "imemo_type":"ment", "memsize":48, "flags":{"wb_protected":true}}
{"address":"0x7ffe4909ef80", "type":"STRING", "class":"0x7ffe490be858", "frozen":true, "embedded":true, "fstring":true, "bytesize":5, "value":"quote", "encoding":"US-ASCII", "memsize":40, "flags":{"wb_protected":true}}
{"address":"0x7ffe4909efa8", "type":"IMEMO", "class":"0x7ffe4909eff8", "imemo_type":"ment", "memsize":48, "flags":{"wb_protected":true}}
{"address":"0x7ffe4909efd0", "type":"STRING", "class":"0x7ffe490be858", "frozen":true, "embedded":true, "fstring":true, "bytesize":7, "value":"compile", "encoding":"US-ASCII", "memsize":40, "flags":{"wb_protected":true}}
{"address":"0x7ffe4909eff8", "type":"CLASS", "class":"0x7ffe490c5770", "references":["0x7ffe490c5720", "0x7ffe4909ef08", "0x7ffe4909ee90", "0x7ffe4909eee0", "0x7ffe4909ee68", "0x7ffe4909efa8", "0x7ffe4909ef58", "0x7ffe4909f020"], "memsize":600, "flags":{"wb_protected":true}}
{"address":"0x7ffe4909f020", "type":"CLASS", "class":"0x7ffe4909eff8", "name":"Regexp", "references":["0x7ffe490c68a0", "0x7ffe4909ee40", "0x7ffe4909ee18", "0x7ffe4909ec38", "0x7ffe4909ebe8", "0x7ffe4909eb98", "0x7ffe4909eb20", "0x7ffe4909eaa8", "0x7ffe4909eaf8", "0x7ffe4909ed00", "0x7ffe4909ecd8", "0x7ffe4909ecb0", "0x7ffe4909ed50", "0x7ffe4909eda0", "0x7ffe4909ed78", "0x7ffe4909ec88", "0x7ffe4909edc8", "0x7ffe4909edf0", "0x7ffe4909ed28", "0x7ffe4909eb70", "0x7ffe4909f048"], "memsize":1136, "flags":{"wb_protected":true}}
{"address":"0x7ffe4909f048", "type":"STRING", "class":"0x7ffe490be858", "frozen":true, "embedded":true, "fstring":true, "bytesize":6, "value":"Regexp", "encoding":"US-ASCII", "memsize":40, "flags":{"wb_protected":true}}
{"address":"0x7ffe4909f070", "type":"STRING", "class":"0x7ffe490be858", "frozen":true, "embedded":true, "fstring":true, "bytesize":2, "value":"$=", "encoding":"US-ASCII", "memsize":40, "flags":{"wb_protected":true}}
{"address":"0x7ffe4909f098", "type":"STRING", "class":"0x7ffe490be858", "frozen":true, "embedded":true, "fstring":true, "bytesize":2, "value":"$+", "encoding":"US-ASCII", "memsize":40, "flags":{"wb_protected":true}}
{"address":"0x7ffe4909f0c0", "type":"STRING", "class":"0x7ffe490be858", "frozen":true, "embedded":true, "fstring":true, "bytesize":2, "value":"$'", "encoding":"US-ASCII", "memsize":40, "flags":{"wb_protected":true}}
{"address":"0x7ffe4909f0e8", "type":"STRING", "class":"0x7ffe490be858", "frozen":true, "embedded":true, "fstring":true, "bytesize":2, "value":"$`", "encoding":"US-ASCII", "memsize":40, "flags":{"wb_protected":true}}
{"address":"0x7ffe4909f110", "type":"STRING", "class":"0x7ffe490be858", "frozen":true, "embedded":true, "fstring":true, "bytesize":2, "value":"$&", "encoding":"US-ASCII", "memsize":40, "flags":{"wb_protected":true}}
{"address":"0x7ffe4909f138", "type":"CLASS", "class":"0x7ffe490c5770", "references":["0x7ffe490b7800", "0x7ffe4909f160"], "memsize":472, "flags":{"wb_protected":true}}
{"address":"0x7ffe4909f160", "type":"CLASS", "class":"0x7ffe4909f138", "name":"RegexpError", "references":["0x7ffe490b7828", "0x7ffe4909f188"], "memsize":472, "flags":{"wb_protected":true}}
{"address":"0x7ffe4909f188", "type":"STRING", "class":"0x7ffe490be858", "frozen":true, "embedded":true, "fstring":true, "bytesize":11, "value":"RegexpError", "encoding":"US-ASCII", "memsize":40, "flags":{"wb_protected":true}}
{"address":"0x7ffe4909f1b0", "type":"IMEMO", "class":"0x7ffe4909f5e8", "imemo_type":"ment", "memsize":48, "flags":{"wb_protected":true}}
{"address":"0x7ffe4909f1d8", "type":"IMEMO", "class":"0x7ffe4909f5e8", "imemo_type":"ment", "memsize":48, "flags":{"wb_protected":true}}
{"address":"0x7ffe4909f200", "type":"IMEMO", "class":"0x7ffe4909f5e8", "imemo_type":"ment", "memsize":48, "flags":{"wb_protected":true}}
{"address":"0x7ffe4909f228", "type":"IMEMO", "class":"0x7ffe4909f5e8", "imemo_type":"ment", "memsize":48, "flags":{"wb_protected":true}}
{"address":"0x7ffe4909f250", "type":"STRING", "class":"0x7ffe490be858", "frozen":true, "embedded":true, "fstring":true, "bytesize":7, "value":"members", "encoding":"US-ASCII", "memsize":40, "flags":{"wb_protected":true}}
{"address":"0x7ffe4909f278", "type":"IMEMO", "class":"0x7ffe4909f5e8", "imemo_type":"ment", "memsize":48, "flags":{"wb_protected":true}}
{"address":"0x7ffe4909f2a0", "type":"IMEMO", "class":"0x7ffe4909f5e8", "imemo_type":"ment", "memsize":48, "flags":{"wb_protected":true}}
{"address":"0x7ffe4909f2c8", "type":"IMEMO", "class":"0x7ffe4909f5e8", "imemo_type":"ment", "memsize":48, "flags":{"wb_protected":true}}
{"address":"0x7ffe4909f2f0", "type":"IMEMO", "class":"0x7ffe4909f5e8", "imemo_type":"ment", "memsize":48, "flags":{"wb_protected":true}}
{"address":"0x7ffe4909f318", "type":"IMEMO", "class":"0x7ffe4909f5e8", "imemo_type":"ment", "memsize":48, "flags":{"wb_protected":true}}
{"address":"0x7ffe4909f340", "type":"IMEMO", "class":"0x7ffe4909f5e8", "imemo_type":"ment", "memsize":48, "flags":{"wb_protected":true}}
{"address":"0x7ffe4909f368", "type":"IMEMO", "class":"0x7ffe4909f5e8", "imemo_type":"ment", "memsize":48, "flags":{"wb_protected":true}}
{"address":"0x7ffe4909f390", "type":"IMEMO", "class":"0x7ffe4909f5e8", "imemo_type":"ment", "memsize":48, "flags":{"wb_protected":true}}
{"address":"0x7ffe4909f3b8", "type":"IMEMO", "class":"0x7ffe4909f5e8", "imemo_type":"ment", "memsize":48, "flags":{"wb_protected":true}}
{"address":"0x7ffe4909f3e0", "type":"IMEMO", "class":"0x7ffe4909f5e8", "imemo_type":"ment", "memsize":48, "flags":{"wb_protected":true}}
{"address":"0x7ffe4909f408", "type":"IMEMO", "class":"0x7ffe4909f5e8", "imemo_type":"ment", "memsize":48, "flags":{"wb_protected":true}}
{"address":"0x7ffe4909f430", "type":"IMEMO", "class":"0x7ffe4909f5e8", "imemo_type":"ment", "memsize":48, "flags":{"wb_protected":true}}
{"address":"0x7ffe4909f458", "type":"IMEMO", "class":"0x7ffe4909f5e8", "imemo_type":"ment", "memsize":48, "flags":{"wb_protected":true}}
{"address":"0x7ffe4909f480", "type":"IMEMO", "class":"0x7ffe4909f5e8", "imemo_type":"ment", "memsize":48, "flags":{"wb_protected":true}}
{"address":"0x7ffe4909f4a8", "type":"IMEMO", "class":"0x7ffe4909f5e8", "imemo_type":"ment", "memsize":48, "flags":{"wb_protected":true}}
{"address":"0x7ffe4909f4d0", "type":"IMEMO", "class":"0x7ffe4909f5e8", "imemo_type":"ment", "memsize":48, "flags":{"wb_protected":true}}
{"address":"0x7ffe4909f4f8", "type":"IMEMO", "class":"0x7ffe4909f5e8", "imemo_type":"ment", "memsize":48, "flags":{"wb_protected":true}}
{"address":"0x7ffe4909f520", "type":"IMEMO", "class":"0x7ffe4909f5e8", "imemo_type":"ment", "memsize":48, "flags":{"wb_protected":true}}
{"address":"0x7ffe4909f548", "type":"IMEMO", "class":"0x7ffe4909f5e8", "imemo_type":"ment", "memsize":48, "flags":{"wb_protected":true}}
{"address":"0x7ffe4909f570", "type":"IMEMO", "class":"0x7ffe4909f5c0", "imemo_type":"ment", "memsize":48, "flags":{"wb_protected":true}}
{"address":"0x7ffe4909f598", "type":"ICLASS", "class":"0x7ffe490bf988", "references":["0x7ffe490c68a0"], "memsize":40, "flags":{"wb_protected":true}}
{"address":"0x7ffe4909f5c0", "type":"CLASS", "class":"0x7ffe490c5770", "references":["0x7ffe490c5720", "0x7ffe4909f570", "0x7ffe490c6580", "0x7ffe4909f5e8"], "memsize":648, "flags":{"wb_protected":true}}
{"address":"0x7ffe4909f5e8", "type":"CLASS", "class":"0x7ffe4909f5c0", "name":"Struct", "references":["0x7ffe4909f598", "0x7ffe4909f548", "0x7ffe4909f520", "0x7ffe4909f430", "0x7ffe4909f4f8", "0x7ffe4909f458", "0x7ffe4909f318", "0x7ffe4909f2f0", "0x7ffe4909f1d8", "0x7ffe4909f4d0", "0x7ffe4909f340", "0x7ffe4909f2c8", "0x7ffe4909f408", "0x7ffe4909f2a0", "0x7ffe4909f3e0", "0x7ffe4909f480", "0x7ffe4909f1b0", "0x7ffe4909f200", "0x7ffe4909f228", "0x7ffe4909f390", "0x7ffe4909f3b8", "0x7ffe4909f368", "0x7ffe4909f4a8", "0x7ffe4909f278", "0x7ffe4909f610"], "memsize":1496, "flags":{"wb_protected":true}}
{"address":"0x7ffe4909f610", "type":"STRING", "class":"0x7ffe490be858", "frozen":true, "embedded":true, "fstring":true, "bytesize":6, "value":"Struct", "encoding":"US-ASCII", "memsize":40, "flags":{"wb_protected":true}}
{"address":"0x7ffe4909f638", "type":"STRING", "class":"0x7ffe490be858", "frozen":true, "embedded":true, "fstring":true, "bytesize":16, "value":"__keyword_init__", "encoding":"US-ASCII", "memsize":40, "flags":{"wb_protected":true}}
{"address":"0x7ffe4909f660", "type":"STRING", "class":"0x7ffe490be858", "frozen":true, "embedded":true, "fstring":true, "bytesize":16, "value":"__members_back__", "encoding":"US-ASCII", "memsize":40, "flags":{"wb_protected":true}}
{"address":"0x7ffe4909f688", "type":"STRING", "class":"0x7ffe490be858", "frozen":true, "embedded":true, "fstring":true, "bytesize":11, "value":"__members__", "encoding":"US-ASCII", "memsize":40, "flags":{"wb_protected":true}}
{"address":"0x7ffe4909f6b0", "type":"STRING", "class":"0x7ffe490be858", "frozen":true, "embedded":true, "fstring":true, "bytesize":3, "value":"ENV", "encoding":"US-ASCII", "memsize":40, "flags":{"wb_protected":true}}
{"address":"0x7ffe4909f6d8", "type":"IMEMO", "class":"0x7ffe4909fe58", "imemo_type":"ment", "memsize":48, "flags":{"wb_protected":true}}
{"address":"0x7ffe4909f700", "type":"IMEMO", "class":"0x7ffe4909fe58", "imemo_type":"ment", "memsize":48, "flags":{"wb_protected":true}}
{"address":"0x7ffe4909f728", "type":"IMEMO", "class":"0x7ffe4909fe58", "imemo_type":"ment", "memsize":48, "flags":{"wb_protected":true}}
{"address":"0x7ffe4909f750", "type":"IMEMO", "class":"0x7ffe4909fe58", "imemo_type":"ment", "memsize":48, "flags":{"wb_protected":true}}
{"address":"0x7ffe4909f778", "type":"IMEMO", "class":"0x7ffe4909fe58", "imemo_type":"ment", "memsize":48, "flags":{"wb_protected":true}}
{"address":"0x7ffe4909f7a0", "type":"IMEMO", "class":"0x7ffe4909fe58", "imemo_type":"ment", "memsize":48, "flags":{"wb_protected":true}}
{"address":"0x7ffe4909f7c8", "type":"IMEMO", "class":"0x7ffe4909fe58", "imemo_type":"ment", "memsize":48, "flags":{"wb_protected":true}}
{"address":"0x7ffe4909f7f0", "type":"IMEMO", "class":"0x7ffe4909fe58", "imemo_type":"ment", "memsize":48, "flags":{"wb_protected":true}}
{"address":"0x7ffe4909f818", "type":"IMEMO", "class":"0x7ffe4909fe58", "imemo_type":"ment", "memsize":48, "flags":{"wb_protected":true}}
{"address":"0x7ffe4909f840", "type":"IMEMO", "class":"0x7ffe4909fe58", "imemo_type":"ment", "memsize":48, "flags":{"wb_protected":true}}
{"address":"0x7ffe4909f868", "type":"IMEMO", "class":"0x7ffe4909fe58", "imemo_type":"ment", "memsize":48, "flags":{"wb_protected":true}}
{"address":"0x7ffe4909f890", "type":"IMEMO", "class":"0x7ffe4909fe58", "imemo_type":"ment", "memsize":48, "flags":{"wb_protected":true}}
{"address":"0x7ffe4909f8b8", "type":"IMEMO", "class":"0x7ffe4909fe58", "imemo_type":"ment", "memsize":48, "flags":{"wb_protected":true}}
{"address":"0x7ffe4909f8e0", "type":"IMEMO", "class":"0x7ffe4909fe58", "imemo_type":"ment", "memsize":48, "flags":{"wb_protected":true}}
{"address":"0x7ffe4909f908", "type":"IMEMO", "class":"0x7ffe4909fe58", "imemo_type":"ment", "memsize":48, "flags":{"wb_protected":true}}
{"address":"0x7ffe4909f930", "type":"IMEMO", "class":"0x7ffe4909fe58", "imemo_type":"ment", "memsize":48, "flags":{"wb_protected":true}}
{"address":"0x7ffe4909f958", "type":"IMEMO", "class":"0x7ffe4909fe58", "imemo_type":"ment", "memsize":48, "flags":{"wb_protected":true}}
{"address":"0x7ffe4909f980", "type":"IMEMO", "class":"0x7ffe4909fe58", "imemo_type":"ment", "memsize":48, "flags":{"wb_protected":true}}
{"address":"0x7ffe4909f9a8", "type":"IMEMO", "class":"0x7ffe4909fe58", "imemo_type":"ment", "memsize":48, "flags":{"wb_protected":true}}
{"address":"0x7ffe4909f9d0", "type":"IMEMO", "class":"0x7ffe4909fe58", "imemo_type":"ment", "memsize":48, "flags":{"wb_protected":true}}
{"address":"0x7ffe4909f9f8", "type":"IMEMO", "class":"0x7ffe4909fe58", "imemo_type":"ment", "memsize":48, "flags":{"wb_protected":true}}
{"address":"0x7ffe4909fa20", "type":"IMEMO", "class":"0x7ffe4909fe58", "imemo_type":"ment", "memsize":48, "flags":{"wb_protected":true}}
{"address":"0x7ffe4909fa48", "type":"IMEMO", "class":"0x7ffe4909fe58", "imemo_type":"ment", "memsize":48, "flags":{"wb_protected":true}}
{"address":"0x7ffe4909fa70", "type":"IMEMO", "class":"0x7ffe4909fe58", "imemo_type":"ment", "memsize":48, "flags":{"wb_protected":true}}
{"address":"0x7ffe4909fa98", "type":"IMEMO", "class":"0x7ffe4909fe58", "imemo_type":"ment", "memsize":48, "flags":{"wb_protected":true}}
{"address":"0x7ffe4909fac0", "type":"IMEMO", "class":"0x7ffe4909fe58", "imemo_type":"ment", "memsize":48, "flags":{"wb_protected":true}}
{"address":"0x7ffe4909fae8", "type":"IMEMO", "class":"0x7ffe4909fe58", "imemo_type":"ment", "memsize":48, "flags":{"wb_protected":true}}
{"address":"0x7ffe4909fb10", "type":"IMEMO", "class":"0x7ffe4909fe58", "imemo_type":"ment", "memsize":48, "flags":{"wb_protected":true}}
{"address":"0x7ffe4909fb38", "type":"IMEMO", "class":"0x7ffe4909fe58", "imemo_type":"ment", "memsize":48, "flags":{"wb_protected":true}}
{"address":"0x7ffe4909fb60", "type":"IMEMO", "class":"0x7ffe4909fe58", "imemo_type":"ment", "memsize":48, "flags":{"wb_protected":true}}
{"address":"0x7ffe4909fb88", "type":"IMEMO", "class":"0x7ffe4909fe58", "imemo_type":"ment", "memsize":48, "flags":{"wb_protected":true}}
{"address":"0x7ffe4909fbb0", "type":"IMEMO", "class":"0x7ffe4909fe58", "imemo_type":"ment", "memsize":48, "flags":{"wb_protected":true}}
{"address":"0x7ffe4909fbd8", "type":"IMEMO", "class":"0x7ffe4909fe58", "imemo_type":"ment", "memsize":48, "flags":{"wb_protected":true}}
{"address":"0x7ffe4909fc00", "type":"IMEMO", "class":"0x7ffe4909fe58", "imemo_type":"ment", "memsize":48, "flags":{"wb_protected":true}}
{"address":"0x7ffe4909fc28", "type":"IMEMO", "class":"0x7ffe4909fe58", "imemo_type":"ment", "memsize":48, "flags":{"wb_protected":true}}
{"address":"0x7ffe4909fc50", "type":"IMEMO", "class":"0x7ffe4909fe58", "imemo_type":"ment", "memsize":48, "flags":{"wb_protected":true}}
{"address":"0x7ffe4909fc78", "type":"IMEMO", "class":"0x7ffe4909fe58", "imemo_type":"ment", "memsize":48, "flags":{"wb_protected":true}}
{"address":"0x7ffe4909fca0", "type":"IMEMO", "class":"0x7ffe4909fe58", "imemo_type":"ment", "memsize":48, "flags":{"wb_protected":true}}
{"address":"0x7ffe4909fcc8", "type":"IMEMO", "class":"0x7ffe4909fe58", "imemo_type":"ment", "memsize":48, "flags":{"wb_protected":true}}
{"address":"0x7ffe4909fcf0", "type":"IMEMO", "class":"0x7ffe4909fe58", "imemo_type":"ment", "memsize":48, "flags":{"wb_protected":true}}
{"address":"0x7ffe4909fd18", "type":"IMEMO", "class":"0x7ffe4909fe58", "imemo_type":"ment", "memsize":48, "flags":{"wb_protected":true}}
{"address":"0x7ffe4909fd40", "type":"IMEMO", "class":"0x7ffe4909fe58", "imemo_type":"ment", "memsize":48, "flags":{"wb_protected":true}}
{"address":"0x7ffe4909fd68", "type":"IMEMO", "class":"0x7ffe4909fe58", "imemo_type":"ment", "memsize":48, "flags":{"wb_protected":true}}
{"address":"0x7ffe4909fd90", "type":"IMEMO", "class":"0x7ffe4909fe58", "imemo_type":"ment", "memsize":48, "flags":{"wb_protected":true}}
{"address":"0x7ffe4909fdb8", "type":"IMEMO", "class":"0x7ffe4909fe58", "imemo_type":"ment", "memsize":48, "flags":{"wb_protected":true}}
{"address":"0x7ffe4909fde0", "type":"IMEMO", "class":"0x7ffe4909fe58", "imemo_type":"ment", "memsize":48, "flags":{"wb_protected":true}}
{"address":"0x7ffe4909fe08", "type":"IMEMO", "class":"0x7ffe4909fe58", "imemo_type":"ment", "memsize":48, "flags":{"wb_protected":true}}
{"address":"0x7ffe4909fe30", "type":"ICLASS", "class":"0x7ffe490bf988", "references":["0x7ffe490c68a0"], "memsize":40, "flags":{"wb_protected":true}}
{"address":"0x7ffe4909fe58", "type":"CLASS", "class":"0x7ffe490c5720", "references":["0x7ffe4909fe30", "0x7ffe4909f958", "0x7ffe4909fe08", "0x7ffe4909fdb8", "0x7ffe4909fc00", "0x7ffe4909fa70", "0x7ffe4909f8e0", "0x7ffe4909f728", "0x7ffe4909f840", "0x7ffe4909fde0", "0x7ffe4909fac0", "0x7ffe4909f9f8", "0x7ffe4909fae8", "0x7ffe4909f908", "0x7ffe4909f930", "0x7ffe4909fb60", "0x7ffe4909fb10", "0x7ffe4909fd68", "0x7ffe4909fc78", "0x7ffe4909f868", "0x7ffe4909fca0", "0x7ffe4909fbb0", "0x7ffe4909f700", "0x7ffe4909f6d8", "0x7ffe4909f750", "0x7ffe4909f9a8", "0x7ffe4909f980", "0x7ffe4909fcc8", "0x7ffe4909f9d0", "0x7ffe4909fd90", "0x7ffe4909fcf0", "0x7ffe4909fd18", "0x7ffe4909fb88", "0x7ffe4909fb38", "0x7ffe4909fbd8", "0x7ffe4909f8b8", "0x7ffe4909fd40", "0x7ffe4909f890", "0x7ffe4909fc28", "0x7ffe4909fa98", "0x7ffe4909fc50", "0x7ffe4909fa48", "0x7ffe4909fa20", "0x7ffe4909f7f0", "0x7ffe4909f7c8", "0x7ffe4909f7a0", "0x7ffe4909f778", "0x7ffe4909f818", "0x7ffe4909fe80"], "memsize":2520, "flags":{"wb_protected":true}}
{"address":"0x7ffe4909fe80", "type":"OBJECT", "class":"0x7ffe4909fe58", "ivars":3, "memsize":40, "flags":{"wb_protected":true}}
{"address":"0x7ffe4909fea8", "type":"IMEMO", "class":"0x7ffe490a4fc0", "imemo_type":"ment", "memsize":48, "flags":{"wb_protected":true}}
{"address":"0x7ffe4909fed0", "type":"STRING", "class":"0x7ffe490be858", "frozen":true, "embedded":true, "fstring":true, "bytesize":19, "value":"ruby2_keywords_hash", "encoding":"US-ASCII", "memsize":40, "flags":{"wb_protected":true}}
{"address":"0x7ffe4909fef8", "type":"IMEMO", "class":"0x7ffe490a4fc0", "imemo_type":"ment", "memsize":48, "flags":{"wb_protected":true}}
{"address":"0x7ffe4909ff20", "type":"STRING", "class":"0x7ffe490be858", "frozen":true, "embedded":true, "fstring":true, "bytesize":20, "value":"ruby2_keywords_hash?", "encoding":"US-ASCII", "memsize":40, "flags":{"wb_protected":true}}
{"address":"0x7ffe4909ff48", "type":"IMEMO", "class":"0x7ffe490a4fe8", "imemo_type":"ment", "memsize":48, "flags":{"wb_protected":true}}
{"address":"0x7ffe4909ff70", "type":"STRING", "class":"0x7ffe490be858", "frozen":true, "embedded":true, "fstring":true, "bytesize":16, "value":"deconstruct_keys", "encoding":"US-ASCII", "memsize":40, "flags":{"wb_protected":true}}
{"address":"0x7ffe4909ff98", "type":"IMEMO", "class":"0x7ffe490a4fe8", "imemo_type":"ment", "memsize":48, "flags":{"wb_protected":true}}
{"address":"0x7ffe4909ffc0", "type":"IMEMO", "class":"0x7ffe490a4fe8", "imemo_type":"ment", "memsize":48, "flags":{"wb_protected":true}}
{"address":"0x7ffe490a4020", "type":"IMEMO", "class":"0x7ffe490a4fe8", "imemo_type":"ment", "memsize":48, "flags":{"wb_protected":true}}
{"address":"0x7ffe490a4048", "type":"IMEMO", "class":"0x7ffe490a4fe8", "imemo_type":"ment", "memsize":48, "flags":{"wb_protected":true}}
{"address":"0x7ffe490a4070", "type":"IMEMO", "class":"0x7ffe490a4fe8", "imemo_type":"ment", "memsize":48, "flags":{"wb_protected":true}}
{"address":"0x7ffe490a4098", "type":"IMEMO", "class":"0x7ffe490a4fe8", "imemo_type":"ment", "memsize":48, "flags":{"wb_protected":true}}
{"address":"0x7ffe490a40c0", "type":"IMEMO", "class":"0x7ffe490a4fe8", "imemo_type":"ment", "memsize":48, "flags":{"wb_protected":true}}
{"address":"0x7ffe490a40e8", "type":"STRING", "class":"0x7ffe490be858", "frozen":true, "embedded":true, "fstring":true, "bytesize":20, "value":"compare_by_identity?", "encoding":"US-ASCII", "memsize":40, "flags":{"wb_protected":true}}
{"address":"0x7ffe490a4110", "type":"IMEMO", "class":"0x7ffe490a4fe8", "imemo_type":"ment", "memsize":48, "flags":{"wb_protected":true}}
{"address":"0x7ffe490a4138", "type":"STRING", "class":"0x7ffe490be858", "frozen":true, "embedded":true, "fstring":true, "bytesize":19, "value":"compare_by_identity", "encoding":"US-ASCII", "memsize":40, "flags":{"wb_protected":true}}
{"address":"0x7ffe490a4160", "type":"IMEMO", "class":"0x7ffe490a4fe8", "imemo_type":"ment", "memsize":48, "flags":{"wb_protected":true}}
{"address":"0x7ffe490a4188", "type":"STRING", "class":"0x7ffe490be858", "frozen":true, "embedded":true, "fstring":true, "bytesize":6, "value":"value?", "encoding":"US-ASCII", "memsize":40, "flags":{"wb_protected":true}}
{"address":"0x7ffe490a41b0", "type":"IMEMO", "class":"0x7ffe490a4fe8", "imemo_type":"ment", "memsize":48, "flags":{"wb_protected":true}}
{"address":"0x7ffe490a41d8", "type":"STRING", "class":"0x7ffe490be858", "frozen":true, "embedded":true, "fstring":true, "bytesize":4, "value":"key?", "encoding":"US-ASCII", "memsize":40, "flags":{"wb_protected":true}}
{"address":"0x7ffe490a4200", "type":"IMEMO", "class":"0x7ffe490a4fe8", "imemo_type":"ment", "memsize":48, "flags":{"wb_protected":true}}
{"address":"0x7ffe490a4228", "type":"STRING", "class":"0x7ffe490be858", "frozen":true, "embedded":true, "fstring":true, "bytesize":10, "value":"has_value?", "encoding":"US-ASCII", "memsize":40, "flags":{"wb_protected":true}}
{"address":"0x7ffe490a4250", "type":"IMEMO", "class":"0x7ffe490a4fe8", "imemo_type":"ment", "memsize":48, "flags":{"wb_protected":true}}
{"address":"0x7ffe490a4278", "type":"STRING", "class":"0x7ffe490be858", "frozen":true, "embedded":true, "fstring":true, "bytesize":8, "value":"has_key?", "encoding":"US-ASCII", "memsize":40, "flags":{"wb_protected":true}}
{"address":"0x7ffe490a42a0", "type":"IMEMO", "class":"0x7ffe490a4fe8", "imemo_type":"ment", "memsize":48, "flags":{"wb_protected":true}}
{"address":"0x7ffe490a42c8", "type":"IMEMO", "class":"0x7ffe490a4fe8", "imemo_type":"ment", "memsize":48, "flags":{"wb_protected":true}}
{"address":"0x7ffe490a42f0", "type":"IMEMO", "class":"0x7ffe490a4fe8", "imemo_type":"ment", "memsize":48, "flags":{"wb_protected":true}}
{"address":"0x7ffe490a4318", "type":"IMEMO", "class":"0x7ffe490a4fe8", "imemo_type":"ment", "memsize":48, "flags":{"wb_protected":true}}
{"address":"0x7ffe490a4340", "type":"IMEMO", "class":"0x7ffe490a4fe8", "imemo_type":"ment", "memsize":48, "flags":{"wb_protected":true}}
{"address":"0x7ffe490a4368", "type":"IMEMO", "class":"0x7ffe490a4fe8", "imemo_type":"ment", "memsize":48, "flags":{"wb_protected":true}}
{"address":"0x7ffe490a4390", "type":"IMEMO", "class":"0x7ffe490a4fe8", "imemo_type":"ment", "memsize":48, "flags":{"wb_protected":true}}
{"address":"0x7ffe490a43b8", "type":"IMEMO", "class":"0x7ffe490a4fe8", "imemo_type":"ment", "memsize":48, "flags":{"wb_protected":true}}
{"address":"0x7ffe490a43e0", "type":"STRING", "class":"0x7ffe490be858", "frozen":true, "embedded":true, "fstring":true, "bytesize":5, "value":"merge", "encoding":"US-ASCII", "memsize":40, "flags":{"wb_protected":true}}
{"address":"0x7ffe490a4408", "type":"IMEMO", "class":"0x7ffe490a4fe8", "imemo_type":"ment", "memsize":48, "flags":{"wb_protected":true}}
{"address":"0x7ffe490a4430", "type":"STRING", "class":"0x7ffe490be858", "frozen":true, "embedded":true, "fstring":true, "bytesize":6, "value":"merge!", "encoding":"US-ASCII", "memsize":40, "flags":{"wb_protected":true}}
{"address":"0x7ffe490a4458", "type":"IMEMO", "class":"0x7ffe490a4fe8", "imemo_type":"ment", "memsize":48, "flags":{"wb_protected":true}}
{"address":"0x7ffe490a4480", "type":"IMEMO", "class":"0x7ffe490a4fe8", "imemo_type":"ment", "memsize":48, "flags":{"wb_protected":true}}
{"address":"0x7ffe490a44a8", "type":"STRING", "class":"0x7ffe490be858", "frozen":true, "embedded":true, "fstring":true, "bytesize":6, "value":"update", "encoding":"US-ASCII", "memsize":40, "flags":{"wb_protected":true}}
{"address":"0x7ffe490a44d0", "type":"IMEMO", "class":"0x7ffe490a4fe8", "imemo_type":"ment", "memsize":48, "flags":{"wb_protected":true}}
{"address":"0x7ffe490a44f8", "type":"STRING", "class":"0x7ffe490be858", "frozen":true, "embedded":true, "fstring":true, "bytesize":6, "value":"invert", "encoding":"US-ASCII", "memsize":40, "flags":{"wb_protected":true}}
{"address":"0x7ffe490a4520", "type":"IMEMO", "class":"0x7ffe490a4fe8", "imemo_type":"ment", "memsize":48, "flags":{"wb_protected":true}}
{"address":"0x7ffe490a4548", "type":"IMEMO", "class":"0x7ffe490a4fe8", "imemo_type":"ment", "memsize":48, "flags":{"wb_protected":true}}
{"address":"0x7ffe490a4570", "type":"STRING", "class":"0x7ffe490be858", "frozen":true, "embedded":true, "fstring":true, "bytesize":6, "value":"except", "encoding":"US-ASCII", "memsize":40, "flags":{"wb_protected":true}}
{"address":"0x7ffe490a4598", "type":"IMEMO", "class":"0x7ffe490a4fe8", "imemo_type":"ment", "memsize":48, "flags":{"wb_protected":true}}
{"address":"0x7ffe490a45c0", "type":"IMEMO", "class":"0x7ffe490a4fe8", "imemo_type":"ment", "memsize":48, "flags":{"wb_protected":true}}
{"address":"0x7ffe490a45e8", "type":"IMEMO", "class":"0x7ffe490a4fe8", "imemo_type":"ment", "memsize":48, "flags":{"wb_protected":true}}
{"address":"0x7ffe490a4610", "type":"IMEMO", "class":"0x7ffe490a4fe8", "imemo_type":"ment", "memsize":48, "flags":{"wb_protected":true}}
{"address":"0x7ffe490a4638", "type":"IMEMO", "class":"0x7ffe490a4fe8", "imemo_type":"ment", "memsize":48, "flags":{"wb_protected":true}}
{"address":"0x7ffe490a4660", "type":"IMEMO", "class":"0x7ffe490a4fe8", "imemo_type":"ment", "memsize":48, "flags":{"wb_protected":true}}
{"address":"0x7ffe490a4688", "type":"IMEMO", "class":"0x7ffe490a4fe8", "imemo_type":"ment", "memsize":48, "flags":{"wb_protected":true}}
{"address":"0x7ffe490a46b0", "type":"IMEMO", "class":"0x7ffe490a4fe8", "imemo_type":"ment", "memsize":48, "flags":{"wb_protected":true}}
{"address":"0x7ffe490a46d8", "type":"IMEMO", "class":"0x7ffe490a4fe8", "imemo_type":"ment", "memsize":48, "flags":{"wb_protected":true}}
{"address":"0x7ffe490a4700", "type":"IMEMO", "class":"0x7ffe490a4fe8", "imemo_type":"ment", "memsize":48, "flags":{"wb_protected":true}}
{"address":"0x7ffe490a4728", "type":"IMEMO", "class":"0x7ffe490a4fe8", "imemo_type":"ment", "memsize":48, "flags":{"wb_protected":true}}
{"address":"0x7ffe490a4750", "type":"IMEMO", "class":"0x7ffe490a4fe8", "imemo_type":"ment", "memsize":48, "flags":{"wb_protected":true}}
{"address":"0x7ffe490a4778", "type":"STRING", "class":"0x7ffe490be858", "frozen":true, "embedded":true, "fstring":true, "bytesize":12, "value":"fetch_values", "encoding":"US-ASCII", "memsize":40, "flags":{"wb_protected":true}}
{"address":"0x7ffe490a47a0", "type":"IMEMO", "class":"0x7ffe490a4fe8", "imemo_type":"ment", "memsize":48, "flags":{"wb_protected":true}}
{"address":"0x7ffe490a47c8", "type":"IMEMO", "class":"0x7ffe490a4fe8", "imemo_type":"ment", "memsize":48, "flags":{"wb_protected":true}}
{"address":"0x7ffe490a47f0", "type":"STRING", "class":"0x7ffe490be858", "frozen":true, "embedded":true, "fstring":true, "bytesize":6, "value":"values", "encoding":"US-ASCII", "memsize":40, "flags":{"wb_protected":true}}
{"address":"0x7ffe490a4818", "type":"IMEMO", "class":"0x7ffe490a4fe8", "imemo_type":"ment", "memsize":48, "flags":{"wb_protected":true}}
{"address":"0x7ffe490a4840", "type":"STRING", "class":"0x7ffe490be858", "frozen":true, "embedded":true, "fstring":true, "bytesize":4, "value":"keys", "encoding":"US-ASCII", "memsize":40, "flags":{"wb_protected":true}}
{"address":"0x7ffe490a4868", "type":"IMEMO", "class":"0x7ffe490a4fe8", "imemo_type":"ment", "memsize":48, "flags":{"wb_protected":true}}
{"address":"0x7ffe490a4890", "type":"STRING", "class":"0x7ffe490be858", "frozen":true, "embedded":true, "fstring":true, "bytesize":17, "value":"transform_values!", "encoding":"US-ASCII", "memsize":40, "flags":{"wb_protected":true}}
{"address":"0x7ffe490a48b8", "type":"IMEMO", "class":"0x7ffe490a4fe8", "imemo_type":"ment", "memsize":48, "flags":{"wb_protected":true}}
{"address":"0x7ffe490a48e0", "type":"STRING", "class":"0x7ffe490be858", "frozen":true, "embedded":true, "fstring":true, "bytesize":16, "value":"transform_values", "encoding":"US-ASCII", "memsize":40, "flags":{"wb_protected":true}}
{"address":"0x7ffe490a4908", "type":"IMEMO", "class":"0x7ffe490a4fe8", "imemo_type":"ment", "memsize":48, "flags":{"wb_protected":true}}
{"address":"0x7ffe490a4930", "type":"STRING", "class":"0x7ffe490be858", "frozen":true, "embedded":true, "fstring":true, "bytesize":15, "value":"transform_keys!", "encoding":"US-ASCII", "memsize":40, "flags":{"wb_protected":true}}
{"address":"0x7ffe490a4958", "type":"IMEMO", "class":"0x7ffe490a4fe8", "imemo_type":"ment", "memsize":48, "flags":{"wb_protected":true}}
{"address":"0x7ffe490a4980", "type":"STRING", "class":"0x7ffe490be858", "frozen":true, "embedded":true, "fstring":true, "bytesize":14, "value":"transform_keys", "encoding":"US-ASCII", "memsize":40, "flags":{"wb_protected":true}}
{"address":"0x7ffe490a49a8", "type":"IMEMO", "class":"0x7ffe490a4fe8", "imemo_type":"ment", "memsize":48, "flags":{"wb_protected":true}}
{"address":"0x7ffe490a49d0", "type":"IMEMO", "class":"0x7ffe490a4fe8", "imemo_type":"ment", "memsize":48, "flags":{"wb_protected":true}}
{"address":"0x7ffe490a49f8", "type":"STRING", "class":"0x7ffe490be858", "frozen":true, "embedded":true, "fstring":true, "bytesize":9, "value":"each_pair", "encoding":"US-ASCII", "memsize":40, "flags":{"wb_protected":true}}
{"address":"0x7ffe490a4a20", "type":"IMEMO", "class":"0x7ffe490a4fe8", "imemo_type":"ment", "memsize":48, "flags":{"wb_protected":true}}
{"address":"0x7ffe490a4a48", "type":"STRING", "class":"0x7ffe490be858", "frozen":true, "embedded":true, "fstring":true, "bytesize":8, "value":"each_key", "encoding":"US-ASCII", "memsize":40, "flags":{"wb_protected":true}}
{"address":"0x7ffe490a4a70", "type":"IMEMO", "class":"0x7ffe490a4fe8", "imemo_type":"ment", "memsize":48, "flags":{"wb_protected":true}}
{"address":"0x7ffe490a4a98", "type":"STRING", "class":"0x7ffe490be858", "frozen":true, "embedded":true, "fstring":true, "bytesize":10, "value":"each_value", "encoding":"US-ASCII", "memsize":40, "flags":{"wb_protected":true}}
{"address":"0x7ffe490a4ac0", "type":"IMEMO", "class":"0x7ffe490a4fe8", "imemo_type":"ment", "memsize":48, "flags":{"wb_protected":true}}
{"address":"0x7ffe490a4ae8", "type":"IMEMO", "class":"0x7ffe490a4fe8", "imemo_type":"ment", "memsize":48, "flags":{"wb_protected":true}}
{"address":"0x7ffe490a4b10", "type":"IMEMO", "class":"0x7ffe490a4fe8", "imemo_type":"ment", "memsize":48, "flags":{"wb_protected":true}}
{"address":"0x7ffe490a4b38", "type":"IMEMO", "class":"0x7ffe490a4fe8", "imemo_type":"ment", "memsize":48, "flags":{"wb_protected":true}}
{"address":"0x7ffe490a4b60", "type":"IMEMO", "class":"0x7ffe490a4fe8", "imemo_type":"ment", "memsize":48, "flags":{"wb_protected":true}}
{"address":"0x7ffe490a4b88", "type":"STRING", "class":"0x7ffe490be858", "frozen":true, "embedded":true, "fstring":true, "bytesize":13, "value":"default_proc=", "encoding":"US-ASCII", "memsize":40, "flags":{"wb_protected":true}}
{"address":"0x7ffe490a4bb0", "type":"IMEMO", "class":"0x7ffe490a4fe8", "imemo_type":"ment", "memsize":48, "flags":{"wb_protected":true}}
{"address":"0x7ffe490a4bd8", "type":"STRING", "class":"0x7ffe490be858", "frozen":true, "embedded":true, "fstring":true, "bytesize":12, "value":"default_proc", "encoding":"US-ASCII", "memsize":40, "flags":{"wb_protected":true}}
{"address":"0x7ffe490a4c00", "type":"IMEMO", "class":"0x7ffe490a4fe8", "imemo_type":"ment", "memsize":48, "flags":{"wb_protected":true}}
{"address":"0x7ffe490a4c28", "type":"STRING", "class":"0x7ffe490be858", "frozen":true, "embedded":true, "fstring":true, "bytesize":8, "value":"default=", "encoding":"US-ASCII", "memsize":40, "flags":{"wb_protected":true}}
{"address":"0x7ffe490a4c50", "type":"IMEMO", "class":"0x7ffe490a4fe8", "imemo_type":"ment", "memsize":48, "flags":{"wb_protected":true}}
{"address":"0x7ffe490a4c78", "type":"IMEMO", "class":"0x7ffe490a4fe8", "imemo_type":"ment", "memsize":48, "flags":{"wb_protected":true}}
{"address":"0x7ffe490a4ca0", "type":"STRING", "class":"0x7ffe490be858", "frozen":true, "embedded":true, "fstring":true, "bytesize":5, "value":"store", "encoding":"US-ASCII", "memsize":40, "flags":{"wb_protected":true}}
{"address":"0x7ffe490a4cc8", "type":"IMEMO", "class":"0x7ffe490a4fe8", "imemo_type":"ment", "memsize":48, "flags":{"wb_protected":true}}
{"address":"0x7ffe490a4cf0", "type":"IMEMO", "class":"0x7ffe490a4fe8", "imemo_type":"ment", "memsize":48, "flags":{"wb_protected":true}}
{"address":"0x7ffe490a4d18", "type":"IMEMO", "class":"0x7ffe490a4fe8", "imemo_type":"ment", "memsize":48, "flags":{"wb_protected":true}}
{"address":"0x7ffe490a4d40", "type":"IMEMO", "class":"0x7ffe490a4fe8", "imemo_type":"ment", "memsize":48, "flags":{"wb_protected":true}}
{"address":"0x7ffe490a4d68", "type":"IMEMO", "class":"0x7ffe490a4fe8", "imemo_type":"ment", "memsize":48, "flags":{"wb_protected":true}}
{"address":"0x7ffe490a4d90", "type":"IMEMO", "class":"0x7ffe490a4fe8", "imemo_type":"ment", "memsize":48, "flags":{"wb_protected":true}}
{"address":"0x7ffe490a4db8", "type":"IMEMO", "class":"0x7ffe490a4fe8", "imemo_type":"ment", "memsize":48, "flags":{"wb_protected":true}}
{"address":"0x7ffe490a4de0", "type":"IMEMO", "class":"0x7ffe490a4fe8", "imemo_type":"ment", "memsize":48, "flags":{"wb_protected":true}}
{"address":"0x7ffe490a4e08", "type":"IMEMO", "class":"0x7ffe490a4fe8", "imemo_type":"ment", "memsize":48, "flags":{"wb_protected":true}}
{"address":"0x7ffe490a4e30", "type":"IMEMO", "class":"0x7ffe490a4fe8", "imemo_type":"ment", "memsize":48, "flags":{"wb_protected":true}}
{"address":"0x7ffe490a4e58", "type":"IMEMO", "class":"0x7ffe490a4fe8", "imemo_type":"ment", "memsize":48, "flags":{"wb_protected":true}}
{"address":"0x7ffe490a4e80", "type":"IMEMO", "class":"0x7ffe490a4fe8", "imemo_type":"ment", "memsize":48, "flags":{"wb_protected":true}}
{"address":"0x7ffe490a4ea8", "type":"IMEMO", "class":"0x7ffe490a4fe8", "imemo_type":"ment", "memsize":48, "flags":{"wb_protected":true}}
{"address":"0x7ffe490a4ed0", "type":"STRING", "class":"0x7ffe490be858", "frozen":true, "embedded":true, "fstring":true, "bytesize":6, "value":"rehash", "encoding":"US-ASCII", "memsize":40, "flags":{"wb_protected":true}}
{"address":"0x7ffe490a4ef8", "type":"IMEMO", "class":"0x7ffe490a4fe8", "imemo_type":"ment", "memsize":48, "flags":{"wb_protected":true}}
{"address":"0x7ffe490a4f20", "type":"IMEMO", "class":"0x7ffe490a4fe8", "imemo_type":"ment", "memsize":48, "flags":{"wb_protected":true}}
{"address":"0x7ffe490a4f48", "type":"IMEMO", "class":"0x7ffe490a4fc0", "imemo_type":"ment", "memsize":48, "flags":{"wb_protected":true}}
{"address":"0x7ffe490a4f70", "type":"IMEMO", "class":"0x7ffe490a4fc0", "imemo_type":"ment", "memsize":48, "flags":{"wb_protected":true}}
{"address":"0x7ffe490a4f98", "type":"ICLASS", "class":"0x7ffe490bf988", "references":["0x7ffe490c68a0"], "memsize":40, "flags":{"wb_protected":true}}
{"address":"0x7ffe490a4fc0", "type":"CLASS", "class":"0x7ffe490c5770", "references":["0x7ffe490c5720", "0x7ffe4909fea8", "0x7ffe490a4f70", "0x7ffe490a4f48", "0x7ffe4909fef8", "0x7ffe490a4fe8"], "memsize":600, "flags":{"wb_protected":true}}
{"address":"0x7ffe490a4fe8", "type":"CLASS", "class":"0x7ffe490a4fc0", "name":"Hash", "references":["0x7ffe490a4f98", "0x7ffe490a4b38", "0x7ffe490a4048", "0x7ffe4909ffc0", "0x7ffe490a4d90", "0x7ffe490a4d68", "0x7ffe490a4cc8", "0x7ffe490a4520", "0x7ffe490a4458", "0x7ffe490a4ac0", "0x7ffe490a4e58", "0x7ffe490a4d18", "0x7ffe490a42c8", "0x7ffe490a4cf0", "0x7ffe490a4e08", "0x7ffe490a4728", "0x7ffe490a4ae8", "0x7ffe490a4b10", "0x7ffe490a4660", "0x7ffe490a49a8", "0x7ffe490a46b0", "0x7ffe490a47a0", "0x7ffe490a4610", "0x7ffe490a46d8", "0x7ffe490a45c0", "0x7ffe490a4f20", "0x7ffe490a4ef8", "0x7ffe490a4390", "0x7ffe490a4368", "0x7ffe490a4318", "0x7ffe490a42f0", "0x7ffe490a4340", "0x7ffe490a4e80", "0x7ffe490a4db8", "0x7ffe490a4020", "0x7ffe490a4e30", "0x7ffe490a4de0", "0x7ffe490a4700", "0x7ffe490a4c50", "0x7ffe4909ff98", "0x7ffe490a4ea8", "0x7ffe490a4c78", "0x7ffe490a4c00", "0x7ffe490a4bb0", "0x7ffe490a4b60", "0x7ffe490a4a70", "0x7ffe490a4a20", "0x7ffe490a49d0", "0x7ffe490a4958", "0x7ffe490a4908", "0x7ffe490a48b8", "0x7ffe490a4868", "0x7ffe490a4818", "0x7ffe490a47c8", "0x7ffe490a4750", "0x7ffe490a4548", "0x7ffe490a45e8", "0x7ffe490a4688", "0x7ffe490a4638", "0x7ffe490a44d0", "0x7ffe490a4480", "0x7ffe490a4408", "0x7ffe490a4598", "0x7ffe490a4250", "0x7ffe490a4200", "0x7ffe490a43b8", "0x7ffe490a4160", "0x7ffe490a4110", "0x7ffe490a41b0", "0x7ffe490a42a0", "0x7ffe490a40c0", "0x7ffe490a4098", "0x7ffe490a4070", "0x7ffe4909ff48", "0x7ffe490a4d40", "0x7ffe490c5860"], "memsize":2520, "flags":{"wb_protected":true}}
{"address":"0x7ffe490a5010", "type":"STRING", "class":"0x7ffe490be858", "frozen":true, "embedded":true, "fstring":true, "bytesize":7, "value":"default", "encoding":"US-ASCII", "memsize":40, "flags":{"wb_protected":true}}
{"address":"0x7ffe490a5038", "type":"IMEMO", "class":"0x7ffe490a67f8", "imemo_type":"ment", "memsize":48, "flags":{"wb_protected":true}}
{"address":"0x7ffe490a5060", "type":"STRING", "class":"0x7ffe490be858", "frozen":true, "embedded":true, "fstring":true, "bytesize":11, "value":"deconstruct", "encoding":"US-ASCII", "memsize":40, "flags":{"wb_protected":true}}
{"address":"0x7ffe490a5088", "type":"IMEMO", "class":"0x7ffe490a67f8", "imemo_type":"ment", "memsize":48, "flags":{"wb_protected":true}}
{"address":"0x7ffe490a50b0", "type":"IMEMO", "class":"0x7ffe490a67f8", "imemo_type":"ment", "memsize":48, "flags":{"wb_protected":true}}
{"address":"0x7ffe490a50d8", "type":"IMEMO", "class":"0x7ffe490a67f8", "imemo_type":"ment", "memsize":48, "flags":{"wb_protected":true}}
{"address":"0x7ffe490a5100", "type":"IMEMO", "class":"0x7ffe490a67f8", "imemo_type":"ment", "memsize":48, "flags":{"wb_protected":true}}
{"address":"0x7ffe490a5128", "type":"IMEMO", "class":"0x7ffe490a67f8", "imemo_type":"ment", "memsize":48, "flags":{"wb_protected":true}}
{"address":"0x7ffe490a5150", "type":"IMEMO", "class":"0x7ffe490a67f8", "imemo_type":"ment", "memsize":48, "flags":{"wb_protected":true}}
{"address":"0x7ffe490a5178", "type":"IMEMO", "class":"0x7ffe490a67f8", "imemo_type":"ment", "memsize":48, "flags":{"wb_protected":true}}
{"address":"0x7ffe490a51a0", "type":"STRING", "class":"0x7ffe490be858", "frozen":true, "embedded":true, "fstring":true, "bytesize":13, "value":"bsearch_index", "encoding":"US-ASCII", "memsize":40, "flags":{"wb_protected":true}}
{"address":"0x7ffe490a51c8", "type":"IMEMO", "class":"0x7ffe490a67f8", "imemo_type":"ment", "memsize":48, "flags":{"wb_protected":true}}
{"address":"0x7ffe490a51f0", "type":"STRING", "class":"0x7ffe490be858", "frozen":true, "embedded":true, "fstring":true, "bytesize":7, "value":"bsearch", "encoding":"US-ASCII", "memsize":40, "flags":{"wb_protected":true}}
{"address":"0x7ffe490a5218", "type":"IMEMO", "class":"0x7ffe490a67f8", "imemo_type":"ment", "memsize":48, "flags":{"wb_protected":true}}
{"address":"0x7ffe490a5240", "type":"IMEMO", "class":"0x7ffe490a67f8", "imemo_type":"ment", "memsize":48, "flags":{"wb_protected":true}}
{"address":"0x7ffe490a5268", "type":"IMEMO", "class":"0x7ffe490a67f8", "imemo_type":"ment", "memsize":48, "flags":{"wb_protected":true}}
{"address":"0x7ffe490a5290", "type":"IMEMO", "class":"0x7ffe490a67f8", "imemo_type":"ment", "memsize":48, "flags":{"wb_protected":true}}
{"address":"0x7ffe490a52b8", "type":"IMEMO", "class":"0x7ffe490a67f8", "imemo_type":"ment", "memsize":48, "flags":{"wb_protected":true}}
{"address":"0x7ffe490a52e0", "type":"STRING", "class":"0x7ffe490be858", "frozen":true, "embedded":true, "fstring":true, "bytesize":7, "value":"product", "encoding":"US-ASCII", "memsize":40, "flags":{"wb_protected":true}}
{"address":"0x7ffe490a5308", "type":"IMEMO", "class":"0x7ffe490a67f8", "imemo_type":"ment", "memsize":48, "flags":{"wb_protected":true}}
{"address":"0x7ffe490a5330", "type":"STRING", "class":"0x7ffe490be858", "frozen":true, "embedded":true, "fstring":true, "bytesize":20, "value":"repeated_combination", "encoding":"US-ASCII", "memsize":40, "flags":{"wb_protected":true}}
{"address":"0x7ffe490a5358", "type":"IMEMO", "class":"0x7ffe490a67f8", "imemo_type":"ment", "memsize":48, "flags":{"wb_protected":true}}
{"address":"0x7ffe490a5380", "type":"STRING", "class":"0x7ffe490be858", "frozen":true, "embedded":true, "fstring":true, "bytesize":20, "value":"repeated_permutation", "encoding":"US-ASCII", "memsize":40, "flags":{"wb_protected":true}}
{"address":"0x7ffe490a53a8", "type":"IMEMO", "class":"0x7ffe490a67f8", "imemo_type":"ment", "memsize":48, "flags":{"wb_protected":true}}
{"address":"0x7ffe490a53d0", "type":"STRING", "class":"0x7ffe490be858", "frozen":true, "embedded":true, "fstring":true, "bytesize":11, "value":"combination", "encoding":"US-ASCII", "memsize":40, "flags":{"wb_protected":true}}
{"address":"0x7ffe490a53f8", "type":"IMEMO", "class":"0x7ffe490a67f8", "imemo_type":"ment", "memsize":48, "flags":{"wb_protected":true}}
{"address":"0x7ffe490a5420", "type":"STRING", "class":"0x7ffe490be858", "frozen":true, "embedded":true, "fstring":true, "bytesize":11, "value":"permutation", "encoding":"US-ASCII", "memsize":40, "flags":{"wb_protected":true}}
{"address":"0x7ffe490a5448", "type":"IMEMO", "class":"0x7ffe490a67f8", "imemo_type":"ment", "memsize":48, "flags":{"wb_protected":true}}
{"address":"0x7ffe490a5470", "type":"IMEMO", "class":"0x7ffe490a67f8", "imemo_type":"ment", "memsize":48, "flags":{"wb_protected":true}}
{"address":"0x7ffe490a5498", "type":"IMEMO", "class":"0x7ffe490a67f8", "imemo_type":"ment", "memsize":48, "flags":{"wb_protected":true}}
{"address":"0x7ffe490a54c0", "type":"STRING", "class":"0x7ffe490be858", "frozen":true, "embedded":true, "fstring":true, "bytesize":8, "value":"flatten!", "encoding":"US-ASCII", "memsize":40, "flags":{"wb_protected":true}}
{"address":"0x7ffe490a54e8", "type":"IMEMO", "class":"0x7ffe490a67f8", "imemo_type":"ment", "memsize":48, "flags":{"wb_protected":true}}
{"address":"0x7ffe490a5510", "type":"STRING", "class":"0x7ffe490be858", "frozen":true, "embedded":true, "fstring":true, "bytesize":7, "value":"flatten", "encoding":"US-ASCII", "memsize":40, "flags":{"wb_protected":true}}
{"address":"0x7ffe490a5538", "type":"IMEMO", "class":"0x7ffe490a67f8", "imemo_type":"ment", "memsize":48, "flags":{"wb_protected":true}}
{"address":"0x7ffe490a5560", "type":"STRING", "class":"0x7ffe490be858", "frozen":true, "embedded":true, "fstring":true, "bytesize":8, "value":"compact!", "encoding":"US-ASCII", "memsize":40, "flags":{"wb_protected":true}}
{"address":"0x7ffe490a5588", "type":"IMEMO", "class":"0x7ffe490a67f8", "imemo_type":"ment", "memsize":48, "flags":{"wb_protected":true}}
{"address":"0x7ffe490a55b0", "type":"STRING", "class":"0x7ffe490be858", "frozen":true, "embedded":true, "fstring":true, "bytesize":7, "value":"compact", "encoding":"US-ASCII", "memsize":40, "flags":{"wb_protected":true}}
{"address":"0x7ffe490a55d8", "type":"IMEMO", "class":"0x7ffe490a67f8", "imemo_type":"ment", "memsize":48, "flags":{"wb_protected":true}}
{"address":"0x7ffe490a5600", "type":"STRING", "class":"0x7ffe490be858", "frozen":true, "embedded":true, "fstring":true, "bytesize":5, "value":"uniq!", "encoding":"US-ASCII", "memsize":40, "flags":{"wb_protected":true}}
{"address":"0x7ffe490a5628", "type":"IMEMO", "class":"0x7ffe490a67f8", "imemo_type":"ment", "memsize":48, "flags":{"wb_protected":true}}
{"address":"0x7ffe490a5650", "type":"IMEMO", "class":"0x7ffe490a67f8", "imemo_type":"ment", "memsize":48, "flags":{"wb_protected":true}}
{"address":"0x7ffe490a5678", "type":"IMEMO", "class":"0x7ffe490a67f8", "imemo_type":"ment", "memsize":48, "flags":{"wb_protected":true}}
{"address":"0x7ffe490a56a0", "type":"IMEMO", "class":"0x7ffe490a67f8", "imemo_type":"ment", "memsize":48, "flags":{"wb_protected":true}}
{"address":"0x7ffe490a56c8", "type":"IMEMO", "class":"0x7ffe490a67f8", "imemo_type":"ment", "memsize":48, "flags":{"wb_protected":true}}
{"address":"0x7ffe490a56f0", "type":"IMEMO", "class":"0x7ffe490a67f8", "imemo_type":"ment", "memsize":48, "flags":{"wb_protected":true}}
{"address":"0x7ffe490a5718", "type":"IMEMO", "class":"0x7ffe490a67f8", "imemo_type":"ment", "memsize":48, "flags":{"wb_protected":true}}
{"address":"0x7ffe490a5740", "type":"IMEMO", "class":"0x7ffe490a67f8", "imemo_type":"ment", "memsize":48, "flags":{"wb_protected":true}}
{"address":"0x7ffe490a5768", "type":"IMEMO", "class":"0x7ffe490a67f8", "imemo_type":"ment", "memsize":48, "flags":{"wb_protected":true}}
{"address":"0x7ffe490a5790", "type":"IMEMO", "class":"0x7ffe490a67f8", "imemo_type":"ment", "memsize":48, "flags":{"wb_protected":true}}
{"address":"0x7ffe490a57b8", "type":"STRING", "class":"0x7ffe490be858", "frozen":true, "embedded":true, "fstring":true, "bytesize":6, "value":"rassoc", "encoding":"US-ASCII", "memsize":40, "flags":{"wb_protected":true}}
{"address":"0x7ffe490a57e0", "type":"IMEMO", "class":"0x7ffe490a67f8", "imemo_type":"ment", "memsize":48, "flags":{"wb_protected":true}}
{"address":"0x7ffe490a5808", "type":"STRING", "class":"0x7ffe490be858", "frozen":true, "embedded":true, "fstring":true, "bytesize":5, "value":"assoc", "encoding":"US-ASCII", "memsize":40, "flags":{"wb_protected":true}}
{"address":"0x7ffe490a5830", "type":"IMEMO", "class":"0x7ffe490a67f8", "imemo_type":"ment", "memsize":48, "flags":{"wb_protected":true}}
{"address":"0x7ffe490a5858", "type":"IMEMO", "class":"0x7ffe490a67f8", "imemo_type":"ment", "memsize":48, "flags":{"wb_protected":true}}
{"address":"0x7ffe490a5880", "type":"IMEMO", "class":"0x7ffe490a67f8", "imemo_type":"ment", "memsize":48, "flags":{"wb_protected":true}}
{"address":"0x7ffe490a58a8", "type":"IMEMO", "class":"0x7ffe490a67f8", "imemo_type":"ment", "memsize":48, "flags":{"wb_protected":true}}
{"address":"0x7ffe490a58d0", "type":"IMEMO", "class":"0x7ffe490a67f8", "imemo_type":"ment", "memsize":48, "flags":{"wb_protected":true}}
{"address":"0x7ffe490a58f8", "type":"STRING", "class":"0x7ffe490be858", "frozen":true, "embedded":true, "fstring":true, "bytesize":4, "value":"fill", "encoding":"US-ASCII", "memsize":40, "flags":{"wb_protected":true}}
{"address":"0x7ffe490a5920", "type":"IMEMO", "class":"0x7ffe490a67f8", "imemo_type":"ment", "memsize":48, "flags":{"wb_protected":true}}
{"address":"0x7ffe490a5948", "type":"IMEMO", "class":"0x7ffe490a67f8", "imemo_type":"ment", "memsize":48, "flags":{"wb_protected":true}}
{"address":"0x7ffe490a5970", "type":"IMEMO", "class":"0x7ffe490a67f8", "imemo_type":"ment", "memsize":48, "flags":{"wb_protected":true}}
{"address":"0x7ffe490a5998", "type":"STRING", "class":"0x7ffe490be858", "frozen":true, "embedded":true, "fstring":true, "bytesize":9, "value":"transpose", "encoding":"US-ASCII", "memsize":40, "flags":{"wb_protected":true}}
{"address":"0x7ffe490a59c0", "type":"IMEMO", "class":"0x7ffe490a67f8", "imemo_type":"ment", "memsize":48, "flags":{"wb_protected":true}}
{"address":"0x7ffe490a59e8", "type":"IMEMO", "class":"0x7ffe490a67f8", "imemo_type":"ment", "memsize":48, "flags":{"wb_protected":true}}
{"address":"0x7ffe490a5a10", "type":"STRING", "class":"0x7ffe490be858", "frozen":true, "embedded":true, "fstring":true, "bytesize":7, "value":"reject!", "encoding":"US-ASCII", "memsize":40, "flags":{"wb_protected":true}}
{"address":"0x7ffe490a5a38", "type":"IMEMO", "class":"0x7ffe490a67f8", "imemo_type":"ment", "memsize":48, "flags":{"wb_protected":true}}
{"address":"0x7ffe490a5a60", "type":"IMEMO", "class":"0x7ffe490a67f8", "imemo_type":"ment", "memsize":48, "flags":{"wb_protected":true}}
{"address":"0x7ffe490a5a88", "type":"STRING", "class":"0x7ffe490be858", "frozen":true, "embedded":true, "fstring":true, "bytesize":9, "value":"delete_if", "encoding":"US-ASCII", "memsize":40, "flags":{"wb_protected":true}}
{"address":"0x7ffe490a5ab0", "type":"IMEMO", "class":"0x7ffe490a67f8", "imemo_type":"ment", "memsize":48, "flags":{"wb_protected":true}}
{"address":"0x7ffe490a5ad8", "type":"STRING", "class":"0x7ffe490be858", "frozen":true, "embedded":true, "fstring":true, "bytesize":9, "value":"delete_at", "encoding":"US-ASCII", "memsize":40, "flags":{"wb_protected":true}}
{"address":"0x7ffe490a5b00", "type":"IMEMO", "class":"0x7ffe490a67f8", "imemo_type":"ment", "memsize":48, "flags":{"wb_protected":true}}
{"address":"0x7ffe490a5b28", "type":"IMEMO", "class":"0x7ffe490a67f8", "imemo_type":"ment", "memsize":48, "flags":{"wb_protected":true}}
{"address":"0x7ffe490a5b50", "type":"STRING", "class":"0x7ffe490be858", "frozen":true, "embedded":true, "fstring":true, "bytesize":9, "value":"values_at", "encoding":"US-ASCII", "memsize":40, "flags":{"wb_protected":true}}
{"address":"0x7ffe490a5b78", "type":"IMEMO", "class":"0x7ffe490a67f8", "imemo_type":"ment", "memsize":48, "flags":{"wb_protected":true}}
{"address":"0x7ffe490a5ba0", "type":"STRING", "class":"0x7ffe490be858", "frozen":true, "embedded":true, "fstring":true, "bytesize":7, "value":"keep_if", "encoding":"US-ASCII", "memsize":40, "flags":{"wb_protected":true}}
{"address":"0x7ffe490a5bc8", "type":"IMEMO", "class":"0x7ffe490a67f8", "imemo_type":"ment", "memsize":48, "flags":{"wb_protected":true}}
{"address":"0x7ffe490a5bf0", "type":"STRING", "class":"0x7ffe490be858", "frozen":true, "embedded":true, "fstring":true, "bytesize":7, "value":"filter!", "encoding":"US-ASCII", "memsize":40, "flags":{"wb_protected":true}}
{"address":"0x7ffe490a5c18", "type":"IMEMO", "class":"0x7ffe490a67f8", "imemo_type":"ment", "memsize":48, "flags":{"wb_protected":true}}
{"address":"0x7ffe490a5c40", "type":"IMEMO", "class":"0x7ffe490a67f8", "imemo_type":"ment", "memsize":48, "flags":{"wb_protected":true}}
{"address":"0x7ffe490a5c68", "type":"STRING", "class":"0x7ffe490be858", "frozen":true, "embedded":true, "fstring":true, "bytesize":7, "value":"select!", "encoding":"US-ASCII", "memsize":40, "flags":{"wb_protected":true}}
{"address":"0x7ffe490a5c90", "type":"IMEMO", "class":"0x7ffe490a67f8", "imemo_type":"ment", "memsize":48, "flags":{"wb_protected":true}}
{"address":"0x7ffe490a5cb8", "type":"IMEMO", "class":"0x7ffe490a67f8", "imemo_type":"ment", "memsize":48, "flags":{"wb_protected":true}}
{"address":"0x7ffe490a5ce0", "type":"STRING", "class":"0x7ffe490be858", "frozen":true, "embedded":true, "fstring":true, "bytesize":4, "value":"map!", "encoding":"US-ASCII", "memsize":40, "flags":{"wb_protected":true}}
{"address":"0x7ffe490a5d08", "type":"IMEMO", "class":"0x7ffe490a67f8", "imemo_type":"ment", "memsize":48, "flags":{"wb_protected":true}}
{"address":"0x7ffe490a5d30", "type":"IMEMO", "class":"0x7ffe490a67f8", "imemo_type":"ment", "memsize":48, "flags":{"wb_protected":true}}
{"address":"0x7ffe490a5d58", "type":"STRING", "class":"0x7ffe490be858", "frozen":true, "embedded":true, "fstring":true, "bytesize":8, "value":"collect!", "encoding":"US-ASCII", "memsize":40, "flags":{"wb_protected":true}}
{"address":"0x7ffe490a5d80", "type":"IMEMO", "class":"0x7ffe490a67f8", "imemo_type":"ment", "memsize":48, "flags":{"wb_protected":true}}
{"address":"0x7ffe490a5da8", "type":"IMEMO", "class":"0x7ffe490a67f8", "imemo_type":"ment", "memsize":48, "flags":{"wb_protected":true}}
{"address":"0x7ffe490a5dd0", "type":"STRING", "class":"0x7ffe490be858", "frozen":true, "embedded":true, "fstring":true, "bytesize":8, "value":"sort_by!", "encoding":"US-ASCII", "memsize":40, "flags":{"wb_protected":true}}
{"address":"0x7ffe490a5df8", "type":"IMEMO", "class":"0x7ffe490a67f8", "imemo_type":"ment", "memsize":48, "flags":{"wb_protected":true}}
{"address":"0x7ffe490a5e20", "type":"STRING", "class":"0x7ffe490be858", "frozen":true, "embedded":true, "fstring":true, "bytesize":5, "value":"sort!", "encoding":"US-ASCII", "memsize":40, "flags":{"wb_protected":true}}
{"address":"0x7ffe490a5e48", "type":"IMEMO", "class":"0x7ffe490a67f8", "imemo_type":"ment", "memsize":48, "flags":{"wb_protected":true}}
{"address":"0x7ffe490a5e70", "type":"IMEMO", "class":"0x7ffe490a67f8", "imemo_type":"ment", "memsize":48, "flags":{"wb_protected":true}}
{"address":"0x7ffe490a5e98", "type":"STRING", "class":"0x7ffe490be858", "frozen":true, "embedded":true, "fstring":true, "bytesize":7, "value":"rotate!", "encoding":"US-ASCII", "memsize":40, "flags":{"wb_protected":true}}
{"address":"0x7ffe490a5ec0", "type":"IMEMO", "class":"0x7ffe490a67f8", "imemo_type":"ment", "memsize":48, "flags":{"wb_protected":true}}
{"address":"0x7ffe490a5ee8", "type":"STRING", "class":"0x7ffe490be858", "frozen":true, "embedded":true, "fstring":true, "bytesize":6, "value":"rotate", "encoding":"US-ASCII", "memsize":40, "flags":{"wb_protected":true}}
{"address":"0x7ffe490a5f10", "type":"IMEMO", "class":"0x7ffe490a67f8", "imemo_type":"ment", "memsize":48, "flags":{"wb_protected":true}}
{"address":"0x7ffe490a5f38", "type":"IMEMO", "class":"0x7ffe490a67f8", "imemo_type":"ment", "memsize":48, "flags":{"wb_protected":true}}
{"address":"0x7ffe490a5f60", "type":"IMEMO", "class":"0x7ffe490a67f8", "imemo_type":"ment", "memsize":48, "flags":{"wb_protected":true}}
{"address":"0x7ffe490a5f88", "type":"STRING", "class":"0x7ffe490be858", "frozen":true, "embedded":true, "fstring":true, "bytesize":4, "value":"join", "encoding":"US-ASCII", "memsize":40, "flags":{"wb_protected":true}}
{"address":"0x7ffe490a5fb0", "type":"IMEMO", "class":"0x7ffe490a67f8", "imemo_type":"ment", "memsize":48, "flags":{"wb_protected":true}}
{"address":"0x7ffe490a5fd8", "type":"IMEMO", "class":"0x7ffe490a67f8", "imemo_type":"ment", "memsize":48, "flags":{"wb_protected":true}}
{"address":"0x7ffe490a6000", "type":"IMEMO", "class":"0x7ffe490a67f8", "imemo_type":"ment", "memsize":48, "flags":{"wb_protected":true}}
{"address":"0x7ffe490a6028", "type":"IMEMO", "class":"0x7ffe490a67f8", "imemo_type":"ment", "memsize":48, "flags":{"wb_protected":true}}
{"address":"0x7ffe490a6050", "type":"IMEMO", "class":"0x7ffe490a67f8", "imemo_type":"ment", "memsize":48, "flags":{"wb_protected":true}}
{"address":"0x7ffe490a6078", "type":"IMEMO", "class":"0x7ffe490a67f8", "imemo_type":"ment", "memsize":48, "flags":{"wb_protected":true}}
{"address":"0x7ffe490a60a0", "type":"IMEMO", "class":"0x7ffe490a67f8", "imemo_type":"ment", "memsize":48, "flags":{"wb_protected":true}}
{"address":"0x7ffe490a60c8", "type":"IMEMO", "class":"0x7ffe490a67f8", "imemo_type":"ment", "memsize":48, "flags":{"wb_protected":true}}
{"address":"0x7ffe490a60f0", "type":"STRING", "class":"0x7ffe490be858", "frozen":true, "embedded":true, "fstring":true, "bytesize":10, "value":"each_index", "encoding":"US-ASCII", "memsize":40, "flags":{"wb_protected":true}}
{"address":"0x7ffe490a6118", "type":"IMEMO", "class":"0x7ffe490a67f8", "imemo_type":"ment", "memsize":48, "flags":{"wb_protected":true}}
{"address":"0x7ffe490a6140", "type":"IMEMO", "class":"0x7ffe490a67f8", "imemo_type":"ment", "memsize":48, "flags":{"wb_protected":true}}
{"address":"0x7ffe490a6168", "type":"IMEMO", "class":"0x7ffe490a67f8", "imemo_type":"ment", "memsize":48, "flags":{"wb_protected":true}}
{"address":"0x7ffe490a6190", "type":"IMEMO", "class":"0x7ffe490a67f8", "imemo_type":"ment", "memsize":48, "flags":{"wb_protected":true}}
{"address":"0x7ffe490a61b8", "type":"STRING", "class":"0x7ffe490be858", "frozen":true, "embedded":true, "fstring":true, "bytesize":7, "value":"unshift", "encoding":"US-ASCII", "memsize":40, "flags":{"wb_protected":true}}
{"address":"0x7ffe490a61e0", "type":"IMEMO", "class":"0x7ffe490a67f8", "imemo_type":"ment", "memsize":48, "flags":{"wb_protected":true}}
{"address":"0x7ffe490a6208", "type":"STRING", "class":"0x7ffe490be858", "frozen":true, "embedded":true, "fstring":true, "bytesize":5, "value":"shift", "encoding":"US-ASCII", "memsize":40, "flags":{"wb_protected":true}}
{"address":"0x7ffe490a6230", "type":"IMEMO", "class":"0x7ffe490a67f8", "imemo_type":"ment", "memsize":48, "flags":{"wb_protected":true}}
{"address":"0x7ffe490a6258", "type":"STRING", "class":"0x7ffe490be858", "frozen":true, "embedded":true, "fstring":true, "bytesize":3, "value":"pop", "encoding":"US-ASCII", "memsize":40, "flags":{"wb_protected":true}}
{"address":"0x7ffe490a6280", "type":"IMEMO", "class":"0x7ffe490a67f8", "imemo_type":"ment", "memsize":48, "flags":{"wb_protected":true}}
{"address":"0x7ffe490a62a8", "type":"STRING", "class":"0x7ffe490be858", "frozen":true, "embedded":true, "fstring":true, "bytesize":6, "value":"append", "encoding":"US-ASCII", "memsize":40, "flags":{"wb_protected":true}}
{"address":"0x7ffe490a62d0", "type":"IMEMO", "class":"0x7ffe490a67f8", "imemo_type":"ment", "memsize":48, "flags":{"wb_protected":true}}
{"address":"0x7ffe490a62f8", "type":"STRING", "class":"0x7ffe490be858", "frozen":true, "embedded":true, "fstring":true, "bytesize":4, "value":"push", "encoding":"US-ASCII", "memsize":40, "flags":{"wb_protected":true}}
{"address":"0x7ffe490a6320", "type":"IMEMO", "class":"0x7ffe490a67f8", "imemo_type":"ment", "memsize":48, "flags":{"wb_protected":true}}
{"address":"0x7ffe490a6348", "type":"IMEMO", "class":"0x7ffe490a67f8", "imemo_type":"ment", "memsize":48, "flags":{"wb_protected":true}}
{"address":"0x7ffe490a6370", "type":"STRING", "class":"0x7ffe490be858", "frozen":true, "embedded":true, "fstring":true, "bytesize":12, "value":"intersection", "encoding":"US-ASCII", "memsize":40, "flags":{"wb_protected":true}}
{"address":"0x7ffe490a6398", "type":"IMEMO", "class":"0x7ffe490a67f8", "imemo_type":"ment", "memsize":48, "flags":{"wb_protected":true}}
{"address":"0x7ffe490a63c0", "type":"STRING", "class":"0x7ffe490be858", "frozen":true, "embedded":true, "fstring":true, "bytesize":10, "value":"difference", "encoding":"US-ASCII", "memsize":40, "flags":{"wb_protected":true}}
{"address":"0x7ffe490a63e8", "type":"IMEMO", "class":"0x7ffe490a67f8", "imemo_type":"ment", "memsize":48, "flags":{"wb_protected":true}}
{"address":"0x7ffe490a6410", "type":"STRING", "class":"0x7ffe490be858", "frozen":true, "embedded":true, "fstring":true, "bytesize":5, "value":"union", "encoding":"US-ASCII", "memsize":40, "flags":{"wb_protected":true}}
{"address":"0x7ffe490a6438", "type":"IMEMO", "class":"0x7ffe490a67f8", "imemo_type":"ment", "memsize":48, "flags":{"wb_protected":true}}
{"address":"0x7ffe490a6460", "type":"IMEMO", "class":"0x7ffe490a67f8", "imemo_type":"ment", "memsize":48, "flags":{"wb_protected":true}}
{"address":"0x7ffe490a6488", "type":"STRING", "class":"0x7ffe490be858", "frozen":true, "embedded":true, "fstring":true, "bytesize":4, "value":"last", "encoding":"US-ASCII", "memsize":40, "flags":{"wb_protected":true}}
{"address":"0x7ffe490a64b0", "type":"IMEMO", "class":"0x7ffe490a67f8", "imemo_type":"ment", "memsize":48, "flags":{"wb_protected":true}}
{"address":"0x7ffe490a64d8", "type":"IMEMO", "class":"0x7ffe490a67f8", "imemo_type":"ment", "memsize":48, "flags":{"wb_protected":true}}
{"address":"0x7ffe490a6500", "type":"STRING", "class":"0x7ffe490be858", "frozen":true, "embedded":true, "fstring":true, "bytesize":5, "value":"fetch", "encoding":"US-ASCII", "memsize":40, "flags":{"wb_protected":true}}
{"address":"0x7ffe490a6528", "type":"IMEMO", "class":"0x7ffe490a67f8", "imemo_type":"ment", "memsize":48, "flags":{"wb_protected":true}}
{"address":"0x7ffe490a6550", "type":"STRING", "class":"0x7ffe490be858", "frozen":true, "embedded":true, "fstring":true, "bytesize":2, "value":"at", "encoding":"US-ASCII", "memsize":40, "flags":{"wb_protected":true}}
{"address":"0x7ffe490a6578", "type":"IMEMO", "class":"0x7ffe490a67f8", "imemo_type":"ment", "memsize":48, "flags":{"wb_protected":true}}
{"address":"0x7ffe490a65a0", "type":"IMEMO", "class":"0x7ffe490a67f8", "imemo_type":"ment", "memsize":48, "flags":{"wb_protected":true}}
{"address":"0x7ffe490a65c8", "type":"IMEMO", "class":"0x7ffe490a67f8", "imemo_type":"ment", "memsize":48, "flags":{"wb_protected":true}}
{"address":"0x7ffe490a65f0", "type":"IMEMO", "class":"0x7ffe490a67f8", "imemo_type":"ment", "memsize":48, "flags":{"wb_protected":true}}
{"address":"0x7ffe490a6618", "type":"IMEMO", "class":"0x7ffe490a67f8", "imemo_type":"ment", "memsize":48, "flags":{"wb_protected":true}}
{"address":"0x7ffe490a6640", "type":"IMEMO", "class":"0x7ffe490a67f8", "imemo_type":"ment", "memsize":48, "flags":{"wb_protected":true}}
{"address":"0x7ffe490a6668", "type":"IMEMO", "class":"0x7ffe490a67f8", "imemo_type":"ment", "memsize":48, "flags":{"wb_protected":true}}
{"address":"0x7ffe490a6690", "type":"IMEMO", "class":"0x7ffe490a67f8", "imemo_type":"ment", "memsize":48, "flags":{"wb_protected":true}}
{"address":"0x7ffe490a66b8", "type":"IMEMO", "class":"0x7ffe490a67f8", "imemo_type":"ment", "memsize":48, "flags":{"wb_protected":true}}
{"address":"0x7ffe490a66e0", "type":"IMEMO", "class":"0x7ffe490a67f8", "imemo_type":"ment", "memsize":48, "flags":{"wb_protected":true}}
{"address":"0x7ffe490a6708", "type":"IMEMO", "class":"0x7ffe490a67f8", "imemo_type":"ment", "memsize":48, "flags":{"wb_protected":true}}
{"address":"0x7ffe490a6730", "type":"IMEMO", "class":"0x7ffe490a67f8", "imemo_type":"ment", "memsize":48, "flags":{"wb_protected":true}}
{"address":"0x7ffe490a6758", "type":"IMEMO", "class":"0x7ffe490a67d0", "imemo_type":"ment", "memsize":48, "flags":{"wb_protected":true}}
{"address":"0x7ffe490a6780", "type":"IMEMO", "class":"0x7ffe490a67d0", "imemo_type":"ment", "memsize":48, "flags":{"wb_protected":true}}
{"address":"0x7ffe490a67a8", "type":"ICLASS", "class":"0x7ffe490bf988", "references":["0x7ffe490c68a0"], "memsize":40, "flags":{"wb_protected":true}}
{"address":"0x7ffe490a67d0", "type":"CLASS", "class":"0x7ffe490c5770", "references":["0x7ffe490c5720", "0x7ffe490a6780", "0x7ffe490a6758", "0x7ffe490c6468", "0x7ffe490a67f8"], "memsize":648, "flags":{"wb_protected":true}}
{"address":"0x7ffe490a67f8", "type":"CLASS", "class":"0x7ffe490a67d0", "name":"Array", "references":["0x7ffe490a67a8", "0x7ffe490a6668", "0x7ffe490a58a8", "0x7ffe490a56f0", "0x7ffe490a6528", "0x7ffe490a64d8", "0x7ffe490a6460", "0x7ffe490a63e8", "0x7ffe490a6398", "0x7ffe490a6348", "0x7ffe490a62d0", "0x7ffe490a6280", "0x7ffe490a6230", "0x7ffe490a61e0", "0x7ffe490a6190", "0x7ffe490a60c8", "0x7ffe490a5f60", "0x7ffe490a5ec0", "0x7ffe490a5e70", "0x7ffe490a5df8", "0x7ffe490a5da8", "0x7ffe490a5d30", "0x7ffe490a5cb8", "0x7ffe490a5c40", "0x7ffe490a5bc8", "0x7ffe490a5b78", "0x7ffe490a5b28", "0x7ffe490a5ab0", "0x7ffe490a5a60", "0x7ffe490a59e8", "0x7ffe490a5970", "0x7ffe490a58d0", "0x7ffe490a57e0", "0x7ffe490a5790", "0x7ffe490a55d8", "0x7ffe490a5588", "0x7ffe490a5768", "0x7ffe490a5538", "0x7ffe490a5718", "0x7ffe490a5498", "0x7ffe490a54e8", "0x7ffe490a53a8", "0x7ffe490a53f8", "0x7ffe490a5740", "0x7ffe490a5358", "0x7ffe490a5308", "0x7ffe490a52b8", "0x7ffe490a51c8", "0x7ffe490a5e48", "0x7ffe490a5038", "0x7ffe490a5178", "0x7ffe490a5470", "0x7ffe490a6000", "0x7ffe490a5c90", "0x7ffe490a5c18", "0x7ffe490a5a38", "0x7ffe490a5d80", "0x7ffe490a5d08", "0x7ffe490a64b0", "0x7ffe490a5128", "0x7ffe490a5150", "0x7ffe490a50d8", "0x7ffe490a5100", "0x7ffe490a5650", "0x7ffe490a60a0", "0x7ffe490a59c0", "0x7ffe490a5290", "0x7ffe490a5268", "0x7ffe490a5240", "0x7ffe490a56c8", "0x7ffe490a5448", "0x7ffe490a5218", "0x7ffe490a5088", "0x7ffe490a5628", "0x7ffe490a5880", "0x7ffe490a6320", "0x7ffe490a6140", "0x7ffe490a6618", "0x7ffe490a5fd8", "0x7ffe490a65a0", "0x7ffe490a6578", "0x7ffe490a5948", "0x7ffe490a5fb0", "0x7ffe490a5920", "0x7ffe490a6028", "0x7ffe490a65f0", "0x7ffe490a56a0", "0x7ffe490a5678", "0x7ffe490a66e0", "0x7ffe490a5f38", "0x7ffe490a5f10", "0x7ffe490a6438", "0x7ffe490a6168", "0x7ffe490a6078", "0x7ffe490a6050", "0x7ffe490a6118", "0x7ffe490a6730", "0x7ffe490a6708", "0x7ffe490a6640", "0x7ffe490a6690", "0x7ffe490a66b8", "0x7ffe490a5b00", "0x7ffe490a5858", "0x7ffe490a5830", "0x7ffe4904f7f0", "0x7ffe4904ec10", "0x7ffe4904ebe8", "0x7ffe4904ebc0", "0x7ffe490a50b0", "0x7ffe490a65c8", "0x7ffe490c58d8"], "memsize":4568, "flags":{"wb_protected":true}}
{"address":"0x7ffe490a6820", "type":"STRING", "class":"0x7ffe490be858", "frozen":true, "embedded":true, "fstring":true, "bytesize":6, "value":"EXFULL", "encoding":"US-ASCII", "memsize":40, "flags":{"wb_protected":true}}
{"address":"0x7ffe490a6848", "type":"STRING", "class":"0x7ffe490be858", "frozen":true, "embedded":true, "bytesize":12, "value":"Errno::EXDEV", "encoding":"US-ASCII", "memsize":40, "flags":{"wb_protected":true}}
{"address":"0x7ffe490a6870", "type":"CLASS", "class":"0x7ffe490c5770", "references":["0x7ffe490b6a40", "0x7ffe490a6898"], "memsize":472, "flags":{"wb_protected":true}}
{"address":"0x7ffe490a6898", "type":"CLASS", "class":"0x7ffe490a6870", "name":"Errno::EXDEV", "references":["0x7ffe490b6a68", "0x7ffe490a6848"], "memsize":560, "flags":{"wb_protected":true}}
{"address":"0x7ffe490a68c0", "type":"STRING", "class":"0x7ffe490be858", "frozen":true, "embedded":true, "fstring":true, "bytesize":5, "value":"EXDEV", "encoding":"US-ASCII", "memsize":40, "flags":{"wb_protected":true}}
{"address":"0x7ffe490a68e8", "type":"STRING", "class":"0x7ffe490be858", "frozen":true, "embedded":true, "fstring":true, "bytesize":11, "value":"EWOULDBLOCK", "encoding":"US-ASCII", "memsize":40, "flags":{"wb_protected":true}}
{"address":"0x7ffe490a6910", "type":"STRING", "class":"0x7ffe490be858", "frozen":true, "embedded":true, "bytesize":13, "value":"Errno::EUSERS", "encoding":"US-ASCII", "memsize":40, "flags":{"wb_protected":true}}
{"address":"0x7ffe490a6938", "type":"CLASS", "class":"0x7ffe490c5770", "references":["0x7ffe490b6a40", "0x7ffe490a6960"], "memsize":472, "flags":{"wb_protected":true}}
{"address":"0x7ffe490a6960", "type":"CLASS", "class":"0x7ffe490a6938", "name":"Errno::EUSERS", "references":["0x7ffe490b6a68", "0x7ffe490a6910"], "memsize":560, "flags":{"wb_protected":true}}
{"address":"0x7ffe490a6988", "type":"STRING", "class":"0x7ffe490be858", "frozen":true, "embedded":true, "fstring":true, "bytesize":6, "value":"EUSERS", "encoding":"US-ASCII", "memsize":40, "flags":{"wb_protected":true}}
{"address":"0x7ffe490a69b0", "type":"STRING", "class":"0x7ffe490be858", "frozen":true, "embedded":true, "fstring":true, "bytesize":7, "value":"EUNATCH", "encoding":"US-ASCII", "memsize":40, "flags":{"wb_protected":true}}
{"address":"0x7ffe490a69d8", "type":"STRING", "class":"0x7ffe490be858", "frozen":true, "embedded":true, "fstring":true, "bytesize":7, "value":"EUCLEAN", "encoding":"US-ASCII", "memsize":40, "flags":{"wb_protected":true}}
{"address":"0x7ffe490a6a00", "type":"STRING", "class":"0x7ffe490be858", "frozen":true, "embedded":true, "bytesize":14, "value":"Errno::ETXTBSY", "encoding":"US-ASCII", "memsize":40, "flags":{"wb_protected":true}}
{"address":"0x7ffe490a6a28", "type":"CLASS", "class":"0x7ffe490c5770", "references":["0x7ffe490b6a40", "0x7ffe490a6a50"], "memsize":472, "flags":{"wb_protected":true}}
{"address":"0x7ffe490a6a50", "type":"CLASS", "class":"0x7ffe490a6a28", "name":"Errno::ETXTBSY", "references":["0x7ffe490b6a68", "0x7ffe490a6a00"], "memsize":560, "flags":{"wb_protected":true}}
{"address":"0x7ffe490a6a78", "type":"STRING", "class":"0x7ffe490be858", "frozen":true, "embedded":true, "fstring":true, "bytesize":7, "value":"ETXTBSY", "encoding":"US-ASCII", "memsize":40, "flags":{"wb_protected":true}}
{"address":"0x7ffe490a6aa0", "type":"STRING", "class":"0x7ffe490be858", "frozen":true, "embedded":true, "bytesize":19, "value":"Errno::ETOOMANYREFS", "encoding":"US-ASCII", "memsize":40, "flags":{"wb_protected":true}}
{"address":"0x7ffe490a6ac8", "type":"CLASS", "class":"0x7ffe490c5770", "references":["0x7ffe490b6a40", "0x7ffe490a6af0"], "memsize":472, "flags":{"wb_protected":true}}
{"address":"0x7ffe490a6af0", "type":"CLASS", "class":"0x7ffe490a6ac8", "name":"Errno::ETOOMANYREFS", "references":["0x7ffe490b6a68", "0x7ffe490a6aa0"], "memsize":560, "flags":{"wb_protected":true}}
{"address":"0x7ffe490a6b18", "type":"STRING", "class":"0x7ffe490be858", "frozen":true, "embedded":true, "fstring":true, "bytesize":12, "value":"ETOOMANYREFS", "encoding":"US-ASCII", "memsize":40, "flags":{"wb_protected":true}}
{"address":"0x7ffe490a6b40", "type":"STRING", "class":"0x7ffe490be858", "frozen":true, "embedded":true, "bytesize":16, "value":"Errno::ETIMEDOUT", "encoding":"US-ASCII", "memsize":40, "flags":{"wb_protected":true}}
{"address":"0x7ffe490a6b68", "type":"CLASS", "class":"0x7ffe490c5770", "references":["0x7ffe490b6a40", "0x7ffe490a6b90"], "memsize":472, "flags":{"wb_protected":true}}
{"address":"0x7ffe490a6b90", "type":"CLASS", "class":"0x7ffe490a6b68", "name":"Errno::ETIMEDOUT", "references":["0x7ffe490b6a68", "0x7ffe490a6b40"], "memsize":560, "flags":{"wb_protected":true}}
{"address":"0x7ffe490a6bb8", "type":"STRING", "class":"0x7ffe490be858", "frozen":true, "embedded":true, "fstring":true, "bytesize":9, "value":"ETIMEDOUT", "encoding":"US-ASCII", "memsize":40, "flags":{"wb_protected":true}}
{"address":"0x7ffe490a6be0", "type":"STRING", "class":"0x7ffe490be858", "frozen":true, "embedded":true, "bytesize":12, "value":"Errno::ETIME", "encoding":"US-ASCII", "memsize":40, "flags":{"wb_protected":true}}
{"address":"0x7ffe490a6c08", "type":"CLASS", "class":"0x7ffe490c5770", "references":["0x7ffe490b6a40", "0x7ffe490a6c30"], "memsize":472, "flags":{"wb_protected":true}}
{"address":"0x7ffe490a6c30", "type":"CLASS", "class":"0x7ffe490a6c08", "name":"Errno::ETIME", "references":["0x7ffe490b6a68", "0x7ffe490a6be0"], "memsize":560, "flags":{"wb_protected":true}}
{"address":"0x7ffe490a6c58", "type":"STRING", "class":"0x7ffe490be858", "frozen":true, "embedded":true, "fstring":true, "bytesize":5, "value":"ETIME", "encoding":"US-ASCII", "memsize":40, "flags":{"wb_protected":true}}
{"address":"0x7ffe490a6c80", "type":"STRING", "class":"0x7ffe490be858", "frozen":true, "embedded":true, "fstring":true, "bytesize":8, "value":"ESTRPIPE", "encoding":"US-ASCII", "memsize":40, "flags":{"wb_protected":true}}
{"address":"0x7ffe490a6ca8", "type":"STRING", "class":"0x7ffe490be858", "frozen":true, "embedded":true, "bytesize":13, "value":"Errno::ESTALE", "encoding":"US-ASCII", "memsize":40, "flags":{"wb_protected":true}}
{"address":"0x7ffe490a6cd0", "type":"CLASS", "class":"0x7ffe490c5770", "references":["0x7ffe490b6a40", "0x7ffe490a6cf8"], "memsize":472, "flags":{"wb_protected":true}}
{"address":"0x7ffe490a6cf8", "type":"CLASS", "class":"0x7ffe490a6cd0", "name":"Errno::ESTALE", "references":["0x7ffe490b6a68", "0x7ffe490a6ca8"], "memsize":560, "flags":{"wb_protected":true}}
{"address":"0x7ffe490a6d20", "type":"STRING", "class":"0x7ffe490be858", "frozen":true, "embedded":true, "fstring":true, "bytesize":6, "value":"ESTALE", "encoding":"US-ASCII", "memsize":40, "flags":{"wb_protected":true}}
{"address":"0x7ffe490a6d48", "type":"STRING", "class":"0x7ffe490be858", "frozen":true, "embedded":true, "fstring":true, "bytesize":6, "value":"ESRMNT", "encoding":"US-ASCII", "memsize":40, "flags":{"wb_protected":true}}
{"address":"0x7ffe490a6d70", "type":"STRING", "class":"0x7ffe490be858", "frozen":true, "embedded":true, "bytesize":12, "value":"Errno::ESRCH", "encoding":"US-ASCII", "memsize":40, "flags":{"wb_protected":true}}
{"address":"0x7ffe490a6d98", "type":"CLASS", "class":"0x7ffe490c5770", "references":["0x7ffe490b6a40", "0x7ffe490a6dc0"], "memsize":472, "flags":{"wb_protected":true}}
{"address":"0x7ffe490a6dc0", "type":"CLASS", "class":"0x7ffe490a6d98", "name":"Errno::ESRCH", "references":["0x7ffe490b6a68", "0x7ffe490a6d70"], "memsize":560, "flags":{"wb_protected":true}}
{"address":"0x7ffe490a6de8", "type":"STRING", "class":"0x7ffe490be858", "frozen":true, "embedded":true, "fstring":true, "bytesize":5, "value":"ESRCH", "encoding":"US-ASCII", "memsize":40, "flags":{"wb_protected":true}}
{"address":"0x7ffe490a6e10", "type":"STRING", "class":"0x7ffe490be858", "frozen":true, "embedded":true, "bytesize":13, "value":"Errno::ESPIPE", "encoding":"US-ASCII", "memsize":40, "flags":{"wb_protected":true}}
{"address":"0x7ffe490a6e38", "type":"CLASS", "class":"0x7ffe490c5770", "references":["0x7ffe490b6a40", "0x7ffe490a6e60"], "memsize":472, "flags":{"wb_protected":true}}
{"address":"0x7ffe490a6e60", "type":"CLASS", "class":"0x7ffe490a6e38", "name":"Errno::ESPIPE", "references":["0x7ffe490b6a68", "0x7ffe490a6e10"], "memsize":560, "flags":{"wb_protected":true}}
{"address":"0x7ffe490a6e88", "type":"STRING", "class":"0x7ffe490be858", "frozen":true, "embedded":true, "fstring":true, "bytesize":6, "value":"ESPIPE", "encoding":"US-ASCII", "memsize":40, "flags":{"wb_protected":true}}
{"address":"0x7ffe490a6eb0", "type":"STRING", "class":"0x7ffe490be858", "frozen":true, "embedded":true, "bytesize":22, "value":"Errno::ESOCKTNOSUPPORT", "encoding":"US-ASCII", "memsize":40, "flags":{"wb_protected":true}}
{"address":"0x7ffe490a6ed8", "type":"CLASS", "class":"0x7ffe490c5770", "references":["0x7ffe490b6a40", "0x7ffe490a6f00"], "memsize":472, "flags":{"wb_protected":true}}
{"address":"0x7ffe490a6f00", "type":"CLASS", "class":"0x7ffe490a6ed8", "name":"Errno::ESOCKTNOSUPPORT", "references":["0x7ffe490b6a68", "0x7ffe490a6eb0"], "memsize":560, "flags":{"wb_protected":true}}
{"address":"0x7ffe490a6f28", "type":"STRING", "class":"0x7ffe490be858", "frozen":true, "embedded":true, "fstring":true, "bytesize":15, "value":"ESOCKTNOSUPPORT", "encoding":"US-ASCII", "memsize":40, "flags":{"wb_protected":true}}
{"address":"0x7ffe490a6f50", "type":"STRING", "class":"0x7ffe490be858", "frozen":true, "embedded":true, "bytesize":16, "value":"Errno::ESHUTDOWN", "encoding":"US-ASCII", "memsize":40, "flags":{"wb_protected":true}}
{"address":"0x7ffe490a6f78", "type":"CLASS", "class":"0x7ffe490c5770", "references":["0x7ffe490b6a40", "0x7ffe490a6fa0"], "memsize":472, "flags":{"wb_protected":true}}
{"address":"0x7ffe490a6fa0", "type":"CLASS", "class":"0x7ffe490a6f78", "name":"Errno::ESHUTDOWN", "references":["0x7ffe490b6a68", "0x7ffe490a6f50"], "memsize":560, "flags":{"wb_protected":true}}
{"address":"0x7ffe490a6fc8", "type":"STRING", "class":"0x7ffe490be858", "frozen":true, "embedded":true, "fstring":true, "bytesize":9, "value":"ESHUTDOWN", "encoding":"US-ASCII", "memsize":40, "flags":{"wb_protected":true}}
{"address":"0x7ffe490a6ff0", "type":"STRING", "class":"0x7ffe490be858", "frozen":true, "embedded":true, "bytesize":17, "value":"Errno::ESHLIBVERS", "encoding":"US-ASCII", "memsize":40, "flags":{"wb_protected":true}}
{"address":"0x7ffe490a7018", "type":"CLASS", "class":"0x7ffe490c5770", "references":["0x7ffe490b6a40", "0x7ffe490a7040"], "memsize":472, "flags":{"wb_protected":true}}
{"address":"0x7ffe490a7040", "type":"CLASS", "class":"0x7ffe490a7018", "name":"Errno::ESHLIBVERS", "references":["0x7ffe490b6a68", "0x7ffe490a6ff0"], "memsize":560, "flags":{"wb_protected":true}}
{"address":"0x7ffe490a7068", "type":"STRING", "class":"0x7ffe490be858", "frozen":true, "embedded":true, "fstring":true, "bytesize":10, "value":"ESHLIBVERS", "encoding":"US-ASCII", "memsize":40, "flags":{"wb_protected":true}}
{"address":"0x7ffe490a7090", "type":"STRING", "class":"0x7ffe490be858", "frozen":true, "embedded":true, "bytesize":19, "value":"Errno::ERPCMISMATCH", "encoding":"US-ASCII", "memsize":40, "flags":{"wb_protected":true}}
{"address":"0x7ffe490a70b8", "type":"CLASS", "class":"0x7ffe490c5770", "references":["0x7ffe490b6a40", "0x7ffe490a70e0"], "memsize":472, "flags":{"wb_protected":true}}
{"address":"0x7ffe490a70e0", "type":"CLASS", "class":"0x7ffe490a70b8", "name":"Errno::ERPCMISMATCH", "references":["0x7ffe490b6a68", "0x7ffe490a7090"], "memsize":560, "flags":{"wb_protected":true}}
{"address":"0x7ffe490a7108", "type":"STRING", "class":"0x7ffe490be858", "frozen":true, "embedded":true, "fstring":true, "bytesize":12, "value":"ERPCMISMATCH", "encoding":"US-ASCII", "memsize":40, "flags":{"wb_protected":true}}
{"address":"0x7ffe490a7130", "type":"STRING", "class":"0x7ffe490be858", "frozen":true, "embedded":true, "bytesize":12, "value":"Errno::EROFS", "encoding":"US-ASCII", "memsize":40, "flags":{"wb_protected":true}}
{"address":"0x7ffe490a7158", "type":"CLASS", "class":"0x7ffe490c5770", "references":["0x7ffe490b6a40", "0x7ffe490a7180"], "memsize":472, "flags":{"wb_protected":true}}
{"address":"0x7ffe490a7180", "type":"CLASS", "class":"0x7ffe490a7158", "name":"Errno::EROFS", "references":["0x7ffe490b6a68", "0x7ffe490a7130"], "memsize":560, "flags":{"wb_protected":true}}
{"address":"0x7ffe490a71a8", "type":"STRING", "class":"0x7ffe490be858", "frozen":true, "embedded":true, "fstring":true, "bytesize":5, "value":"EROFS", "encoding":"US-ASCII", "memsize":40, "flags":{"wb_protected":true}}
{"address":"0x7ffe490a71d0", "type":"STRING", "class":"0x7ffe490be858", "frozen":true, "embedded":true, "fstring":true, "bytesize":7, "value":"ERFKILL", "encoding":"US-ASCII", "memsize":40, "flags":{"wb_protected":true}}
{"address":"0x7ffe490a71f8", "type":"STRING", "class":"0x7ffe490be858", "frozen":true, "embedded":true, "fstring":true, "bytesize":8, "value":"ERESTART", "encoding":"US-ASCII", "memsize":40, "flags":{"wb_protected":true}}
{"address":"0x7ffe490a7220", "type":"STRING", "class":"0x7ffe490be858", "frozen":true, "embedded":true, "fstring":true, "bytesize":9, "value":"EREMOTEIO", "encoding":"US-ASCII", "memsize":40, "flags":{"wb_protected":true}}
{"address":"0x7ffe490a7248", "type":"STRING", "class":"0x7ffe490be858", "frozen":true, "embedded":true, "bytesize":14, "value":"Errno::EREMOTE", "encoding":"US-ASCII", "memsize":40, "flags":{"wb_protected":true}}
{"address":"0x7ffe490a7270", "type":"CLASS", "class":"0x7ffe490c5770", "references":["0x7ffe490b6a40", "0x7ffe490a7298"], "memsize":472, "flags":{"wb_protected":true}}
{"address":"0x7ffe490a7298", "type":"CLASS", "class":"0x7ffe490a7270", "name":"Errno::EREMOTE", "references":["0x7ffe490b6a68", "0x7ffe490a7248"], "memsize":560, "flags":{"wb_protected":true}}
{"address":"0x7ffe490a72c0", "type":"STRING", "class":"0x7ffe490be858", "frozen":true, "embedded":true, "fstring":true, "bytesize":7, "value":"EREMOTE", "encoding":"US-ASCII", "memsize":40, "flags":{"wb_protected":true}}
{"address":"0x7ffe490a72e8", "type":"STRING", "class":"0x7ffe490be858", "frozen":true, "embedded":true, "fstring":true, "bytesize":7, "value":"EREMCHG", "encoding":"US-ASCII", "memsize":40, "flags":{"wb_protected":true}}
{"address":"0x7ffe490a7310", "type":"STRING", "class":"0x7ffe490be858", "frozen":true, "embedded":true, "bytesize":13, "value":"Errno::ERANGE", "encoding":"US-ASCII", "memsize":40, "flags":{"wb_protected":true}}
{"address":"0x7ffe490a7338", "type":"CLASS", "class":"0x7ffe490c5770", "references":["0x7ffe490b6a40", "0x7ffe490a7360"], "memsize":472, "flags":{"wb_protected":true}}
{"address":"0x7ffe490a7360", "type":"CLASS", "class":"0x7ffe490a7338", "name":"Errno::ERANGE", "references":["0x7ffe490b6a68", "0x7ffe490a7310"], "memsize":560, "flags":{"wb_protected":true}}
{"address":"0x7ffe490a7388", "type":"STRING", "class":"0x7ffe490be858", "frozen":true, "embedded":true, "fstring":true, "bytesize":6, "value":"ERANGE", "encoding":"US-ASCII", "memsize":40, "flags":{"wb_protected":true}}
{"address":"0x7ffe490a73b0", "type":"STRING", "class":"0x7ffe490be858", "frozen":true, "embedded":true, "fstring":true, "bytesize":6, "value":"EQFULL", "encoding":"US-ASCII", "memsize":40, "flags":{"wb_protected":true}}
{"address":"0x7ffe490a73d8", "type":"STRING", "class":"0x7ffe490be858", "frozen":true, "embedded":true, "bytesize":14, "value":"Errno::EPWROFF", "encoding":"US-ASCII", "memsize":40, "flags":{"wb_protected":true}}
{"address":"0x7ffe490a7400", "type":"CLASS", "class":"0x7ffe490c5770", "references":["0x7ffe490b6a40", "0x7ffe490a7428"], "memsize":472, "flags":{"wb_protected":true}}
{"address":"0x7ffe490a7428", "type":"CLASS", "class":"0x7ffe490a7400", "name":"Errno::EPWROFF", "references":["0x7ffe490b6a68", "0x7ffe490a73d8"], "memsize":560, "flags":{"wb_protected":true}}
{"address":"0x7ffe490a7450", "type":"STRING", "class":"0x7ffe490be858", "frozen":true, "embedded":true, "fstring":true, "bytesize":7, "value":"EPWROFF", "encoding":"US-ASCII", "memsize":40, "flags":{"wb_protected":true}}
{"address":"0x7ffe490a7478", "type":"STRING", "class":"0x7ffe490be858", "frozen":true, "embedded":true, "bytesize":17, "value":"Errno::EPROTOTYPE", "encoding":"US-ASCII", "memsize":40, "flags":{"wb_protected":true}}
{"address":"0x7ffe490a74a0", "type":"CLASS", "class":"0x7ffe490c5770", "references":["0x7ffe490b6a40", "0x7ffe490a74c8"], "memsize":472, "flags":{"wb_protected":true}}
{"address":"0x7ffe490a74c8", "type":"CLASS", "class":"0x7ffe490a74a0", "name":"Errno::EPROTOTYPE", "references":["0x7ffe490b6a68", "0x7ffe490a7478"], "memsize":560, "flags":{"wb_protected":true}}
{"address":"0x7ffe490a74f0", "type":"STRING", "class":"0x7ffe490be858", "frozen":true, "embedded":true, "fstring":true, "bytesize":10, "value":"EPROTOTYPE", "encoding":"US-ASCII", "memsize":40, "flags":{"wb_protected":true}}
{"address":"0x7ffe490a7518", "type":"STRING", "class":"0x7ffe490be858", "frozen":true, "embedded":true, "bytesize":22, "value":"Errno::EPROTONOSUPPORT", "encoding":"US-ASCII", "memsize":40, "flags":{"wb_protected":true}}
{"address":"0x7ffe490a7540", "type":"CLASS", "class":"0x7ffe490c5770", "references":["0x7ffe490b6a40", "0x7ffe490a7568"], "memsize":472, "flags":{"wb_protected":true}}
{"address":"0x7ffe490a7568", "type":"CLASS", "class":"0x7ffe490a7540", "name":"Errno::EPROTONOSUPPORT", "references":["0x7ffe490b6a68", "0x7ffe490a7518"], "memsize":560, "flags":{"wb_protected":true}}
{"address":"0x7ffe490a7590", "type":"STRING", "class":"0x7ffe490be858", "frozen":true, "embedded":true, "fstring":true, "bytesize":15, "value":"EPROTONOSUPPORT", "encoding":"US-ASCII", "memsize":40, "flags":{"wb_protected":true}}
{"address":"0x7ffe490a75b8", "type":"STRING", "class":"0x7ffe490be858", "frozen":true, "embedded":true, "bytesize":13, "value":"Errno::EPROTO", "encoding":"US-ASCII", "memsize":40, "flags":{"wb_protected":true}}
{"address":"0x7ffe490a75e0", "type":"CLASS", "class":"0x7ffe490c5770", "references":["0x7ffe490b6a40", "0x7ffe490a7608"], "memsize":472, "flags":{"wb_protected":true}}
{"address":"0x7ffe490a7608", "type":"CLASS", "class":"0x7ffe490a75e0", "name":"Errno::EPROTO", "references":["0x7ffe490b6a68", "0x7ffe490a75b8"], "memsize":560, "flags":{"wb_protected":true}}
{"address":"0x7ffe490a7630", "type":"STRING", "class":"0x7ffe490be858", "frozen":true, "embedded":true, "fstring":true, "bytesize":6, "value":"EPROTO", "encoding":"US-ASCII", "memsize":40, "flags":{"wb_protected":true}}
{"address":"0x7ffe490a7658", "type":"STRING", "class":"0x7ffe490be858", "frozen":true, "embedded":true, "bytesize":19, "value":"Errno::EPROGUNAVAIL", "encoding":"US-ASCII", "memsize":40, "flags":{"wb_protected":true}}
{"address":"0x7ffe490a7680", "type":"CLASS", "class":"0x7ffe490c5770", "references":["0x7ffe490b6a40", "0x7ffe490a76a8"], "memsize":472, "flags":{"wb_protected":true}}
{"address":"0x7ffe490a76a8", "type":"CLASS", "class":"0x7ffe490a7680", "name":"Errno::EPROGUNAVAIL", "references":["0x7ffe490b6a68", "0x7ffe490a7658"], "memsize":560, "flags":{"wb_protected":true}}
{"address":"0x7ffe490a76d0", "type":"STRING", "class":"0x7ffe490be858", "frozen":true, "embedded":true, "fstring":true, "bytesize":12, "value":"EPROGUNAVAIL", "encoding":"US-ASCII", "memsize":40, "flags":{"wb_protected":true}}
{"address":"0x7ffe490a76f8", "type":"STRING", "class":"0x7ffe490be858", "frozen":true, "embedded":true, "bytesize":20, "value":"Errno::EPROGMISMATCH", "encoding":"US-ASCII", "memsize":40, "flags":{"wb_protected":true}}
{"address":"0x7ffe490a7720", "type":"CLASS", "class":"0x7ffe490c5770", "references":["0x7ffe490b6a40", "0x7ffe490a7748"], "memsize":472, "flags":{"wb_protected":true}}
{"address":"0x7ffe490a7748", "type":"CLASS", "class":"0x7ffe490a7720", "name":"Errno::EPROGMISMATCH", "references":["0x7ffe490b6a68", "0x7ffe490a76f8"], "memsize":560, "flags":{"wb_protected":true}}
{"address":"0x7ffe490a7770", "type":"STRING", "class":"0x7ffe490be858", "frozen":true, "embedded":true, "fstring":true, "bytesize":13, "value":"EPROGMISMATCH", "encoding":"US-ASCII", "memsize":40, "flags":{"wb_protected":true}}
{"address":"0x7ffe490a7798", "type":"STRING", "class":"0x7ffe490be858", "frozen":true, "embedded":true, "bytesize":19, "value":"Errno::EPROCUNAVAIL", "encoding":"US-ASCII", "memsize":40, "flags":{"wb_protected":true}}
{"address":"0x7ffe490a77c0", "type":"CLASS", "class":"0x7ffe490c5770", "references":["0x7ffe490b6a40", "0x7ffe490a77e8"], "memsize":472, "flags":{"wb_protected":true}}
{"address":"0x7ffe490a77e8", "type":"CLASS", "class":"0x7ffe490a77c0", "name":"Errno::EPROCUNAVAIL", "references":["0x7ffe490b6a68", "0x7ffe490a7798"], "memsize":560, "flags":{"wb_protected":true}}
{"address":"0x7ffe490a7810", "type":"STRING", "class":"0x7ffe490be858", "frozen":true, "embedded":true, "fstring":true, "bytesize":12, "value":"EPROCUNAVAIL", "encoding":"US-ASCII", "memsize":40, "flags":{"wb_protected":true}}
{"address":"0x7ffe490a7838", "type":"STRING", "class":"0x7ffe490be858", "frozen":true, "embedded":true, "bytesize":15, "value":"Errno::EPROCLIM", "encoding":"US-ASCII", "memsize":40, "flags":{"wb_protected":true}}
{"address":"0x7ffe490a7860", "type":"CLASS", "class":"0x7ffe490c5770", "references":["0x7ffe490b6a40", "0x7ffe490a7888"], "memsize":472, "flags":{"wb_protected":true}}
{"address":"0x7ffe490a7888", "type":"CLASS", "class":"0x7ffe490a7860", "name":"Errno::EPROCLIM", "references":["0x7ffe490b6a68", "0x7ffe490a7838"], "memsize":560, "flags":{"wb_protected":true}}
{"address":"0x7ffe490a78b0", "type":"STRING", "class":"0x7ffe490be858", "frozen":true, "embedded":true, "fstring":true, "bytesize":8, "value":"EPROCLIM", "encoding":"US-ASCII", "memsize":40, "flags":{"wb_protected":true}}
{"address":"0x7ffe490a78d8", "type":"STRING", "class":"0x7ffe490be858", "frozen":true, "embedded":true, "bytesize":12, "value":"Errno::EPIPE", "encoding":"US-ASCII", "memsize":40, "flags":{"wb_protected":true}}
{"address":"0x7ffe490a7900", "type":"CLASS", "class":"0x7ffe490c5770", "references":["0x7ffe490b6a40", "0x7ffe490a7928"], "memsize":472, "flags":{"wb_protected":true}}
{"address":"0x7ffe490a7928", "type":"CLASS", "class":"0x7ffe490a7900", "name":"Errno::EPIPE", "references":["0x7ffe490b6a68", "0x7ffe490a78d8"], "memsize":560, "flags":{"wb_protected":true}}
{"address":"0x7ffe490a7950", "type":"STRING", "class":"0x7ffe490be858", "frozen":true, "embedded":true, "fstring":true, "bytesize":5, "value":"EPIPE", "encoding":"US-ASCII", "memsize":40, "flags":{"wb_protected":true}}
{"address":"0x7ffe490a7978", "type":"STRING", "class":"0x7ffe490be858", "frozen":true, "embedded":true, "bytesize":19, "value":"Errno::EPFNOSUPPORT", "encoding":"US-ASCII", "memsize":40, "flags":{"wb_protected":true}}
{"address":"0x7ffe490a79a0", "type":"CLASS", "class":"0x7ffe490c5770", "references":["0x7ffe490b6a40", "0x7ffe490a79c8"], "memsize":472, "flags":{"wb_protected":true}}
{"address":"0x7ffe490a79c8", "type":"CLASS", "class":"0x7ffe490a79a0", "name":"Errno::EPFNOSUPPORT", "references":["0x7ffe490b6a68", "0x7ffe490a7978"], "memsize":560, "flags":{"wb_protected":true}}
{"address":"0x7ffe490a79f0", "type":"STRING", "class":"0x7ffe490be858", "frozen":true, "embedded":true, "fstring":true, "bytesize":12, "value":"EPFNOSUPPORT", "encoding":"US-ASCII", "memsize":40, "flags":{"wb_protected":true}}
{"address":"0x7ffe490a7a18", "type":"STRING", "class":"0x7ffe490be858", "frozen":true, "embedded":true, "bytesize":12, "value":"Errno::EPERM", "encoding":"US-ASCII", "memsize":40, "flags":{"wb_protected":true}}
{"address":"0x7ffe490a7a40", "type":"CLASS", "class":"0x7ffe490c5770", "references":["0x7ffe490b6a40", "0x7ffe490a7a68"], "memsize":472, "flags":{"wb_protected":true}}
{"address":"0x7ffe490a7a68", "type":"CLASS", "class":"0x7ffe490a7a40", "name":"Errno::EPERM", "references":["0x7ffe490b6a68", "0x7ffe490a7a18"], "memsize":560, "flags":{"wb_protected":true}}
{"address":"0x7ffe490a7a90", "type":"STRING", "class":"0x7ffe490be858", "frozen":true, "embedded":true, "fstring":true, "bytesize":5, "value":"EPERM", "encoding":"US-ASCII", "memsize":40, "flags":{"wb_protected":true}}
{"address":"0x7ffe490a7ab8", "type":"STRING", "class":"0x7ffe490be858", "frozen":true, "embedded":true, "bytesize":17, "value":"Errno::EOWNERDEAD", "encoding":"US-ASCII", "memsize":40, "flags":{"wb_protected":true}}
{"address":"0x7ffe490a7ae0", "type":"CLASS", "class":"0x7ffe490c5770", "references":["0x7ffe490b6a40", "0x7ffe490a7b08"], "memsize":472, "flags":{"wb_protected":true}}
{"address":"0x7ffe490a7b08", "type":"CLASS", "class":"0x7ffe490a7ae0", "name":"Errno::EOWNERDEAD", "references":["0x7ffe490b6a68", "0x7ffe490a7ab8"], "memsize":560, "flags":{"wb_protected":true}}
{"address":"0x7ffe490a7b30", "type":"STRING", "class":"0x7ffe490be858", "frozen":true, "embedded":true, "fstring":true, "bytesize":10, "value":"EOWNERDEAD", "encoding":"US-ASCII", "memsize":40, "flags":{"wb_protected":true}}
{"address":"0x7ffe490a7b58", "type":"STRING", "class":"0x7ffe490be858", "frozen":true, "embedded":true, "bytesize":16, "value":"Errno::EOVERFLOW", "encoding":"US-ASCII", "memsize":40, "flags":{"wb_protected":true}}
{"address":"0x7ffe490a7b80", "type":"CLASS", "class":"0x7ffe490c5770", "references":["0x7ffe490b6a40", "0x7ffe490a7ba8"], "memsize":472, "flags":{"wb_protected":true}}
{"address":"0x7ffe490a7ba8", "type":"CLASS", "class":"0x7ffe490a7b80", "name":"Errno::EOVERFLOW", "references":["0x7ffe490b6a68", "0x7ffe490a7b58"], "memsize":560, "flags":{"wb_protected":true}}
{"address":"0x7ffe490a7bd0", "type":"STRING", "class":"0x7ffe490be858", "frozen":true, "embedded":true, "fstring":true, "bytesize":9, "value":"EOVERFLOW", "encoding":"US-ASCII", "memsize":40, "flags":{"wb_protected":true}}
{"address":"0x7ffe490a7bf8", "type":"STRING", "class":"0x7ffe490be858", "frozen":true, "embedded":true, "bytesize":17, "value":"Errno::EOPNOTSUPP", "encoding":"US-ASCII", "memsize":40, "flags":{"wb_protected":true}}
{"address":"0x7ffe490a7c20", "type":"CLASS", "class":"0x7ffe490c5770", "references":["0x7ffe490b6a40", "0x7ffe490a7c48"], "memsize":472, "flags":{"wb_protected":true}}
{"address":"0x7ffe490a7c48", "type":"CLASS", "class":"0x7ffe490a7c20", "name":"Errno::EOPNOTSUPP", "references":["0x7ffe490b6a68", "0x7ffe490a7bf8"], "memsize":560, "flags":{"wb_protected":true}}
{"address":"0x7ffe490a7c70", "type":"STRING", "class":"0x7ffe490be858", "frozen":true, "embedded":true, "fstring":true, "bytesize":10, "value":"EOPNOTSUPP", "encoding":"US-ASCII", "memsize":40, "flags":{"wb_protected":true}}
{"address":"0x7ffe490a7c98", "type":"STRING", "class":"0x7ffe490be858", "frozen":true, "embedded":true, "bytesize":12, "value":"Errno::ENXIO", "encoding":"US-ASCII", "memsize":40, "flags":{"wb_protected":true}}
{"address":"0x7ffe490a7cc0", "type":"CLASS", "class":"0x7ffe490c5770", "references":["0x7ffe490b6a40", "0x7ffe490a7ce8"], "memsize":472, "flags":{"wb_protected":true}}
{"address":"0x7ffe490a7ce8", "type":"CLASS", "class":"0x7ffe490a7cc0", "name":"Errno::ENXIO", "references":["0x7ffe490b6a68", "0x7ffe490a7c98"], "memsize":560, "flags":{"wb_protected":true}}
{"address":"0x7ffe490a7d10", "type":"STRING", "class":"0x7ffe490be858", "frozen":true, "embedded":true, "fstring":true, "bytesize":5, "value":"ENXIO", "encoding":"US-ASCII", "memsize":40, "flags":{"wb_protected":true}}
{"address":"0x7ffe490a7d38", "type":"STRING", "class":"0x7ffe490be858", "frozen":true, "embedded":true, "fstring":true, "bytesize":8, "value":"ENOTUNIQ", "encoding":"US-ASCII", "memsize":40, "flags":{"wb_protected":true}}
{"address":"0x7ffe490a7d60", "type":"STRING", "class":"0x7ffe490be858", "frozen":true, "embedded":true, "bytesize":13, "value":"Errno::ENOTTY", "encoding":"US-ASCII", "memsize":40, "flags":{"wb_protected":true}}
{"address":"0x7ffe490a7d88", "type":"CLASS", "class":"0x7ffe490c5770", "references":["0x7ffe490b6a40", "0x7ffe490a7db0"], "memsize":472, "flags":{"wb_protected":true}}
{"address":"0x7ffe490a7db0", "type":"CLASS", "class":"0x7ffe490a7d88", "name":"Errno::ENOTTY", "references":["0x7ffe490b6a68", "0x7ffe490a7d60"], "memsize":560, "flags":{"wb_protected":true}}
{"address":"0x7ffe490a7dd8", "type":"STRING", "class":"0x7ffe490be858", "frozen":true, "embedded":true, "fstring":true, "bytesize":6, "value":"ENOTTY", "encoding":"US-ASCII", "memsize":40, "flags":{"wb_protected":true}}
{"address":"0x7ffe490a7e00", "type":"STRING", "class":"0x7ffe490be858", "frozen":true, "embedded":true, "bytesize":14, "value":"Errno::ENOTSUP", "encoding":"US-ASCII", "memsize":40, "flags":{"wb_protected":true}}
{"address":"0x7ffe490a7e28", "type":"CLASS", "class":"0x7ffe490c5770", "references":["0x7ffe490b6a40", "0x7ffe490a7e50"], "memsize":472, "flags":{"wb_protected":true}}
{"address":"0x7ffe490a7e50", "type":"CLASS", "class":"0x7ffe490a7e28", "name":"Errno::ENOTSUP", "references":["0x7ffe490b6a68", "0x7ffe490a7e00"], "memsize":560, "flags":{"wb_protected":true}}
{"address":"0x7ffe490a7e78", "type":"STRING", "class":"0x7ffe490be858", "frozen":true, "embedded":true, "fstring":true, "bytesize":7, "value":"ENOTSUP", "encoding":"US-ASCII", "memsize":40, "flags":{"wb_protected":true}}
{"address":"0x7ffe490a7ea0", "type":"STRING", "class":"0x7ffe490be858", "frozen":true, "embedded":true, "bytesize":15, "value":"Errno::ENOTSOCK", "encoding":"US-ASCII", "memsize":40, "flags":{"wb_protected":true}}
{"address":"0x7ffe490a7ec8", "type":"CLASS", "class":"0x7ffe490c5770", "references":["0x7ffe490b6a40", "0x7ffe490a7ef0"], "memsize":472, "flags":{"wb_protected":true}}
{"address":"0x7ffe490a7ef0", "type":"CLASS", "class":"0x7ffe490a7ec8", "name":"Errno::ENOTSOCK", "references":["0x7ffe490b6a68", "0x7ffe490a7ea0"], "memsize":560, "flags":{"wb_protected":true}}
{"address":"0x7ffe490a7f18", "type":"STRING", "class":"0x7ffe490be858", "frozen":true, "embedded":true, "fstring":true, "bytesize":8, "value":"ENOTSOCK", "encoding":"US-ASCII", "memsize":40, "flags":{"wb_protected":true}}
{"address":"0x7ffe490a7f40", "type":"STRING", "class":"0x7ffe490be858", "frozen":true, "embedded":true, "bytesize":22, "value":"Errno::ENOTRECOVERABLE", "encoding":"US-ASCII", "memsize":40, "flags":{"wb_protected":true}}
{"address":"0x7ffe490a7f68", "type":"CLASS", "class":"0x7ffe490c5770", "references":["0x7ffe490b6a40", "0x7ffe490a7f90"], "memsize":472, "flags":{"wb_protected":true}}
{"address":"0x7ffe490a7f90", "type":"CLASS", "class":"0x7ffe490a7f68", "name":"Errno::ENOTRECOVERABLE", "references":["0x7ffe490b6a68", "0x7ffe490a7f40"], "memsize":560, "flags":{"wb_protected":true}}
{"address":"0x7ffe490a7fb8", "type":"STRING", "class":"0x7ffe490be858", "frozen":true, "embedded":true, "fstring":true, "bytesize":15, "value":"ENOTRECOVERABLE", "encoding":"US-ASCII", "memsize":40, "flags":{"wb_protected":true}}
{"address":"0x7ffe490ac018", "type":"STRING", "class":"0x7ffe490be858", "frozen":true, "embedded":true, "fstring":true, "bytesize":7, "value":"ENOTNAM", "encoding":"US-ASCII", "memsize":40, "flags":{"wb_protected":true}}
{"address":"0x7ffe490ac040", "type":"STRING", "class":"0x7ffe490be858", "frozen":true, "embedded":true, "bytesize":16, "value":"Errno::ENOTEMPTY", "encoding":"US-ASCII", "memsize":40, "flags":{"wb_protected":true}}
{"address":"0x7ffe490ac068", "type":"CLASS", "class":"0x7ffe490c5770", "references":["0x7ffe490b6a40", "0x7ffe490ac090"], "memsize":472, "flags":{"wb_protected":true}}
{"address":"0x7ffe490ac090", "type":"CLASS", "class":"0x7ffe490ac068", "name":"Errno::ENOTEMPTY", "references":["0x7ffe490b6a68", "0x7ffe490ac040"], "memsize":560, "flags":{"wb_protected":true}}
{"address":"0x7ffe490ac0b8", "type":"STRING", "class":"0x7ffe490be858", "frozen":true, "embedded":true, "fstring":true, "bytesize":9, "value":"ENOTEMPTY", "encoding":"US-ASCII", "memsize":40, "flags":{"wb_protected":true}}
{"address":"0x7ffe490ac0e0", "type":"STRING", "class":"0x7ffe490be858", "frozen":true, "embedded":true, "bytesize":14, "value":"Errno::ENOTDIR", "encoding":"US-ASCII", "memsize":40, "flags":{"wb_protected":true}}
{"address":"0x7ffe490ac108", "type":"CLASS", "class":"0x7ffe490c5770", "references":["0x7ffe490b6a40", "0x7ffe490ac130"], "memsize":472, "flags":{"wb_protected":true}}
{"address":"0x7ffe490ac130", "type":"CLASS", "class":"0x7ffe490ac108", "name":"Errno::ENOTDIR", "references":["0x7ffe490b6a68", "0x7ffe490ac0e0"], "memsize":560, "flags":{"wb_protected":true}}
{"address":"0x7ffe490ac158", "type":"STRING", "class":"0x7ffe490be858", "frozen":true, "embedded":true, "fstring":true, "bytesize":7, "value":"ENOTDIR", "encoding":"US-ASCII", "memsize":40, "flags":{"wb_protected":true}}
{"address":"0x7ffe490ac180", "type":"STRING", "class":"0x7ffe490be858", "frozen":true, "embedded":true, "bytesize":15, "value":"Errno::ENOTCONN", "encoding":"US-ASCII", "memsize":40, "flags":{"wb_protected":true}}
{"address":"0x7ffe490ac1a8", "type":"CLASS", "class":"0x7ffe490c5770", "references":["0x7ffe490b6a40", "0x7ffe490ac1d0"], "memsize":472, "flags":{"wb_protected":true}}
{"address":"0x7ffe490ac1d0", "type":"CLASS", "class":"0x7ffe490ac1a8", "name":"Errno::ENOTCONN", "references":["0x7ffe490b6a68", "0x7ffe490ac180"], "memsize":560, "flags":{"wb_protected":true}}
{"address":"0x7ffe490ac1f8", "type":"STRING", "class":"0x7ffe490be858", "frozen":true, "embedded":true, "fstring":true, "bytesize":8, "value":"ENOTCONN", "encoding":"US-ASCII", "memsize":40, "flags":{"wb_protected":true}}
{"address":"0x7ffe490ac220", "type":"STRING", "class":"0x7ffe490be858", "frozen":true, "embedded":true, "fstring":true, "bytesize":11, "value":"ENOTCAPABLE", "encoding":"US-ASCII", "memsize":40, "flags":{"wb_protected":true}}
{"address":"0x7ffe490ac248", "type":"STRING", "class":"0x7ffe490be858", "frozen":true, "embedded":true, "bytesize":14, "value":"Errno::ENOTBLK", "encoding":"US-ASCII", "memsize":40, "flags":{"wb_protected":true}}
{"address":"0x7ffe490ac270", "type":"CLASS", "class":"0x7ffe490c5770", "references":["0x7ffe490b6a40", "0x7ffe490ac298"], "memsize":472, "flags":{"wb_protected":true}}
{"address":"0x7ffe490ac298", "type":"CLASS", "class":"0x7ffe490ac270", "name":"Errno::ENOTBLK", "references":["0x7ffe490b6a68", "0x7ffe490ac248"], "memsize":560, "flags":{"wb_protected":true}}
{"address":"0x7ffe490ac2c0", "type":"STRING", "class":"0x7ffe490be858", "frozen":true, "embedded":true, "fstring":true, "bytesize":7, "value":"ENOTBLK", "encoding":"US-ASCII", "memsize":40, "flags":{"wb_protected":true}}
{"address":"0x7ffe490ac2e8", "type":"STRING", "class":"0x7ffe490be858", "frozen":true, "embedded":true, "bytesize":13, "value":"Errno::ENOSYS", "encoding":"US-ASCII", "memsize":40, "flags":{"wb_protected":true}}
{"address":"0x7ffe490ac310", "type":"CLASS", "class":"0x7ffe490c5770", "references":["0x7ffe490b6a40", "0x7ffe490ac338"], "memsize":472, "flags":{"wb_protected":true}}
{"address":"0x7ffe490ac338", "type":"CLASS", "class":"0x7ffe490ac310", "name":"Errno::ENOSYS", "references":["0x7ffe490b6a68", "0x7ffe490ac2e8"], "memsize":560, "flags":{"wb_protected":true}}
{"address":"0x7ffe490ac360", "type":"STRING", "class":"0x7ffe490be858", "frozen":true, "embedded":true, "fstring":true, "bytesize":6, "value":"ENOSYS", "encoding":"US-ASCII", "memsize":40, "flags":{"wb_protected":true}}
{"address":"0x7ffe490ac388", "type":"STRING", "class":"0x7ffe490be858", "frozen":true, "embedded":true, "bytesize":13, "value":"Errno::ENOSTR", "encoding":"US-ASCII", "memsize":40, "flags":{"wb_protected":true}}
{"address":"0x7ffe490ac3b0", "type":"CLASS", "class":"0x7ffe490c5770", "references":["0x7ffe490b6a40", "0x7ffe490ac3d8"], "memsize":472, "flags":{"wb_protected":true}}
{"address":"0x7ffe490ac3d8", "type":"CLASS", "class":"0x7ffe490ac3b0", "name":"Errno::ENOSTR", "references":["0x7ffe490b6a68", "0x7ffe490ac388"], "memsize":560, "flags":{"wb_protected":true}}
{"address":"0x7ffe490ac400", "type":"STRING", "class":"0x7ffe490be858", "frozen":true, "embedded":true, "fstring":true, "bytesize":6, "value":"ENOSTR", "encoding":"US-ASCII", "memsize":40, "flags":{"wb_protected":true}}
{"address":"0x7ffe490ac428", "type":"STRING", "class":"0x7ffe490be858", "frozen":true, "embedded":true, "bytesize":12, "value":"Errno::ENOSR", "encoding":"US-ASCII", "memsize":40, "flags":{"wb_protected":true}}
{"address":"0x7ffe490ac450", "type":"CLASS", "class":"0x7ffe490c5770", "references":["0x7ffe490b6a40", "0x7ffe490ac478"], "memsize":472, "flags":{"wb_protected":true}}
{"address":"0x7ffe490ac478", "type":"CLASS", "class":"0x7ffe490ac450", "name":"Errno::ENOSR", "references":["0x7ffe490b6a68", "0x7ffe490ac428"], "memsize":560, "flags":{"wb_protected":true}}
{"address":"0x7ffe490ac4a0", "type":"STRING", "class":"0x7ffe490be858", "frozen":true, "embedded":true, "fstring":true, "bytesize":5, "value":"ENOSR", "encoding":"US-ASCII", "memsize":40, "flags":{"wb_protected":true}}
{"address":"0x7ffe490ac4c8", "type":"STRING", "class":"0x7ffe490be858", "frozen":true, "embedded":true, "bytesize":13, "value":"Errno::ENOSPC", "encoding":"US-ASCII", "memsize":40, "flags":{"wb_protected":true}}
{"address":"0x7ffe490ac4f0", "type":"CLASS", "class":"0x7ffe490c5770", "references":["0x7ffe490b6a40", "0x7ffe490ac518"], "memsize":472, "flags":{"wb_protected":true}}
{"address":"0x7ffe490ac518", "type":"CLASS", "class":"0x7ffe490ac4f0", "name":"Errno::ENOSPC", "references":["0x7ffe490b6a68", "0x7ffe490ac4c8"], "memsize":560, "flags":{"wb_protected":true}}
{"address":"0x7ffe490ac540", "type":"STRING", "class":"0x7ffe490be858", "frozen":true, "embedded":true, "fstring":true, "bytesize":6, "value":"ENOSPC", "encoding":"US-ASCII", "memsize":40, "flags":{"wb_protected":true}}
{"address":"0x7ffe490ac568", "type":"STRING", "class":"0x7ffe490be858", "frozen":true, "embedded":true, "bytesize":18, "value":"Errno::ENOPROTOOPT", "encoding":"US-ASCII", "memsize":40, "flags":{"wb_protected":true}}
{"address":"0x7ffe490ac590", "type":"CLASS", "class":"0x7ffe490c5770", "references":["0x7ffe490b6a40", "0x7ffe490ac5b8"], "memsize":472, "flags":{"wb_protected":true}}
{"address":"0x7ffe490ac5b8", "type":"CLASS", "class":"0x7ffe490ac590", "name":"Errno::ENOPROTOOPT", "references":["0x7ffe490b6a68", "0x7ffe490ac568"], "memsize":560, "flags":{"wb_protected":true}}
{"address":"0x7ffe490ac5e0", "type":"STRING", "class":"0x7ffe490be858", "frozen":true, "embedded":true, "fstring":true, "bytesize":11, "value":"ENOPROTOOPT", "encoding":"US-ASCII", "memsize":40, "flags":{"wb_protected":true}}
{"address":"0x7ffe490ac608", "type":"STRING", "class":"0x7ffe490be858", "frozen":true, "embedded":true, "bytesize":16, "value":"Errno::ENOPOLICY", "encoding":"US-ASCII", "memsize":40, "flags":{"wb_protected":true}}
{"address":"0x7ffe490ac630", "type":"CLASS", "class":"0x7ffe490c5770", "references":["0x7ffe490b6a40", "0x7ffe490ac658"], "memsize":472, "flags":{"wb_protected":true}}
{"address":"0x7ffe490ac658", "type":"CLASS", "class":"0x7ffe490ac630", "name":"Errno::ENOPOLICY", "references":["0x7ffe490b6a68", "0x7ffe490ac608"], "memsize":560, "flags":{"wb_protected":true}}
{"address":"0x7ffe490ac680", "type":"STRING", "class":"0x7ffe490be858", "frozen":true, "embedded":true, "fstring":true, "bytesize":9, "value":"ENOPOLICY", "encoding":"US-ASCII", "memsize":40, "flags":{"wb_protected":true}}
{"address":"0x7ffe490ac6a8", "type":"STRING", "class":"0x7ffe490be858", "frozen":true, "embedded":true, "fstring":true, "bytesize":6, "value":"ENOPKG", "encoding":"US-ASCII", "memsize":40, "flags":{"wb_protected":true}}
{"address":"0x7ffe490ac6d0", "type":"STRING", "class":"0x7ffe490be858", "frozen":true, "embedded":true, "fstring":true, "bytesize":6, "value":"ENONET", "encoding":"US-ASCII", "memsize":40, "flags":{"wb_protected":true}}
{"address":"0x7ffe490ac6f8", "type":"STRING", "class":"0x7ffe490be858", "frozen":true, "embedded":true, "bytesize":13, "value":"Errno::ENOMSG", "encoding":"US-ASCII", "memsize":40, "flags":{"wb_protected":true}}
{"address":"0x7ffe490ac720", "type":"CLASS", "class":"0x7ffe490c5770", "references":["0x7ffe490b6a40", "0x7ffe490ac748"], "memsize":472, "flags":{"wb_protected":true}}
{"address":"0x7ffe490ac748", "type":"CLASS", "class":"0x7ffe490ac720", "name":"Errno::ENOMSG", "references":["0x7ffe490b6a68", "0x7ffe490ac6f8"], "memsize":560, "flags":{"wb_protected":true}}
{"address":"0x7ffe490ac770", "type":"STRING", "class":"0x7ffe490be858", "frozen":true, "embedded":true, "fstring":true, "bytesize":6, "value":"ENOMSG", "encoding":"US-ASCII", "memsize":40, "flags":{"wb_protected":true}}
{"address":"0x7ffe490ac798", "type":"STRING", "class":"0x7ffe490be858", "frozen":true, "embedded":true, "bytesize":13, "value":"Errno::ENOMEM", "encoding":"US-ASCII", "memsize":40, "flags":{"wb_protected":true}}
{"address":"0x7ffe490ac7c0", "type":"CLASS", "class":"0x7ffe490c5770", "references":["0x7ffe490b6a40", "0x7ffe490ac7e8"], "memsize":472, "flags":{"wb_protected":true}}
{"address":"0x7ffe490ac7e8", "type":"CLASS", "class":"0x7ffe490ac7c0", "name":"Errno::ENOMEM", "references":["0x7ffe490b6a68", "0x7ffe490ac798"], "memsize":560, "flags":{"wb_protected":true}}
{"address":"0x7ffe490ac810", "type":"STRING", "class":"0x7ffe490be858", "frozen":true, "embedded":true, "fstring":true, "bytesize":6, "value":"ENOMEM", "encoding":"US-ASCII", "memsize":40, "flags":{"wb_protected":true}}
{"address":"0x7ffe490ac838", "type":"STRING", "class":"0x7ffe490be858", "frozen":true, "embedded":true, "fstring":true, "bytesize":9, "value":"ENOMEDIUM", "encoding":"US-ASCII", "memsize":40, "flags":{"wb_protected":true}}
{"address":"0x7ffe490ac860", "type":"STRING", "class":"0x7ffe490be858", "frozen":true, "embedded":true, "bytesize":14, "value":"Errno::ENOLINK", "encoding":"US-ASCII", "memsize":40, "flags":{"wb_protected":true}}
{"address":"0x7ffe490ac888", "type":"CLASS", "class":"0x7ffe490c5770", "references":["0x7ffe490b6a40", "0x7ffe490ac8b0"], "memsize":472, "flags":{"wb_protected":true}}
{"address":"0x7ffe490ac8b0", "type":"CLASS", "class":"0x7ffe490ac888", "name":"Errno::ENOLINK", "references":["0x7ffe490b6a68", "0x7ffe490ac860"], "memsize":560, "flags":{"wb_protected":true}}
{"address":"0x7ffe490ac8d8", "type":"STRING", "class":"0x7ffe490be858", "frozen":true, "embedded":true, "fstring":true, "bytesize":7, "value":"ENOLINK", "encoding":"US-ASCII", "memsize":40, "flags":{"wb_protected":true}}
{"address":"0x7ffe490ac900", "type":"STRING", "class":"0x7ffe490be858", "frozen":true, "embedded":true, "bytesize":13, "value":"Errno::ENOLCK", "encoding":"US-ASCII", "memsize":40, "flags":{"wb_protected":true}}
{"address":"0x7ffe490ac928", "type":"CLASS", "class":"0x7ffe490c5770", "references":["0x7ffe490b6a40", "0x7ffe490ac950"], "memsize":472, "flags":{"wb_protected":true}}
{"address":"0x7ffe490ac950", "type":"CLASS", "class":"0x7ffe490ac928", "name":"Errno::ENOLCK", "references":["0x7ffe490b6a68", "0x7ffe490ac900"], "memsize":560, "flags":{"wb_protected":true}}
{"address":"0x7ffe490ac978", "type":"STRING", "class":"0x7ffe490be858", "frozen":true, "embedded":true, "fstring":true, "bytesize":6, "value":"ENOLCK", "encoding":"US-ASCII", "memsize":40, "flags":{"wb_protected":true}}
{"address":"0x7ffe490ac9a0", "type":"STRING", "class":"0x7ffe490be858", "frozen":true, "embedded":true, "fstring":true, "bytesize":6, "value":"ENOKEY", "encoding":"US-ASCII", "memsize":40, "flags":{"wb_protected":true}}
{"address":"0x7ffe490ac9c8", "type":"STRING", "class":"0x7ffe490be858", "frozen":true, "embedded":true, "bytesize":14, "value":"Errno::ENOEXEC", "encoding":"US-ASCII", "memsize":40, "flags":{"wb_protected":true}}
{"address":"0x7ffe490ac9f0", "type":"CLASS", "class":"0x7ffe490c5770", "references":["0x7ffe490b6a40", "0x7ffe490aca18"], "memsize":472, "flags":{"wb_protected":true}}
{"address":"0x7ffe490aca18", "type":"CLASS", "class":"0x7ffe490ac9f0", "name":"Errno::ENOEXEC", "references":["0x7ffe490b6a68", "0x7ffe490ac9c8"], "memsize":560, "flags":{"wb_protected":true}}
{"address":"0x7ffe490aca40", "type":"STRING", "class":"0x7ffe490be858", "frozen":true, "embedded":true, "fstring":true, "bytesize":7, "value":"ENOEXEC", "encoding":"US-ASCII", "memsize":40, "flags":{"wb_protected":true}}
{"address":"0x7ffe490aca68", "type":"STRING", "class":"0x7ffe490be858", "frozen":true, "embedded":true, "bytesize":13, "value":"Errno::ENOENT", "encoding":"US-ASCII", "memsize":40, "flags":{"wb_protected":true}}
{"address":"0x7ffe490aca90", "type":"CLASS", "class":"0x7ffe490c5770", "references":["0x7ffe490b6a40", "0x7ffe490acab8"], "memsize":472, "flags":{"wb_protected":true}}
{"address":"0x7ffe490acab8", "type":"CLASS", "class":"0x7ffe490aca90", "name":"Errno::ENOENT", "references":["0x7ffe490b6a68", "0x7ffe490aca68"], "memsize":560, "flags":{"wb_protected":true}}
{"address":"0x7ffe490acae0", "type":"STRING", "class":"0x7ffe490be858", "frozen":true, "embedded":true, "fstring":true, "bytesize":6, "value":"ENOENT", "encoding":"US-ASCII", "memsize":40, "flags":{"wb_protected":true}}
{"address":"0x7ffe490acb08", "type":"STRING", "class":"0x7ffe490be858", "frozen":true, "embedded":true, "bytesize":13, "value":"Errno::ENODEV", "encoding":"US-ASCII", "memsize":40, "flags":{"wb_protected":true}}
{"address":"0x7ffe490acb30", "type":"CLASS", "class":"0x7ffe490c5770", "references":["0x7ffe490b6a40", "0x7ffe490acb58"], "memsize":472, "flags":{"wb_protected":true}}
{"address":"0x7ffe490acb58", "type":"CLASS", "class":"0x7ffe490acb30", "name":"Errno::ENODEV", "references":["0x7ffe490b6a68", "0x7ffe490acb08"], "memsize":560, "flags":{"wb_protected":true}}
{"address":"0x7ffe490acb80", "type":"STRING", "class":"0x7ffe490be858", "frozen":true, "embedded":true, "fstring":true, "bytesize":6, "value":"ENODEV", "encoding":"US-ASCII", "memsize":40, "flags":{"wb_protected":true}}
{"address":"0x7ffe490acba8", "type":"STRING", "class":"0x7ffe490be858", "frozen":true, "embedded":true, "bytesize":14, "value":"Errno::ENODATA", "encoding":"US-ASCII", "memsize":40, "flags":{"wb_protected":true}}
{"address":"0x7ffe490acbd0", "type":"CLASS", "class":"0x7ffe490c5770", "references":["0x7ffe490b6a40", "0x7ffe490acbf8"], "memsize":472, "flags":{"wb_protected":true}}
{"address":"0x7ffe490acbf8", "type":"CLASS", "class":"0x7ffe490acbd0", "name":"Errno::ENODATA", "references":["0x7ffe490b6a68", "0x7ffe490acba8"], "memsize":560, "flags":{"wb_protected":true}}
{"address":"0x7ffe490acc20", "type":"STRING", "class":"0x7ffe490be858", "frozen":true, "embedded":true, "fstring":true, "bytesize":7, "value":"ENODATA", "encoding":"US-ASCII", "memsize":40, "flags":{"wb_protected":true}}
{"address":"0x7ffe490acc48", "type":"STRING", "class":"0x7ffe490be858", "frozen":true, "embedded":true, "fstring":true, "bytesize":6, "value":"ENOCSI", "encoding":"US-ASCII", "memsize":40, "flags":{"wb_protected":true}}
{"address":"0x7ffe490acc70", "type":"STRING", "class":"0x7ffe490be858", "frozen":true, "embedded":true, "bytesize":14, "value":"Errno::ENOBUFS", "encoding":"US-ASCII", "memsize":40, "flags":{"wb_protected":true}}
{"address":"0x7ffe490acc98", "type":"CLASS", "class":"0x7ffe490c5770", "references":["0x7ffe490b6a40", "0x7ffe490accc0"], "memsize":472, "flags":{"wb_protected":true}}
{"address":"0x7ffe490accc0", "type":"CLASS", "class":"0x7ffe490acc98", "name":"Errno::ENOBUFS", "references":["0x7ffe490b6a68", "0x7ffe490acc70"], "memsize":560, "flags":{"wb_protected":true}}
{"address":"0x7ffe490acce8", "type":"STRING", "class":"0x7ffe490be858", "frozen":true, "embedded":true, "fstring":true, "bytesize":7, "value":"ENOBUFS", "encoding":"US-ASCII", "memsize":40, "flags":{"wb_protected":true}}
{"address":"0x7ffe490acd10", "type":"STRING", "class":"0x7ffe490be858", "frozen":true, "embedded":true, "bytesize":14, "value":"Errno::ENOATTR", "encoding":"US-ASCII", "memsize":40, "flags":{"wb_protected":true}}
{"address":"0x7ffe490acd38", "type":"CLASS", "class":"0x7ffe490c5770", "references":["0x7ffe490b6a40", "0x7ffe490acd60"], "memsize":472, "flags":{"wb_protected":true}}
{"address":"0x7ffe490acd60", "type":"CLASS", "class":"0x7ffe490acd38", "name":"Errno::ENOATTR", "references":["0x7ffe490b6a68", "0x7ffe490acd10"], "memsize":560, "flags":{"wb_protected":true}}
{"address":"0x7ffe490acd88", "type":"STRING", "class":"0x7ffe490be858", "frozen":true, "embedded":true, "fstring":true, "bytesize":7, "value":"ENOATTR", "encoding":"US-ASCII", "memsize":40, "flags":{"wb_protected":true}}
{"address":"0x7ffe490acdb0", "type":"STRING", "class":"0x7ffe490be858", "frozen":true, "embedded":true, "fstring":true, "bytesize":6, "value":"ENOANO", "encoding":"US-ASCII", "memsize":40, "flags":{"wb_protected":true}}
{"address":"0x7ffe490acdd8", "type":"STRING", "class":"0x7ffe490be858", "frozen":true, "embedded":true, "bytesize":13, "value":"Errno::ENFILE", "encoding":"US-ASCII", "memsize":40, "flags":{"wb_protected":true}}
{"address":"0x7ffe490ace00", "type":"CLASS", "class":"0x7ffe490c5770", "references":["0x7ffe490b6a40", "0x7ffe490ace28"], "memsize":472, "flags":{"wb_protected":true}}
{"address":"0x7ffe490ace28", "type":"CLASS", "class":"0x7ffe490ace00", "name":"Errno::ENFILE", "references":["0x7ffe490b6a68", "0x7ffe490acdd8"], "memsize":560, "flags":{"wb_protected":true}}
{"address":"0x7ffe490ace50", "type":"STRING", "class":"0x7ffe490be858", "frozen":true, "embedded":true, "fstring":true, "bytesize":6, "value":"ENFILE", "encoding":"US-ASCII", "memsize":40, "flags":{"wb_protected":true}}
{"address":"0x7ffe490ace78", "type":"STRING", "class":"0x7ffe490be858", "frozen":true, "embedded":true, "bytesize":18, "value":"Errno::ENETUNREACH", "encoding":"US-ASCII", "memsize":40, "flags":{"wb_protected":true}}
{"address":"0x7ffe490acea0", "type":"CLASS", "class":"0x7ffe490c5770", "references":["0x7ffe490b6a40", "0x7ffe490acec8"], "memsize":472, "flags":{"wb_protected":true}}
{"address":"0x7ffe490acec8", "type":"CLASS", "class":"0x7ffe490acea0", "name":"Errno::ENETUNREACH", "references":["0x7ffe490b6a68", "0x7ffe490ace78"], "memsize":560, "flags":{"wb_protected":true}}
{"address":"0x7ffe490acef0", "type":"STRING", "class":"0x7ffe490be858", "frozen":true, "embedded":true, "fstring":true, "bytesize":11, "value":"ENETUNREACH", "encoding":"US-ASCII", "memsize":40, "flags":{"wb_protected":true}}
{"address":"0x7ffe490acf18", "type":"STRING", "class":"0x7ffe490be858", "frozen":true, "embedded":true, "bytesize":16, "value":"Errno::ENETRESET", "encoding":"US-ASCII", "memsize":40, "flags":{"wb_protected":true}}
{"address":"0x7ffe490acf40", "type":"CLASS", "class":"0x7ffe490c5770", "references":["0x7ffe490b6a40", "0x7ffe490acf68"], "memsize":472, "flags":{"wb_protected":true}}
{"address":"0x7ffe490acf68", "type":"CLASS", "class":"0x7ffe490acf40", "name":"Errno::ENETRESET", "references":["0x7ffe490b6a68", "0x7ffe490acf18"], "memsize":560, "flags":{"wb_protected":true}}
{"address":"0x7ffe490acf90", "type":"STRING", "class":"0x7ffe490be858", "frozen":true, "embedded":true, "fstring":true, "bytesize":9, "value":"ENETRESET", "encoding":"US-ASCII", "memsize":40, "flags":{"wb_protected":true}}
{"address":"0x7ffe490acfb8", "type":"STRING", "class":"0x7ffe490be858", "frozen":true, "embedded":true, "bytesize":15, "value":"Errno::ENETDOWN", "encoding":"US-ASCII", "memsize":40, "flags":{"wb_protected":true}}
{"address":"0x7ffe490acfe0", "type":"CLASS", "class":"0x7ffe490c5770", "references":["0x7ffe490b6a40", "0x7ffe490ad008"], "memsize":472, "flags":{"wb_protected":true}}
{"address":"0x7ffe490ad008", "type":"CLASS", "class":"0x7ffe490acfe0", "name":"Errno::ENETDOWN", "references":["0x7ffe490b6a68", "0x7ffe490acfb8"], "memsize":560, "flags":{"wb_protected":true}}
{"address":"0x7ffe490ad030", "type":"STRING", "class":"0x7ffe490be858", "frozen":true, "embedded":true, "fstring":true, "bytesize":8, "value":"ENETDOWN", "encoding":"US-ASCII", "memsize":40, "flags":{"wb_protected":true}}
{"address":"0x7ffe490ad058", "type":"STRING", "class":"0x7ffe490be858", "frozen":true, "embedded":true, "bytesize":16, "value":"Errno::ENEEDAUTH", "encoding":"US-ASCII", "memsize":40, "flags":{"wb_protected":true}}
{"address":"0x7ffe490ad080", "type":"CLASS", "class":"0x7ffe490c5770", "references":["0x7ffe490b6a40", "0x7ffe490ad0a8"], "memsize":472, "flags":{"wb_protected":true}}
{"address":"0x7ffe490ad0a8", "type":"CLASS", "class":"0x7ffe490ad080", "name":"Errno::ENEEDAUTH", "references":["0x7ffe490b6a68", "0x7ffe490ad058"], "memsize":560, "flags":{"wb_protected":true}}
{"address":"0x7ffe490ad0d0", "type":"STRING", "class":"0x7ffe490be858", "frozen":true, "embedded":true, "fstring":true, "bytesize":9, "value":"ENEEDAUTH", "encoding":"US-ASCII", "memsize":40, "flags":{"wb_protected":true}}
{"address":"0x7ffe490ad0f8", "type":"STRING", "class":"0x7ffe490be858", "frozen":true, "embedded":true, "fstring":true, "bytesize":7, "value":"ENAVAIL", "encoding":"US-ASCII", "memsize":40, "flags":{"wb_protected":true}}
{"address":"0x7ffe490ad120", "type":"STRING", "class":"0x7ffe490be858", "frozen":true, "embedded":true, "bytesize":19, "value":"Errno::ENAMETOOLONG", "encoding":"US-ASCII", "memsize":40, "flags":{"wb_protected":true}}
{"address":"0x7ffe490ad148", "type":"CLASS", "class":"0x7ffe490c5770", "references":["0x7ffe490b6a40", "0x7ffe490ad170"], "memsize":472, "flags":{"wb_protected":true}}
{"address":"0x7ffe490ad170", "type":"CLASS", "class":"0x7ffe490ad148", "name":"Errno::ENAMETOOLONG", "references":["0x7ffe490b6a68", "0x7ffe490ad120"], "memsize":560, "flags":{"wb_protected":true}}
{"address":"0x7ffe490ad198", "type":"STRING", "class":"0x7ffe490be858", "frozen":true, "embedded":true, "fstring":true, "bytesize":12, "value":"ENAMETOOLONG", "encoding":"US-ASCII", "memsize":40, "flags":{"wb_protected":true}}
{"address":"0x7ffe490ad1c0", "type":"STRING", "class":"0x7ffe490be858", "frozen":true, "embedded":true, "bytesize":16, "value":"Errno::EMULTIHOP", "encoding":"US-ASCII", "memsize":40, "flags":{"wb_protected":true}}
{"address":"0x7ffe490ad1e8", "type":"CLASS", "class":"0x7ffe490c5770", "references":["0x7ffe490b6a40", "0x7ffe490ad210"], "memsize":472, "flags":{"wb_protected":true}}
{"address":"0x7ffe490ad210", "type":"CLASS", "class":"0x7ffe490ad1e8", "name":"Errno::EMULTIHOP", "references":["0x7ffe490b6a68", "0x7ffe490ad1c0"], "memsize":560, "flags":{"wb_protected":true}}
{"address":"0x7ffe490ad238", "type":"STRING", "class":"0x7ffe490be858", "frozen":true, "embedded":true, "fstring":true, "bytesize":9, "value":"EMULTIHOP", "encoding":"US-ASCII", "memsize":40, "flags":{"wb_protected":true}}
{"address":"0x7ffe490ad260", "type":"STRING", "class":"0x7ffe490be858", "frozen":true, "embedded":true, "bytesize":15, "value":"Errno::EMSGSIZE", "encoding":"US-ASCII", "memsize":40, "flags":{"wb_protected":true}}
{"address":"0x7ffe490ad288", "type":"CLASS", "class":"0x7ffe490c5770", "references":["0x7ffe490b6a40", "0x7ffe490ad2b0"], "memsize":472, "flags":{"wb_protected":true}}
{"address":"0x7ffe490ad2b0", "type":"CLASS", "class":"0x7ffe490ad288", "name":"Errno::EMSGSIZE", "references":["0x7ffe490b6a68", "0x7ffe490ad260"], "memsize":560, "flags":{"wb_protected":true}}
{"address":"0x7ffe490ad2d8", "type":"STRING", "class":"0x7ffe490be858", "frozen":true, "embedded":true, "fstring":true, "bytesize":8, "value":"EMSGSIZE", "encoding":"US-ASCII", "memsize":40, "flags":{"wb_protected":true}}
{"address":"0x7ffe490ad300", "type":"STRING", "class":"0x7ffe490be858", "frozen":true, "embedded":true, "bytesize":13, "value":"Errno::EMLINK", "encoding":"US-ASCII", "memsize":40, "flags":{"wb_protected":true}}
{"address":"0x7ffe490ad328", "type":"CLASS", "class":"0x7ffe490c5770", "references":["0x7ffe490b6a40", "0x7ffe490ad350"], "memsize":472, "flags":{"wb_protected":true}}
{"address":"0x7ffe490ad350", "type":"CLASS", "class":"0x7ffe490ad328", "name":"Errno::EMLINK", "references":["0x7ffe490b6a68", "0x7ffe490ad300"], "memsize":560, "flags":{"wb_protected":true}}
{"address":"0x7ffe490ad378", "type":"STRING", "class":"0x7ffe490be858", "frozen":true, "embedded":true, "fstring":true, "bytesize":6, "value":"EMLINK", "encoding":"US-ASCII", "memsize":40, "flags":{"wb_protected":true}}
{"address":"0x7ffe490ad3a0", "type":"STRING", "class":"0x7ffe490be858", "frozen":true, "embedded":true, "bytesize":13, "value":"Errno::EMFILE", "encoding":"US-ASCII", "memsize":40, "flags":{"wb_protected":true}}
{"address":"0x7ffe490ad3c8", "type":"CLASS", "class":"0x7ffe490c5770", "references":["0x7ffe490b6a40", "0x7ffe490ad3f0"], "memsize":472, "flags":{"wb_protected":true}}
{"address":"0x7ffe490ad3f0", "type":"CLASS", "class":"0x7ffe490ad3c8", "name":"Errno::EMFILE", "references":["0x7ffe490b6a68", "0x7ffe490ad3a0"], "memsize":560, "flags":{"wb_protected":true}}
{"address":"0x7ffe490ad418", "type":"STRING", "class":"0x7ffe490be858", "frozen":true, "embedded":true, "fstring":true, "bytesize":6, "value":"EMFILE", "encoding":"US-ASCII", "memsize":40, "flags":{"wb_protected":true}}
{"address":"0x7ffe490ad440", "type":"STRING", "class":"0x7ffe490be858", "frozen":true, "embedded":true, "fstring":true, "bytesize":11, "value":"EMEDIUMTYPE", "encoding":"US-ASCII", "memsize":40, "flags":{"wb_protected":true}}
{"address":"0x7ffe490ad468", "type":"STRING", "class":"0x7ffe490be858", "frozen":true, "embedded":true, "bytesize":12, "value":"Errno::ELOOP", "encoding":"US-ASCII", "memsize":40, "flags":{"wb_protected":true}}
{"address":"0x7ffe490ad490", "type":"CLASS", "class":"0x7ffe490c5770", "references":["0x7ffe490b6a40", "0x7ffe490ad4b8"], "memsize":472, "flags":{"wb_protected":true}}
{"address":"0x7ffe490ad4b8", "type":"CLASS", "class":"0x7ffe490ad490", "name":"Errno::ELOOP", "references":["0x7ffe490b6a68", "0x7ffe490ad468"], "memsize":560, "flags":{"wb_protected":true}}
{"address":"0x7ffe490ad4e0", "type":"STRING", "class":"0x7ffe490be858", "frozen":true, "embedded":true, "fstring":true, "bytesize":5, "value":"ELOOP", "encoding":"US-ASCII", "memsize":40, "flags":{"wb_protected":true}}
{"address":"0x7ffe490ad508", "type":"STRING", "class":"0x7ffe490be858", "frozen":true, "embedded":true, "fstring":true, "bytesize":6, "value":"ELNRNG", "encoding":"US-ASCII", "memsize":40, "flags":{"wb_protected":true}}
{"address":"0x7ffe490ad530", "type":"STRING", "class":"0x7ffe490be858", "frozen":true, "embedded":true, "fstring":true, "bytesize":7, "value":"ELIBSCN", "encoding":"US-ASCII", "memsize":40, "flags":{"wb_protected":true}}
{"address":"0x7ffe490ad558", "type":"STRING", "class":"0x7ffe490be858", "frozen":true, "embedded":true, "fstring":true, "bytesize":7, "value":"ELIBMAX", "encoding":"US-ASCII", "memsize":40, "flags":{"wb_protected":true}}
{"address":"0x7ffe490ad580", "type":"STRING", "class":"0x7ffe490be858", "frozen":true, "embedded":true, "fstring":true, "bytesize":8, "value":"ELIBEXEC", "encoding":"US-ASCII", "memsize":40, "flags":{"wb_protected":true}}
{"address":"0x7ffe490ad5a8", "type":"STRING", "class":"0x7ffe490be858", "frozen":true, "embedded":true, "fstring":true, "bytesize":7, "value":"ELIBBAD", "encoding":"US-ASCII", "memsize":40, "flags":{"wb_protected":true}}
{"address":"0x7ffe490ad5d0", "type":"STRING", "class":"0x7ffe490be858", "frozen":true, "embedded":true, "fstring":true, "bytesize":7, "value":"ELIBACC", "encoding":"US-ASCII", "memsize":40, "flags":{"wb_protected":true}}
{"address":"0x7ffe490ad5f8", "type":"STRING", "class":"0x7ffe490be858", "frozen":true, "embedded":true, "bytesize":12, "value":"Errno::ELAST", "encoding":"US-ASCII", "memsize":40, "flags":{"wb_protected":true}}
{"address":"0x7ffe490ad620", "type":"CLASS", "class":"0x7ffe490c5770", "references":["0x7ffe490b6a40", "0x7ffe490ad648"], "memsize":472, "flags":{"wb_protected":true}}
{"address":"0x7ffe490ad648", "type":"CLASS", "class":"0x7ffe490ad620", "name":"Errno::ELAST", "references":["0x7ffe490b6a68", "0x7ffe490ad5f8"], "memsize":560, "flags":{"wb_protected":true}}
{"address":"0x7ffe490ad670", "type":"STRING", "class":"0x7ffe490be858", "frozen":true, "embedded":true, "fstring":true, "bytesize":5, "value":"ELAST", "encoding":"US-ASCII", "memsize":40, "flags":{"wb_protected":true}}
{"address":"0x7ffe490ad698", "type":"STRING", "class":"0x7ffe490be858", "frozen":true, "embedded":true, "fstring":true, "bytesize":6, "value":"EL3RST", "encoding":"US-ASCII", "memsize":40, "flags":{"wb_protected":true}}
{"address":"0x7ffe490ad6c0", "type":"STRING", "class":"0x7ffe490be858", "frozen":true, "embedded":true, "fstring":true, "bytesize":6, "value":"EL3HLT", "encoding":"US-ASCII", "memsize":40, "flags":{"wb_protected":true}}
{"address":"0x7ffe490ad6e8", "type":"STRING", "class":"0x7ffe490be858", "frozen":true, "embedded":true, "fstring":true, "bytesize":8, "value":"EL2NSYNC", "encoding":"US-ASCII", "memsize":40, "flags":{"wb_protected":true}}
{"address":"0x7ffe490ad710", "type":"STRING", "class":"0x7ffe490be858", "frozen":true, "embedded":true, "fstring":true, "bytesize":6, "value":"EL2HLT", "encoding":"US-ASCII", "memsize":40, "flags":{"wb_protected":true}}
{"address":"0x7ffe490ad738", "type":"STRING", "class":"0x7ffe490be858", "frozen":true, "embedded":true, "fstring":true, "bytesize":11, "value":"EKEYREVOKED", "encoding":"US-ASCII", "memsize":40, "flags":{"wb_protected":true}}
{"address":"0x7ffe490ad760", "type":"STRING", "class":"0x7ffe490be858", "frozen":true, "embedded":true, "fstring":true, "bytesize":12, "value":"EKEYREJECTED", "encoding":"US-ASCII", "memsize":40, "flags":{"wb_protected":true}}
{"address":"0x7ffe490ad788", "type":"STRING", "class":"0x7ffe490be858", "frozen":true, "embedded":true, "fstring":true, "bytesize":11, "value":"EKEYEXPIRED", "encoding":"US-ASCII", "memsize":40, "flags":{"wb_protected":true}}
{"address":"0x7ffe490ad7b0", "type":"STRING", "class":"0x7ffe490be858", "frozen":true, "embedded":true, "fstring":true, "bytesize":6, "value":"EISNAM", "encoding":"US-ASCII", "memsize":40, "flags":{"wb_protected":true}}
{"address":"0x7ffe490ad7d8", "type":"STRING", "class":"0x7ffe490be858", "frozen":true, "embedded":true, "bytesize":13, "value":"Errno::EISDIR", "encoding":"US-ASCII", "memsize":40, "flags":{"wb_protected":true}}
{"address":"0x7ffe490ad800", "type":"CLASS", "class":"0x7ffe490c5770", "references":["0x7ffe490b6a40", "0x7ffe490ad828"], "memsize":472, "flags":{"wb_protected":true}}
{"address":"0x7ffe490ad828", "type":"CLASS", "class":"0x7ffe490ad800", "name":"Errno::EISDIR", "references":["0x7ffe490b6a68", "0x7ffe490ad7d8"], "memsize":560, "flags":{"wb_protected":true}}
{"address":"0x7ffe490ad850", "type":"STRING", "class":"0x7ffe490be858", "frozen":true, "embedded":true, "fstring":true, "bytesize":6, "value":"EISDIR", "encoding":"US-ASCII", "memsize":40, "flags":{"wb_protected":true}}
{"address":"0x7ffe490ad878", "type":"STRING", "class":"0x7ffe490be858", "frozen":true, "embedded":true, "bytesize":14, "value":"Errno::EISCONN", "encoding":"US-ASCII", "memsize":40, "flags":{"wb_protected":true}}
{"address":"0x7ffe490ad8a0", "type":"CLASS", "class":"0x7ffe490c5770", "references":["0x7ffe490b6a40", "0x7ffe490ad8c8"], "memsize":472, "flags":{"wb_protected":true}}
{"address":"0x7ffe490ad8c8", "type":"CLASS", "class":"0x7ffe490ad8a0", "name":"Errno::EISCONN", "references":["0x7ffe490b6a68", "0x7ffe490ad878"], "memsize":560, "flags":{"wb_protected":true}}
{"address":"0x7ffe490ad8f0", "type":"STRING", "class":"0x7ffe490be858", "frozen":true, "embedded":true, "fstring":true, "bytesize":7, "value":"EISCONN", "encoding":"US-ASCII", "memsize":40, "flags":{"wb_protected":true}}
{"address":"0x7ffe490ad918", "type":"STRING", "class":"0x7ffe490be858", "frozen":true, "embedded":true, "fstring":true, "bytesize":6, "value":"EIPSEC", "encoding":"US-ASCII", "memsize":40, "flags":{"wb_protected":true}}
{"address":"0x7ffe490ad940", "type":"STRING", "class":"0x7ffe490be858", "frozen":true, "embedded":true, "bytesize":10, "value":"Errno::EIO", "encoding":"US-ASCII", "memsize":40, "flags":{"wb_protected":true}}
{"address":"0x7ffe490ad968", "type":"CLASS", "class":"0x7ffe490c5770", "references":["0x7ffe490b6a40", "0x7ffe490ad990"], "memsize":472, "flags":{"wb_protected":true}}
{"address":"0x7ffe490ad990", "type":"CLASS", "class":"0x7ffe490ad968", "name":"Errno::EIO", "references":["0x7ffe490b6a68", "0x7ffe490ad940"], "memsize":560, "flags":{"wb_protected":true}}
{"address":"0x7ffe490ad9b8", "type":"STRING", "class":"0x7ffe490be858", "frozen":true, "embedded":true, "fstring":true, "bytesize":3, "value":"EIO", "encoding":"US-ASCII", "memsize":40, "flags":{"wb_protected":true}}
{"address":"0x7ffe490ad9e0", "type":"STRING", "class":"0x7ffe490be858", "frozen":true, "embedded":true, "bytesize":13, "value":"Errno::EINVAL", "encoding":"US-ASCII", "memsize":40, "flags":{"wb_protected":true}}
{"address":"0x7ffe490ada08", "type":"CLASS", "class":"0x7ffe490c5770", "references":["0x7ffe490b6a40", "0x7ffe490ada30"], "memsize":472, "flags":{"wb_protected":true}}
{"address":"0x7ffe490ada30", "type":"CLASS", "class":"0x7ffe490ada08", "name":"Errno::EINVAL", "references":["0x7ffe490b6a68", "0x7ffe490ad9e0"], "memsize":560, "flags":{"wb_protected":true}}
{"address":"0x7ffe490ada58", "type":"STRING", "class":"0x7ffe490be858", "frozen":true, "embedded":true, "fstring":true, "bytesize":6, "value":"EINVAL", "encoding":"US-ASCII", "memsize":40, "flags":{"wb_protected":true}}
{"address":"0x7ffe490ada80", "type":"STRING", "class":"0x7ffe490be858", "frozen":true, "embedded":true, "bytesize":12, "value":"Errno::EINTR", "encoding":"US-ASCII", "memsize":40, "flags":{"wb_protected":true}}
{"address":"0x7ffe490adaa8", "type":"CLASS", "class":"0x7ffe490c5770", "references":["0x7ffe490b6a40", "0x7ffe490adad0"], "memsize":472, "flags":{"wb_protected":true}}
{"address":"0x7ffe490adad0", "type":"CLASS", "class":"0x7ffe490adaa8", "name":"Errno::EINTR", "references":["0x7ffe490b6a68", "0x7ffe490ada80"], "memsize":560, "flags":{"wb_protected":true}}
{"address":"0x7ffe490adaf8", "type":"STRING", "class":"0x7ffe490be858", "frozen":true, "embedded":true, "fstring":true, "bytesize":5, "value":"EINTR", "encoding":"US-ASCII", "memsize":40, "flags":{"wb_protected":true}}
{"address":"0x7ffe490adb20", "type":"STRING", "class":"0x7ffe490be858", "frozen":true, "embedded":true, "bytesize":18, "value":"Errno::EINPROGRESS", "encoding":"US-ASCII", "memsize":40, "flags":{"wb_protected":true}}
{"address":"0x7ffe490adb48", "type":"CLASS", "class":"0x7ffe490c5770", "references":["0x7ffe490b6a40", "0x7ffe490c6580", "0x7ffe490adb70"], "memsize":584, "flags":{"wb_protected":true}}
{"address":"0x7ffe490adb70", "type":"CLASS", "class":"0x7ffe490adb48", "name":"Errno::EINPROGRESS", "references":["0x7ffe490b6a68", "0x7ffe490adb20"], "memsize":560, "flags":{"wb_protected":true}}
{"address":"0x7ffe490adb98", "type":"STRING", "class":"0x7ffe490be858", "frozen":true, "embedded":true, "fstring":true, "bytesize":11, "value":"EINPROGRESS", "encoding":"US-ASCII", "memsize":40, "flags":{"wb_protected":true}}
{"address":"0x7ffe490adbc0", "type":"STRING", "class":"0x7ffe490be858", "frozen":true, "embedded":true, "bytesize":13, "value":"Errno::EILSEQ", "encoding":"US-ASCII", "memsize":40, "flags":{"wb_protected":true}}
{"address":"0x7ffe490adbe8", "type":"CLASS", "class":"0x7ffe490c5770", "references":["0x7ffe490b6a40", "0x7ffe490adc10"], "memsize":472, "flags":{"wb_protected":true}}
{"address":"0x7ffe490adc10", "type":"CLASS", "class":"0x7ffe490adbe8", "name":"Errno::EILSEQ", "references":["0x7ffe490b6a68", "0x7ffe490adbc0"], "memsize":560, "flags":{"wb_protected":true}}
{"address":"0x7ffe490adc38", "type":"STRING", "class":"0x7ffe490be858", "frozen":true, "embedded":true, "fstring":true, "bytesize":6, "value":"EILSEQ", "encoding":"US-ASCII", "memsize":40, "flags":{"wb_protected":true}}
{"address":"0x7ffe490adc60", "type":"STRING", "class":"0x7ffe490be858", "frozen":true, "embedded":true, "bytesize":12, "value":"Errno::EIDRM", "encoding":"US-ASCII", "memsize":40, "flags":{"wb_protected":true}}
{"address":"0x7ffe490adc88", "type":"CLASS", "class":"0x7ffe490c5770", "references":["0x7ffe490b6a40", "0x7ffe490adcb0"], "memsize":472, "flags":{"wb_protected":true}}
{"address":"0x7ffe490adcb0", "type":"CLASS", "class":"0x7ffe490adc88", "name":"Errno::EIDRM", "references":["0x7ffe490b6a68", "0x7ffe490adc60"], "memsize":560, "flags":{"wb_protected":true}}
{"address":"0x7ffe490adcd8", "type":"STRING", "class":"0x7ffe490be858", "frozen":true, "embedded":true, "fstring":true, "bytesize":5, "value":"EIDRM", "encoding":"US-ASCII", "memsize":40, "flags":{"wb_protected":true}}
{"address":"0x7ffe490add00", "type":"STRING", "class":"0x7ffe490be858", "frozen":true, "embedded":true, "fstring":true, "bytesize":9, "value":"EHWPOISON", "encoding":"US-ASCII", "memsize":40, "flags":{"wb_protected":true}}
{"address":"0x7ffe490add28", "type":"STRING", "class":"0x7ffe490be858", "frozen":true, "embedded":true, "bytesize":19, "value":"Errno::EHOSTUNREACH", "encoding":"US-ASCII", "memsize":40, "flags":{"wb_protected":true}}
{"address":"0x7ffe490add50", "type":"CLASS", "class":"0x7ffe490c5770", "references":["0x7ffe490b6a40", "0x7ffe490add78"], "memsize":472, "flags":{"wb_protected":true}}
{"address":"0x7ffe490add78", "type":"CLASS", "class":"0x7ffe490add50", "name":"Errno::EHOSTUNREACH", "references":["0x7ffe490b6a68", "0x7ffe490add28"], "memsize":560, "flags":{"wb_protected":true}}
{"address":"0x7ffe490adda0", "type":"STRING", "class":"0x7ffe490be858", "frozen":true, "embedded":true, "fstring":true, "bytesize":12, "value":"EHOSTUNREACH", "encoding":"US-ASCII", "memsize":40, "flags":{"wb_protected":true}}
{"address":"0x7ffe490addc8", "type":"STRING", "class":"0x7ffe490be858", "frozen":true, "embedded":true, "bytesize":16, "value":"Errno::EHOSTDOWN", "encoding":"US-ASCII", "memsize":40, "flags":{"wb_protected":true}}
{"address":"0x7ffe490addf0", "type":"CLASS", "class":"0x7ffe490c5770", "references":["0x7ffe490b6a40", "0x7ffe490ade18"], "memsize":472, "flags":{"wb_protected":true}}
{"address":"0x7ffe490ade18", "type":"CLASS", "class":"0x7ffe490addf0", "name":"Errno::EHOSTDOWN", "references":["0x7ffe490b6a68", "0x7ffe490addc8"], "memsize":560, "flags":{"wb_protected":true}}
{"address":"0x7ffe490ade40", "type":"STRING", "class":"0x7ffe490be858", "frozen":true, "embedded":true, "fstring":true, "bytesize":9, "value":"EHOSTDOWN", "encoding":"US-ASCII", "memsize":40, "flags":{"wb_protected":true}}
{"address":"0x7ffe490ade68", "type":"STRING", "class":"0x7ffe490be858", "frozen":true, "embedded":true, "bytesize":13, "value":"Errno::EFTYPE", "encoding":"US-ASCII", "memsize":40, "flags":{"wb_protected":true}}
{"address":"0x7ffe490ade90", "type":"CLASS", "class":"0x7ffe490c5770", "references":["0x7ffe490b6a40", "0x7ffe490adeb8"], "memsize":472, "flags":{"wb_protected":true}}
{"address":"0x7ffe490adeb8", "type":"CLASS", "class":"0x7ffe490ade90", "name":"Errno::EFTYPE", "references":["0x7ffe490b6a68", "0x7ffe490ade68"], "memsize":560, "flags":{"wb_protected":true}}
{"address":"0x7ffe490adee0", "type":"STRING", "class":"0x7ffe490be858", "frozen":true, "embedded":true, "fstring":true, "bytesize":6, "value":"EFTYPE", "encoding":"US-ASCII", "memsize":40, "flags":{"wb_protected":true}}
{"address":"0x7ffe490adf08", "type":"STRING", "class":"0x7ffe490be858", "frozen":true, "embedded":true, "bytesize":12, "value":"Errno::EFBIG", "encoding":"US-ASCII", "memsize":40, "flags":{"wb_protected":true}}
{"address":"0x7ffe490adf30", "type":"CLASS", "class":"0x7ffe490c5770", "references":["0x7ffe490b6a40", "0x7ffe490adf58"], "memsize":472, "flags":{"wb_protected":true}}
{"address":"0x7ffe490adf58", "type":"CLASS", "class":"0x7ffe490adf30", "name":"Errno::EFBIG", "references":["0x7ffe490b6a68", "0x7ffe490adf08"], "memsize":560, "flags":{"wb_protected":true}}
{"address":"0x7ffe490adf80", "type":"STRING", "class":"0x7ffe490be858", "frozen":true, "embedded":true, "fstring":true, "bytesize":5, "value":"EFBIG", "encoding":"US-ASCII", "memsize":40, "flags":{"wb_protected":true}}
{"address":"0x7ffe490adfa8", "type":"STRING", "class":"0x7ffe490be858", "frozen":true, "embedded":true, "bytesize":13, "value":"Errno::EFAULT", "encoding":"US-ASCII", "memsize":40, "flags":{"wb_protected":true}}
{"address":"0x7ffe490adfd0", "type":"CLASS", "class":"0x7ffe490c5770", "references":["0x7ffe490b6a40", "0x7ffe490adff8"], "memsize":472, "flags":{"wb_protected":true}}
{"address":"0x7ffe490adff8", "type":"CLASS", "class":"0x7ffe490adfd0", "name":"Errno::EFAULT", "references":["0x7ffe490b6a68", "0x7ffe490adfa8"], "memsize":560, "flags":{"wb_protected":true}}
{"address":"0x7ffe490ae020", "type":"STRING", "class":"0x7ffe490be858", "frozen":true, "embedded":true, "fstring":true, "bytesize":6, "value":"EFAULT", "encoding":"US-ASCII", "memsize":40, "flags":{"wb_protected":true}}
{"address":"0x7ffe490ae048", "type":"STRING", "class":"0x7ffe490be858", "frozen":true, "embedded":true, "bytesize":13, "value":"Errno::EEXIST", "encoding":"US-ASCII", "memsize":40, "flags":{"wb_protected":true}}
{"address":"0x7ffe490ae070", "type":"CLASS", "class":"0x7ffe490c5770", "references":["0x7ffe490b6a40", "0x7ffe490ae098"], "memsize":472, "flags":{"wb_protected":true}}
{"address":"0x7ffe490ae098", "type":"CLASS", "class":"0x7ffe490ae070", "name":"Errno::EEXIST", "references":["0x7ffe490b6a68", "0x7ffe490ae048"], "memsize":560, "flags":{"wb_protected":true}}
{"address":"0x7ffe490ae0c0", "type":"STRING", "class":"0x7ffe490be858", "frozen":true, "embedded":true, "fstring":true, "bytesize":6, "value":"EEXIST", "encoding":"US-ASCII", "memsize":40, "flags":{"wb_protected":true}}
{"address":"0x7ffe490ae0e8", "type":"STRING", "class":"0x7ffe490be858", "frozen":true, "embedded":true, "bytesize":13, "value":"Errno::EDQUOT", "encoding":"US-ASCII", "memsize":40, "flags":{"wb_protected":true}}
{"address":"0x7ffe490ae110", "type":"CLASS", "class":"0x7ffe490c5770", "references":["0x7ffe490b6a40", "0x7ffe490ae138"], "memsize":472, "flags":{"wb_protected":true}}
{"address":"0x7ffe490ae138", "type":"CLASS", "class":"0x7ffe490ae110", "name":"Errno::EDQUOT", "references":["0x7ffe490b6a68", "0x7ffe490ae0e8"], "memsize":560, "flags":{"wb_protected":true}}
{"address":"0x7ffe490ae160", "type":"STRING", "class":"0x7ffe490be858", "frozen":true, "embedded":true, "fstring":true, "bytesize":6, "value":"EDQUOT", "encoding":"US-ASCII", "memsize":40, "flags":{"wb_protected":true}}
{"address":"0x7ffe490ae188", "type":"STRING", "class":"0x7ffe490be858", "frozen":true, "embedded":true, "fstring":true, "bytesize":7, "value":"EDOTDOT", "encoding":"US-ASCII", "memsize":40, "flags":{"wb_protected":true}}
{"address":"0x7ffe490ae1b0", "type":"STRING", "class":"0x7ffe490be858", "frozen":true, "embedded":true, "fstring":true, "bytesize":7, "value":"EDOOFUS", "encoding":"US-ASCII", "memsize":40, "flags":{"wb_protected":true}}
{"address":"0x7ffe490ae1d8", "type":"STRING", "class":"0x7ffe490be858", "frozen":true, "embedded":true, "bytesize":11, "value":"Errno::EDOM", "encoding":"US-ASCII", "memsize":40, "flags":{"wb_protected":true}}
{"address":"0x7ffe490ae200", "type":"CLASS", "class":"0x7ffe490c5770", "references":["0x7ffe490b6a40", "0x7ffe490ae228"], "memsize":472, "flags":{"wb_protected":true}}
{"address":"0x7ffe490ae228", "type":"CLASS", "class":"0x7ffe490ae200", "name":"Errno::EDOM", "references":["0x7ffe490b6a68", "0x7ffe490ae1d8"], "memsize":560, "flags":{"wb_protected":true}}
{"address":"0x7ffe490ae250", "type":"STRING", "class":"0x7ffe490be858", "frozen":true, "embedded":true, "fstring":true, "bytesize":4, "value":"EDOM", "encoding":"US-ASCII", "memsize":40, "flags":{"wb_protected":true}}
{"address":"0x7ffe490ae278", "type":"STRING", "class":"0x7ffe490be858", "frozen":true, "embedded":true, "bytesize":14, "value":"Errno::EDEVERR", "encoding":"US-ASCII", "memsize":40, "flags":{"wb_protected":true}}
{"address":"0x7ffe490ae2a0", "type":"CLASS", "class":"0x7ffe490c5770", "references":["0x7ffe490b6a40", "0x7ffe490ae2c8"], "memsize":472, "flags":{"wb_protected":true}}
{"address":"0x7ffe490ae2c8", "type":"CLASS", "class":"0x7ffe490ae2a0", "name":"Errno::EDEVERR", "references":["0x7ffe490b6a68", "0x7ffe490ae278"], "memsize":560, "flags":{"wb_protected":true}}
{"address":"0x7ffe490ae2f0", "type":"STRING", "class":"0x7ffe490be858", "frozen":true, "embedded":true, "fstring":true, "bytesize":7, "value":"EDEVERR", "encoding":"US-ASCII", "memsize":40, "flags":{"wb_protected":true}}
{"address":"0x7ffe490ae318", "type":"STRING", "class":"0x7ffe490be858", "frozen":true, "embedded":true, "bytesize":19, "value":"Errno::EDESTADDRREQ", "encoding":"US-ASCII", "memsize":40, "flags":{"wb_protected":true}}
{"address":"0x7ffe490ae340", "type":"CLASS", "class":"0x7ffe490c5770", "references":["0x7ffe490b6a40", "0x7ffe490ae368"], "memsize":472, "flags":{"wb_protected":true}}
{"address":"0x7ffe490ae368", "type":"CLASS", "class":"0x7ffe490ae340", "name":"Errno::EDESTADDRREQ", "references":["0x7ffe490b6a68", "0x7ffe490ae318"], "memsize":560, "flags":{"wb_protected":true}}
{"address":"0x7ffe490ae390", "type":"STRING", "class":"0x7ffe490be858", "frozen":true, "embedded":true, "fstring":true, "bytesize":12, "value":"EDESTADDRREQ", "encoding":"US-ASCII", "memsize":40, "flags":{"wb_protected":true}}
{"address":"0x7ffe490ae3b8", "type":"STRING", "class":"0x7ffe490be858", "frozen":true, "embedded":true, "fstring":true, "bytesize":9, "value":"EDEADLOCK", "encoding":"US-ASCII", "memsize":40, "flags":{"wb_protected":true}}
{"address":"0x7ffe490ae3e0", "type":"STRING", "class":"0x7ffe490be858", "frozen":true, "embedded":true, "bytesize":14, "value":"Errno::EDEADLK", "encoding":"US-ASCII", "memsize":40, "flags":{"wb_protected":true}}
{"address":"0x7ffe490ae408", "type":"CLASS", "class":"0x7ffe490c5770", "references":["0x7ffe490b6a40", "0x7ffe490ae430"], "memsize":472, "flags":{"wb_protected":true}}
{"address":"0x7ffe490ae430", "type":"CLASS", "class":"0x7ffe490ae408", "name":"Errno::EDEADLK", "references":["0x7ffe490b6a68", "0x7ffe490ae3e0"], "memsize":560, "flags":{"wb_protected":true}}
{"address":"0x7ffe490ae458", "type":"STRING", "class":"0x7ffe490be858", "frozen":true, "embedded":true, "fstring":true, "bytesize":7, "value":"EDEADLK", "encoding":"US-ASCII", "memsize":40, "flags":{"wb_protected":true}}
{"address":"0x7ffe490ae480", "type":"STRING", "class":"0x7ffe490be858", "frozen":true, "embedded":true, "bytesize":17, "value":"Errno::ECONNRESET", "encoding":"US-ASCII", "memsize":40, "flags":{"wb_protected":true}}
{"address":"0x7ffe490ae4a8", "type":"CLASS", "class":"0x7ffe490c5770", "references":["0x7ffe490b6a40", "0x7ffe490ae4d0"], "memsize":472, "flags":{"wb_protected":true}}
{"address":"0x7ffe490ae4d0", "type":"CLASS", "class":"0x7ffe490ae4a8", "name":"Errno::ECONNRESET", "references":["0x7ffe490b6a68", "0x7ffe490ae480"], "memsize":560, "flags":{"wb_protected":true}}
{"address":"0x7ffe490ae4f8", "type":"STRING", "class":"0x7ffe490be858", "frozen":true, "embedded":true, "fstring":true, "bytesize":10, "value":"ECONNRESET", "encoding":"US-ASCII", "memsize":40, "flags":{"wb_protected":true}}
{"address":"0x7ffe490ae520", "type":"STRING", "class":"0x7ffe490be858", "frozen":true, "embedded":true, "bytesize":19, "value":"Errno::ECONNREFUSED", "encoding":"US-ASCII", "memsize":40, "flags":{"wb_protected":true}}
{"address":"0x7ffe490ae548", "type":"CLASS", "class":"0x7ffe490c5770", "references":["0x7ffe490b6a40", "0x7ffe490ae570"], "memsize":472, "flags":{"wb_protected":true}}
{"address":"0x7ffe490ae570", "type":"CLASS", "class":"0x7ffe490ae548", "name":"Errno::ECONNREFUSED", "references":["0x7ffe490b6a68", "0x7ffe490ae520"], "memsize":560, "flags":{"wb_protected":true}}
{"address":"0x7ffe490ae598", "type":"STRING", "class":"0x7ffe490be858", "frozen":true, "embedded":true, "fstring":true, "bytesize":12, "value":"ECONNREFUSED", "encoding":"US-ASCII", "memsize":40, "flags":{"wb_protected":true}}
{"address":"0x7ffe490ae5c0", "type":"STRING", "class":"0x7ffe490be858", "frozen":true, "embedded":true, "bytesize":19, "value":"Errno::ECONNABORTED", "encoding":"US-ASCII", "memsize":40, "flags":{"wb_protected":true}}
{"address":"0x7ffe490ae5e8", "type":"CLASS", "class":"0x7ffe490c5770", "references":["0x7ffe490b6a40", "0x7ffe490ae610"], "memsize":472, "flags":{"wb_protected":true}}
{"address":"0x7ffe490ae610", "type":"CLASS", "class":"0x7ffe490ae5e8", "name":"Errno::ECONNABORTED", "references":["0x7ffe490b6a68", "0x7ffe490ae5c0"], "memsize":560, "flags":{"wb_protected":true}}
{"address":"0x7ffe490ae638", "type":"STRING", "class":"0x7ffe490be858", "frozen":true, "embedded":true, "fstring":true, "bytesize":12, "value":"ECONNABORTED", "encoding":"US-ASCII", "memsize":40, "flags":{"wb_protected":true}}
{"address":"0x7ffe490ae660", "type":"STRING", "class":"0x7ffe490be858", "frozen":true, "embedded":true, "fstring":true, "bytesize":5, "value":"ECOMM", "encoding":"US-ASCII", "memsize":40, "flags":{"wb_protected":true}}
{"address":"0x7ffe490ae688", "type":"STRING", "class":"0x7ffe490be858", "frozen":true, "embedded":true, "fstring":true, "bytesize":6, "value":"ECHRNG", "encoding":"US-ASCII", "memsize":40, "flags":{"wb_protected":true}}
{"address":"0x7ffe490ae6b0", "type":"STRING", "class":"0x7ffe490be858", "frozen":true, "embedded":true, "bytesize":13, "value":"Errno::ECHILD", "encoding":"US-ASCII", "memsize":40, "flags":{"wb_protected":true}}
{"address":"0x7ffe490ae6d8", "type":"CLASS", "class":"0x7ffe490c5770", "references":["0x7ffe490b6a40", "0x7ffe490ae700"], "memsize":472, "flags":{"wb_protected":true}}
{"address":"0x7ffe490ae700", "type":"CLASS", "class":"0x7ffe490ae6d8", "name":"Errno::ECHILD", "references":["0x7ffe490b6a68", "0x7ffe490ae6b0"], "memsize":560, "flags":{"wb_protected":true}}
{"address":"0x7ffe490ae728", "type":"STRING", "class":"0x7ffe490be858", "frozen":true, "embedded":true, "fstring":true, "bytesize":6, "value":"ECHILD", "encoding":"US-ASCII", "memsize":40, "flags":{"wb_protected":true}}
{"address":"0x7ffe490ae750", "type":"STRING", "class":"0x7ffe490be858", "frozen":true, "embedded":true, "fstring":true, "bytesize":8, "value":"ECAPMODE", "encoding":"US-ASCII", "memsize":40, "flags":{"wb_protected":true}}
{"address":"0x7ffe490ae778", "type":"STRING", "class":"0x7ffe490be858", "frozen":true, "embedded":true, "bytesize":16, "value":"Errno::ECANCELED", "encoding":"US-ASCII", "memsize":40, "flags":{"wb_protected":true}}
{"address":"0x7ffe490ae7a0", "type":"CLASS", "class":"0x7ffe490c5770", "references":["0x7ffe490b6a40", "0x7ffe490ae7c8"], "memsize":472, "flags":{"wb_protected":true}}
{"address":"0x7ffe490ae7c8", "type":"CLASS", "class":"0x7ffe490ae7a0", "name":"Errno::ECANCELED", "references":["0x7ffe490b6a68", "0x7ffe490ae778"], "memsize":560, "flags":{"wb_protected":true}}
{"address":"0x7ffe490ae7f0", "type":"STRING", "class":"0x7ffe490be858", "frozen":true, "embedded":true, "fstring":true, "bytesize":9, "value":"ECANCELED", "encoding":"US-ASCII", "memsize":40, "flags":{"wb_protected":true}}
{"address":"0x7ffe490ae818", "type":"STRING", "class":"0x7ffe490be858", "frozen":true, "embedded":true, "bytesize":12, "value":"Errno::EBUSY", "encoding":"US-ASCII", "memsize":40, "flags":{"wb_protected":true}}
{"address":"0x7ffe490ae840", "type":"CLASS", "class":"0x7ffe490c5770", "references":["0x7ffe490b6a40", "0x7ffe490ae868"], "memsize":472, "flags":{"wb_protected":true}}
{"address":"0x7ffe490ae868", "type":"CLASS", "class":"0x7ffe490ae840", "name":"Errno::EBUSY", "references":["0x7ffe490b6a68", "0x7ffe490ae818"], "memsize":560, "flags":{"wb_protected":true}}
{"address":"0x7ffe490ae890", "type":"STRING", "class":"0x7ffe490be858", "frozen":true, "embedded":true, "fstring":true, "bytesize":5, "value":"EBUSY", "encoding":"US-ASCII", "memsize":40, "flags":{"wb_protected":true}}
{"address":"0x7ffe490ae8b8", "type":"STRING", "class":"0x7ffe490be858", "frozen":true, "embedded":true, "fstring":true, "bytesize":6, "value":"EBFONT", "encoding":"US-ASCII", "memsize":40, "flags":{"wb_protected":true}}
{"address":"0x7ffe490ae8e0", "type":"STRING", "class":"0x7ffe490be858", "frozen":true, "embedded":true, "fstring":true, "bytesize":7, "value":"EBADSLT", "encoding":"US-ASCII", "memsize":40, "flags":{"wb_protected":true}}
{"address":"0x7ffe490ae908", "type":"STRING", "class":"0x7ffe490be858", "frozen":true, "embedded":true, "fstring":true, "bytesize":7, "value":"EBADRQC", "encoding":"US-ASCII", "memsize":40, "flags":{"wb_protected":true}}
{"address":"0x7ffe490ae930", "type":"STRING", "class":"0x7ffe490be858", "frozen":true, "embedded":true, "bytesize":14, "value":"Errno::EBADRPC", "encoding":"US-ASCII", "memsize":40, "flags":{"wb_protected":true}}
{"address":"0x7ffe490ae958", "type":"CLASS", "class":"0x7ffe490c5770", "references":["0x7ffe490b6a40", "0x7ffe490ae980"], "memsize":472, "flags":{"wb_protected":true}}
{"address":"0x7ffe490ae980", "type":"CLASS", "class":"0x7ffe490ae958", "name":"Errno::EBADRPC", "references":["0x7ffe490b6a68", "0x7ffe490ae930"], "memsize":560, "flags":{"wb_protected":true}}
{"address":"0x7ffe490ae9a8", "type":"STRING", "class":"0x7ffe490be858", "frozen":true, "embedded":true, "fstring":true, "bytesize":7, "value":"EBADRPC", "encoding":"US-ASCII", "memsize":40, "flags":{"wb_protected":true}}
{"address":"0x7ffe490ae9d0", "type":"STRING", "class":"0x7ffe490be858", "frozen":true, "embedded":true, "fstring":true, "bytesize":5, "value":"EBADR", "encoding":"US-ASCII", "memsize":40, "flags":{"wb_protected":true}}
{"address":"0x7ffe490ae9f8", "type":"STRING", "class":"0x7ffe490be858", "frozen":true, "embedded":true, "bytesize":14, "value":"Errno::EBADMSG", "encoding":"US-ASCII", "memsize":40, "flags":{"wb_protected":true}}
{"address":"0x7ffe490aea20", "type":"CLASS", "class":"0x7ffe490c5770", "references":["0x7ffe490b6a40", "0x7ffe490aea48"], "memsize":472, "flags":{"wb_protected":true}}
{"address":"0x7ffe490aea48", "type":"CLASS", "class":"0x7ffe490aea20", "name":"Errno::EBADMSG", "references":["0x7ffe490b6a68", "0x7ffe490ae9f8"], "memsize":560, "flags":{"wb_protected":true}}
{"address":"0x7ffe490aea70", "type":"STRING", "class":"0x7ffe490be858", "frozen":true, "embedded":true, "fstring":true, "bytesize":7, "value":"EBADMSG", "encoding":"US-ASCII", "memsize":40, "flags":{"wb_protected":true}}
{"address":"0x7ffe490aea98", "type":"STRING", "class":"0x7ffe490be858", "frozen":true, "embedded":true, "bytesize":16, "value":"Errno::EBADMACHO", "encoding":"US-ASCII", "memsize":40, "flags":{"wb_protected":true}}
{"address":"0x7ffe490aeac0", "type":"CLASS", "class":"0x7ffe490c5770", "references":["0x7ffe490b6a40", "0x7ffe490aeae8"], "memsize":472, "flags":{"wb_protected":true}}
{"address":"0x7ffe490aeae8", "type":"CLASS", "class":"0x7ffe490aeac0", "name":"Errno::EBADMACHO", "references":["0x7ffe490b6a68", "0x7ffe490aea98"], "memsize":560, "flags":{"wb_protected":true}}
{"address":"0x7ffe490aeb10", "type":"STRING", "class":"0x7ffe490be858", "frozen":true, "embedded":true, "fstring":true, "bytesize":9, "value":"EBADMACHO", "encoding":"US-ASCII", "memsize":40, "flags":{"wb_protected":true}}
{"address":"0x7ffe490aeb38", "type":"STRING", "class":"0x7ffe490be858", "frozen":true, "embedded":true, "fstring":true, "bytesize":6, "value":"EBADFD", "encoding":"US-ASCII", "memsize":40, "flags":{"wb_protected":true}}
{"address":"0x7ffe490aeb60", "type":"STRING", "class":"0x7ffe490be858", "frozen":true, "embedded":true, "bytesize":12, "value":"Errno::EBADF", "encoding":"US-ASCII", "memsize":40, "flags":{"wb_protected":true}}
{"address":"0x7ffe490aeb88", "type":"CLASS", "class":"0x7ffe490c5770", "references":["0x7ffe490b6a40", "0x7ffe490aebb0"], "memsize":472, "flags":{"wb_protected":true}}
{"address":"0x7ffe490aebb0", "type":"CLASS", "class":"0x7ffe490aeb88", "name":"Errno::EBADF", "references":["0x7ffe490b6a68", "0x7ffe490aeb60"], "memsize":560, "flags":{"wb_protected":true}}
{"address":"0x7ffe490aebd8", "type":"STRING", "class":"0x7ffe490be858", "frozen":true, "embedded":true, "fstring":true, "bytesize":5, "value":"EBADF", "encoding":"US-ASCII", "memsize":40, "flags":{"wb_protected":true}}
{"address":"0x7ffe490aec00", "type":"STRING", "class":"0x7ffe490be858", "frozen":true, "embedded":true, "bytesize":15, "value":"Errno::EBADEXEC", "encoding":"US-ASCII", "memsize":40, "flags":{"wb_protected":true}}
{"address":"0x7ffe490aec28", "type":"CLASS", "class":"0x7ffe490c5770", "references":["0x7ffe490b6a40", "0x7ffe490aec50"], "memsize":472, "flags":{"wb_protected":true}}
{"address":"0x7ffe490aec50", "type":"CLASS", "class":"0x7ffe490aec28", "name":"Errno::EBADEXEC", "references":["0x7ffe490b6a68", "0x7ffe490aec00"], "memsize":560, "flags":{"wb_protected":true}}
{"address":"0x7ffe490aec78", "type":"STRING", "class":"0x7ffe490be858", "frozen":true, "embedded":true, "fstring":true, "bytesize":8, "value":"EBADEXEC", "encoding":"US-ASCII", "memsize":40, "flags":{"wb_protected":true}}
{"address":"0x7ffe490aeca0", "type":"STRING", "class":"0x7ffe490be858", "frozen":true, "embedded":true, "fstring":true, "bytesize":5, "value":"EBADE", "encoding":"US-ASCII", "memsize":40, "flags":{"wb_protected":true}}
{"address":"0x7ffe490aecc8", "type":"STRING", "class":"0x7ffe490be858", "frozen":true, "embedded":true, "bytesize":15, "value":"Errno::EBADARCH", "encoding":"US-ASCII", "memsize":40, "flags":{"wb_protected":true}}
{"address":"0x7ffe490aecf0", "type":"CLASS", "class":"0x7ffe490c5770", "references":["0x7ffe490b6a40", "0x7ffe490aed18"], "memsize":472, "flags":{"wb_protected":true}}
{"address":"0x7ffe490aed18", "type":"CLASS", "class":"0x7ffe490aecf0", "name":"Errno::EBADARCH", "references":["0x7ffe490b6a68", "0x7ffe490aecc8"], "memsize":560, "flags":{"wb_protected":true}}
{"address":"0x7ffe490aed40", "type":"STRING", "class":"0x7ffe490be858", "frozen":true, "embedded":true, "fstring":true, "bytesize":8, "value":"EBADARCH", "encoding":"US-ASCII", "memsize":40, "flags":{"wb_protected":true}}
{"address":"0x7ffe490aed68", "type":"STRING", "class":"0x7ffe490be858", "frozen":true, "embedded":true, "bytesize":12, "value":"Errno::EAUTH", "encoding":"US-ASCII", "memsize":40, "flags":{"wb_protected":true}}
{"address":"0x7ffe490aed90", "type":"CLASS", "class":"0x7ffe490c5770", "references":["0x7ffe490b6a40", "0x7ffe490aedb8"], "memsize":472, "flags":{"wb_protected":true}}
{"address":"0x7ffe490aedb8", "type":"CLASS", "class":"0x7ffe490aed90", "name":"Errno::EAUTH", "references":["0x7ffe490b6a68", "0x7ffe490aed68"], "memsize":560, "flags":{"wb_protected":true}}
{"address":"0x7ffe490aede0", "type":"STRING", "class":"0x7ffe490be858", "frozen":true, "embedded":true, "fstring":true, "bytesize":5, "value":"EAUTH", "encoding":"US-ASCII", "memsize":40, "flags":{"wb_protected":true}}
{"address":"0x7ffe490aee08", "type":"STRING", "class":"0x7ffe490be858", "frozen":true, "embedded":true, "bytesize":15, "value":"Errno::EALREADY", "encoding":"US-ASCII", "memsize":40, "flags":{"wb_protected":true}}
{"address":"0x7ffe490aee30", "type":"CLASS", "class":"0x7ffe490c5770", "references":["0x7ffe490b6a40", "0x7ffe490aee58"], "memsize":472, "flags":{"wb_protected":true}}
{"address":"0x7ffe490aee58", "type":"CLASS", "class":"0x7ffe490aee30", "name":"Errno::EALREADY", "references":["0x7ffe490b6a68", "0x7ffe490aee08"], "memsize":560, "flags":{"wb_protected":true}}
{"address":"0x7ffe490aee80", "type":"STRING", "class":"0x7ffe490be858", "frozen":true, "embedded":true, "fstring":true, "bytesize":8, "value":"EALREADY", "encoding":"US-ASCII", "memsize":40, "flags":{"wb_protected":true}}
{"address":"0x7ffe490aeea8", "type":"STRING", "class":"0x7ffe490be858", "frozen":true, "embedded":true, "bytesize":13, "value":"Errno::EAGAIN", "encoding":"US-ASCII", "memsize":40, "flags":{"wb_protected":true}}
{"address":"0x7ffe490aeed0", "type":"CLASS", "class":"0x7ffe490c5770", "references":["0x7ffe490b6a40", "0x7ffe490c6580", "0x7ffe490aeef8"], "memsize":584, "flags":{"wb_protected":true}}
{"address":"0x7ffe490aeef8", "type":"CLASS", "class":"0x7ffe490aeed0", "name":"Errno::EAGAIN", "references":["0x7ffe490b6a68", "0x7ffe490aeea8"], "memsize":560, "flags":{"wb_protected":true}}
{"address":"0x7ffe490aef20", "type":"STRING", "class":"0x7ffe490be858", "frozen":true, "embedded":true, "fstring":true, "bytesize":6, "value":"EAGAIN", "encoding":"US-ASCII", "memsize":40, "flags":{"wb_protected":true}}
{"address":"0x7ffe490aef48", "type":"STRING", "class":"0x7ffe490be858", "frozen":true, "embedded":true, "bytesize":19, "value":"Errno::EAFNOSUPPORT", "encoding":"US-ASCII", "memsize":40, "flags":{"wb_protected":true}}
{"address":"0x7ffe490aef70", "type":"CLASS", "class":"0x7ffe490c5770", "references":["0x7ffe490b6a40", "0x7ffe490aef98"], "memsize":472, "flags":{"wb_protected":true}}
{"address":"0x7ffe490aef98", "type":"CLASS", "class":"0x7ffe490aef70", "name":"Errno::EAFNOSUPPORT", "references":["0x7ffe490b6a68", "0x7ffe490aef48"], "memsize":560, "flags":{"wb_protected":true}}
{"address":"0x7ffe490aefc0", "type":"STRING", "class":"0x7ffe490be858", "frozen":true, "embedded":true, "fstring":true, "bytesize":12, "value":"EAFNOSUPPORT", "encoding":"US-ASCII", "memsize":40, "flags":{"wb_protected":true}}
{"address":"0x7ffe490aefe8", "type":"STRING", "class":"0x7ffe490be858", "frozen":true, "embedded":true, "fstring":true, "bytesize":4, "value":"EADV", "encoding":"US-ASCII", "memsize":40, "flags":{"wb_protected":true}}
{"address":"0x7ffe490af010", "type":"STRING", "class":"0x7ffe490be858", "frozen":true, "embedded":true, "bytesize":20, "value":"Errno::EADDRNOTAVAIL", "encoding":"US-ASCII", "memsize":40, "flags":{"wb_protected":true}}
{"address":"0x7ffe490af038", "type":"CLASS", "class":"0x7ffe490c5770", "references":["0x7ffe490b6a40", "0x7ffe490af060"], "memsize":472, "flags":{"wb_protected":true}}
{"address":"0x7ffe490af060", "type":"CLASS", "class":"0x7ffe490af038", "name":"Errno::EADDRNOTAVAIL", "references":["0x7ffe490b6a68", "0x7ffe490af010"], "memsize":560, "flags":{"wb_protected":true}}
{"address":"0x7ffe490af088", "type":"STRING", "class":"0x7ffe490be858", "frozen":true, "embedded":true, "fstring":true, "bytesize":13, "value":"EADDRNOTAVAIL", "encoding":"US-ASCII", "memsize":40, "flags":{"wb_protected":true}}
{"address":"0x7ffe490af0b0", "type":"STRING", "class":"0x7ffe490be858", "frozen":true, "embedded":true, "bytesize":17, "value":"Errno::EADDRINUSE", "encoding":"US-ASCII", "memsize":40, "flags":{"wb_protected":true}}
{"address":"0x7ffe490af0d8", "type":"CLASS", "class":"0x7ffe490c5770", "references":["0x7ffe490b6a40", "0x7ffe490af100"], "memsize":472, "flags":{"wb_protected":true}}
{"address":"0x7ffe490af100", "type":"CLASS", "class":"0x7ffe490af0d8", "name":"Errno::EADDRINUSE", "references":["0x7ffe490b6a68", "0x7ffe490af0b0"], "memsize":560, "flags":{"wb_protected":true}}
{"address":"0x7ffe490af128", "type":"STRING", "class":"0x7ffe490be858", "frozen":true, "embedded":true, "fstring":true, "bytesize":10, "value":"EADDRINUSE", "encoding":"US-ASCII", "memsize":40, "flags":{"wb_protected":true}}
{"address":"0x7ffe490af150", "type":"STRING", "class":"0x7ffe490be858", "frozen":true, "embedded":true, "bytesize":13, "value":"Errno::EACCES", "encoding":"US-ASCII", "memsize":40, "flags":{"wb_protected":true}}
{"address":"0x7ffe490af178", "type":"CLASS", "class":"0x7ffe490c5770", "references":["0x7ffe490b6a40", "0x7ffe490af1a0"], "memsize":472, "flags":{"wb_protected":true}}
{"address":"0x7ffe490af1a0", "type":"CLASS", "class":"0x7ffe490af178", "name":"Errno::EACCES", "references":["0x7ffe490b6a68", "0x7ffe490af150"], "memsize":560, "flags":{"wb_protected":true}}
{"address":"0x7ffe490af1c8", "type":"STRING", "class":"0x7ffe490be858", "frozen":true, "embedded":true, "fstring":true, "bytesize":6, "value":"EACCES", "encoding":"US-ASCII", "memsize":40, "flags":{"wb_protected":true}}
{"address":"0x7ffe490af1f0", "type":"STRING", "class":"0x7ffe490be858", "frozen":true, "embedded":true, "bytesize":12, "value":"Errno::E2BIG", "encoding":"US-ASCII", "memsize":40, "flags":{"wb_protected":true}}
{"address":"0x7ffe490af218", "type":"CLASS", "class":"0x7ffe490c5770", "references":["0x7ffe490b6a40", "0x7ffe490af240"], "memsize":472, "flags":{"wb_protected":true}}
{"address":"0x7ffe490af240", "type":"CLASS", "class":"0x7ffe490af218", "name":"Errno::E2BIG", "references":["0x7ffe490b6a68", "0x7ffe490af1f0"], "memsize":560, "flags":{"wb_protected":true}}
{"address":"0x7ffe490af268", "type":"STRING", "class":"0x7ffe490be858", "frozen":true, "embedded":true, "fstring":true, "bytesize":5, "value":"E2BIG", "encoding":"US-ASCII", "memsize":40, "flags":{"wb_protected":true}}
{"address":"0x7ffe490af290", "type":"STRING", "class":"0x7ffe490be858", "frozen":true, "embedded":true, "bytesize":14, "value":"Errno::NOERROR", "encoding":"US-ASCII", "memsize":40, "flags":{"wb_protected":true}}
{"address":"0x7ffe490af2b8", "type":"CLASS", "class":"0x7ffe490c5770", "references":["0x7ffe490b6a40", "0x7ffe490af2e0"], "memsize":472, "flags":{"wb_protected":true}}
{"address":"0x7ffe490af2e0", "type":"CLASS", "class":"0x7ffe490af2b8", "name":"Errno::NOERROR", "references":["0x7ffe490b6a68", "0x7ffe490af290"], "memsize":560, "flags":{"wb_protected":true}}
{"address":"0x7ffe490af308", "type":"STRING", "class":"0x7ffe490be858", "frozen":true, "embedded":true, "fstring":true, "bytesize":7, "value":"NOERROR", "encoding":"US-ASCII", "memsize":40, "flags":{"wb_protected":true}}
{"address":"0x7ffe490af330", "type":"STRING", "class":"0x7ffe490be858", "frozen":true, "embedded":true, "fstring":true, "bytesize":11, "value":"GMP_VERSION", "encoding":"US-ASCII", "memsize":40, "flags":{"wb_protected":true}}
{"address":"0x7ffe490af358", "type":"STRING", "class":"0x7ffe490be858", "embedded":true, "bytesize":9, "value":"GMP 6.2.1", "memsize":40, "flags":{"wb_protected":true}}
{"address":"0x7ffe490af380", "type":"IMEMO", "class":"0x7ffe490b46a0", "imemo_type":"ment", "memsize":48, "flags":{"wb_protected":true}}
{"address":"0x7ffe490af3a8", "type":"STRING", "class":"0x7ffe490be858", "frozen":true, "embedded":true, "fstring":true, "bytesize":6, "value":"Bignum", "encoding":"US-ASCII", "memsize":40, "flags":{"wb_protected":true}}
{"address":"0x7ffe490af3d0", "type":"IMEMO", "class":"0x7ffe490afd58", "imemo_type":"ment", "memsize":48, "flags":{"wb_protected":true}}
{"address":"0x7ffe490af3f8", "type":"IMEMO", "class":"0x7ffe490afd58", "imemo_type":"ment", "memsize":48, "flags":{"wb_protected":true}}
{"address":"0x7ffe490af420", "type":"IMEMO", "class":"0x7ffe490afd58", "imemo_type":"ment", "memsize":48, "flags":{"wb_protected":true}}
{"address":"0x7ffe490af448", "type":"STRING", "class":"0x7ffe490be858", "frozen":true, "embedded":true, "fstring":true, "bytesize":10, "value":"prev_float", "encoding":"US-ASCII", "memsize":40, "flags":{"wb_protected":true}}
{"address":"0x7ffe490af470", "type":"IMEMO", "class":"0x7ffe490afd58", "imemo_type":"ment", "memsize":48, "flags":{"wb_protected":true}}
{"address":"0x7ffe490af498", "type":"STRING", "class":"0x7ffe490be858", "frozen":true, "embedded":true, "fstring":true, "bytesize":10, "value":"next_float", "encoding":"US-ASCII", "memsize":40, "flags":{"wb_protected":true}}
{"address":"0x7ffe490af4c0", "type":"IMEMO", "class":"0x7ffe490afd58", "imemo_type":"ment", "memsize":48, "flags":{"wb_protected":true}}
{"address":"0x7ffe490af4e8", "type":"IMEMO", "class":"0x7ffe490afd58", "imemo_type":"ment", "memsize":48, "flags":{"wb_protected":true}}
{"address":"0x7ffe490af510", "type":"IMEMO", "class":"0x7ffe490afd58", "imemo_type":"ment", "memsize":48, "flags":{"wb_protected":true}}
{"address":"0x7ffe490af538", "type":"STRING", "class":"0x7ffe490be858", "frozen":true, "embedded":true, "fstring":true, "bytesize":4, "value":"nan?", "encoding":"US-ASCII", "memsize":40, "flags":{"wb_protected":true}}
{"address":"0x7ffe490af560", "type":"IMEMO", "class":"0x7ffe490afd58", "imemo_type":"ment", "memsize":48, "flags":{"wb_protected":true}}
{"address":"0x7ffe490af588", "type":"IMEMO", "class":"0x7ffe490afd58", "imemo_type":"ment", "memsize":48, "flags":{"wb_protected":true}}
{"address":"0x7ffe490af5b0", "type":"IMEMO", "class":"0x7ffe490afd58", "imemo_type":"ment", "memsize":48, "flags":{"wb_protected":true}}
{"address":"0x7ffe490af5d8", "type":"IMEMO", "class":"0x7ffe490afd58", "imemo_type":"ment", "memsize":48, "flags":{"wb_protected":true}}
{"address":"0x7ffe490af600", "type":"IMEMO", "class":"0x7ffe490afd58", "imemo_type":"ment", "memsize":48, "flags":{"wb_protected":true}}
{"address":"0x7ffe490af628", "type":"IMEMO", "class":"0x7ffe490afd58", "imemo_type":"ment", "memsize":48, "flags":{"wb_protected":true}}
{"address":"0x7ffe490af650", "type":"IMEMO", "class":"0x7ffe490afd58", "imemo_type":"ment", "memsize":48, "flags":{"wb_protected":true}}
{"address":"0x7ffe490af678", "type":"IMEMO", "class":"0x7ffe490afd58", "imemo_type":"ment", "memsize":48, "flags":{"wb_protected":true}}
{"address":"0x7ffe490af6a0", "type":"IMEMO", "class":"0x7ffe490afd58", "imemo_type":"ment", "memsize":48, "flags":{"wb_protected":true}}
{"address":"0x7ffe490af6c8", "type":"IMEMO", "class":"0x7ffe490afd58", "imemo_type":"ment", "memsize":48, "flags":{"wb_protected":true}}
{"address":"0x7ffe490af6f0", "type":"IMEMO", "class":"0x7ffe490afd58", "imemo_type":"ment", "memsize":48, "flags":{"wb_protected":true}}
{"address":"0x7ffe490af718", "type":"IMEMO", "class":"0x7ffe490afd58", "imemo_type":"ment", "memsize":48, "flags":{"wb_protected":true}}
{"address":"0x7ffe490af740", "type":"IMEMO", "class":"0x7ffe490afd58", "imemo_type":"ment", "memsize":48, "flags":{"wb_protected":true}}
{"address":"0x7ffe490af768", "type":"IMEMO", "class":"0x7ffe490afd58", "imemo_type":"ment", "memsize":48, "flags":{"wb_protected":true}}
{"address":"0x7ffe490af790", "type":"IMEMO", "class":"0x7ffe490afd58", "imemo_type":"ment", "memsize":48, "flags":{"wb_protected":true}}
{"address":"0x7ffe490af7b8", "type":"IMEMO", "class":"0x7ffe490afd58", "imemo_type":"ment", "memsize":48, "flags":{"wb_protected":true}}
{"address":"0x7ffe490af7e0", "type":"IMEMO", "class":"0x7ffe490afd58", "imemo_type":"ment", "memsize":48, "flags":{"wb_protected":true}}
{"address":"0x7ffe490af808", "type":"IMEMO", "class":"0x7ffe490afd58", "imemo_type":"ment", "memsize":48, "flags":{"wb_protected":true}}
{"address":"0x7ffe490af830", "type":"IMEMO", "class":"0x7ffe490afd58", "imemo_type":"ment", "memsize":48, "flags":{"wb_protected":true}}
{"address":"0x7ffe490af858", "type":"IMEMO", "class":"0x7ffe490afd58", "imemo_type":"ment", "memsize":48, "flags":{"wb_protected":true}}
{"address":"0x7ffe490af880", "type":"IMEMO", "class":"0x7ffe490afd58", "imemo_type":"ment", "memsize":48, "flags":{"wb_protected":true}}
{"address":"0x7ffe490af8a8", "type":"IMEMO", "class":"0x7ffe490afd58", "imemo_type":"ment", "memsize":48, "flags":{"wb_protected":true}}
{"address":"0x7ffe490af8d0", "type":"IMEMO", "class":"0x7ffe490afd58", "imemo_type":"ment", "memsize":48, "flags":{"wb_protected":true}}
{"address":"0x7ffe490af8f8", "type":"IMEMO", "class":"0x7ffe490afd58", "imemo_type":"ment", "memsize":48, "flags":{"wb_protected":true}}
{"address":"0x7ffe490af920", "type":"IMEMO", "class":"0x7ffe490afd58", "imemo_type":"ment", "memsize":48, "flags":{"wb_protected":true}}
{"address":"0x7ffe490af948", "type":"IMEMO", "class":"0x7ffe490afd58", "imemo_type":"ment", "memsize":48, "flags":{"wb_protected":true}}
{"address":"0x7ffe490af970", "type":"IMEMO", "class":"0x7ffe490afd58", "imemo_type":"ment", "memsize":48, "flags":{"wb_protected":true}}
{"address":"0x7ffe490af998", "type":"IMEMO", "class":"0x7ffe490afd58", "imemo_type":"ment", "memsize":48, "flags":{"wb_protected":true}}
{"address":"0x7ffe490af9c0", "type":"IMEMO", "class":"0x7ffe490afd58", "imemo_type":"ment", "memsize":48, "flags":{"wb_protected":true}}
{"address":"0x7ffe490af9e8", "type":"IMEMO", "class":"0x7ffe490afd58", "imemo_type":"ment", "memsize":48, "flags":{"wb_protected":true}}
{"address":"0x7ffe490afa10", "type":"IMEMO", "class":"0x7ffe490afd58", "imemo_type":"ment", "memsize":48, "flags":{"wb_protected":true}}
{"address":"0x7ffe490afa38", "type":"IMEMO", "class":"0x7ffe490afd58", "imemo_type":"ment", "memsize":48, "flags":{"wb_protected":true}}
{"address":"0x7ffe490afa60", "type":"IMEMO", "class":"0x7ffe490afd58", "imemo_type":"ment", "memsize":48, "flags":{"wb_protected":true}}
{"address":"0x7ffe490afa88", "type":"STRING", "class":"0x7ffe490be858", "frozen":true, "embedded":true, "fstring":true, "bytesize":3, "value":"NAN", "encoding":"US-ASCII", "memsize":40, "flags":{"wb_protected":true}}
{"address":"0x7ffe490afab0", "type":"FLOAT", "class":"0x7ffe490afd58", "frozen":true, "value":"NaN", "memsize":40, "flags":{"wb_protected":true}}
{"address":"0x7ffe490afad8", "type":"STRING", "class":"0x7ffe490be858", "frozen":true, "embedded":true, "fstring":true, "bytesize":8, "value":"INFINITY", "encoding":"US-ASCII", "memsize":40, "flags":{"wb_protected":true}}
{"address":"0x7ffe490afb00", "type":"FLOAT", "class":"0x7ffe490afd58", "frozen":true, "value":"Inf", "memsize":40, "flags":{"wb_protected":true}}
{"address":"0x7ffe490afb28", "type":"STRING", "class":"0x7ffe490be858", "frozen":true, "embedded":true, "fstring":true, "bytesize":7, "value":"EPSILON", "encoding":"US-ASCII", "memsize":40, "flags":{"wb_protected":true}}
{"address":"0x7ffe490afb50", "type":"STRING", "class":"0x7ffe490be858", "frozen":true, "embedded":true, "fstring":true, "bytesize":3, "value":"MAX", "encoding":"US-ASCII", "memsize":40, "flags":{"wb_protected":true}}
{"address":"0x7ffe490afb78", "type":"FLOAT", "class":"0x7ffe490afd58", "frozen":true, "value":"1.79769e+308", "memsize":40, "flags":{"wb_protected":true}}
{"address":"0x7ffe490afba0", "type":"STRING", "class":"0x7ffe490be858", "frozen":true, "embedded":true, "fstring":true, "bytesize":3, "value":"MIN", "encoding":"US-ASCII", "memsize":40, "flags":{"wb_protected":true}}
{"address":"0x7ffe490afbc8", "type":"FLOAT", "class":"0x7ffe490afd58", "frozen":true, "value":"2.22507e-308", "memsize":40, "flags":{"wb_protected":true}}
{"address":"0x7ffe490afbf0", "type":"STRING", "class":"0x7ffe490be858", "frozen":true, "embedded":true, "fstring":true, "bytesize":10, "value":"MAX_10_EXP", "encoding":"US-ASCII", "memsize":40, "flags":{"wb_protected":true}}
{"address":"0x7ffe490afc18", "type":"STRING", "class":"0x7ffe490be858", "frozen":true, "embedded":true, "fstring":true, "bytesize":10, "value":"MIN_10_EXP", "encoding":"US-ASCII", "memsize":40, "flags":{"wb_protected":true}}
{"address":"0x7ffe490afc40", "type":"STRING", "class":"0x7ffe490be858", "frozen":true, "embedded":true, "fstring":true, "bytesize":7, "value":"MAX_EXP", "encoding":"US-ASCII", "memsize":40, "flags":{"wb_protected":true}}
{"address":"0x7ffe490afc68", "type":"STRING", "class":"0x7ffe490be858", "frozen":true, "embedded":true, "fstring":true, "bytesize":7, "value":"MIN_EXP", "encoding":"US-ASCII", "memsize":40, "flags":{"wb_protected":true}}
{"address":"0x7ffe490afc90", "type":"STRING", "class":"0x7ffe490be858", "frozen":true, "embedded":true, "fstring":true, "bytesize":3, "value":"DIG", "encoding":"US-ASCII", "memsize":40, "flags":{"wb_protected":true}}
{"address":"0x7ffe490afcb8", "type":"STRING", "class":"0x7ffe490be858", "frozen":true, "embedded":true, "fstring":true, "bytesize":8, "value":"MANT_DIG", "encoding":"US-ASCII", "memsize":40, "flags":{"wb_protected":true}}
{"address":"0x7ffe490afce0", "type":"STRING", "class":"0x7ffe490be858", "frozen":true, "embedded":true, "fstring":true, "bytesize":5, "value":"RADIX", "encoding":"US-ASCII", "memsize":40, "flags":{"wb_protected":true}}
{"address":"0x7ffe490afd08", "type":"IMEMO", "class":"0x7ffe490afd30", "imemo_type":"ment", "memsize":48, "flags":{"wb_protected":true}}
{"address":"0x7ffe490afd30", "type":"CLASS", "class":"0x7ffe490c5770", "references":["0x7ffe490b4ec0", "0x7ffe490afd08", "0x7ffe490afd58"], "memsize":536, "flags":{"wb_protected":true}}
{"address":"0x7ffe490afd58", "type":"CLASS", "class":"0x7ffe490afd30", "name":"Float", "references":["0x7ffe490b4ee8", "0x7ffe490af510", "0x7ffe490af9e8", "0x7ffe490af858", "0x7ffe490af7e0", "0x7ffe490af470", "0x7ffe490af420", "0x7ffe490af740", "0x7ffe490af790", "0x7ffe490af830", "0x7ffe490af808", "0x7ffe490af718", "0x7ffe4906d020", "0x7ffe4906cf30", "0x7ffe4906d048", "0x7ffe49067e18", "0x7ffe490af8d0", "0x7ffe490af970", "0x7ffe490af9c0", "0x7ffe490afa38", "0x7ffe490af998", "0x7ffe49067dc8", "0x7ffe490af948", "0x7ffe49067df0", "0x7ffe490af768", "0x7ffe490af7b8", "0x7ffe490af600", "0x7ffe490afa60", "0x7ffe490af628", "0x7ffe490af6c8", "0x7ffe4906cf58", "0x7ffe490afa10", "0x7ffe490af880", "0x7ffe490af8f8", "0x7ffe490af920", "0x7ffe490af6a0", "0x7ffe490af8a8", "0x7ffe490af678", "0x7ffe490af650", "0x7ffe490af4c0", "0x7ffe490af4e8", "0x7ffe490af5d8", "0x7ffe490af5b0", "0x7ffe490af588", "0x7ffe490af560", "0x7ffe490af3f8", "0x7ffe490af3d0", "0x7ffe490af6f0", "0x7ffe490afd80", "0x7ffe490afb78", "0x7ffe490afb00", "0x7ffe490afab0", "0x7ffe490afbc8"], "memsize":3056, "flags":{"wb_protected":true}}
{"address":"0x7ffe490afd80", "type":"STRING", "class":"0x7ffe490be858", "frozen":true, "embedded":true, "fstring":true, "bytesize":5, "value":"Float", "encoding":"US-ASCII", "memsize":40, "flags":{"wb_protected":true}}
{"address":"0x7ffe490afda8", "type":"STRING", "class":"0x7ffe490be858", "frozen":true, "embedded":true, "fstring":true, "bytesize":6, "value":"Fixnum", "encoding":"US-ASCII", "memsize":40, "flags":{"wb_protected":true}}
{"address":"0x7ffe490afdd0", "type":"IMEMO", "class":"0x7ffe490b46a0", "imemo_type":"ment", "memsize":48, "flags":{"wb_protected":true}}
{"address":"0x7ffe490afdf8", "type":"STRING", "class":"0x7ffe490be858", "frozen":true, "embedded":true, "fstring":true, "bytesize":6, "value":"digits", "encoding":"US-ASCII", "memsize":40, "flags":{"wb_protected":true}}
{"address":"0x7ffe490afe20", "type":"IMEMO", "class":"0x7ffe490b46a0", "imemo_type":"ment", "memsize":48, "flags":{"wb_protected":true}}
{"address":"0x7ffe490afe48", "type":"IMEMO", "class":"0x7ffe490b46a0", "imemo_type":"ment", "memsize":48, "flags":{"wb_protected":true}}
{"address":"0x7ffe490afe70", "type":"IMEMO", "class":"0x7ffe490b46a0", "imemo_type":"ment", "memsize":48, "flags":{"wb_protected":true}}
{"address":"0x7ffe490afe98", "type":"IMEMO", "class":"0x7ffe490b46a0", "imemo_type":"ment", "memsize":48, "flags":{"wb_protected":true}}
{"address":"0x7ffe490afec0", "type":"IMEMO", "class":"0x7ffe490b46a0", "imemo_type":"ment", "memsize":48, "flags":{"wb_protected":true}}
{"address":"0x7ffe490afee8", "type":"IMEMO", "class":"0x7ffe490b46a0", "imemo_type":"ment", "memsize":48, "flags":{"wb_protected":true}}
{"address":"0x7ffe490aff10", "type":"IMEMO", "class":"0x7ffe490b46a0", "imemo_type":"ment", "memsize":48, "flags":{"wb_protected":true}}
{"address":"0x7ffe490aff38", "type":"IMEMO", "class":"0x7ffe490b46a0", "imemo_type":"ment", "memsize":48, "flags":{"wb_protected":true}}
{"address":"0x7ffe490aff60", "type":"IMEMO", "class":"0x7ffe490b46a0", "imemo_type":"ment", "memsize":48, "flags":{"wb_protected":true}}
{"address":"0x7ffe490aff88", "type":"IMEMO", "class":"0x7ffe490b46a0", "imemo_type":"ment", "memsize":48, "flags":{"wb_protected":true}}
{"address":"0x7ffe490affb0", "type":"IMEMO", "class":"0x7ffe490b46a0", "imemo_type":"ment", "memsize":48, "flags":{"wb_protected":true}}
{"address":"0x7ffe490affd8", "type":"IMEMO", "class":"0x7ffe490b46a0", "imemo_type":"ment", "memsize":48, "flags":{"wb_protected":true}}
{"address":"0x7ffe490b4010", "type":"IMEMO", "class":"0x7ffe490b46a0", "imemo_type":"ment", "memsize":48, "flags":{"wb_protected":true}}
{"address":"0x7ffe490b4038", "type":"IMEMO", "class":"0x7ffe490b46a0", "imemo_type":"ment", "memsize":48, "flags":{"wb_protected":true}}
{"address":"0x7ffe490b4060", "type":"STRING", "class":"0x7ffe490be858", "frozen":true, "embedded":true, "fstring":true, "bytesize":3, "value":"pow", "encoding":"US-ASCII", "memsize":40, "flags":{"wb_protected":true}}
{"address":"0x7ffe490b4088", "type":"IMEMO", "class":"0x7ffe490b46a0", "imemo_type":"ment", "memsize":48, "flags":{"wb_protected":true}}
{"address":"0x7ffe490b40b0", "type":"IMEMO", "class":"0x7ffe490b46a0", "imemo_type":"ment", "memsize":48, "flags":{"wb_protected":true}}
{"address":"0x7ffe490b40d8", "type":"IMEMO", "class":"0x7ffe490b46a0", "imemo_type":"ment", "memsize":48, "flags":{"wb_protected":true}}
{"address":"0x7ffe490b4100", "type":"IMEMO", "class":"0x7ffe490b46a0", "imemo_type":"ment", "memsize":48, "flags":{"wb_protected":true}}
{"address":"0x7ffe490b4128", "type":"IMEMO", "class":"0x7ffe490b46a0", "imemo_type":"ment", "memsize":48, "flags":{"wb_protected":true}}
{"address":"0x7ffe490b4150", "type":"IMEMO", "class":"0x7ffe490b46a0", "imemo_type":"ment", "memsize":48, "flags":{"wb_protected":true}}
{"address":"0x7ffe490b4178", "type":"IMEMO", "class":"0x7ffe490b46a0", "imemo_type":"ment", "memsize":48, "flags":{"wb_protected":true}}
{"address":"0x7ffe490b41a0", "type":"IMEMO", "class":"0x7ffe490b46a0", "imemo_type":"ment", "memsize":48, "flags":{"wb_protected":true}}
{"address":"0x7ffe490b41c8", "type":"IMEMO", "class":"0x7ffe490b46a0", "imemo_type":"ment", "memsize":48, "flags":{"wb_protected":true}}
{"address":"0x7ffe490b41f0", "type":"IMEMO", "class":"0x7ffe490b46a0", "imemo_type":"ment", "memsize":48, "flags":{"wb_protected":true}}
{"address":"0x7ffe490b4218", "type":"IMEMO", "class":"0x7ffe490b46a0", "imemo_type":"ment", "memsize":48, "flags":{"wb_protected":true}}
{"address":"0x7ffe490b4240", "type":"IMEMO", "class":"0x7ffe490b46a0", "imemo_type":"ment", "memsize":48, "flags":{"wb_protected":true}}
{"address":"0x7ffe490b4268", "type":"IMEMO", "class":"0x7ffe490b46a0", "imemo_type":"ment", "memsize":48, "flags":{"wb_protected":true}}
{"address":"0x7ffe490b4290", "type":"IMEMO", "class":"0x7ffe490b46a0", "imemo_type":"ment", "memsize":48, "flags":{"wb_protected":true}}
{"address":"0x7ffe490b42b8", "type":"IMEMO", "class":"0x7ffe490b46a0", "imemo_type":"ment", "memsize":48, "flags":{"wb_protected":true}}
{"address":"0x7ffe490b42e0", "type":"IMEMO", "class":"0x7ffe490b46a0", "imemo_type":"ment", "memsize":48, "flags":{"wb_protected":true}}
{"address":"0x7ffe490b4308", "type":"IMEMO", "class":"0x7ffe490b46a0", "imemo_type":"ment", "memsize":48, "flags":{"wb_protected":true}}
{"address":"0x7ffe490b4330", "type":"IMEMO", "class":"0x7ffe490b46a0", "imemo_type":"ment", "memsize":48, "flags":{"wb_protected":true}}
{"address":"0x7ffe490b4358", "type":"IMEMO", "class":"0x7ffe490b46a0", "imemo_type":"ment", "memsize":48, "flags":{"wb_protected":true}}
{"address":"0x7ffe490b4380", "type":"STRING", "class":"0x7ffe490be858", "frozen":true, "embedded":true, "fstring":true, "bytesize":4, "value":"pred", "encoding":"US-ASCII", "memsize":40, "flags":{"wb_protected":true}}
{"address":"0x7ffe490b43a8", "type":"IMEMO", "class":"0x7ffe490b46a0", "imemo_type":"ment", "memsize":48, "flags":{"wb_protected":true}}
{"address":"0x7ffe490b43d0", "type":"IMEMO", "class":"0x7ffe490b46a0", "imemo_type":"ment", "memsize":48, "flags":{"wb_protected":true}}
{"address":"0x7ffe490b43f8", "type":"IMEMO", "class":"0x7ffe490b46a0", "imemo_type":"ment", "memsize":48, "flags":{"wb_protected":true}}
{"address":"0x7ffe490b4420", "type":"STRING", "class":"0x7ffe490be858", "frozen":true, "embedded":true, "fstring":true, "bytesize":5, "value":"times", "encoding":"US-ASCII", "memsize":40, "flags":{"wb_protected":true}}
{"address":"0x7ffe490b4448", "type":"IMEMO", "class":"0x7ffe490b46a0", "imemo_type":"ment", "memsize":48, "flags":{"wb_protected":true}}
{"address":"0x7ffe490b4470", "type":"STRING", "class":"0x7ffe490be858", "frozen":true, "embedded":true, "fstring":true, "bytesize":6, "value":"downto", "encoding":"US-ASCII", "memsize":40, "flags":{"wb_protected":true}}
{"address":"0x7ffe490b4498", "type":"IMEMO", "class":"0x7ffe490b46a0", "imemo_type":"ment", "memsize":48, "flags":{"wb_protected":true}}
{"address":"0x7ffe490b44c0", "type":"IMEMO", "class":"0x7ffe490b46a0", "imemo_type":"ment", "memsize":48, "flags":{"wb_protected":true}}
{"address":"0x7ffe490b44e8", "type":"STRING", "class":"0x7ffe490be858", "frozen":true, "embedded":true, "fstring":true, "bytesize":7, "value":"nobits?", "encoding":"US-ASCII", "memsize":40, "flags":{"wb_protected":true}}
{"address":"0x7ffe490b4510", "type":"IMEMO", "class":"0x7ffe490b46a0", "imemo_type":"ment", "memsize":48, "flags":{"wb_protected":true}}
{"address":"0x7ffe490b4538", "type":"STRING", "class":"0x7ffe490be858", "frozen":true, "embedded":true, "fstring":true, "bytesize":8, "value":"anybits?", "encoding":"US-ASCII", "memsize":40, "flags":{"wb_protected":true}}
{"address":"0x7ffe490b4560", "type":"IMEMO", "class":"0x7ffe490b46a0", "imemo_type":"ment", "memsize":48, "flags":{"wb_protected":true}}
{"address":"0x7ffe490b4588", "type":"STRING", "class":"0x7ffe490be858", "frozen":true, "embedded":true, "fstring":true, "bytesize":8, "value":"allbits?", "encoding":"US-ASCII", "memsize":40, "flags":{"wb_protected":true}}
{"address":"0x7ffe490b45b0", "type":"IMEMO", "class":"0x7ffe490b46a0", "imemo_type":"ment", "memsize":48, "flags":{"wb_protected":true}}
{"address":"0x7ffe490b45d8", "type":"IMEMO", "class":"0x7ffe490b46a0", "imemo_type":"ment", "memsize":48, "flags":{"wb_protected":true}}
{"address":"0x7ffe490b4600", "type":"IMEMO", "class":"0x7ffe490b4678", "imemo_type":"ment", "memsize":48, "flags":{"wb_protected":true}}
{"address":"0x7ffe490b4628", "type":"STRING", "class":"0x7ffe490be858", "frozen":true, "embedded":true, "fstring":true, "bytesize":4, "value":"sqrt", "encoding":"US-ASCII", "memsize":40, "flags":{"wb_protected":true}}
{"address":"0x7ffe490b4650", "type":"IMEMO", "class":"0x7ffe490b4678", "imemo_type":"ment", "memsize":48, "flags":{"wb_protected":true}}
{"address":"0x7ffe490b4678", "type":"CLASS", "class":"0x7ffe490c5770", "references":["0x7ffe490b4ec0", "0x7ffe490b4600", "0x7ffe490b4650", "0x7ffe490c6468", "0x7ffe490b46a0"], "memsize":648, "flags":{"wb_protected":true}}
{"address":"0x7ffe490b46a0", "type":"CLASS", "class":"0x7ffe490b4678", "name":"Integer", "references":["0x7ffe490b4ee8", "0x7ffe490b43a8", "0x7ffe490b4088", "0x7ffe490b4240", "0x7ffe490afe70", "0x7ffe490afe48", "0x7ffe490aff38", "0x7ffe490aff88", "0x7ffe490affd8", "0x7ffe490b4010", "0x7ffe490b4498", "0x7ffe490afe98", "0x7ffe490b4330", "0x7ffe4906d098", "0x7ffe4906d070", "0x7ffe4906cf80", "0x7ffe4906d1d8", "0x7ffe4906d188", "0x7ffe4906d138", "0x7ffe49057720", "0x7ffe490b4150", "0x7ffe490aff10", "0x7ffe490b41c8", "0x7ffe490b4218", "0x7ffe490b45b0", "0x7ffe490b41f0", "0x7ffe490b41a0", "0x7ffe490575e0", "0x7ffe490afe20", "0x7ffe490b43d0", "0x7ffe490aff60", "0x7ffe490affb0", "0x7ffe490576a8", "0x7ffe49057680", "0x7ffe49057608", "0x7ffe49057590", "0x7ffe490b45d8", "0x7ffe490575b8", "0x7ffe490b4308", "0x7ffe4906cfa8", "0x7ffe490af380", "0x7ffe490b4178", "0x7ffe490b40d8", "0x7ffe490b4128", "0x7ffe490b4100", "0x7ffe490afec0", "0x7ffe490b40b0", "0x7ffe49057630", "0x7ffe490576d0", "0x7ffe49057658", "0x7ffe49057568", "0x7ffe490b42e0", "0x7ffe490b42b8", "0x7ffe490b4268", "0x7ffe490b4290", "0x7ffe490b4560", "0x7ffe490b4510", "0x7ffe490b44c0", "0x7ffe490b4448", "0x7ffe490b43f8", "0x7ffe490b4358", "0x7ffe490b4038", "0x7ffe490afdd0", "0x7ffe490afee8", "0x7ffe490576f8", "0x7ffe490aff60", "0x7ffe490c59c8", "0x7ffe490af358"], "memsize":2720, "flags":{"wb_protected":true}}
{"address":"0x7ffe490b46c8", "type":"IMEMO", "class":"0x7ffe490b4ee8", "imemo_type":"ment", "memsize":48, "flags":{"wb_protected":true}}
{"address":"0x7ffe490b46f0", "type":"STRING", "class":"0x7ffe490be858", "frozen":true, "embedded":true, "fstring":true, "bytesize":9, "value":"negative?", "encoding":"US-ASCII", "memsize":40, "flags":{"wb_protected":true}}
{"address":"0x7ffe490b4718", "type":"IMEMO", "class":"0x7ffe490b4ee8", "imemo_type":"ment", "memsize":48, "flags":{"wb_protected":true}}
{"address":"0x7ffe490b4740", "type":"STRING", "class":"0x7ffe490be858", "frozen":true, "embedded":true, "fstring":true, "bytesize":9, "value":"positive?", "encoding":"US-ASCII", "memsize":40, "flags":{"wb_protected":true}}
{"address":"0x7ffe490b4768", "type":"IMEMO", "class":"0x7ffe490b4ee8", "imemo_type":"ment", "memsize":48, "flags":{"wb_protected":true}}
{"address":"0x7ffe490b4790", "type":"STRING", "class":"0x7ffe490be858", "frozen":true, "embedded":true, "fstring":true, "bytesize":4, "value":"step", "encoding":"US-ASCII", "memsize":40, "flags":{"wb_protected":true}}
{"address":"0x7ffe490b47b8", "type":"IMEMO", "class":"0x7ffe490b4ee8", "imemo_type":"ment", "memsize":48, "flags":{"wb_protected":true}}
{"address":"0x7ffe490b47e0", "type":"STRING", "class":"0x7ffe490be858", "frozen":true, "embedded":true, "fstring":true, "bytesize":8, "value":"truncate", "encoding":"US-ASCII", "memsize":40, "flags":{"wb_protected":true}}
{"address":"0x7ffe490b4808", "type":"IMEMO", "class":"0x7ffe490b4ee8", "imemo_type":"ment", "memsize":48, "flags":{"wb_protected":true}}
{"address":"0x7ffe490b4830", "type":"STRING", "class":"0x7ffe490be858", "frozen":true, "embedded":true, "fstring":true, "bytesize":5, "value":"round", "encoding":"US-ASCII", "memsize":40, "flags":{"wb_protected":true}}
{"address":"0x7ffe490b4858", "type":"IMEMO", "class":"0x7ffe490b4ee8", "imemo_type":"ment", "memsize":48, "flags":{"wb_protected":true}}
{"address":"0x7ffe490b4880", "type":"STRING", "class":"0x7ffe490be858", "frozen":true, "embedded":true, "fstring":true, "bytesize":4, "value":"ceil", "encoding":"US-ASCII", "memsize":40, "flags":{"wb_protected":true}}
{"address":"0x7ffe490b48a8", "type":"IMEMO", "class":"0x7ffe490b4ee8", "imemo_type":"ment", "memsize":48, "flags":{"wb_protected":true}}
{"address":"0x7ffe490b48d0", "type":"STRING", "class":"0x7ffe490be858", "frozen":true, "embedded":true, "fstring":true, "bytesize":5, "value":"floor", "encoding":"US-ASCII", "memsize":40, "flags":{"wb_protected":true}}
{"address":"0x7ffe490b48f8", "type":"IMEMO", "class":"0x7ffe490b4ee8", "imemo_type":"ment", "memsize":48, "flags":{"wb_protected":true}}
{"address":"0x7ffe490b4920", "type":"STRING", "class":"0x7ffe490be858", "frozen":true, "embedded":true, "fstring":true, "bytesize":9, "value":"infinite?", "encoding":"US-ASCII", "memsize":40, "flags":{"wb_protected":true}}
{"address":"0x7ffe490b4948", "type":"IMEMO", "class":"0x7ffe490b4ee8", "imemo_type":"ment", "memsize":48, "flags":{"wb_protected":true}}
{"address":"0x7ffe490b4970", "type":"STRING", "class":"0x7ffe490be858", "frozen":true, "embedded":true, "fstring":true, "bytesize":7, "value":"finite?", "encoding":"US-ASCII", "memsize":40, "flags":{"wb_protected":true}}
{"address":"0x7ffe490b4998", "type":"IMEMO", "class":"0x7ffe490b4ee8", "imemo_type":"ment", "memsize":48, "flags":{"wb_protected":true}}
{"address":"0x7ffe490b49c0", "type":"STRING", "class":"0x7ffe490be858", "frozen":true, "embedded":true, "fstring":true, "bytesize":8, "value":"nonzero?", "encoding":"US-ASCII", "memsize":40, "flags":{"wb_protected":true}}
{"address":"0x7ffe490b49e8", "type":"IMEMO", "class":"0x7ffe490b4ee8", "imemo_type":"ment", "memsize":48, "flags":{"wb_protected":true}}
{"address":"0x7ffe490b4a10", "type":"STRING", "class":"0x7ffe490be858", "frozen":true, "embedded":true, "fstring":true, "bytesize":5, "value":"zero?", "encoding":"US-ASCII", "memsize":40, "flags":{"wb_protected":true}}
{"address":"0x7ffe490b4a38", "type":"IMEMO", "class":"0x7ffe490b4ee8", "imemo_type":"ment", "memsize":48, "flags":{"wb_protected":true}}
{"address":"0x7ffe490b4a60", "type":"STRING", "class":"0x7ffe490be858", "frozen":true, "embedded":true, "fstring":true, "bytesize":8, "value":"integer?", "encoding":"US-ASCII", "memsize":40, "flags":{"wb_protected":true}}
{"address":"0x7ffe490b4a88", "type":"IMEMO", "class":"0x7ffe490b4ee8", "imemo_type":"ment", "memsize":48, "flags":{"wb_protected":true}}
{"address":"0x7ffe490b4ab0", "type":"STRING", "class":"0x7ffe490be858", "frozen":true, "embedded":true, "fstring":true, "bytesize":5, "value":"real?", "encoding":"US-ASCII", "memsize":40, "flags":{"wb_protected":true}}
{"address":"0x7ffe490b4ad8", "type":"IMEMO", "class":"0x7ffe490b4ee8", "imemo_type":"ment", "memsize":48, "flags":{"wb_protected":true}}
{"address":"0x7ffe490b4b00", "type":"IMEMO", "class":"0x7ffe490b4ee8", "imemo_type":"ment", "memsize":48, "flags":{"wb_protected":true}}
{"address":"0x7ffe490b4b28", "type":"STRING", "class":"0x7ffe490be858", "frozen":true, "embedded":true, "fstring":true, "bytesize":9, "value":"magnitude", "encoding":"US-ASCII", "memsize":40, "flags":{"wb_protected":true}}
{"address":"0x7ffe490b4b50", "type":"IMEMO", "class":"0x7ffe490b4ee8", "imemo_type":"ment", "memsize":48, "flags":{"wb_protected":true}}
{"address":"0x7ffe490b4b78", "type":"STRING", "class":"0x7ffe490be858", "frozen":true, "embedded":true, "fstring":true, "bytesize":3, "value":"abs", "encoding":"US-ASCII", "memsize":40, "flags":{"wb_protected":true}}
{"address":"0x7ffe490b4ba0", "type":"IMEMO", "class":"0x7ffe490b4ee8", "imemo_type":"ment", "memsize":48, "flags":{"wb_protected":true}}
{"address":"0x7ffe490b4bc8", "type":"STRING", "class":"0x7ffe490be858", "frozen":true, "embedded":true, "fstring":true, "bytesize":9, "value":"remainder", "encoding":"US-ASCII", "memsize":40, "flags":{"wb_protected":true}}
{"address":"0x7ffe490b4bf0", "type":"IMEMO", "class":"0x7ffe490b4ee8", "imemo_type":"ment", "memsize":48, "flags":{"wb_protected":true}}
{"address":"0x7ffe490b4c18", "type":"STRING", "class":"0x7ffe490be858", "frozen":true, "embedded":true, "fstring":true, "bytesize":6, "value":"modulo", "encoding":"US-ASCII", "memsize":40, "flags":{"wb_protected":true}}
{"address":"0x7ffe490b4c40", "type":"IMEMO", "class":"0x7ffe490b4ee8", "imemo_type":"ment", "memsize":48, "flags":{"wb_protected":true}}
{"address":"0x7ffe490b4c68", "type":"IMEMO", "class":"0x7ffe490b4ee8", "imemo_type":"ment", "memsize":48, "flags":{"wb_protected":true}}
{"address":"0x7ffe490b4c90", "type":"IMEMO", "class":"0x7ffe490b4ee8", "imemo_type":"ment", "memsize":48, "flags":{"wb_protected":true}}
{"address":"0x7ffe490b4cb8", "type":"IMEMO", "class":"0x7ffe490b4ee8", "imemo_type":"ment", "memsize":48, "flags":{"wb_protected":true}}
{"address":"0x7ffe490b4ce0", "type":"IMEMO", "class":"0x7ffe490b4ee8", "imemo_type":"ment", "memsize":48, "flags":{"wb_protected":true}}
{"address":"0x7ffe490b4d08", "type":"IMEMO", "class":"0x7ffe490b4ee8", "imemo_type":"ment", "memsize":48, "flags":{"wb_protected":true}}
{"address":"0x7ffe490b4d30", "type":"IMEMO", "class":"0x7ffe490b4ee8", "imemo_type":"ment", "memsize":48, "flags":{"wb_protected":true}}
{"address":"0x7ffe490b4d58", "type":"IMEMO", "class":"0x7ffe490b4ee8", "imemo_type":"ment", "memsize":48, "flags":{"wb_protected":true}}
{"address":"0x7ffe490b4d80", "type":"IMEMO", "class":"0x7ffe490b4ee8", "imemo_type":"ment", "memsize":48, "flags":{"wb_protected":true}}
{"address":"0x7ffe490b4da8", "type":"STRING", "class":"0x7ffe490be858", "frozen":true, "embedded":true, "fstring":true, "bytesize":1, "value":"i", "encoding":"US-ASCII", "memsize":40, "flags":{"wb_protected":true}}
{"address":"0x7ffe490b4dd0", "type":"IMEMO", "class":"0x7ffe490b4ee8", "imemo_type":"ment", "memsize":48, "flags":{"wb_protected":true}}
{"address":"0x7ffe490b4df8", "type":"IMEMO", "class":"0x7ffe490b4ee8", "imemo_type":"ment", "memsize":48, "flags":{"wb_protected":true}}
{"address":"0x7ffe490b4e20", "type":"STRING", "class":"0x7ffe490be858", "frozen":true, "embedded":true, "fstring":true, "bytesize":5, "value":"clone", "encoding":"US-ASCII", "memsize":40, "flags":{"wb_protected":true}}
{"address":"0x7ffe490b4e48", "type":"IMEMO", "class":"0x7ffe490b4ee8", "imemo_type":"ment", "memsize":48, "flags":{"wb_protected":true}}
{"address":"0x7ffe490b4e70", "type":"ICLASS", "class":"0x7ffe490bfb40", "references":["0x7ffe490c68a0"], "memsize":40, "flags":{"wb_protected":true}}
{"address":"0x7ffe490b4e98", "type":"IMEMO", "class":"0x7ffe490b4ee8", "imemo_type":"ment", "memsize":48, "flags":{"wb_protected":true}}
{"address":"0x7ffe490b4ec0", "type":"CLASS", "class":"0x7ffe490c5770", "references":["0x7ffe490c5720", "0x7ffe490c6580", "0x7ffe490b4ee8"], "memsize":584, "flags":{"wb_protected":true}}
{"address":"0x7ffe490b4ee8", "type":"CLASS", "class":"0x7ffe490b4ec0", "name":"Numeric", "references":["0x7ffe490b4e70", "0x7ffe490b4d58", "0x7ffe490b4d30", "0x7ffe490b4d08", "0x7ffe4906d110", "0x7ffe490b4ce0", "0x7ffe4906d0e8", "0x7ffe49067f58", "0x7ffe490b4c40", "0x7ffe49067ee0", "0x7ffe49067eb8", "0x7ffe4906c008", "0x7ffe49067fd0", "0x7ffe49067fa8", "0x7ffe49067f80", "0x7ffe49067f30", "0x7ffe49067f08", "0x7ffe49067e68", "0x7ffe49067e40", "0x7ffe4906c080", "0x7ffe49067e90", "0x7ffe490b4e98", "0x7ffe490b4ad8", "0x7ffe490b4e48", "0x7ffe490b4c90", "0x7ffe490b4c68", "0x7ffe490b4d80", "0x7ffe490b4ba0", "0x7ffe490b4b50", "0x7ffe490b4b00", "0x7ffe490b4a88", "0x7ffe490b4a38", "0x7ffe490b49e8", "0x7ffe490b4998", "0x7ffe490b4948", "0x7ffe490b48f8", "0x7ffe490b4cb8", "0x7ffe490b4858", "0x7ffe490b4808", "0x7ffe490b4df8", "0x7ffe490b4768", "0x7ffe490b4bf0", "0x7ffe490b48a8", "0x7ffe490b46c8", "0x7ffe490b4718", "0x7ffe490b47b8", "0x7ffe4906d0c0", "0x7ffe490b4dd0", "0x7ffe490b4f10"], "memsize":2520, "flags":{"wb_protected":true}}
{"address":"0x7ffe490b4f10", "type":"STRING", "class":"0x7ffe490be858", "frozen":true, "embedded":true, "fstring":true, "bytesize":7, "value":"Numeric", "encoding":"US-ASCII", "memsize":40, "flags":{"wb_protected":true}}
{"address":"0x7ffe490b4f38", "type":"CLASS", "class":"0x7ffe490c5770", "references":["0x7ffe490b74b8", "0x7ffe490b4f60"], "memsize":472, "flags":{"wb_protected":true}}
{"address":"0x7ffe490b4f60", "type":"CLASS", "class":"0x7ffe490b4f38", "name":"FloatDomainError", "references":["0x7ffe490b74e0", "0x7ffe490b4f88"], "memsize":472, "flags":{"wb_protected":true}}
{"address":"0x7ffe490b4f88", "type":"STRING", "class":"0x7ffe490be858", "frozen":true, "embedded":true, "fstring":true, "bytesize":16, "value":"FloatDomainError", "encoding":"US-ASCII", "memsize":40, "flags":{"wb_protected":true}}
{"address":"0x7ffe490b4fb0", "type":"CLASS", "class":"0x7ffe490c5770", "references":["0x7ffe490b7800", "0x7ffe490b4fd8"], "memsize":472, "flags":{"wb_protected":true}}
{"address":"0x7ffe490b4fd8", "type":"CLASS", "class":"0x7ffe490b4fb0", "name":"ZeroDivisionError", "references":["0x7ffe490b7828", "0x7ffe490b5000"], "memsize":472, "flags":{"wb_protected":true}}
{"address":"0x7ffe490b5000", "type":"STRING", "class":"0x7ffe490be858", "frozen":true, "embedded":true, "fstring":true, "bytesize":17, "value":"ZeroDivisionError", "encoding":"US-ASCII", "memsize":40, "flags":{"wb_protected":true}}
{"address":"0x7ffe490b5028", "type":"STRING", "class":"0x7ffe490be858", "frozen":true, "embedded":true, "fstring":true, "bytesize":2, "value":"by", "encoding":"US-ASCII", "memsize":40, "flags":{"wb_protected":true}}
{"address":"0x7ffe490b5050", "type":"STRING", "class":"0x7ffe490be858", "frozen":true, "embedded":true, "fstring":true, "bytesize":2, "value":"to", "encoding":"US-ASCII", "memsize":40, "flags":{"wb_protected":true}}
{"address":"0x7ffe490b5078", "type":"STRING", "class":"0x7ffe490be858", "frozen":true, "embedded":true, "fstring":true, "bytesize":6, "value":"coerce", "encoding":"US-ASCII", "memsize":40, "flags":{"wb_protected":true}}
{"address":"0x7ffe490b50a0", "type":"IMEMO", "class":"0x7ffe490c5a90", "imemo_type":"ment", "memsize":48, "flags":{"wb_protected":true}}
{"address":"0x7ffe490b50c8", "type":"IMEMO", "imemo_type":"ment", "references":["0x7ffe490c6620"], "memsize":48, "flags":{"wb_protected":true}}
{"address":"0x7ffe490b50f0", "type":"STRING", "class":"0x7ffe490be858", "frozen":true, "embedded":true, "fstring":true, "bytesize":7, "value":"at_exit", "encoding":"US-ASCII", "memsize":40, "flags":{"wb_protected":true}}
{"address":"0x7ffe490b5118", "type":"STRING", "class":"0x7ffe490be858", "frozen":true, "embedded":true, "fstring":true, "bytesize":5, "value":"signo", "encoding":"US-ASCII", "memsize":40, "flags":{"wb_protected":true}}
{"address":"0x7ffe490b5140", "type":"OBJECT", "class":"0x7ffe490b7990", "frozen":true, "ivars":3, "references":["0x7ffe490b5168"], "memsize":40, "flags":{"wb_protected":true}}
{"address":"0x7ffe490b5168", "type":"STRING", "class":"0x7ffe490be858", "frozen":true, "bytesize":41, "value":"machine stack overflow in critical region", "encoding":"US-ASCII", "memsize":40, "flags":{"wb_protected":true}}
{"address":"0x7ffe490b5190", "type":"OBJECT", "class":"0x7ffe490b7990", "frozen":true, "ivars":3, "references":["0x7ffe490b51b8"], "memsize":40, "flags":{"wb_protected":true}}
{"address":"0x7ffe490b51b8", "type":"STRING", "class":"0x7ffe490be858", "frozen":true, "bytesize":19, "value":"exception reentered", "encoding":"US-ASCII", "memsize":40, "flags":{"wb_protected":true}}
{"address":"0x7ffe490b51e0", "type":"IMEMO", "class":"0x7ffe490c5a90", "imemo_type":"ment", "memsize":48, "flags":{"wb_protected":true}}
{"address":"0x7ffe490b5208", "type":"IMEMO", "imemo_type":"ment", "references":["0x7ffe490c6620"], "memsize":48, "flags":{"wb_protected":true}}
{"address":"0x7ffe490b5230", "type":"STRING", "class":"0x7ffe490be858", "frozen":true, "embedded":true, "fstring":true, "bytesize":11, "value":"untrace_var", "encoding":"US-ASCII", "memsize":40, "flags":{"wb_protected":true}}
{"address":"0x7ffe490b5258", "type":"IMEMO", "class":"0x7ffe490c5a90", "imemo_type":"ment", "memsize":48, "flags":{"wb_protected":true}}
{"address":"0x7ffe490b5280", "type":"IMEMO", "imemo_type":"ment", "references":["0x7ffe490c6620"], "memsize":48, "flags":{"wb_protected":true}}
{"address":"0x7ffe490b52a8", "type":"STRING", "class":"0x7ffe490be858", "frozen":true, "embedded":true, "fstring":true, "bytesize":9, "value":"trace_var", "encoding":"US-ASCII", "memsize":40, "flags":{"wb_protected":true}}
{"address":"0x7ffe490b52d0", "type":"IMEMO", "imemo_type":"ment", "references":["0x7ffe490c6620"], "memsize":48, "flags":{"wb_protected":true}}
{"address":"0x7ffe490b52f8", "type":"STRING", "class":"0x7ffe490be858", "frozen":true, "embedded":true, "fstring":true, "bytesize":6, "value":"extend", "encoding":"US-ASCII", "memsize":40, "flags":{"wb_protected":true}}
{"address":"0x7ffe490b5320", "type":"IMEMO", "class":"0x7ffe490c4488", "imemo_type":"ment", "memsize":48, "flags":{"wb_protected":true}}
{"address":"0x7ffe490b5348", "type":"IMEMO", "class":"0x7ffe490c4488", "imemo_type":"ment", "memsize":48, "flags":{"wb_protected":true}}
{"address":"0x7ffe490b5370", "type":"IMEMO", "class":"0x7ffe490c5748", "imemo_type":"ment", "memsize":48, "flags":{"wb_protected":true}}
{"address":"0x7ffe490b5398", "type":"IMEMO", "class":"0x7ffe490c5748", "imemo_type":"ment", "memsize":48, "flags":{"wb_protected":true}}
{"address":"0x7ffe490b53c0", "type":"STRING", "class":"0x7ffe490be858", "frozen":true, "embedded":true, "fstring":true, "bytesize":7, "value":"nesting", "encoding":"US-ASCII", "memsize":40, "flags":{"wb_protected":true}}
{"address":"0x7ffe490b53e8", "type":"IMEMO", "class":"0x7ffe490b7e68", "imemo_type":"ment", "memsize":48, "flags":{"wb_protected":true}}
{"address":"0x7ffe490b5410", "type":"IMEMO", "class":"0x7ffe490b7e68", "imemo_type":"ment", "memsize":48, "flags":{"wb_protected":true}}
{"address":"0x7ffe490b5438", "type":"IMEMO", "class":"0x7ffe490b7e68", "imemo_type":"ment", "memsize":48, "flags":{"wb_protected":true}}
{"address":"0x7ffe490b5460", "type":"IMEMO", "class":"0x7ffe490c4488", "imemo_type":"ment", "memsize":48, "flags":{"wb_protected":true}}
{"address":"0x7ffe490b5488", "type":"IMEMO", "class":"0x7ffe490c4488", "imemo_type":"ment", "memsize":48, "flags":{"wb_protected":true}}
{"address":"0x7ffe490b54b0", "type":"IMEMO", "class":"0x7ffe490c4488", "imemo_type":"ment", "memsize":48, "flags":{"wb_protected":true}}
{"address":"0x7ffe490b54d8", "type":"IMEMO", "class":"0x7ffe490c6850", "imemo_type":"ment", "memsize":48, "flags":{"wb_protected":true}}
{"address":"0x7ffe490b5500", "type":"STRING", "class":"0x7ffe490be858", "frozen":true, "embedded":true, "fstring":true, "bytesize":20, "value":"private_class_method", "encoding":"US-ASCII", "memsize":40, "flags":{"wb_protected":true}}
{"address":"0x7ffe490b5528", "type":"IMEMO", "class":"0x7ffe490c6850", "imemo_type":"ment", "memsize":48, "flags":{"wb_protected":true}}
{"address":"0x7ffe490b5550", "type":"STRING", "class":"0x7ffe490be858", "frozen":true, "embedded":true, "fstring":true, "bytesize":19, "value":"public_class_method", "encoding":"US-ASCII", "memsize":40, "flags":{"wb_protected":true}}
{"address":"0x7ffe490b5578", "type":"IMEMO", "class":"0x7ffe490c6850", "imemo_type":"ment", "memsize":48, "flags":{"wb_protected":true}}
{"address":"0x7ffe490b55a0", "type":"STRING", "class":"0x7ffe490be858", "frozen":true, "fstring":true, "bytesize":25, "value":"protected_method_defined?", "encoding":"US-ASCII", "memsize":66, "flags":{"wb_protected":true}}
{"address":"0x7ffe490b55c8", "type":"IMEMO", "class":"0x7ffe490c6850", "imemo_type":"ment", "memsize":48, "flags":{"wb_protected":true}}
{"address":"0x7ffe490b55f0", "type":"STRING", "class":"0x7ffe490be858", "frozen":true, "embedded":true, "fstring":true, "bytesize":23, "value":"private_method_defined?", "encoding":"US-ASCII", "memsize":40, "flags":{"wb_protected":true}}
{"address":"0x7ffe490b5618", "type":"IMEMO", "class":"0x7ffe490c6850", "imemo_type":"ment", "memsize":48, "flags":{"wb_protected":true}}
{"address":"0x7ffe490b5640", "type":"STRING", "class":"0x7ffe490be858", "frozen":true, "embedded":true, "fstring":true, "bytesize":22, "value":"public_method_defined?", "encoding":"US-ASCII", "memsize":40, "flags":{"wb_protected":true}}
{"address":"0x7ffe490b5668", "type":"IMEMO", "class":"0x7ffe490c6850", "imemo_type":"ment", "memsize":48, "flags":{"wb_protected":true}}
{"address":"0x7ffe490b5690", "type":"STRING", "class":"0x7ffe490be858", "frozen":true, "embedded":true, "fstring":true, "bytesize":15, "value":"method_defined?", "encoding":"US-ASCII", "memsize":40, "flags":{"wb_protected":true}}
{"address":"0x7ffe490b56b8", "type":"IMEMO", "class":"0x7ffe490c6850", "imemo_type":"ment", "memsize":48, "flags":{"wb_protected":true}}
{"address":"0x7ffe490b56e0", "type":"STRING", "class":"0x7ffe490be858", "frozen":true, "embedded":true, "fstring":true, "bytesize":14, "value":"ruby2_keywords", "encoding":"US-ASCII", "memsize":40, "flags":{"wb_protected":true}}
{"address":"0x7ffe490b5708", "type":"IMEMO", "class":"0x7ffe490c6850", "imemo_type":"ment", "memsize":48, "flags":{"wb_protected":true}}
{"address":"0x7ffe490b5730", "type":"IMEMO", "class":"0x7ffe490c6850", "imemo_type":"ment", "memsize":48, "flags":{"wb_protected":true}}
{"address":"0x7ffe490b5758", "type":"STRING", "class":"0x7ffe490be858", "frozen":true, "embedded":true, "fstring":true, "bytesize":7, "value":"private", "encoding":"US-ASCII", "memsize":40, "flags":{"wb_protected":true}}
{"address":"0x7ffe490b5780", "type":"IMEMO", "class":"0x7ffe490c6850", "imemo_type":"ment", "memsize":48, "flags":{"wb_protected":true}}
{"address":"0x7ffe490b57a8", "type":"STRING", "class":"0x7ffe490be858", "frozen":true, "embedded":true, "fstring":true, "bytesize":9, "value":"protected", "encoding":"US-ASCII", "memsize":40, "flags":{"wb_protected":true}}
{"address":"0x7ffe490b57d0", "type":"IMEMO", "class":"0x7ffe490c6850", "imemo_type":"ment", "memsize":48, "flags":{"wb_protected":true}}
{"address":"0x7ffe490b57f8", "type":"STRING", "class":"0x7ffe490be858", "frozen":true, "embedded":true, "fstring":true, "bytesize":6, "value":"public", "encoding":"US-ASCII", "memsize":40, "flags":{"wb_protected":true}}
{"address":"0x7ffe490b5820", "type":"IMEMO", "class":"0x7ffe490c6850", "imemo_type":"ment", "memsize":48, "flags":{"wb_protected":true}}
{"address":"0x7ffe490b5848", "type":"STRING", "class":"0x7ffe490be858", "frozen":true, "embedded":true, "fstring":true, "bytesize":12, "value":"alias_method", "encoding":"US-ASCII", "memsize":40, "flags":{"wb_protected":true}}
{"address":"0x7ffe490b5870", "type":"IMEMO", "class":"0x7ffe490c6850", "imemo_type":"ment", "memsize":48, "flags":{"wb_protected":true}}
{"address":"0x7ffe490b5898", "type":"STRING", "class":"0x7ffe490be858", "frozen":true, "embedded":true, "fstring":true, "bytesize":12, "value":"undef_method", "encoding":"US-ASCII", "memsize":40, "flags":{"wb_protected":true}}
{"address":"0x7ffe490b58c0", "type":"IMEMO", "class":"0x7ffe490c6850", "imemo_type":"ment", "memsize":48, "flags":{"wb_protected":true}}
{"address":"0x7ffe490b58e8", "type":"STRING", "class":"0x7ffe490be858", "frozen":true, "embedded":true, "fstring":true, "bytesize":13, "value":"remove_method", "encoding":"US-ASCII", "memsize":40, "flags":{"wb_protected":true}}
{"address":"0x7ffe490b5910", "type":"IMEMO", "imemo_type":"ment", "references":["0x7ffe490c6620"], "memsize":48, "flags":{"wb_protected":true}}
{"address":"0x7ffe490b5938", "type":"IMEMO", "imemo_type":"ment", "references":["0x7ffe490c6620"], "memsize":48, "flags":{"wb_protected":true}}
{"address":"0x7ffe490b5960", "type":"STRING", "class":"0x7ffe490be858", "frozen":true, "embedded":true, "fstring":true, "bytesize":6, "value":"result", "encoding":"US-ASCII", "memsize":40, "flags":{"wb_protected":true}}
{"address":"0x7ffe490b5988", "type":"IMEMO", "class":"0x7ffe490b5aa0", "imemo_type":"ment", "memsize":48, "flags":{"wb_protected":true}}
{"address":"0x7ffe490b59b0", "type":"IMEMO", "class":"0x7ffe490b5aa0", "imemo_type":"ment", "memsize":48, "flags":{"wb_protected":true}}
{"address":"0x7ffe490b59d8", "type":"STRING", "class":"0x7ffe490be858", "frozen":true, "embedded":true, "fstring":true, "bytesize":5, "value":"value", "encoding":"US-ASCII", "memsize":40, "flags":{"wb_protected":true}}
{"address":"0x7ffe490b5a00", "type":"IMEMO", "class":"0x7ffe490b5aa0", "imemo_type":"ment", "memsize":48, "flags":{"wb_protected":true}}
{"address":"0x7ffe490b5a28", "type":"STRING", "class":"0x7ffe490be858", "frozen":true, "embedded":true, "fstring":true, "bytesize":3, "value":"tag", "encoding":"US-ASCII", "memsize":40, "flags":{"wb_protected":true}}
{"address":"0x7ffe490b5a50", "type":"IMEMO", "class":"0x7ffe490b5aa0", "imemo_type":"ment", "memsize":48, "flags":{"wb_protected":true}}
{"address":"0x7ffe490b5a78", "type":"CLASS", "class":"0x7ffe490c5770", "references":["0x7ffe490b7710", "0x7ffe490b5aa0"], "memsize":472, "flags":{"wb_protected":true}}
{"address":"0x7ffe490b5aa0", "type":"CLASS", "class":"0x7ffe490b5a78", "name":"UncaughtThrowError", "references":["0x7ffe490b7738", "0x7ffe490b5a50", "0x7ffe490b5988", "0x7ffe490b5a00", "0x7ffe490b59b0", "0x7ffe490b5ac8"], "memsize":600, "flags":{"wb_protected":true}}
{"address":"0x7ffe490b5ac8", "type":"STRING", "class":"0x7ffe490be858", "frozen":true, "embedded":true, "fstring":true, "bytesize":18, "value":"UncaughtThrowError", "encoding":"US-ASCII", "memsize":40, "flags":{"wb_protected":true}}
{"address":"0x7ffe490b5af0", "type":"IMEMO", "class":"0x7ffe490c6850", "imemo_type":"ment", "memsize":48, "flags":{"wb_protected":true}}
{"address":"0x7ffe490b5b18", "type":"STRING", "class":"0x7ffe490be858", "frozen":true, "embedded":true, "fstring":true, "bytesize":10, "value":"class_eval", "encoding":"US-ASCII", "memsize":40, "flags":{"wb_protected":true}}
{"address":"0x7ffe490b5b40", "type":"IMEMO", "class":"0x7ffe490c6850", "imemo_type":"ment", "memsize":48, "flags":{"wb_protected":true}}
{"address":"0x7ffe490b5b68", "type":"STRING", "class":"0x7ffe490be858", "frozen":true, "embedded":true, "fstring":true, "bytesize":11, "value":"module_eval", "encoding":"US-ASCII", "memsize":40, "flags":{"wb_protected":true}}
{"address":"0x7ffe490b5b90", "type":"IMEMO", "class":"0x7ffe490c6850", "imemo_type":"ment", "memsize":48, "flags":{"wb_protected":true}}
{"address":"0x7ffe490b5bb8", "type":"STRING", "class":"0x7ffe490be858", "frozen":true, "embedded":true, "fstring":true, "bytesize":10, "value":"class_exec", "encoding":"US-ASCII", "memsize":40, "flags":{"wb_protected":true}}
{"address":"0x7ffe490b5be0", "type":"IMEMO", "class":"0x7ffe490c6850", "imemo_type":"ment", "memsize":48, "flags":{"wb_protected":true}}
{"address":"0x7ffe490b5c08", "type":"STRING", "class":"0x7ffe490be858", "frozen":true, "embedded":true, "fstring":true, "bytesize":11, "value":"module_exec", "encoding":"US-ASCII", "memsize":40, "flags":{"wb_protected":true}}
{"address":"0x7ffe490b5c30", "type":"IMEMO", "imemo_type":"ment", "references":["0x7ffe490c6620"], "memsize":48, "flags":{"wb_protected":true}}
{"address":"0x7ffe490b5c58", "type":"STRING", "class":"0x7ffe490be858", "frozen":true, "embedded":true, "fstring":true, "bytesize":11, "value":"public_send", "encoding":"US-ASCII", "memsize":40, "flags":{"wb_protected":true}}
{"address":"0x7ffe490b5c80", "type":"IMEMO", "imemo_type":"ment", "references":["0x7ffe490c6620"], "memsize":48, "flags":{"wb_protected":true}}
{"address":"0x7ffe490b5ca8", "type":"IMEMO", "class":"0x7ffe490c68f0", "imemo_type":"ment", "memsize":48, "flags":{"wb_protected":true}}
{"address":"0x7ffe490b5cd0", "type":"IMEMO", "class":"0x7ffe490c68f0", "imemo_type":"ment", "memsize":48, "flags":{"wb_protected":true}}
{"address":"0x7ffe490b5cf8", "type":"IMEMO", "class":"0x7ffe490c68f0", "imemo_type":"ment", "memsize":48, "flags":{"wb_protected":true}}
{"address":"0x7ffe490b5d20", "type":"STRING", "class":"0x7ffe490be858", "frozen":true, "embedded":true, "fstring":true, "bytesize":13, "value":"instance_exec", "encoding":"US-ASCII", "memsize":40, "flags":{"wb_protected":true}}
{"address":"0x7ffe490b5d48", "type":"IMEMO", "class":"0x7ffe490c68f0", "imemo_type":"ment", "memsize":48, "flags":{"wb_protected":true}}
{"address":"0x7ffe490b5d70", "type":"STRING", "class":"0x7ffe490be858", "frozen":true, "embedded":true, "fstring":true, "bytesize":13, "value":"instance_eval", "encoding":"US-ASCII", "memsize":40, "flags":{"wb_protected":true}}
{"address":"0x7ffe490b5d98", "type":"IMEMO", "class":"0x7ffe490c5a90", "imemo_type":"ment", "memsize":48, "flags":{"wb_protected":true}}
{"address":"0x7ffe490b5dc0", "type":"IMEMO", "imemo_type":"ment", "references":["0x7ffe490c6620"], "memsize":48, "flags":{"wb_protected":true}}
{"address":"0x7ffe490b5de8", "type":"STRING", "class":"0x7ffe490be858", "frozen":true, "embedded":true, "fstring":true, "bytesize":4, "value":"loop", "encoding":"US-ASCII", "memsize":40, "flags":{"wb_protected":true}}
{"address":"0x7ffe490b5e10", "type":"IMEMO", "class":"0x7ffe490c5a90", "imemo_type":"ment", "memsize":48, "flags":{"wb_protected":true}}
{"address":"0x7ffe490b5e38", "type":"IMEMO", "imemo_type":"ment", "references":["0x7ffe490c6620"], "memsize":48, "flags":{"wb_protected":true}}
{"address":"0x7ffe490b5e60", "type":"STRING", "class":"0x7ffe490be858", "frozen":true, "embedded":true, "fstring":true, "bytesize":5, "value":"throw", "encoding":"US-ASCII", "memsize":40, "flags":{"wb_protected":true}}
{"address":"0x7ffe490b5e88", "type":"IMEMO", "class":"0x7ffe490c5a90", "imemo_type":"ment", "memsize":48, "flags":{"wb_protected":true}}
{"address":"0x7ffe490b5eb0", "type":"IMEMO", "imemo_type":"ment", "references":["0x7ffe490c6620"], "memsize":48, "flags":{"wb_protected":true}}
{"address":"0x7ffe490b5ed8", "type":"STRING", "class":"0x7ffe490be858", "frozen":true, "embedded":true, "fstring":true, "bytesize":5, "value":"catch", "encoding":"US-ASCII", "memsize":40, "flags":{"wb_protected":true}}
{"address":"0x7ffe490b5f00", "type":"IMEMO", "class":"0x7ffe490c5a90", "imemo_type":"ment", "memsize":48, "flags":{"wb_protected":true}}
{"address":"0x7ffe490b5f28", "type":"IMEMO", "imemo_type":"ment", "references":["0x7ffe490c6620"], "memsize":48, "flags":{"wb_protected":true}}
{"address":"0x7ffe490b5f50", "type":"STRING", "class":"0x7ffe490be858", "frozen":true, "embedded":true, "fstring":true, "bytesize":12, "value":"block_given?", "encoding":"US-ASCII", "memsize":40, "flags":{"wb_protected":true}}
{"address":"0x7ffe490b5f78", "type":"IMEMO", "class":"0x7ffe490c5a90", "imemo_type":"ment", "memsize":48, "flags":{"wb_protected":true}}
{"address":"0x7ffe490b5fa0", "type":"IMEMO", "imemo_type":"ment", "references":["0x7ffe490c6620"], "memsize":48, "flags":{"wb_protected":true}}
{"address":"0x7ffe490b5fc8", "type":"STRING", "class":"0x7ffe490be858", "frozen":true, "embedded":true, "fstring":true, "bytesize":9, "value":"iterator?", "encoding":"US-ASCII", "memsize":40, "flags":{"wb_protected":true}}
{"address":"0x7ffe490b5ff0", "type":"IMEMO", "class":"0x7ffe490c5a90", "imemo_type":"ment", "memsize":48, "flags":{"wb_protected":true}}
{"address":"0x7ffe490b6018", "type":"IMEMO", "imemo_type":"ment", "references":["0x7ffe490c6620"], "memsize":48, "flags":{"wb_protected":true}}
{"address":"0x7ffe490b6040", "type":"IMEMO", "class":"0x7ffe490c5a90", "imemo_type":"ment", "memsize":48, "flags":{"wb_protected":true}}
{"address":"0x7ffe490b6068", "type":"IMEMO", "imemo_type":"ment", "references":["0x7ffe490c6620"], "memsize":48, "flags":{"wb_protected":true}}
{"address":"0x7ffe490b6090", "type":"STRING", "class":"0x7ffe490be858", "frozen":true, "embedded":true, "fstring":true, "bytesize":4, "value":"eval", "encoding":"US-ASCII", "memsize":40, "flags":{"wb_protected":true}}
{"address":"0x7ffe490b60b8", "type":"IMEMO", "class":"0x7ffe490c6800", "imemo_type":"ment", "memsize":48, "flags":{"wb_protected":true}}
{"address":"0x7ffe490b60e0", "type":"STRING", "class":"0x7ffe490be858", "frozen":true, "embedded":true, "fstring":true, "bytesize":15, "value":"module_function", "encoding":"US-ASCII", "memsize":40, "flags":{"wb_protected":true}}
{"address":"0x7ffe490b6108", "type":"IMEMO", "class":"0x7ffe490c6800", "imemo_type":"ment", "memsize":48, "flags":{"wb_protected":true}}
{"address":"0x7ffe490b6130", "type":"IMEMO", "class":"0x7ffe490c5748", "imemo_type":"ment", "memsize":48, "flags":{"wb_protected":true}}
{"address":"0x7ffe490b6158", "type":"STRING", "class":"0x7ffe490be858", "frozen":true, "embedded":true, "fstring":true, "bytesize":12, "value":"used_modules", "encoding":"US-ASCII", "memsize":40, "flags":{"wb_protected":true}}
{"address":"0x7ffe490b6180", "type":"IMEMO", "class":"0x7ffe490c6850", "imemo_type":"ment", "memsize":48, "flags":{"wb_protected":true}}
{"address":"0x7ffe490b61a8", "type":"STRING", "class":"0x7ffe490be858", "frozen":true, "embedded":true, "fstring":true, "bytesize":5, "value":"using", "encoding":"US-ASCII", "memsize":40, "flags":{"wb_protected":true}}
{"address":"0x7ffe490b61d0", "type":"IMEMO", "class":"0x7ffe490c6850", "imemo_type":"ment", "memsize":48, "flags":{"wb_protected":true}}
{"address":"0x7ffe490b61f8", "type":"STRING", "class":"0x7ffe490be858", "frozen":true, "embedded":true, "fstring":true, "bytesize":6, "value":"refine", "encoding":"US-ASCII", "memsize":40, "flags":{"wb_protected":true}}
{"address":"0x7ffe490b6220", "type":"IMEMO", "class":"0x7ffe490c6850", "imemo_type":"ment", "memsize":48, "flags":{"wb_protected":true}}
{"address":"0x7ffe490b6248", "type":"IMEMO", "class":"0x7ffe490c6850", "imemo_type":"ment", "memsize":48, "flags":{"wb_protected":true}}
{"address":"0x7ffe490b6270", "type":"IMEMO", "class":"0x7ffe490c6850", "imemo_type":"ment", "memsize":48, "flags":{"wb_protected":true}}
{"address":"0x7ffe490b6298", "type":"IMEMO", "class":"0x7ffe490c6850", "imemo_type":"ment", "memsize":48, "flags":{"wb_protected":true}}
{"address":"0x7ffe490b62c0", "type":"IMEMO", "class":"0x7ffe490c6850", "imemo_type":"ment", "memsize":48, "flags":{"wb_protected":true}}
{"address":"0x7ffe490b62e8", "type":"STRING", "class":"0x7ffe490be858", "frozen":true, "embedded":true, "fstring":true, "bytesize":7, "value":"include", "encoding":"US-ASCII", "memsize":40, "flags":{"wb_protected":true}}
{"address":"0x7ffe490b6310", "type":"IMEMO", "class":"0x7ffe490c5a90", "imemo_type":"ment", "memsize":48, "flags":{"wb_protected":true}}
{"address":"0x7ffe490b6338", "type":"IMEMO", "imemo_type":"ment", "references":["0x7ffe490c6620"], "memsize":48, "flags":{"wb_protected":true}}
{"address":"0x7ffe490b6360", "type":"STRING", "class":"0x7ffe490be858", "frozen":true, "embedded":true, "fstring":true, "bytesize":7, "value":"__dir__", "encoding":"US-ASCII", "memsize":40, "flags":{"wb_protected":true}}
{"address":"0x7ffe490b6388", "type":"IMEMO", "class":"0x7ffe490c5a90", "imemo_type":"ment", "memsize":48, "flags":{"wb_protected":true}}
{"address":"0x7ffe490b63b0", "type":"IMEMO", "imemo_type":"ment", "references":["0x7ffe490c6620"], "memsize":48, "flags":{"wb_protected":true}}
{"address":"0x7ffe490b63d8", "type":"STRING", "class":"0x7ffe490be858", "frozen":true, "embedded":true, "fstring":true, "bytesize":10, "value":"__callee__", "encoding":"US-ASCII", "memsize":40, "flags":{"wb_protected":true}}
{"address":"0x7ffe490b6400", "type":"IMEMO", "class":"0x7ffe490c5a90", "imemo_type":"ment", "memsize":48, "flags":{"wb_protected":true}}
{"address":"0x7ffe490b6428", "type":"IMEMO", "imemo_type":"ment", "references":["0x7ffe490c6620"], "memsize":48, "flags":{"wb_protected":true}}
{"address":"0x7ffe490b6450", "type":"STRING", "class":"0x7ffe490be858", "frozen":true, "embedded":true, "fstring":true, "bytesize":10, "value":"__method__", "encoding":"US-ASCII", "memsize":40, "flags":{"wb_protected":true}}
{"address":"0x7ffe490b6478", "type":"IMEMO", "class":"0x7ffe490c5a90", "imemo_type":"ment", "memsize":48, "flags":{"wb_protected":true}}
{"address":"0x7ffe490b64a0", "type":"IMEMO", "imemo_type":"ment", "references":["0x7ffe490c6620"], "memsize":48, "flags":{"wb_protected":true}}
{"address":"0x7ffe490b64c8", "type":"STRING", "class":"0x7ffe490be858", "frozen":true, "embedded":true, "fstring":true, "bytesize":16, "value":"global_variables", "encoding":"US-ASCII", "memsize":40, "flags":{"wb_protected":true}}
{"address":"0x7ffe490b64f0", "type":"IMEMO", "class":"0x7ffe490c5a90", "imemo_type":"ment", "memsize":48, "flags":{"wb_protected":true}}
{"address":"0x7ffe490b6518", "type":"IMEMO", "imemo_type":"ment", "references":["0x7ffe490c6620"], "memsize":48, "flags":{"wb_protected":true}}
{"address":"0x7ffe490b6540", "type":"STRING", "class":"0x7ffe490be858", "frozen":true, "embedded":true, "fstring":true, "bytesize":4, "value":"fail", "encoding":"US-ASCII", "memsize":40, "flags":{"wb_protected":true}}
{"address":"0x7ffe490b6568", "type":"IMEMO", "class":"0x7ffe490c5a90", "imemo_type":"ment", "memsize":48, "flags":{"wb_protected":true}}
{"address":"0x7ffe490b6590", "type":"IMEMO", "imemo_type":"ment", "references":["0x7ffe490c6620"], "memsize":48, "flags":{"wb_protected":true}}
{"address":"0x7ffe490b65b8", "type":"STRING", "class":"0x7ffe490be858", "frozen":true, "embedded":true, "fstring":true, "bytesize":5, "value":"raise", "encoding":"US-ASCII", "memsize":40, "flags":{"wb_protected":true}}
{"address":"0x7ffe490b65e0", "type":"STRING", "class":"0x7ffe490be858", "frozen":true, "embedded":true, "fstring":true, "bytesize":2, "value":"$@", "encoding":"US-ASCII", "memsize":40, "flags":{"wb_protected":true}}
{"address":"0x7ffe490b6608", "type":"HASH", "frozen":true, "size":3, "memsize":192, "flags":{"wb_protected":true}}
{"address":"0x7ffe490b6630", "type":"HASH", "frozen":true, "size":2, "memsize":192, "flags":{"wb_protected":true}}
{"address":"0x7ffe490b6658", "type":"STRING", "class":"0x7ffe490be858", "frozen":true, "embedded":true, "fstring":true, "bytesize":6, "value":"bottom", "encoding":"US-ASCII", "memsize":40, "flags":{"wb_protected":true}}
{"address":"0x7ffe490b6680", "type":"STRING", "class":"0x7ffe490be858", "frozen":true, "embedded":true, "fstring":true, "bytesize":3, "value":"top", "encoding":"US-ASCII", "memsize":40, "flags":{"wb_protected":true}}
{"address":"0x7ffe490b66a8", "type":"STRING", "class":"0x7ffe490be858", "frozen":true, "embedded":true, "fstring":true, "bytesize":12, "value":"experimental", "encoding":"US-ASCII", "memsize":40, "flags":{"wb_protected":true}}
{"address":"0x7ffe490b66d0", "type":"STRING", "class":"0x7ffe490be858", "frozen":true, "embedded":true, "fstring":true, "bytesize":10, "value":"deprecated", "encoding":"US-ASCII", "memsize":40, "flags":{"wb_protected":true}}
{"address":"0x7ffe490b66f8", "type":"STRING", "class":"0x7ffe490be858", "frozen":true, "embedded":true, "fstring":true, "bytesize":8, "value":"category", "encoding":"US-ASCII", "memsize":40, "flags":{"wb_protected":true}}
{"address":"0x7ffe490b6720", "type":"IMEMO", "class":"0x7ffe490b67c0", "imemo_type":"ment", "memsize":48, "flags":{"wb_protected":true}}
{"address":"0x7ffe490b6748", "type":"STRING", "class":"0x7ffe490be858", "frozen":true, "embedded":true, "fstring":true, "bytesize":5, "value":"write", "encoding":"US-ASCII", "memsize":40, "flags":{"wb_protected":true}}
{"address":"0x7ffe490b6770", "type":"STRING", "class":"0x7ffe490be858", "frozen":true, "embedded":true, "bytesize":15, "value":"Warning::buffer", "encoding":"US-ASCII", "memsize":40, "flags":{"wb_protected":true}}
{"address":"0x7ffe490b6798", "type":"CLASS", "class":"0x7ffe490c5770", "references":["0x7ffe490be830", "0x7ffe490b67c0"], "memsize":472, "flags":{"wb_protected":true}}
{"address":"0x7ffe490b67c0", "type":"CLASS", "class":"0x7ffe490b6798", "name":"Warning::buffer", "references":["0x7ffe490be858", "0x7ffe490b6720", "0x7ffe490b6770"], "memsize":536, "flags":{"wb_protected":true}}
{"address":"0x7ffe490b67e8", "type":"STRING", "class":"0x7ffe490be858", "frozen":true, "embedded":true, "fstring":true, "bytesize":6, "value":"buffer", "encoding":"US-ASCII", "memsize":40, "flags":{"wb_protected":true}}
{"address":"0x7ffe490b6810", "type":"ICLASS", "class":"0x7ffe490b6900", "references":["0x7ffe490c6850"], "memsize":40, "flags":{"wb_protected":true}}
{"address":"0x7ffe490b6838", "type":"IMEMO", "imemo_type":"ment", "references":["0x7ffe490b6900"], "memsize":48, "flags":{"wb_protected":true}}
{"address":"0x7ffe490b6860", "type":"STRING", "class":"0x7ffe490be858", "frozen":true, "embedded":true, "fstring":true, "bytesize":4, "value":"warn", "encoding":"US-ASCII", "memsize":40, "flags":{"wb_protected":true}}
{"address":"0x7ffe490b6888", "type":"IMEMO", "class":"0x7ffe490b68d8", "imemo_type":"ment", "memsize":48, "flags":{"wb_protected":true}}
{"address":"0x7ffe490b68b0", "type":"IMEMO", "class":"0x7ffe490b68d8", "imemo_type":"ment", "memsize":48, "flags":{"wb_protected":true}}
{"address":"0x7ffe490b68d8", "type":"CLASS", "class":"0x7ffe490c5748", "references":["0x7ffe490b6810", "0x7ffe490b68b0", "0x7ffe490b6888", "0x7ffe490b6900"], "memsize":536, "flags":{"wb_protected":true}}
{"address":"0x7ffe490b6900", "type":"MODULE", "class":"0x7ffe490b68d8", "name":"Warning", "references":["0x7ffe490b6838", "0x7ffe490b6928", "0x7ffe490b67c0"], "memsize":624, "flags":{"wb_protected":true}}
{"address":"0x7ffe490b6928", "type":"STRING", "class":"0x7ffe490be858", "frozen":true, "embedded":true, "fstring":true, "bytesize":7, "value":"Warning", "encoding":"US-ASCII", "memsize":40, "flags":{"wb_protected":true}}
{"address":"0x7ffe490b6950", "type":"MODULE", "class":"0x7ffe490c6850", "name":"Errno", "references":["0x7ffe490b6978", "0x7ffe490a7b08", "0x7ffe490a7a68", "0x7ffe490a79c8", "0x7ffe490a7928", "0x7ffe490a7888", "0x7ffe490a77e8", "0x7ffe490a7748", "0x7ffe490a76a8", "0x7ffe490a7608", "0x7ffe490a7568", "0x7ffe490a74c8", "0x7ffe490a7428", "0x7ffe490ad648", "0x7ffe490a7360", "0x7ffe490af2e0", "0x7ffe490a7298", "0x7ffe490af2e0", "0x7ffe490af2e0", "0x7ffe490af2e0", "0x7ffe490a7180", "0x7ffe490a70e0", "0x7ffe490a7040", "0x7ffe490a6fa0", "0x7ffe490a6f00", "0x7ffe490a6e60", "0x7ffe490a6dc0", "0x7ffe490af2e0", "0x7ffe490a6cf8", "0x7ffe490af2e0", "0x7ffe490a6c30", "0x7ffe490a6b90", "0x7ffe490a6af0", "0x7ffe490a6a50", "0x7ffe490af2e0", "0x7ffe490af2e0", "0x7ffe490a6960", "0x7ffe490aeef8", "0x7ffe490a6898", "0x7ffe490af2e0", "0x7ffe490af2e0", "0x7ffe490af240", "0x7ffe490af1a0", "0x7ffe490af100", "0x7ffe490af060", "0x7ffe490af2e0", "0x7ffe490aef98", "0x7ffe490aeef8", "0x7ffe490aee58", "0x7ffe490aedb8", "0x7ffe490aed18", "0x7ffe490af2e0", "0x7ffe490aec50", "0x7ffe490aebb0", "0x7ffe490af2e0", "0x7ffe490aeae8", "0x7ffe490aea48", "0x7ffe490af2e0", "0x7ffe490ae980", "0x7ffe490af2e0", "0x7ffe490af2e0", "0x7ffe490af2e0", "0x7ffe490ae868", "0x7ffe490ae7c8", "0x7ffe490af2e0", "0x7ffe490ae700", "0x7ffe490af2e0", "0x7ffe490af2e0", "0x7ffe490ae610", "0x7ffe490ae570", "0x7ffe490ae4d0", "0x7ffe490ae430", "0x7ffe490af2e0", "0x7ffe490ae368", "0x7ffe490ae2c8", "0x7ffe490ae228", "0x7ffe490af2e0", "0x7ffe490af2e0", "0x7ffe490ae138", "0x7ffe490ae098", "0x7ffe490adff8", "0x7ffe490adf58", "0x7ffe490adeb8", "0x7ffe490ade18", "0x7ffe490add78", "0x7ffe490af2e0", "0x7ffe490adcb0", "0x7ffe490adc10", "0x7ffe490adb70", "0x7ffe490adad0", "0x7ffe490ada30", "0x7ffe490ad990", "0x7ffe490af2e0", "0x7ffe490ad8c8", "0x7ffe490ad828", "0x7ffe490af2e0", "0x7ffe490af2e0", "0x7ffe490af2e0", "0x7ffe490af2e0", "0x7ffe490af2e0", "0x7ffe490af2e0", "0x7ffe490af2e0", "0x7ffe490af2e0", "0x7ffe490ad648", "0x7ffe490af2e0", "0x7ffe490af2e0", "0x7ffe490af2e0", "0x7ffe490af2e0", "0x7ffe490af2e0", "0x7ffe490af2e0", "0x7ffe490ad4b8", "0x7ffe490af2e0", "0x7ffe490ad3f0", "0x7ffe490ad350", "0x7ffe490ad2b0", "0x7ffe490ad210", "0x7ffe490ad170", "0x7ffe490af2e0", "0x7ffe490ad0a8", "0x7ffe490ad008", "0x7ffe490acf68", "0x7ffe490acec8", "0x7ffe490ace28", "0x7ffe490af2e0", "0x7ffe490acd60", "0x7ffe490accc0", "0x7ffe490af2e0", "0x7ffe490acbf8", "0x7ffe490acb58", "0x7ffe490acab8", "0x7ffe490aca18", "0x7ffe490af2e0", "0x7ffe490ac950", "0x7ffe490ac8b0", "0x7ffe490af2e0", "0x7ffe490ac7e8", "0x7ffe490ac748", "0x7ffe490af2e0", "0x7ffe490af2e0", "0x7ffe490ac658", "0x7ffe490ac5b8", "0x7ffe490ac518", "0x7ffe490ac478", "0x7ffe490ac3d8", "0x7ffe490ac338", "0x7ffe490ac298", "0x7ffe490af2e0", "0x7ffe490ac1d0", "0x7ffe490ac130", "0x7ffe490ac090", "0x7ffe490af2e0", "0x7ffe490a7f90", "0x7ffe490a7ef0", "0x7ffe490a7e50", "0x7ffe490a7db0", "0x7ffe490af2e0", "0x7ffe490a7ce8", "0x7ffe490a7c48", "0x7ffe490a7ba8"], "memsize":4592, "flags":{"wb_protected":true}}
{"address":"0x7ffe490b6978", "type":"STRING", "class":"0x7ffe490be858", "frozen":true, "embedded":true, "fstring":true, "bytesize":5, "value":"Errno", "encoding":"US-ASCII", "memsize":40, "flags":{"wb_protected":true}}
{"address":"0x7ffe490b69a0", "type":"IMEMO", "class":"0x7ffe490b6a40", "imemo_type":"ment", "memsize":48, "flags":{"wb_protected":true}}
{"address":"0x7ffe490b69c8", "type":"IMEMO", "class":"0x7ffe490b6a68", "imemo_type":"ment", "memsize":48, "flags":{"wb_protected":true}}
{"address":"0x7ffe490b69f0", "type":"STRING", "class":"0x7ffe490be858", "frozen":true, "embedded":true, "fstring":true, "bytesize":5, "value":"errno", "encoding":"US-ASCII", "memsize":40, "flags":{"wb_protected":true}}
{"address":"0x7ffe490b6a18", "type":"IMEMO", "class":"0x7ffe490b6a68", "imemo_type":"ment", "memsize":48, "flags":{"wb_protected":true}}
{"address":"0x7ffe490b6a40", "type":"CLASS", "class":"0x7ffe490c5770", "references":["0x7ffe490b7800", "0x7ffe490b69a0", "0x7ffe490c6580", "0x7ffe490b6a68"], "memsize":648, "flags":{"wb_protected":true}}
{"address":"0x7ffe490b6a68", "type":"CLASS", "class":"0x7ffe490b6a40", "name":"SystemCallError", "references":["0x7ffe490b7828", "0x7ffe490b6a18", "0x7ffe490b69c8", "0x7ffe490b6a90"], "memsize":536, "flags":{"wb_protected":true}}
{"address":"0x7ffe490b6a90", "type":"STRING", "class":"0x7ffe490be858", "frozen":true, "embedded":true, "fstring":true, "bytesize":15, "value":"SystemCallError", "encoding":"US-ASCII", "memsize":40, "flags":{"wb_protected":true}}
{"address":"0x7ffe490b6ab8", "type":"CLASS", "class":"0x7ffe490c5770", "references":["0x7ffe490b7800", "0x7ffe490b6ae0"], "memsize":472, "flags":{"wb_protected":true}}
{"address":"0x7ffe490b6ae0", "type":"CLASS", "class":"0x7ffe490b6ab8", "name":"NoMatchingPatternError", "references":["0x7ffe490b7828", "0x7ffe490b6b08"], "memsize":472, "flags":{"wb_protected":true}}
{"address":"0x7ffe490b6b08", "type":"STRING", "class":"0x7ffe490be858", "frozen":true, "embedded":true, "fstring":true, "bytesize":22, "value":"NoMatchingPatternError", "encoding":"US-ASCII", "memsize":40, "flags":{"wb_protected":true}}
{"address":"0x7ffe490b6b30", "type":"STRING", "class":"0x7ffe490be858", "frozen":true, "bytesize":28, "capacity":47, "value":"Encoding::CompatibilityError", "encoding":"US-ASCII", "memsize":88, "flags":{"wb_protected":true}}
{"address":"0x7ffe490b6b58", "type":"CLASS", "class":"0x7ffe490c5770", "references":["0x7ffe490b6bd0", "0x7ffe490b6b80"], "memsize":472, "flags":{"wb_protected":true}}
{"address":"0x7ffe490b6b80", "type":"CLASS", "class":"0x7ffe490b6b58", "name":"Encoding::CompatibilityError", "references":["0x7ffe490b6bf8", "0x7ffe490b6b30"], "memsize":472, "flags":{"wb_protected":true}}
{"address":"0x7ffe490b6ba8", "type":"STRING", "class":"0x7ffe490be858", "frozen":true, "embedded":true, "fstring":true, "bytesize":18, "value":"CompatibilityError", "encoding":"US-ASCII", "memsize":40, "flags":{"wb_protected":true}}
{"address":"0x7ffe490b6bd0", "type":"CLASS", "class":"0x7ffe490c5770", "references":["0x7ffe490b7800", "0x7ffe490c6580", "0x7ffe490b6bf8"], "memsize":584, "flags":{"wb_protected":true}}
{"address":"0x7ffe490b6bf8", "type":"CLASS", "class":"0x7ffe490b6bd0", "name":"EncodingError", "references":["0x7ffe490b7828", "0x7ffe490b6c20"], "memsize":472, "flags":{"wb_protected":true}}
{"address":"0x7ffe490b6c20", "type":"STRING", "class":"0x7ffe490be858", "frozen":true, "embedded":true, "fstring":true, "bytesize":13, "value":"EncodingError", "encoding":"US-ASCII", "memsize":40, "flags":{"wb_protected":true}}
{"address":"0x7ffe490b6c48", "type":"CLASS", "class":"0x7ffe490c5770", "references":["0x7ffe490b7e40", "0x7ffe490b6c70"], "memsize":472, "flags":{"wb_protected":true}}
{"address":"0x7ffe490b6c70", "type":"CLASS", "class":"0x7ffe490b6c48", "name":"NoMemoryError", "references":["0x7ffe490b7e68", "0x7ffe49087fb0", "0x7ffe490b6c98"], "memsize":736, "flags":{"wb_protected":true}}
{"address":"0x7ffe490b6c98", "type":"STRING", "class":"0x7ffe490be858", "frozen":true, "embedded":true, "fstring":true, "bytesize":13, "value":"NoMemoryError", "encoding":"US-ASCII", "memsize":40, "flags":{"wb_protected":true}}
{"address":"0x7ffe490b6cc0", "type":"CLASS", "class":"0x7ffe490c5770", "references":["0x7ffe490b7e40", "0x7ffe490b6ce8"], "memsize":472, "flags":{"wb_protected":true}}
{"address":"0x7ffe490b6ce8", "type":"CLASS", "class":"0x7ffe490b6cc0", "name":"SecurityError", "references":["0x7ffe490b7e68", "0x7ffe490b6d10"], "memsize":472, "flags":{"wb_protected":true}}
{"address":"0x7ffe490b6d10", "type":"STRING", "class":"0x7ffe490be858", "frozen":true, "embedded":true, "fstring":true, "bytesize":13, "value":"SecurityError", "encoding":"US-ASCII", "memsize":40, "flags":{"wb_protected":true}}
{"address":"0x7ffe490b6d38", "type":"IMEMO", "class":"0x7ffe490b6db0", "imemo_type":"ment", "memsize":48, "flags":{"wb_protected":true}}
{"address":"0x7ffe490b6d60", "type":"IMEMO", "class":"0x7ffe490b6db0", "imemo_type":"ment", "memsize":48, "flags":{"wb_protected":true}}
{"address":"0x7ffe490b6d88", "type":"CLASS", "class":"0x7ffe490c5770", "references":["0x7ffe490b6e00", "0x7ffe490b6db0"], "memsize":472, "flags":{"wb_protected":true}}
{"address":"0x7ffe490b6db0", "type":"CLASS", "class":"0x7ffe490b6d88", "name":"FrozenError", "references":["0x7ffe490b6e28", "0x7ffe490b6d60", "0x7ffe490b6d38", "0x7ffe490b6dd8"], "memsize":536, "flags":{"wb_protected":true}}
{"address":"0x7ffe490b6dd8", "type":"STRING", "class":"0x7ffe490be858", "frozen":true, "embedded":true, "fstring":true, "bytesize":11, "value":"FrozenError", "encoding":"US-ASCII", "memsize":40, "flags":{"wb_protected":true}}
{"address":"0x7ffe490b6e00", "type":"CLASS", "class":"0x7ffe490c5770", "references":["0x7ffe490b7800", "0x7ffe490c6580", "0x7ffe490b6e28"], "memsize":584, "flags":{"wb_protected":true}}
{"address":"0x7ffe490b6e28", "type":"CLASS", "class":"0x7ffe490b6e00", "name":"RuntimeError", "references":["0x7ffe490b7828", "0x7ffe490b6e50"], "memsize":472, "flags":{"wb_protected":true}}
{"address":"0x7ffe490b6e50", "type":"STRING", "class":"0x7ffe490be858", "frozen":true, "embedded":true, "fstring":true, "bytesize":12, "value":"RuntimeError", "encoding":"US-ASCII", "memsize":40, "flags":{"wb_protected":true}}
{"address":"0x7ffe490b6e78", "type":"IMEMO", "class":"0x7ffe490b6f68", "imemo_type":"ment", "memsize":48, "flags":{"wb_protected":true}}
{"address":"0x7ffe490b6ea0", "type":"STRING", "class":"0x7ffe490be858", "frozen":true, "embedded":true, "fstring":true, "bytesize":13, "value":"private_call?", "encoding":"US-ASCII", "memsize":40, "flags":{"wb_protected":true}}
{"address":"0x7ffe490b6ec8", "type":"IMEMO", "class":"0x7ffe490b6f68", "imemo_type":"ment", "memsize":48, "flags":{"wb_protected":true}}
{"address":"0x7ffe490b6ef0", "type":"STRING", "class":"0x7ffe490be858", "frozen":true, "embedded":true, "fstring":true, "bytesize":4, "value":"args", "encoding":"US-ASCII", "memsize":40, "flags":{"wb_protected":true}}
{"address":"0x7ffe490b6f18", "type":"IMEMO", "class":"0x7ffe490b6f68", "imemo_type":"ment", "memsize":48, "flags":{"wb_protected":true}}
{"address":"0x7ffe490b6f40", "type":"CLASS", "class":"0x7ffe490c5770", "references":["0x7ffe490b7198", "0x7ffe490b6f68"], "memsize":472, "flags":{"wb_protected":true}}
{"address":"0x7ffe490b6f68", "type":"CLASS", "class":"0x7ffe490b6f40", "name":"NoMethodError", "references":["0x7ffe490b71c0", "0x7ffe490b6f18", "0x7ffe490b6ec8", "0x7ffe490b6e78", "0x7ffe490b6f90"], "memsize":536, "flags":{"wb_protected":true}}
{"address":"0x7ffe490b6f90", "type":"STRING", "class":"0x7ffe490be858", "frozen":true, "embedded":true, "fstring":true, "bytesize":13, "value":"NoMethodError", "encoding":"US-ASCII", "memsize":40, "flags":{"wb_protected":true}}
{"address":"0x7ffe490b6fb8", "type":"IMEMO", "class":"0x7ffe490b7080", "imemo_type":"ment", "memsize":48, "flags":{"wb_protected":true}}
{"address":"0x7ffe490b6fe0", "type":"IMEMO", "class":"0x7ffe490b70a8", "imemo_type":"ment", "memsize":48, "flags":{"wb_protected":true}}
{"address":"0x7ffe490b7008", "type":"IMEMO", "class":"0x7ffe490b70a8", "imemo_type":"ment", "memsize":48, "flags":{"wb_protected":true}}
{"address":"0x7ffe490b7030", "type":"IMEMO", "class":"0x7ffe490b70a8", "imemo_type":"ment", "memsize":48, "flags":{"wb_protected":true}}
{"address":"0x7ffe490b7058", "type":"STRING", "class":"0x7ffe490be858", "frozen":true, "embedded":true, "bytesize":18, "value":"NameError::message", "encoding":"US-ASCII", "memsize":40, "flags":{"wb_protected":true}}
{"address":"0x7ffe490b7080", "type":"CLASS", "class":"0x7ffe490c5770", "references":["0x7ffe490c5720", "0x7ffe490b6fb8", "0x7ffe490b70a8"], "memsize":536, "flags":{"wb_protected":true}}
{"address":"0x7ffe490b70a8", "type":"CLASS", "class":"0x7ffe490b7080", "name":"NameError::message", "references":["0x7ffe490c68a0", "0x7ffe490b7030", "0x7ffe490b6fe0", "0x7ffe490b7008", "0x7ffe490b7058"], "memsize":536, "flags":{"wb_protected":true}}
{"address":"0x7ffe490b70d0", "type":"IMEMO", "class":"0x7ffe490b71c0", "imemo_type":"ment", "memsize":48, "flags":{"wb_protected":true}}
{"address":"0x7ffe490b70f8", "type":"STRING", "class":"0x7ffe490be858", "frozen":true, "embedded":true, "fstring":true, "bytesize":15, "value":"local_variables", "encoding":"US-ASCII", "memsize":40, "flags":{"wb_protected":true}}
{"address":"0x7ffe490b7120", "type":"IMEMO", "class":"0x7ffe490b71c0", "imemo_type":"ment", "memsize":48, "flags":{"wb_protected":true}}
{"address":"0x7ffe490b7148", "type":"IMEMO", "class":"0x7ffe490b71c0", "imemo_type":"ment", "memsize":48, "flags":{"wb_protected":true}}
{"address":"0x7ffe490b7170", "type":"IMEMO", "class":"0x7ffe490b71c0", "imemo_type":"ment", "memsize":48, "flags":{"wb_protected":true}}
{"address":"0x7ffe490b7198", "type":"CLASS", "class":"0x7ffe490c5770", "references":["0x7ffe490b7800", "0x7ffe490c6580", "0x7ffe490b71c0"], "memsize":584, "flags":{"wb_protected":true}}
{"address":"0x7ffe490b71c0", "type":"CLASS", "class":"0x7ffe490b7198", "name":"NameError", "references":["0x7ffe490b7828", "0x7ffe490b7120", "0x7ffe490b7170", "0x7ffe490b70d0", "0x7ffe490b7148", "0x7ffe490b71e8", "0x7ffe490b70a8"], "memsize":688, "flags":{"wb_protected":true}}
{"address":"0x7ffe490b71e8", "type":"STRING", "class":"0x7ffe490be858", "frozen":true, "embedded":true, "fstring":true, "bytesize":9, "value":"NameError", "encoding":"US-ASCII", "memsize":40, "flags":{"wb_protected":true}}
{"address":"0x7ffe490b7210", "type":"CLASS", "class":"0x7ffe490c5770", "references":["0x7ffe490b7440", "0x7ffe490b7238"], "memsize":472, "flags":{"wb_protected":true}}
{"address":"0x7ffe490b7238", "type":"CLASS", "class":"0x7ffe490b7210", "name":"NotImplementedError", "references":["0x7ffe490b7468", "0x7ffe490b7260"], "memsize":472, "flags":{"wb_protected":true}}
{"address":"0x7ffe490b7260", "type":"STRING", "class":"0x7ffe490be858", "frozen":true, "embedded":true, "fstring":true, "bytesize":19, "value":"NotImplementedError", "encoding":"US-ASCII", "memsize":40, "flags":{"wb_protected":true}}
{"address":"0x7ffe490b7288", "type":"IMEMO", "class":"0x7ffe490b7350", "imemo_type":"ment", "memsize":48, "flags":{"wb_protected":true}}
{"address":"0x7ffe490b72b0", "type":"STRING", "class":"0x7ffe490be858", "frozen":true, "embedded":true, "fstring":true, "bytesize":5, "value":"@path", "encoding":"US-ASCII", "memsize":40, "flags":{"wb_protected":true}}
{"address":"0x7ffe490b72d8", "type":"STRING", "class":"0x7ffe490be858", "embedded":true, "bytesize":5, "value":"@path", "memsize":40, "flags":{"wb_protected":true}}
{"address":"0x7ffe490b7300", "type":"STRING", "class":"0x7ffe490be858", "frozen":true, "embedded":true, "fstring":true, "bytesize":4, "value":"path", "encoding":"US-ASCII", "memsize":40, "flags":{"wb_protected":true}}
{"address":"0x7ffe490b7328", "type":"CLASS", "class":"0x7ffe490c5770", "references":["0x7ffe490b7440", "0x7ffe490b7350"], "memsize":472, "flags":{"wb_protected":true}}
{"address":"0x7ffe490b7350", "type":"CLASS", "class":"0x7ffe490b7328", "name":"LoadError", "references":["0x7ffe490b7468", "0x7ffe490b7288", "0x7ffe490b7378"], "memsize":536, "flags":{"wb_protected":true}}
{"address":"0x7ffe490b7378", "type":"STRING", "class":"0x7ffe490be858", "frozen":true, "embedded":true, "fstring":true, "bytesize":9, "value":"LoadError", "encoding":"US-ASCII", "memsize":40, "flags":{"wb_protected":true}}
{"address":"0x7ffe490b73a0", "type":"IMEMO", "class":"0x7ffe490b73f0", "imemo_type":"ment", "memsize":48, "flags":{"wb_protected":true}}
{"address":"0x7ffe490b73c8", "type":"CLASS", "class":"0x7ffe490c5770", "references":["0x7ffe490b7440", "0x7ffe490b73f0"], "memsize":472, "flags":{"wb_protected":true}}
{"address":"0x7ffe490b73f0", "type":"CLASS", "class":"0x7ffe490b73c8", "name":"SyntaxError", "references":["0x7ffe490b7468", "0x7ffe490b73a0", "0x7ffe490b7418"], "memsize":536, "flags":{"wb_protected":true}}
{"address":"0x7ffe490b7418", "type":"STRING", "class":"0x7ffe490be858", "frozen":true, "embedded":true, "fstring":true, "bytesize":11, "value":"SyntaxError", "encoding":"US-ASCII", "memsize":40, "flags":{"wb_protected":true}}
{"address":"0x7ffe490b7440", "type":"CLASS", "class":"0x7ffe490c5770", "references":["0x7ffe490b7e40", "0x7ffe490c6580", "0x7ffe490b7468"], "memsize":584, "flags":{"wb_protected":true}}
{"address":"0x7ffe490b7468", "type":"CLASS", "class":"0x7ffe490b7440", "name":"ScriptError", "references":["0x7ffe490b7e68", "0x7ffe490b7490"], "memsize":472, "flags":{"wb_protected":true}}
{"address":"0x7ffe490b7490", "type":"STRING", "class":"0x7ffe490be858", "frozen":true, "embedded":true, "fstring":true, "bytesize":11, "value":"ScriptError", "encoding":"US-ASCII", "memsize":40, "flags":{"wb_protected":true}}
{"address":"0x7ffe490b74b8", "type":"CLASS", "class":"0x7ffe490c5770", "references":["0x7ffe490b7800", "0x7ffe490c6580", "0x7ffe490b74e0"], "memsize":584, "flags":{"wb_protected":true}}
{"address":"0x7ffe490b74e0", "type":"CLASS", "class":"0x7ffe490b74b8", "name":"RangeError", "references":["0x7ffe490b7828", "0x7ffe490b7508"], "memsize":472, "flags":{"wb_protected":true}}
{"address":"0x7ffe490b7508", "type":"STRING", "class":"0x7ffe490be858", "frozen":true, "embedded":true, "fstring":true, "bytesize":10, "value":"RangeError", "encoding":"US-ASCII", "memsize":40, "flags":{"wb_protected":true}}
{"address":"0x7ffe490b7530", "type":"IMEMO", "class":"0x7ffe490b7620", "imemo_type":"ment", "memsize":48, "flags":{"wb_protected":true}}
{"address":"0x7ffe490b7558", "type":"STRING", "class":"0x7ffe490be858", "frozen":true, "embedded":true, "fstring":true, "bytesize":3, "value":"key", "encoding":"US-ASCII", "memsize":40, "flags":{"wb_protected":true}}
{"address":"0x7ffe490b7580", "type":"IMEMO", "class":"0x7ffe490b7620", "imemo_type":"ment", "memsize":48, "flags":{"wb_protected":true}}
{"address":"0x7ffe490b75a8", "type":"STRING", "class":"0x7ffe490be858", "frozen":true, "embedded":true, "fstring":true, "bytesize":8, "value":"receiver", "encoding":"US-ASCII", "memsize":40, "flags":{"wb_protected":true}}
{"address":"0x7ffe490b75d0", "type":"IMEMO", "class":"0x7ffe490b7620", "imemo_type":"ment", "memsize":48, "flags":{"wb_protected":true}}
{"address":"0x7ffe490b75f8", "type":"CLASS", "class":"0x7ffe490c5770", "references":["0x7ffe490b7698", "0x7ffe490b7620"], "memsize":472, "flags":{"wb_protected":true}}
{"address":"0x7ffe490b7620", "type":"CLASS", "class":"0x7ffe490b75f8", "name":"KeyError", "references":["0x7ffe490b76c0", "0x7ffe490b75d0", "0x7ffe490b7580", "0x7ffe490b7530", "0x7ffe490b7670"], "memsize":536, "flags":{"wb_protected":true}}
{"address":"0x7ffe490b7648", "type":"ARRAY", "length":1024, "references":["0x7ffe490b7670", "0x7ffe490b75a8", "0x7ffe490b7558", "0x7ffe490b7508", "0x7ffe490b7490", "0x7ffe490b7418", "0x7ffe490b7378", "0x7ffe490b7300", "0x7ffe490b72b0", "0x7ffe490b7260", "0x7ffe490b71e8", "0x7ffe490b70f8", "0x7ffe490b6f90", "0x7ffe490b6ef0", "0x7ffe490b6ea0", "0x7ffe490b6e50", "0x7ffe490b6dd8", "0x7ffe490b6d10", "0x7ffe490b6c98", "0x7ffe490b6c20", "0x7ffe490b6ba8", "0x7ffe490b6b08", "0x7ffe490b6a90", "0x7ffe490b69f0", "0x7ffe490b6978", "0x7ffe490b6928", "0x7ffe490b6860", "0x7ffe490b67e8", "0x7ffe490b6748", "0x7ffe490b66f8", "0x7ffe490b66d0", "0x7ffe490b66a8", "0x7ffe490b6680", "0x7ffe490b6658", "0x7ffe490b65e0", "0x7ffe490b65b8", "0x7ffe490b6540", "0x7ffe490b64c8", "0x7ffe490b6450", "0x7ffe490b63d8", "0x7ffe490b6360", "0x7ffe490b62e8", "0x7ffe490b61f8", "0x7ffe490b61a8", "0x7ffe490b6158", "0x7ffe490b60e0", "0x7ffe490b6090", "0x7ffe490b5fc8", "0x7ffe490b5f50", "0x7ffe490b5ed8", "0x7ffe490b5e60", "0x7ffe490b5de8", "0x7ffe490b5d70", "0x7ffe490b5d20", "0x7ffe490b5c58", "0x7ffe490b5c08", "0x7ffe490b5bb8", "0x7ffe490b5b68", "0x7ffe490b5b18", "0x7ffe490b5ac8", "0x7ffe490b5a28", "0x7ffe490b59d8", "0x7ffe490b5960", "0x7ffe490b58e8", "0x7ffe490b5898", "0x7ffe490b5848", "0x7ffe490b57f8", "0x7ffe490b57a8", "0x7ffe490b5758", "0x7ffe490b56e0", "0x7ffe490b5690", "0x7ffe490b5640", "0x7ffe490b55f0", "0x7ffe490b55a0", "0x7ffe490b5550", "0x7ffe490b5500", "0x7ffe490b53c0", "0x7ffe490b52f8", "0x7ffe490b52a8", "0x7ffe490b5230", "0x7ffe490b5118", "0x7ffe490b50f0", "0x7ffe490b5078", "0x7ffe490b5050", "0x7ffe490b5028", "0x7ffe490b5000", "0x7ffe490b4f88", "0x7ffe490b4f10", "0x7ffe490b4e20", "0x7ffe490b4da8", "0x7ffe490b4c18", "0x7ffe490b4bc8", "0x7ffe490b4b78", "0x7ffe490b4b28", "0x7ffe490b4ab0", "0x7ffe490b4a60", "0x7ffe490b4a10", "0x7ffe490b49c0", "0x7ffe490b4970", "0x7ffe490b4920", "0x7ffe490b48d0", "0x7ffe490b4880", "0x7ffe490b4830", "0x7ffe490b47e0", "0x7ffe490b4790", "0x7ffe490b4740", "0x7ffe490b46f0", "0x7ffe490b4628", "0x7ffe490b4588", "0x7ffe490b4538", "0x7ffe490b44e8", "0x7ffe490b4470", "0x7ffe490b4420", "0x7ffe490b4380", "0x7ffe490b4060", "0x7ffe490afdf8", "0x7ffe490afda8", "0x7ffe490afd80", "0x7ffe490afce0", "0x7ffe490afcb8", "0x7ffe490afc90", "0x7ffe490afc68", "0x7ffe490afc40", "0x7ffe490afc18", "0x7ffe490afbf0", "0x7ffe490afba0", "0x7ffe490afb50", "0x7ffe490afb28", "0x7ffe490afad8", "0x7ffe490afa88", "0x7ffe490af538", "0x7ffe490af498", "0x7ffe490af448", "0x7ffe490af3a8", "0x7ffe490af330", "0x7ffe490af308", "0x7ffe490af268", "0x7ffe490af1c8", "0x7ffe490af128", "0x7ffe490af088", "0x7ffe490aefe8", "0x7ffe490aefc0", "0x7ffe490aef20", "0x7ffe490aee80", "0x7ffe490aede0", "0x7ffe490aed40", "0x7ffe490aeca0", "0x7ffe490aec78", "0x7ffe490aebd8", "0x7ffe490aeb38", "0x7ffe490aeb10", "0x7ffe490aea70", "0x7ffe490ae9d0", "0x7ffe490ae9a8", "0x7ffe490ae908", "0x7ffe490ae8e0", "0x7ffe490ae8b8", "0x7ffe490ae890", "0x7ffe490ae7f0", "0x7ffe490ae750", "0x7ffe490ae728", "0x7ffe490ae688", "0x7ffe490ae660", "0x7ffe490ae638", "0x7ffe490ae598", "0x7ffe490ae4f8", "0x7ffe490ae458", "0x7ffe490ae3b8", "0x7ffe490ae390", "0x7ffe490ae2f0", "0x7ffe490ae250", "0x7ffe490ae1b0", "0x7ffe490ae188", "0x7ffe490ae160", "0x7ffe490ae0c0", "0x7ffe490ae020", "0x7ffe490adf80", "0x7ffe490adee0", "0x7ffe490ade40", "0x7ffe490adda0", "0x7ffe490add00", "0x7ffe490adcd8", "0x7ffe490adc38", "0x7ffe490adb98", "0x7ffe490adaf8", "0x7ffe490ada58", "0x7ffe490ad9b8", "0x7ffe490ad918", "0x7ffe490ad8f0", "0x7ffe490ad850", "0x7ffe490ad7b0", "0x7ffe490ad788", "0x7ffe490ad760", "0x7ffe490ad738", "0x7ffe490ad710", "0x7ffe490ad6e8", "0x7ffe490ad6c0", "0x7ffe490ad698", "0x7ffe490ad670", "0x7ffe490ad5d0", "0x7ffe490ad5a8", "0x7ffe490ad580", "0x7ffe490ad558", "0x7ffe490ad530", "0x7ffe490ad508", "0x7ffe490ad4e0", "0x7ffe490ad440", "0x7ffe490ad418", "0x7ffe490ad378", "0x7ffe490ad2d8", "0x7ffe490ad238", "0x7ffe490ad198", "0x7ffe490ad0f8", "0x7ffe490ad0d0", "0x7ffe490ad030", "0x7ffe490acf90", "0x7ffe490acef0", "0x7ffe490ace50", "0x7ffe490acdb0", "0x7ffe490acd88", "0x7ffe490acce8", "0x7ffe490acc48", "0x7ffe490acc20", "0x7ffe490acb80", "0x7ffe490acae0", "0x7ffe490aca40", "0x7ffe490ac9a0", "0x7ffe490ac978", "0x7ffe490ac8d8", "0x7ffe490ac838", "0x7ffe490ac810", "0x7ffe490ac770", "0x7ffe490ac6d0", "0x7ffe490ac6a8", "0x7ffe490ac680", "0x7ffe490ac5e0", "0x7ffe490ac540", "0x7ffe490ac4a0", "0x7ffe490ac400", "0x7ffe490ac360", "0x7ffe490ac2c0", "0x7ffe490ac220", "0x7ffe490ac1f8", "0x7ffe490ac158", "0x7ffe490ac0b8", "0x7ffe490ac018", "0x7ffe490a7fb8", "0x7ffe490a7f18", "0x7ffe490a7e78", "0x7ffe490a7dd8", "0x7ffe490a7d38", "0x7ffe490a7d10", "0x7ffe490a7c70", "0x7ffe490a7bd0", "0x7ffe490a7b30", "0x7ffe490a7a90", "0x7ffe490a79f0", "0x7ffe490a7950", "0x7ffe490a78b0", "0x7ffe490a7810", "0x7ffe490a7770", "0x7ffe490a76d0", "0x7ffe490a7630", "0x7ffe490a7590", "0x7ffe490a74f0", "0x7ffe490a7450", "0x7ffe490a73b0", "0x7ffe490a7388", "0x7ffe490a72e8", "0x7ffe490a72c0", "0x7ffe490a7220", "0x7ffe490a71f8", "0x7ffe490a71d0", "0x7ffe490a71a8", "0x7ffe490a7108", "0x7ffe490a7068", "0x7ffe490a6fc8", "0x7ffe490a6f28", "0x7ffe490a6e88", "0x7ffe490a6de8", "0x7ffe490a6d48", "0x7ffe490a6d20", "0x7ffe490a6c80", "0x7ffe490a6c58", "0x7ffe490a6bb8", "0x7ffe490a6b18", "0x7ffe490a6a78", "0x7ffe490a69d8", "0x7ffe490a69b0", "0x7ffe490a6988", "0x7ffe490a68e8", "0x7ffe490a68c0", "0x7ffe490a6820", "0x7ffe490a6550", "0x7ffe490a6500", "0x7ffe490a6488", "0x7ffe490a6410", "0x7ffe490a63c0", "0x7ffe490a6370", "0x7ffe490a62f8", "0x7ffe490a62a8", "0x7ffe490a6258", "0x7ffe490a6208", "0x7ffe490a61b8", "0x7ffe490a60f0", "0x7ffe490a5f88", "0x7ffe490a5ee8", "0x7ffe490a5e98", "0x7ffe490a5e20", "0x7ffe490a5dd0", "0x7ffe490a5d58", "0x7ffe490a5ce0", "0x7ffe490a5c68", "0x7ffe490a5bf0", "0x7ffe490a5ba0", "0x7ffe490a5b50", "0x7ffe490a5ad8", "0x7ffe490a5a88", "0x7ffe490a5a10", "0x7ffe490a5998", "0x7ffe490a58f8", "0x7ffe490a5808", "0x7ffe490a57b8", "0x7ffe490a5600", "0x7ffe490a55b0", "0x7ffe490a5560", "0x7ffe490a5510", "0x7ffe490a54c0", "0x7ffe490a5420", "0x7ffe490a53d0", "0x7ffe490a5380", "0x7ffe490a5330", "0x7ffe490a52e0", "0x7ffe490a51f0", "0x7ffe490a51a0", "0x7ffe490a5060", "0x7ffe490a5010", "0x7ffe490a4ed0", "0x7ffe490a4ca0", "0x7ffe490a4c28", "0x7ffe490a4bd8", "0x7ffe490a4b88", "0x7ffe490a4a98", "0x7ffe490a4a48", "0x7ffe490a49f8", "0x7ffe490a4980", "0x7ffe490a4930", "0x7ffe490a48e0", "0x7ffe490a4890", "0x7ffe490a4840", "0x7ffe490a47f0", "0x7ffe490a4778", "0x7ffe490a4570", "0x7ffe490a44f8", "0x7ffe490a44a8", "0x7ffe490a4430", "0x7ffe490a43e0", "0x7ffe490a4278", "0x7ffe490a4228", "0x7ffe490a41d8", "0x7ffe490a4188", "0x7ffe490a4138", "0x7ffe490a40e8", "0x7ffe4909ff70", "0x7ffe4909ff20", "0x7ffe4909fed0", "0x7ffe4909f6b0", "0x7ffe4909f688", "0x7ffe4909f660", "0x7ffe4909f638", "0x7ffe4909f610", "0x7ffe4909f250", "0x7ffe4909f188", "0x7ffe4909f110", "0x7ffe4909f0e8", "0x7ffe4909f0c0", "0x7ffe4909f098", "0x7ffe4909f070", "0x7ffe4909f048", "0x7ffe4909efd0", "0x7ffe4909ef80", "0x7ffe4909ef30", "0x7ffe4909eeb8", "0x7ffe4909ec60", "0x7ffe4909ec10", "0x7ffe4909ebc0", "0x7ffe4909eb48", "0x7ffe4909ead0", "0x7ffe4909ea80", "0x7ffe4909ea58", "0x7ffe4909ea30", "0x7ffe4909ea08", "0x7ffe4909e9e0", "0x7ffe4909e9b8", "0x7ffe4909e8c8", "0x7ffe4909e800", "0x7ffe4909e7b0", "0x7ffe4909e760", "0x7ffe4909e6c0", "0x7ffe4909e620", "0x7ffe4909e5d0", "0x7ffe4909e530", "0x7ffe4909e468", "0x7ffe4909e440", "0x7ffe4909e418", "0x7ffe4909e3f0", "0x7ffe4909e3c8", "0x7ffe4909e3a0", "0x7ffe4909e378", "0x7ffe4909e350", "0x7ffe4909e328", "0x7ffe4909e300", "0x7ffe4909e2d8", "0x7ffe4909e2b0", "0x7ffe4909e288", "0x7ffe4909e260", "0x7ffe4909e238", "0x7ffe4909e210", "0x7ffe4909e1e8", "0x7ffe4909e1c0", "0x7ffe4909e198", "0x7ffe4909e170", "0x7ffe4909e148", "0x7ffe4909e120", "0x7ffe4909e080", "0x7ffe4909dfe0", "0x7ffe4909df40", "0x7ffe4909def0", "0x7ffe4909dea0", "0x7ffe4909de00", "0x7ffe4909ddb0", "0x7ffe4909dd10", "0x7ffe4909dcc0", "0x7ffe4909dc70", "0x7ffe4909dc20", "0x7ffe4909dbd0", "0x7ffe4909db80", "0x7ffe4909db30", "0x7ffe4909dae0", "0x7ffe4909da90", "0x7ffe4909da40", "0x7ffe4909d9f0", "0x7ffe4909d9a0", "0x7ffe4909d928", "0x7ffe4909d900", "0x7ffe4909d8d8", "0x7ffe4909d8b0", "0x7ffe4909d888", "0x7ffe4909d860", "0x7ffe4909d838", "0x7ffe4909d810", "0x7ffe4909d7e8", "0x7ffe4909d7c0", "0x7ffe4909d798", "0x7ffe4909d770", "0x7ffe4909d748", "0x7ffe4909d720", "0x7ffe4909d6d0", "0x7ffe4909d630", "0x7ffe4909d540", "0x7ffe4909d4f0", "0x7ffe4909d4a0", "0x7ffe4909d450", "0x7ffe4909d400", "0x7ffe4909d3d8", "0x7ffe4909d3b0", "0x7ffe4909d388", "0x7ffe4909d360", "0x7ffe4909d338", "0x7ffe4909d310", "0x7ffe4909d2e8", "0x7ffe4909d248", "0x7ffe4909d1d0", "0x7ffe4909d158", "0x7ffe4909d130", "0x7ffe4909d108", "0x7ffe4909d090", "0x7ffe4909cc80", "0x7ffe4909cbe0", "0x7ffe4909cb68", "0x7ffe4909caf0", "0x7ffe4909ca78", "0x7ffe4909ca50", "0x7ffe4909ca28", "0x7ffe4909ca00", "0x7ffe4909c988", "0x7ffe4909c910", "0x7ffe4909c898", "0x7ffe4909c820", "0x7ffe4909c7a8", "0x7ffe4909c6e0", "0x7ffe4909c618", "0x7ffe4909c550", "0x7ffe4909c4d8", "0x7ffe4909c488", "0x7ffe4909c3e8", "0x7ffe4909c3c0", "0x7ffe4909c398", "0x7ffe4909c370", "0x7ffe4909c2d0", "0x7ffe4909c230", "0x7ffe4909c168", "0x7ffe4909c0a0", "0x7ffe4909c078", "0x7ffe4909c050", "0x7ffe49097f50", "0x7ffe49097e38", "0x7ffe49097de8"], "memsize":8232, "flags":{"wb_protected":true}}
{"address":"0x7ffe490b7670", "type":"STRING", "class":"0x7ffe490be858", "frozen":true, "embedded":true, "fstring":true, "bytesize":8, "value":"KeyError", "encoding":"US-ASCII", "memsize":40, "flags":{"wb_protected":true}}
{"address":"0x7ffe490b7698", "type":"CLASS", "class":"0x7ffe490c5770", "references":["0x7ffe490b7800", "0x7ffe490c6580", "0x7ffe490b76c0"], "memsize":584, "flags":{"wb_protected":true}}
{"address":"0x7ffe490b76c0", "type":"CLASS", "class":"0x7ffe490b7698", "name":"IndexError", "references":["0x7ffe490b7828", "0x7ffe490b76e8"], "memsize":472, "flags":{"wb_protected":true}}
{"address":"0x7ffe490b76e8", "type":"STRING", "class":"0x7ffe490be858", "frozen":true, "embedded":true, "fstring":true, "bytesize":10, "value":"IndexError", "encoding":"US-ASCII", "memsize":40, "flags":{"wb_protected":true}}
{"address":"0x7ffe490b7710", "type":"CLASS", "class":"0x7ffe490c5770", "references":["0x7ffe490b7800", "0x7ffe490c6580", "0x7ffe490b7738"], "memsize":584, "flags":{"wb_protected":true}}
{"address":"0x7ffe490b7738", "type":"CLASS", "class":"0x7ffe490b7710", "name":"ArgumentError", "references":["0x7ffe490b7828", "0x7ffe490b7760"], "memsize":472, "flags":{"wb_protected":true}}
{"address":"0x7ffe490b7760", "type":"STRING", "class":"0x7ffe490be858", "frozen":true, "embedded":true, "fstring":true, "bytesize":13, "value":"ArgumentError", "encoding":"US-ASCII", "memsize":40, "flags":{"wb_protected":true}}
{"address":"0x7ffe490b7788", "type":"CLASS", "class":"0x7ffe490c5770", "references":["0x7ffe490b7800", "0x7ffe490b77b0"], "memsize":472, "flags":{"wb_protected":true}}
{"address":"0x7ffe490b77b0", "type":"CLASS", "class":"0x7ffe490b7788", "name":"TypeError", "references":["0x7ffe490b7828", "0x7ffe490b77d8"], "memsize":472, "flags":{"wb_protected":true}}
{"address":"0x7ffe490b77d8", "type":"STRING", "class":"0x7ffe490be858", "frozen":true, "embedded":true, "fstring":true, "bytesize":9, "value":"TypeError", "encoding":"US-ASCII", "memsize":40, "flags":{"wb_protected":true}}
{"address":"0x7ffe490b7800", "type":"CLASS", "class":"0x7ffe490c5770", "references":["0x7ffe490b7e40", "0x7ffe490c6580", "0x7ffe490b7828"], "memsize":584, "flags":{"wb_protected":true}}
{"address":"0x7ffe490b7828", "type":"CLASS", "class":"0x7ffe490b7800", "name":"StandardError", "references":["0x7ffe490b7e68", "0x7ffe490b7850"], "memsize":472, "flags":{"wb_protected":true}}
{"address":"0x7ffe490b7850", "type":"STRING", "class":"0x7ffe490be858", "frozen":true, "embedded":true, "fstring":true, "bytesize":13, "value":"StandardError", "encoding":"US-ASCII", "memsize":40, "flags":{"wb_protected":true}}
{"address":"0x7ffe490b7878", "type":"CLASS", "class":"0x7ffe490c5770", "references":["0x7ffe490b78f0", "0x7ffe490b78a0"], "memsize":472, "flags":{"wb_protected":true}}
{"address":"0x7ffe490b78a0", "type":"CLASS", "class":"0x7ffe490b7878", "name":"Interrupt", "references":["0x7ffe490b7918", "0x7ffe49087f10", "0x7ffe490b78c8"], "memsize":536, "flags":{"wb_protected":true}}
{"address":"0x7ffe490b78c8", "type":"STRING", "class":"0x7ffe490be858", "frozen":true, "embedded":true, "fstring":true, "bytesize":9, "value":"Interrupt", "encoding":"US-ASCII", "memsize":40, "flags":{"wb_protected":true}}
{"address":"0x7ffe490b78f0", "type":"CLASS", "class":"0x7ffe490c5770", "references":["0x7ffe490b7e40", "0x7ffe490c6580", "0x7ffe490b7918"], "memsize":584, "flags":{"wb_protected":true}}
{"address":"0x7ffe490b7918", "type":"CLASS", "class":"0x7ffe490b78f0", "name":"SignalException", "references":["0x7ffe490b7e68", "0x7ffe49087f38", "0x7ffe49087fd8", "0x7ffe49087f88", "0x7ffe490b7940"], "memsize":536, "flags":{"wb_protected":true}}
{"address":"0x7ffe490b7940", "type":"STRING", "class":"0x7ffe490be858", "frozen":true, "embedded":true, "fstring":true, "bytesize":15, "value":"SignalException", "encoding":"US-ASCII", "memsize":40, "flags":{"wb_protected":true}}
{"address":"0x7ffe490b7968", "type":"CLASS", "class":"0x7ffe490c5770", "references":["0x7ffe490b7e40", "0x7ffe490b7990"], "memsize":472, "flags":{"wb_protected":true}}
{"address":"0x7ffe490b7990", "type":"CLASS", "class":"0x7ffe490b7968", "name":"fatal", "references":["0x7ffe490b7e68", "0x7ffe490b79b8"], "memsize":712, "flags":{"wb_protected":true}}
{"address":"0x7ffe490b79b8", "type":"STRING", "class":"0x7ffe490be858", "frozen":true, "embedded":true, "fstring":true, "bytesize":5, "value":"fatal", "encoding":"US-ASCII", "memsize":40, "flags":{"wb_protected":true}}
{"address":"0x7ffe490b79e0", "type":"IMEMO", "class":"0x7ffe490b7ad0", "imemo_type":"ment", "memsize":48, "flags":{"wb_protected":true}}
{"address":"0x7ffe490b7a08", "type":"STRING", "class":"0x7ffe490be858", "frozen":true, "embedded":true, "fstring":true, "bytesize":8, "value":"success?", "encoding":"US-ASCII", "memsize":40, "flags":{"wb_protected":true}}
{"address":"0x7ffe490b7a30", "type":"IMEMO", "class":"0x7ffe490b7ad0", "imemo_type":"ment", "memsize":48, "flags":{"wb_protected":true}}
{"address":"0x7ffe490b7a58", "type":"STRING", "class":"0x7ffe490be858", "frozen":true, "embedded":true, "fstring":true, "bytesize":6, "value":"status", "encoding":"US-ASCII", "memsize":40, "flags":{"wb_protected":true}}
{"address":"0x7ffe490b7a80", "type":"IMEMO", "class":"0x7ffe490b7ad0", "imemo_type":"ment", "memsize":48, "flags":{"wb_protected":true}}
{"address":"0x7ffe490b7aa8", "type":"CLASS", "class":"0x7ffe490c5770", "references":["0x7ffe490b7e40", "0x7ffe490b7ad0"], "memsize":472, "flags":{"wb_protected":true}}
{"address":"0x7ffe490b7ad0", "type":"CLASS", "class":"0x7ffe490b7aa8", "name":"SystemExit", "references":["0x7ffe490b7e68", "0x7ffe490b79e0", "0x7ffe490b7a80", "0x7ffe490b7a30", "0x7ffe490b7af8"], "memsize":536, "flags":{"wb_protected":true}}
{"address":"0x7ffe490b7af8", "type":"STRING", "class":"0x7ffe490be858", "frozen":true, "embedded":true, "fstring":true, "bytesize":10, "value":"SystemExit", "encoding":"US-ASCII", "memsize":40, "flags":{"wb_protected":true}}
{"address":"0x7ffe490b7b20", "type":"IMEMO", "class":"0x7ffe490b7e68", "imemo_type":"ment", "memsize":48, "flags":{"wb_protected":true}}
{"address":"0x7ffe490b7b48", "type":"STRING", "class":"0x7ffe490be858", "frozen":true, "embedded":true, "fstring":true, "bytesize":5, "value":"cause", "encoding":"US-ASCII", "memsize":40, "flags":{"wb_protected":true}}
{"address":"0x7ffe490b7b70", "type":"IMEMO", "class":"0x7ffe490b7e68", "imemo_type":"ment", "memsize":48, "flags":{"wb_protected":true}}
{"address":"0x7ffe490b7b98", "type":"STRING", "class":"0x7ffe490be858", "frozen":true, "embedded":true, "fstring":true, "bytesize":13, "value":"set_backtrace", "encoding":"US-ASCII", "memsize":40, "flags":{"wb_protected":true}}
{"address":"0x7ffe490b7bc0", "type":"IMEMO", "class":"0x7ffe490b7e68", "imemo_type":"ment", "memsize":48, "flags":{"wb_protected":true}}
{"address":"0x7ffe490b7be8", "type":"STRING", "class":"0x7ffe490be858", "frozen":true, "embedded":true, "fstring":true, "bytesize":19, "value":"backtrace_locations", "encoding":"US-ASCII", "memsize":40, "flags":{"wb_protected":true}}
{"address":"0x7ffe490b7c10", "type":"IMEMO", "class":"0x7ffe490b7e68", "imemo_type":"ment", "memsize":48, "flags":{"wb_protected":true}}
{"address":"0x7ffe490b7c38", "type":"STRING", "class":"0x7ffe490be858", "frozen":true, "embedded":true, "fstring":true, "bytesize":9, "value":"backtrace", "encoding":"US-ASCII", "memsize":40, "flags":{"wb_protected":true}}
{"address":"0x7ffe490b7c60", "type":"IMEMO", "class":"0x7ffe490b7e68", "imemo_type":"ment", "memsize":48, "flags":{"wb_protected":true}}
{"address":"0x7ffe490b7c88", "type":"IMEMO", "class":"0x7ffe490b7e68", "imemo_type":"ment", "memsize":48, "flags":{"wb_protected":true}}
{"address":"0x7ffe490b7cb0", "type":"STRING", "class":"0x7ffe490be858", "frozen":true, "embedded":true, "fstring":true, "bytesize":12, "value":"full_message", "encoding":"US-ASCII", "memsize":40, "flags":{"wb_protected":true}}
{"address":"0x7ffe490b7cd8", "type":"IMEMO", "class":"0x7ffe490b7e68", "imemo_type":"ment", "memsize":48, "flags":{"wb_protected":true}}
{"address":"0x7ffe490b7d00", "type":"STRING", "class":"0x7ffe490be858", "frozen":true, "embedded":true, "fstring":true, "bytesize":7, "value":"message", "encoding":"US-ASCII", "memsize":40, "flags":{"wb_protected":true}}
{"address":"0x7ffe490b7d28", "type":"IMEMO", "class":"0x7ffe490b7e68", "imemo_type":"ment", "memsize":48, "flags":{"wb_protected":true}}
{"address":"0x7ffe490b7d50", "type":"IMEMO", "class":"0x7ffe490b7e68", "imemo_type":"ment", "memsize":48, "flags":{"wb_protected":true}}
{"address":"0x7ffe490b7d78", "type":"IMEMO", "class":"0x7ffe490b7e68", "imemo_type":"ment", "memsize":48, "flags":{"wb_protected":true}}
{"address":"0x7ffe490b7da0", "type":"IMEMO", "class":"0x7ffe490b7e68", "imemo_type":"ment", "memsize":48, "flags":{"wb_protected":true}}
{"address":"0x7ffe490b7dc8", "type":"IMEMO", "class":"0x7ffe490b7e40", "imemo_type":"ment", "memsize":48, "flags":{"wb_protected":true}}
{"address":"0x7ffe490b7df0", "type":"STRING", "class":"0x7ffe490be858", "frozen":true, "embedded":true, "fstring":true, "bytesize":7, "value":"to_tty?", "encoding":"US-ASCII", "memsize":40, "flags":{"wb_protected":true}}
{"address":"0x7ffe490b7e18", "type":"IMEMO", "class":"0x7ffe490b7e40", "imemo_type":"ment", "memsize":48, "flags":{"wb_protected":true}}
{"address":"0x7ffe490b7e40", "type":"CLASS", "class":"0x7ffe490c5770", "references":["0x7ffe490c5720", "0x7ffe490b7e18", "0x7ffe490b7dc8", "0x7ffe490c6580", "0x7ffe490b7e68"], "memsize":648, "flags":{"wb_protected":true}}
{"address":"0x7ffe490b7e68", "type":"CLASS", "class":"0x7ffe490b7e40", "name":"Exception", "references":["0x7ffe490c68a0", "0x7ffe49087fb0", "0x7ffe490b7d50", "0x7ffe490b7d28", "0x7ffe490b7c60", "0x7ffe490b7cd8", "0x7ffe490b7c88", "0x7ffe490b7c10", "0x7ffe490b7bc0", "0x7ffe490b7b70", "0x7ffe490b7da0", "0x7ffe490b7b20", "0x7ffe490b5438", "0x7ffe490b5410", "0x7ffe490b53e8", "0x7ffe490b7e90"], "memsize":984, "flags":{"wb_protected":true}}
{"address":"0x7ffe490b7e90", "type":"STRING", "class":"0x7ffe490be858", "frozen":true, "embedded":true, "fstring":true, "bytesize":9, "value":"Exception", "encoding":"US-ASCII", "memsize":40, "flags":{"wb_protected":true}}
{"address":"0x7ffe490b7eb8", "type":"IMEMO", "class":"0x7ffe490bc440", "imemo_type":"ment", "memsize":48, "flags":{"wb_protected":true}}
{"address":"0x7ffe490b7ee0", "type":"IMEMO", "class":"0x7ffe490bc440", "imemo_type":"ment", "memsize":48, "flags":{"wb_protected":true}}
{"address":"0x7ffe490b7f08", "type":"IMEMO", "class":"0x7ffe490bc440", "imemo_type":"ment", "memsize":48, "flags":{"wb_protected":true}}
{"address":"0x7ffe490b7f30", "type":"IMEMO", "class":"0x7ffe490bc440", "imemo_type":"ment", "memsize":48, "flags":{"wb_protected":true}}
{"address":"0x7ffe490b7f58", "type":"IMEMO", "class":"0x7ffe490bc440", "imemo_type":"ment", "memsize":48, "flags":{"wb_protected":true}}
{"address":"0x7ffe490b7f80", "type":"IMEMO", "class":"0x7ffe490bc440", "imemo_type":"ment", "memsize":48, "flags":{"wb_protected":true}}
{"address":"0x7ffe490b7fa8", "type":"IMEMO", "class":"0x7ffe490bc440", "imemo_type":"ment", "memsize":48, "flags":{"wb_protected":true}}
{"address":"0x7ffe490b7fd0", "type":"IMEMO", "class":"0x7ffe490bc440", "imemo_type":"ment", "memsize":48, "flags":{"wb_protected":true}}
{"address":"0x7ffe490bc008", "type":"IMEMO", "class":"0x7ffe490bc440", "imemo_type":"ment", "memsize":48, "flags":{"wb_protected":true}}
{"address":"0x7ffe490bc030", "type":"IMEMO", "class":"0x7ffe490bc440", "imemo_type":"ment", "memsize":48, "flags":{"wb_protected":true}}
{"address":"0x7ffe490bc058", "type":"IMEMO", "class":"0x7ffe490bc440", "imemo_type":"ment", "memsize":48, "flags":{"wb_protected":true}}
{"address":"0x7ffe490bc080", "type":"IMEMO", "class":"0x7ffe490bc440", "imemo_type":"ment", "memsize":48, "flags":{"wb_protected":true}}
{"address":"0x7ffe490bc0a8", "type":"IMEMO", "class":"0x7ffe490bc440", "imemo_type":"ment", "memsize":48, "flags":{"wb_protected":true}}
{"address":"0x7ffe490bc0d0", "type":"IMEMO", "class":"0x7ffe490bc440", "imemo_type":"ment", "memsize":48, "flags":{"wb_protected":true}}
{"address":"0x7ffe490bc0f8", "type":"IMEMO", "class":"0x7ffe490bc440", "imemo_type":"ment", "memsize":48, "flags":{"wb_protected":true}}
{"address":"0x7ffe490bc120", "type":"IMEMO", "class":"0x7ffe490bc440", "imemo_type":"ment", "memsize":48, "flags":{"wb_protected":true}}
{"address":"0x7ffe490bc148", "type":"IMEMO", "class":"0x7ffe490bc440", "imemo_type":"ment", "memsize":48, "flags":{"wb_protected":true}}
{"address":"0x7ffe490bc170", "type":"IMEMO", "class":"0x7ffe490bc440", "imemo_type":"ment", "memsize":48, "flags":{"wb_protected":true}}
{"address":"0x7ffe490bc198", "type":"IMEMO", "class":"0x7ffe490bc440", "imemo_type":"ment", "memsize":48, "flags":{"wb_protected":true}}
{"address":"0x7ffe490bc1c0", "type":"IMEMO", "class":"0x7ffe490bc440", "imemo_type":"ment", "memsize":48, "flags":{"wb_protected":true}}
{"address":"0x7ffe490bc1e8", "type":"IMEMO", "class":"0x7ffe490bc440", "imemo_type":"ment", "memsize":48, "flags":{"wb_protected":true}}
{"address":"0x7ffe490bc210", "type":"IMEMO", "class":"0x7ffe490bc440", "imemo_type":"ment", "memsize":48, "flags":{"wb_protected":true}}
{"address":"0x7ffe490bc238", "type":"IMEMO", "class":"0x7ffe490bc440", "imemo_type":"ment", "memsize":48, "flags":{"wb_protected":true}}
{"address":"0x7ffe490bc260", "type":"IMEMO", "class":"0x7ffe490bc440", "imemo_type":"ment", "memsize":48, "flags":{"wb_protected":true}}
{"address":"0x7ffe490bc288", "type":"IMEMO", "class":"0x7ffe490bc440", "imemo_type":"ment", "memsize":48, "flags":{"wb_protected":true}}
{"address":"0x7ffe490bc2b0", "type":"STRING", "class":"0x7ffe490be858", "frozen":true, "embedded":true, "fstring":true, "bytesize":7, "value":"id2name", "encoding":"US-ASCII", "memsize":40, "flags":{"wb_protected":true}}
{"address":"0x7ffe490bc2d8", "type":"IMEMO", "class":"0x7ffe490bc440", "imemo_type":"ment", "memsize":48, "flags":{"wb_protected":true}}
{"address":"0x7ffe490bc300", "type":"IMEMO", "class":"0x7ffe490bc440", "imemo_type":"ment", "memsize":48, "flags":{"wb_protected":true}}
{"address":"0x7ffe490bc328", "type":"IMEMO", "class":"0x7ffe490bc440", "imemo_type":"ment", "memsize":48, "flags":{"wb_protected":true}}
{"address":"0x7ffe490bc350", "type":"IMEMO", "class":"0x7ffe490bc440", "imemo_type":"ment", "memsize":48, "flags":{"wb_protected":true}}
{"address":"0x7ffe490bc378", "type":"IMEMO", "class":"0x7ffe490bc418", "imemo_type":"ment", "memsize":48, "flags":{"wb_protected":true}}
{"address":"0x7ffe490bc3a0", "type":"STRING", "class":"0x7ffe490be858", "frozen":true, "embedded":true, "fstring":true, "bytesize":11, "value":"all_symbols", "encoding":"US-ASCII", "memsize":40, "flags":{"wb_protected":true}}
{"address":"0x7ffe490bc3c8", "type":"IMEMO", "class":"0x7ffe490bc418", "imemo_type":"ment", "memsize":48, "flags":{"wb_protected":true}}
{"address":"0x7ffe490bc3f0", "type":"ICLASS", "class":"0x7ffe490bfb40", "references":["0x7ffe490c68a0"], "memsize":40, "flags":{"wb_protected":true}}
{"address":"0x7ffe490bc418", "type":"CLASS", "class":"0x7ffe490c5770", "references":["0x7ffe490c5720", "0x7ffe490bc378", "0x7ffe490bc3c8", "0x7ffe490bc440"], "memsize":536, "flags":{"wb_protected":true}}
{"address":"0x7ffe490bc440", "type":"CLASS", "class":"0x7ffe490bc418", "name":"Symbol", "references":["0x7ffe490bc3f0", "0x7ffe490bc198", "0x7ffe490bc170", "0x7ffe490bc210", "0x7ffe490bc120", "0x7ffe490bc1e8", "0x7ffe490bc008", "0x7ffe490bc350", "0x7ffe490bc328", "0x7ffe490bc2d8", "0x7ffe490bc0f8", "0x7ffe490bc148", "0x7ffe490bc0d0", "0x7ffe490b7fd0", "0x7ffe490bc030", "0x7ffe490bc0a8", "0x7ffe490bc260", "0x7ffe490b7eb8", "0x7ffe490b7fa8", "0x7ffe490b7f80", "0x7ffe490b7f58", "0x7ffe490b7f30", "0x7ffe490bc300", "0x7ffe490bc238", "0x7ffe490bc288", "0x7ffe490b7f08", "0x7ffe490bc080", "0x7ffe490bc058", "0x7ffe490bc1c0", "0x7ffe490b7ee0", "0x7ffe490b5cd0", "0x7ffe4907fc98", "0x7ffe4907fc48", "0x7ffe490bc328", "0x7ffe4907fc70", "0x7ffe490bc468"], "memsize":1768, "flags":{"wb_protected":true}}
{"address":"0x7ffe490bc468", "type":"STRING", "class":"0x7ffe490be858", "frozen":true, "embedded":true, "fstring":true, "bytesize":6, "value":"Symbol", "encoding":"US-ASCII", "memsize":40, "flags":{"wb_protected":true}}
{"address":"0x7ffe490bc490", "type":"STRING", "class":"0x7ffe490be858", "frozen":true, "embedded":true, "fstring":true, "bytesize":3, "value":"$-F", "encoding":"US-ASCII", "memsize":40, "flags":{"wb_protected":true}}
{"address":"0x7ffe490bc4b8", "type":"STRING", "class":"0x7ffe490be858", "frozen":true, "embedded":true, "fstring":true, "bytesize":2, "value":"$;", "encoding":"US-ASCII", "memsize":40, "flags":{"wb_protected":true}}
{"address":"0x7ffe490bc4e0", "type":"IMEMO", "class":"0x7ffe490be858", "imemo_type":"ment", "memsize":48, "flags":{"wb_protected":true}}
{"address":"0x7ffe490bc508", "type":"STRING", "class":"0x7ffe490be858", "frozen":true, "embedded":true, "fstring":true, "bytesize":19, "value":"unicode_normalized?", "encoding":"US-ASCII", "memsize":40, "flags":{"wb_protected":true}}
{"address":"0x7ffe490bc530", "type":"IMEMO", "class":"0x7ffe490be858", "imemo_type":"ment", "memsize":48, "flags":{"wb_protected":true}}
{"address":"0x7ffe490bc558", "type":"STRING", "class":"0x7ffe490be858", "frozen":true, "embedded":true, "fstring":true, "bytesize":18, "value":"unicode_normalize!", "encoding":"US-ASCII", "memsize":40, "flags":{"wb_protected":true}}
{"address":"0x7ffe490bc580", "type":"IMEMO", "class":"0x7ffe490be858", "imemo_type":"ment", "memsize":48, "flags":{"wb_protected":true}}
{"address":"0x7ffe490bc5a8", "type":"STRING", "class":"0x7ffe490be858", "frozen":true, "embedded":true, "fstring":true, "bytesize":17, "value":"unicode_normalize", "encoding":"US-ASCII", "memsize":40, "flags":{"wb_protected":true}}
{"address":"0x7ffe490bc5d0", "type":"STRING", "class":"0x7ffe490be858", "frozen":true, "embedded":true, "fstring":true, "bytesize":11, "value":"normalized?", "encoding":"US-ASCII", "memsize":40, "flags":{"wb_protected":true}}
{"address":"0x7ffe490bc5f8", "type":"STRING", "class":"0x7ffe490be858", "frozen":true, "embedded":true, "fstring":true, "bytesize":9, "value":"normalize", "encoding":"US-ASCII", "memsize":40, "flags":{"wb_protected":true}}
{"address":"0x7ffe490bc620", "type":"MODULE", "class":"0x7ffe490c6850", "name":"UnicodeNormalize", "references":["0x7ffe490bc648"], "memsize":472, "flags":{"wb_protected":true}}
{"address":"0x7ffe490bc648", "type":"STRING", "class":"0x7ffe490be858", "frozen":true, "embedded":true, "fstring":true, "bytesize":16, "value":"UnicodeNormalize", "encoding":"US-ASCII", "memsize":40, "flags":{"wb_protected":true}}
{"address":"0x7ffe490bc670", "type":"IMEMO", "class":"0x7ffe490be858", "imemo_type":"ment", "memsize":48, "flags":{"wb_protected":true}}
{"address":"0x7ffe490bc698", "type":"STRING", "class":"0x7ffe490be858", "frozen":true, "embedded":true, "fstring":true, "bytesize":11, "value":"ascii_only?", "encoding":"US-ASCII", "memsize":40, "flags":{"wb_protected":true}}
{"address":"0x7ffe490bc6c0", "type":"IMEMO", "class":"0x7ffe490be858", "imemo_type":"ment", "memsize":48, "flags":{"wb_protected":true}}
{"address":"0x7ffe490bc6e8", "type":"STRING", "class":"0x7ffe490be858", "frozen":true, "embedded":true, "fstring":true, "bytesize":15, "value":"valid_encoding?", "encoding":"US-ASCII", "memsize":40, "flags":{"wb_protected":true}}
{"address":"0x7ffe490bc710", "type":"IMEMO", "class":"0x7ffe490be858", "imemo_type":"ment", "memsize":48, "flags":{"wb_protected":true}}
{"address":"0x7ffe490bc738", "type":"STRING", "class":"0x7ffe490be858", "frozen":true, "embedded":true, "fstring":true, "bytesize":1, "value":"b", "encoding":"US-ASCII", "memsize":40, "flags":{"wb_protected":true}}
{"address":"0x7ffe490bc760", "type":"IMEMO", "class":"0x7ffe490be858", "imemo_type":"ment", "memsize":48, "flags":{"wb_protected":true}}
{"address":"0x7ffe490bc788", "type":"STRING", "class":"0x7ffe490be858", "frozen":true, "embedded":true, "fstring":true, "bytesize":14, "value":"force_encoding", "encoding":"US-ASCII", "memsize":40, "flags":{"wb_protected":true}}
{"address":"0x7ffe490bc7b0", "type":"IMEMO", "class":"0x7ffe490be858", "imemo_type":"ment", "memsize":48, "flags":{"wb_protected":true}}
{"address":"0x7ffe490bc7d8", "type":"STRING", "class":"0x7ffe490be858", "frozen":true, "embedded":true, "fstring":true, "bytesize":8, "value":"encoding", "encoding":"US-ASCII", "memsize":40, "flags":{"wb_protected":true}}
{"address":"0x7ffe490bc800", "type":"IMEMO", "class":"0x7ffe490be858", "imemo_type":"ment", "memsize":48, "flags":{"wb_protected":true}}
{"address":"0x7ffe490bc828", "type":"STRING", "class":"0x7ffe490be858", "frozen":true, "embedded":true, "fstring":true, "bytesize":10, "value":"rpartition", "encoding":"US-ASCII", "memsize":40, "flags":{"wb_protected":true}}
{"address":"0x7ffe490bc850", "type":"IMEMO", "class":"0x7ffe490be858", "imemo_type":"ment", "memsize":48, "flags":{"wb_protected":true}}
{"address":"0x7ffe490bc878", "type":"IMEMO", "class":"0x7ffe490be858", "imemo_type":"ment", "memsize":48, "flags":{"wb_protected":true}}
{"address":"0x7ffe490bc8a0", "type":"STRING", "class":"0x7ffe490be858", "frozen":true, "embedded":true, "fstring":true, "bytesize":6, "value":"slice!", "encoding":"US-ASCII", "memsize":40, "flags":{"wb_protected":true}}
{"address":"0x7ffe490bc8c8", "type":"IMEMO", "class":"0x7ffe490be858", "imemo_type":"ment", "memsize":48, "flags":{"wb_protected":true}}
{"address":"0x7ffe490bc8f0", "type":"STRING", "class":"0x7ffe490be858", "frozen":true, "embedded":true, "fstring":true, "bytesize":5, "value":"slice", "encoding":"US-ASCII", "memsize":40, "flags":{"wb_protected":true}}
{"address":"0x7ffe490bc918", "type":"IMEMO", "class":"0x7ffe490be858", "imemo_type":"ment", "memsize":48, "flags":{"wb_protected":true}}
{"address":"0x7ffe490bc940", "type":"IMEMO", "class":"0x7ffe490be858", "imemo_type":"ment", "memsize":48, "flags":{"wb_protected":true}}
{"address":"0x7ffe490bc968", "type":"STRING", "class":"0x7ffe490be858", "frozen":true, "embedded":true, "fstring":true, "bytesize":21, "value":"each_grapheme_cluster", "encoding":"US-ASCII", "memsize":40, "flags":{"wb_protected":true}}
{"address":"0x7ffe490bc990", "type":"IMEMO", "class":"0x7ffe490be858", "imemo_type":"ment", "memsize":48, "flags":{"wb_protected":true}}
{"address":"0x7ffe490bc9b8", "type":"STRING", "class":"0x7ffe490be858", "frozen":true, "embedded":true, "fstring":true, "bytesize":14, "value":"each_codepoint", "encoding":"US-ASCII", "memsize":40, "flags":{"wb_protected":true}}
{"address":"0x7ffe490bc9e0", "type":"IMEMO", "class":"0x7ffe490be858", "imemo_type":"ment", "memsize":48, "flags":{"wb_protected":true}}
{"address":"0x7ffe490bca08", "type":"STRING", "class":"0x7ffe490be858", "frozen":true, "embedded":true, "fstring":true, "bytesize":9, "value":"each_char", "encoding":"US-ASCII", "memsize":40, "flags":{"wb_protected":true}}
{"address":"0x7ffe490bca30", "type":"IMEMO", "class":"0x7ffe490be858", "imemo_type":"ment", "memsize":48, "flags":{"wb_protected":true}}
{"address":"0x7ffe490bca58", "type":"STRING", "class":"0x7ffe490be858", "frozen":true, "embedded":true, "fstring":true, "bytesize":9, "value":"each_byte", "encoding":"US-ASCII", "memsize":40, "flags":{"wb_protected":true}}
{"address":"0x7ffe490bca80", "type":"IMEMO", "class":"0x7ffe490be858", "imemo_type":"ment", "memsize":48, "flags":{"wb_protected":true}}
{"address":"0x7ffe490bcaa8", "type":"STRING", "class":"0x7ffe490be858", "frozen":true, "embedded":true, "fstring":true, "bytesize":9, "value":"each_line", "encoding":"US-ASCII", "memsize":40, "flags":{"wb_protected":true}}
{"address":"0x7ffe490bcad0", "type":"IMEMO", "class":"0x7ffe490be858", "imemo_type":"ment", "memsize":48, "flags":{"wb_protected":true}}
{"address":"0x7ffe490bcaf8", "type":"STRING", "class":"0x7ffe490be858", "frozen":true, "embedded":true, "fstring":true, "bytesize":8, "value":"squeeze!", "encoding":"US-ASCII", "memsize":40, "flags":{"wb_protected":true}}
{"address":"0x7ffe490bcb20", "type":"IMEMO", "class":"0x7ffe490be858", "imemo_type":"ment", "memsize":48, "flags":{"wb_protected":true}}
{"address":"0x7ffe490bcb48", "type":"STRING", "class":"0x7ffe490be858", "frozen":true, "embedded":true, "fstring":true, "bytesize":7, "value":"delete!", "encoding":"US-ASCII", "memsize":40, "flags":{"wb_protected":true}}
{"address":"0x7ffe490bcb70", "type":"IMEMO", "class":"0x7ffe490be858", "imemo_type":"ment", "memsize":48, "flags":{"wb_protected":true}}
{"address":"0x7ffe490bcb98", "type":"STRING", "class":"0x7ffe490be858", "frozen":true, "embedded":true, "fstring":true, "bytesize":5, "value":"tr_s!", "encoding":"US-ASCII", "memsize":40, "flags":{"wb_protected":true}}
{"address":"0x7ffe490bcbc0", "type":"IMEMO", "class":"0x7ffe490be858", "imemo_type":"ment", "memsize":48, "flags":{"wb_protected":true}}
{"address":"0x7ffe490bcbe8", "type":"STRING", "class":"0x7ffe490be858", "frozen":true, "embedded":true, "fstring":true, "bytesize":3, "value":"tr!", "encoding":"US-ASCII", "memsize":40, "flags":{"wb_protected":true}}
{"address":"0x7ffe490bcc10", "type":"IMEMO", "class":"0x7ffe490be858", "imemo_type":"ment", "memsize":48, "flags":{"wb_protected":true}}
{"address":"0x7ffe490bcc38", "type":"IMEMO", "class":"0x7ffe490be858", "imemo_type":"ment", "memsize":48, "flags":{"wb_protected":true}}
{"address":"0x7ffe490bcc60", "type":"STRING", "class":"0x7ffe490be858", "frozen":true, "embedded":true, "fstring":true, "bytesize":7, "value":"squeeze", "encoding":"US-ASCII", "memsize":40, "flags":{"wb_protected":true}}
{"address":"0x7ffe490bcc88", "type":"IMEMO", "class":"0x7ffe490be858", "imemo_type":"ment", "memsize":48, "flags":{"wb_protected":true}}
{"address":"0x7ffe490bccb0", "type":"STRING", "class":"0x7ffe490be858", "frozen":true, "embedded":true, "fstring":true, "bytesize":6, "value":"delete", "encoding":"US-ASCII", "memsize":40, "flags":{"wb_protected":true}}
{"address":"0x7ffe490bccd8", "type":"IMEMO", "class":"0x7ffe490be858", "imemo_type":"ment", "memsize":48, "flags":{"wb_protected":true}}
{"address":"0x7ffe490bcd00", "type":"STRING", "class":"0x7ffe490be858", "frozen":true, "embedded":true, "fstring":true, "bytesize":4, "value":"tr_s", "encoding":"US-ASCII", "memsize":40, "flags":{"wb_protected":true}}
{"address":"0x7ffe490bcd28", "type":"IMEMO", "class":"0x7ffe490be858", "imemo_type":"ment", "memsize":48, "flags":{"wb_protected":true}}
{"address":"0x7ffe490bcd50", "type":"STRING", "class":"0x7ffe490be858", "frozen":true, "embedded":true, "fstring":true, "bytesize":2, "value":"tr", "encoding":"US-ASCII", "memsize":40, "flags":{"wb_protected":true}}
{"address":"0x7ffe490bcd78", "type":"IMEMO", "class":"0x7ffe490be858", "imemo_type":"ment", "memsize":48, "flags":{"wb_protected":true}}
{"address":"0x7ffe490bcda0", "type":"STRING", "class":"0x7ffe490be858", "frozen":true, "embedded":true, "fstring":true, "bytesize":14, "value":"delete_suffix!", "encoding":"US-ASCII", "memsize":40, "flags":{"wb_protected":true}}
{"address":"0x7ffe490bcdc8", "type":"IMEMO", "class":"0x7ffe490be858", "imemo_type":"ment", "memsize":48, "flags":{"wb_protected":true}}
{"address":"0x7ffe490bcdf0", "type":"STRING", "class":"0x7ffe490be858", "frozen":true, "embedded":true, "fstring":true, "bytesize":14, "value":"delete_prefix!", "encoding":"US-ASCII", "memsize":40, "flags":{"wb_protected":true}}
{"address":"0x7ffe490bce18", "type":"IMEMO", "class":"0x7ffe490be858", "imemo_type":"ment", "memsize":48, "flags":{"wb_protected":true}}
{"address":"0x7ffe490bce40", "type":"STRING", "class":"0x7ffe490be858", "frozen":true, "embedded":true, "fstring":true, "bytesize":7, "value":"rstrip!", "encoding":"US-ASCII", "memsize":40, "flags":{"wb_protected":true}}
{"address":"0x7ffe490bce68", "type":"IMEMO", "class":"0x7ffe490be858", "imemo_type":"ment", "memsize":48, "flags":{"wb_protected":true}}
{"address":"0x7ffe490bce90", "type":"STRING", "class":"0x7ffe490be858", "frozen":true, "embedded":true, "fstring":true, "bytesize":7, "value":"lstrip!", "encoding":"US-ASCII", "memsize":40, "flags":{"wb_protected":true}}
{"address":"0x7ffe490bceb8", "type":"IMEMO", "class":"0x7ffe490be858", "imemo_type":"ment", "memsize":48, "flags":{"wb_protected":true}}
{"address":"0x7ffe490bcee0", "type":"STRING", "class":"0x7ffe490be858", "frozen":true, "embedded":true, "fstring":true, "bytesize":6, "value":"strip!", "encoding":"US-ASCII", "memsize":40, "flags":{"wb_protected":true}}
{"address":"0x7ffe490bcf08", "type":"IMEMO", "class":"0x7ffe490be858", "imemo_type":"ment", "memsize":48, "flags":{"wb_protected":true}}
{"address":"0x7ffe490bcf30", "type":"STRING", "class":"0x7ffe490be858", "frozen":true, "embedded":true, "fstring":true, "bytesize":6, "value":"chomp!", "encoding":"US-ASCII", "memsize":40, "flags":{"wb_protected":true}}
{"address":"0x7ffe490bcf58", "type":"IMEMO", "class":"0x7ffe490be858", "imemo_type":"ment", "memsize":48, "flags":{"wb_protected":true}}
{"address":"0x7ffe490bcf80", "type":"STRING", "class":"0x7ffe490be858", "frozen":true, "embedded":true, "fstring":true, "bytesize":5, "value":"chop!", "encoding":"US-ASCII", "memsize":40, "flags":{"wb_protected":true}}
{"address":"0x7ffe490bcfa8", "type":"IMEMO", "class":"0x7ffe490be858", "imemo_type":"ment", "memsize":48, "flags":{"wb_protected":true}}
{"address":"0x7ffe490bcfd0", "type":"STRING", "class":"0x7ffe490be858", "frozen":true, "embedded":true, "fstring":true, "bytesize":5, "value":"gsub!", "encoding":"US-ASCII", "memsize":40, "flags":{"wb_protected":true}}
{"address":"0x7ffe490bcff8", "type":"IMEMO", "class":"0x7ffe490be858", "imemo_type":"ment", "memsize":48, "flags":{"wb_protected":true}}
{"address":"0x7ffe490bd020", "type":"STRING", "class":"0x7ffe490be858", "frozen":true, "embedded":true, "fstring":true, "bytesize":4, "value":"sub!", "encoding":"US-ASCII", "memsize":40, "flags":{"wb_protected":true}}
{"address":"0x7ffe490bd048", "type":"IMEMO", "class":"0x7ffe490be858", "imemo_type":"ment", "memsize":48, "flags":{"wb_protected":true}}
{"address":"0x7ffe490bd070", "type":"STRING", "class":"0x7ffe490be858", "frozen":true, "embedded":true, "fstring":true, "bytesize":13, "value":"delete_suffix", "encoding":"US-ASCII", "memsize":40, "flags":{"wb_protected":true}}
{"address":"0x7ffe490bd098", "type":"IMEMO", "class":"0x7ffe490be858", "imemo_type":"ment", "memsize":48, "flags":{"wb_protected":true}}
{"address":"0x7ffe490bd0c0", "type":"STRING", "class":"0x7ffe490be858", "frozen":true, "embedded":true, "fstring":true, "bytesize":13, "value":"delete_prefix", "encoding":"US-ASCII", "memsize":40, "flags":{"wb_protected":true}}
{"address":"0x7ffe490bd0e8", "type":"IMEMO", "class":"0x7ffe490be858", "imemo_type":"ment", "memsize":48, "flags":{"wb_protected":true}}
{"address":"0x7ffe490bd110", "type":"STRING", "class":"0x7ffe490be858", "frozen":true, "embedded":true, "fstring":true, "bytesize":6, "value":"rstrip", "encoding":"US-ASCII", "memsize":40, "flags":{"wb_protected":true}}
{"address":"0x7ffe490bd138", "type":"IMEMO", "class":"0x7ffe490be858", "imemo_type":"ment", "memsize":48, "flags":{"wb_protected":true}}
{"address":"0x7ffe490bd160", "type":"STRING", "class":"0x7ffe490be858", "frozen":true, "embedded":true, "fstring":true, "bytesize":6, "value":"lstrip", "encoding":"US-ASCII", "memsize":40, "flags":{"wb_protected":true}}
{"address":"0x7ffe490bd188", "type":"IMEMO", "class":"0x7ffe490be858", "imemo_type":"ment", "memsize":48, "flags":{"wb_protected":true}}
{"address":"0x7ffe490bd1b0", "type":"STRING", "class":"0x7ffe490be858", "frozen":true, "embedded":true, "fstring":true, "bytesize":5, "value":"strip", "encoding":"US-ASCII", "memsize":40, "flags":{"wb_protected":true}}
{"address":"0x7ffe490bd1d8", "type":"IMEMO", "class":"0x7ffe490be858", "imemo_type":"ment", "memsize":48, "flags":{"wb_protected":true}}
{"address":"0x7ffe490bd200", "type":"STRING", "class":"0x7ffe490be858", "frozen":true, "embedded":true, "fstring":true, "bytesize":5, "value":"chomp", "encoding":"US-ASCII", "memsize":40, "flags":{"wb_protected":true}}
{"address":"0x7ffe490bd228", "type":"IMEMO", "class":"0x7ffe490be858", "imemo_type":"ment", "memsize":48, "flags":{"wb_protected":true}}
{"address":"0x7ffe490bd250", "type":"STRING", "class":"0x7ffe490be858", "frozen":true, "embedded":true, "fstring":true, "bytesize":4, "value":"chop", "encoding":"US-ASCII", "memsize":40, "flags":{"wb_protected":true}}
{"address":"0x7ffe490bd278", "type":"IMEMO", "class":"0x7ffe490be858", "imemo_type":"ment", "memsize":48, "flags":{"wb_protected":true}}
{"address":"0x7ffe490bd2a0", "type":"STRING", "class":"0x7ffe490be858", "frozen":true, "embedded":true, "fstring":true, "bytesize":4, "value":"gsub", "encoding":"US-ASCII", "memsize":40, "flags":{"wb_protected":true}}
{"address":"0x7ffe490bd2c8", "type":"IMEMO", "class":"0x7ffe490be858", "imemo_type":"ment", "memsize":48, "flags":{"wb_protected":true}}
{"address":"0x7ffe490bd2f0", "type":"STRING", "class":"0x7ffe490be858", "frozen":true, "embedded":true, "fstring":true, "bytesize":3, "value":"sub", "encoding":"US-ASCII", "memsize":40, "flags":{"wb_protected":true}}
{"address":"0x7ffe490bd318", "type":"IMEMO", "class":"0x7ffe490be858", "imemo_type":"ment", "memsize":48, "flags":{"wb_protected":true}}
{"address":"0x7ffe490bd340", "type":"STRING", "class":"0x7ffe490be858", "frozen":true, "embedded":true, "fstring":true, "bytesize":6, "value":"center", "encoding":"US-ASCII", "memsize":40, "flags":{"wb_protected":true}}
{"address":"0x7ffe490bd368", "type":"IMEMO", "class":"0x7ffe490be858", "imemo_type":"ment", "memsize":48, "flags":{"wb_protected":true}}
{"address":"0x7ffe490bd390", "type":"STRING", "class":"0x7ffe490be858", "frozen":true, "embedded":true, "fstring":true, "bytesize":5, "value":"rjust", "encoding":"US-ASCII", "memsize":40, "flags":{"wb_protected":true}}
{"address":"0x7ffe490bd3b8", "type":"IMEMO", "class":"0x7ffe490be858", "imemo_type":"ment", "memsize":48, "flags":{"wb_protected":true}}
{"address":"0x7ffe490bd3e0", "type":"STRING", "class":"0x7ffe490be858", "frozen":true, "embedded":true, "fstring":true, "bytesize":5, "value":"ljust", "encoding":"US-ASCII", "memsize":40, "flags":{"wb_protected":true}}
{"address":"0x7ffe490bd408", "type":"IMEMO", "class":"0x7ffe490be858", "imemo_type":"ment", "memsize":48, "flags":{"wb_protected":true}}
{"address":"0x7ffe490bd430", "type":"STRING", "class":"0x7ffe490be858", "frozen":true, "embedded":true, "fstring":true, "bytesize":4, "value":"scan", "encoding":"US-ASCII", "memsize":40, "flags":{"wb_protected":true}}
{"address":"0x7ffe490bd458", "type":"IMEMO", "class":"0x7ffe490be858", "imemo_type":"ment", "memsize":48, "flags":{"wb_protected":true}}
{"address":"0x7ffe490bd480", "type":"STRING", "class":"0x7ffe490be858", "frozen":true, "embedded":true, "fstring":true, "bytesize":9, "value":"end_with?", "encoding":"US-ASCII", "memsize":40, "flags":{"wb_protected":true}}
{"address":"0x7ffe490bd4a8", "type":"IMEMO", "class":"0x7ffe490be858", "imemo_type":"ment", "memsize":48, "flags":{"wb_protected":true}}
{"address":"0x7ffe490bd4d0", "type":"STRING", "class":"0x7ffe490be858", "frozen":true, "embedded":true, "fstring":true, "bytesize":11, "value":"start_with?", "encoding":"US-ASCII", "memsize":40, "flags":{"wb_protected":true}}
{"address":"0x7ffe490bd4f8", "type":"IMEMO", "class":"0x7ffe490be858", "imemo_type":"ment", "memsize":48, "flags":{"wb_protected":true}}
{"address":"0x7ffe490bd520", "type":"IMEMO", "class":"0x7ffe490be858", "imemo_type":"ment", "memsize":48, "flags":{"wb_protected":true}}
{"address":"0x7ffe490bd548", "type":"STRING", "class":"0x7ffe490be858", "frozen":true, "embedded":true, "fstring":true, "bytesize":3, "value":"ord", "encoding":"US-ASCII", "memsize":40, "flags":{"wb_protected":true}}
{"address":"0x7ffe490bd570", "type":"IMEMO", "class":"0x7ffe490be858", "imemo_type":"ment", "memsize":48, "flags":{"wb_protected":true}}
{"address":"0x7ffe490bd598", "type":"IMEMO", "class":"0x7ffe490be858", "imemo_type":"ment", "memsize":48, "flags":{"wb_protected":true}}
{"address":"0x7ffe490bd5c0", "type":"IMEMO", "class":"0x7ffe490be858", "imemo_type":"ment", "memsize":48, "flags":{"wb_protected":true}}
{"address":"0x7ffe490bd5e8", "type":"STRING", "class":"0x7ffe490be858", "frozen":true, "embedded":true, "fstring":true, "bytesize":5, "value":"crypt", "encoding":"US-ASCII", "memsize":40, "flags":{"wb_protected":true}}
{"address":"0x7ffe490bd610", "type":"IMEMO", "class":"0x7ffe490be858", "imemo_type":"ment", "memsize":48, "flags":{"wb_protected":true}}
{"address":"0x7ffe490bd638", "type":"STRING", "class":"0x7ffe490be858", "frozen":true, "embedded":true, "fstring":true, "bytesize":7, "value":"prepend", "encoding":"US-ASCII", "memsize":40, "flags":{"wb_protected":true}}
{"address":"0x7ffe490bd660", "type":"IMEMO", "class":"0x7ffe490be858", "imemo_type":"ment", "memsize":48, "flags":{"wb_protected":true}}
{"address":"0x7ffe490bd688", "type":"IMEMO", "class":"0x7ffe490be858", "imemo_type":"ment", "memsize":48, "flags":{"wb_protected":true}}
{"address":"0x7ffe490bd6b0", "type":"STRING", "class":"0x7ffe490be858", "frozen":true, "embedded":true, "fstring":true, "bytesize":6, "value":"concat", "encoding":"US-ASCII", "memsize":40, "flags":{"wb_protected":true}}
{"address":"0x7ffe490bd6d8", "type":"IMEMO", "class":"0x7ffe490be858", "imemo_type":"ment", "memsize":48, "flags":{"wb_protected":true}}
{"address":"0x7ffe490bd700", "type":"STRING", "class":"0x7ffe490be858", "frozen":true, "embedded":true, "fstring":true, "bytesize":8, "value":"reverse!", "encoding":"US-ASCII", "memsize":40, "flags":{"wb_protected":true}}
{"address":"0x7ffe490bd728", "type":"IMEMO", "class":"0x7ffe490be858", "imemo_type":"ment", "memsize":48, "flags":{"wb_protected":true}}
{"address":"0x7ffe490bd750", "type":"STRING", "class":"0x7ffe490be858", "frozen":true, "embedded":true, "fstring":true, "bytesize":7, "value":"reverse", "encoding":"US-ASCII", "memsize":40, "flags":{"wb_protected":true}}
{"address":"0x7ffe490bd778", "type":"IMEMO", "class":"0x7ffe490be858", "imemo_type":"ment", "memsize":48, "flags":{"wb_protected":true}}
{"address":"0x7ffe490bd7a0", "type":"STRING", "class":"0x7ffe490be858", "frozen":true, "embedded":true, "fstring":true, "bytesize":17, "value":"grapheme_clusters", "encoding":"US-ASCII", "memsize":40, "flags":{"wb_protected":true}}
{"address":"0x7ffe490bd7c8", "type":"IMEMO", "class":"0x7ffe490be858", "imemo_type":"ment", "memsize":48, "flags":{"wb_protected":true}}
{"address":"0x7ffe490bd7f0", "type":"STRING", "class":"0x7ffe490be858", "frozen":true, "embedded":true, "fstring":true, "bytesize":10, "value":"codepoints", "encoding":"US-ASCII", "memsize":40, "flags":{"wb_protected":true}}
{"address":"0x7ffe490bd818", "type":"IMEMO", "class":"0x7ffe490be858", "imemo_type":"ment", "memsize":48, "flags":{"wb_protected":true}}
{"address":"0x7ffe490bd840", "type":"STRING", "class":"0x7ffe490be858", "frozen":true, "embedded":true, "fstring":true, "bytesize":5, "value":"chars", "encoding":"US-ASCII", "memsize":40, "flags":{"wb_protected":true}}
{"address":"0x7ffe490bd868", "type":"IMEMO", "class":"0x7ffe490be858", "imemo_type":"ment", "memsize":48, "flags":{"wb_protected":true}}
{"address":"0x7ffe490bd890", "type":"STRING", "class":"0x7ffe490be858", "frozen":true, "embedded":true, "fstring":true, "bytesize":5, "value":"bytes", "encoding":"US-ASCII", "memsize":40, "flags":{"wb_protected":true}}
{"address":"0x7ffe490bd8b8", "type":"IMEMO", "class":"0x7ffe490be858", "imemo_type":"ment", "memsize":48, "flags":{"wb_protected":true}}
{"address":"0x7ffe490bd8e0", "type":"STRING", "class":"0x7ffe490be858", "frozen":true, "embedded":true, "fstring":true, "bytesize":5, "value":"lines", "encoding":"US-ASCII", "memsize":40, "flags":{"wb_protected":true}}
{"address":"0x7ffe490bd908", "type":"IMEMO", "class":"0x7ffe490be858", "imemo_type":"ment", "memsize":48, "flags":{"wb_protected":true}}
{"address":"0x7ffe490bd930", "type":"STRING", "class":"0x7ffe490be858", "frozen":true, "embedded":true, "fstring":true, "bytesize":5, "value":"split", "encoding":"US-ASCII", "memsize":40, "flags":{"wb_protected":true}}
{"address":"0x7ffe490bd958", "type":"IMEMO", "class":"0x7ffe490be858", "imemo_type":"ment", "memsize":48, "flags":{"wb_protected":true}}
{"address":"0x7ffe490bd980", "type":"STRING", "class":"0x7ffe490be858", "frozen":true, "embedded":true, "fstring":true, "bytesize":3, "value":"oct", "encoding":"US-ASCII", "memsize":40, "flags":{"wb_protected":true}}
{"address":"0x7ffe490bd9a8", "type":"IMEMO", "class":"0x7ffe490be858", "imemo_type":"ment", "memsize":48, "flags":{"wb_protected":true}}
{"address":"0x7ffe490bd9d0", "type":"STRING", "class":"0x7ffe490be858", "frozen":true, "embedded":true, "fstring":true, "bytesize":3, "value":"hex", "encoding":"US-ASCII", "memsize":40, "flags":{"wb_protected":true}}
{"address":"0x7ffe490bd9f8", "type":"IMEMO", "class":"0x7ffe490be858", "imemo_type":"ment", "memsize":48, "flags":{"wb_protected":true}}
{"address":"0x7ffe490bda20", "type":"STRING", "class":"0x7ffe490be858", "frozen":true, "embedded":true, "fstring":true, "bytesize":9, "value":"swapcase!", "encoding":"US-ASCII", "memsize":40, "flags":{"wb_protected":true}}
{"address":"0x7ffe490bda48", "type":"IMEMO", "class":"0x7ffe490be858", "imemo_type":"ment", "memsize":48, "flags":{"wb_protected":true}}
{"address":"0x7ffe490bda70", "type":"STRING", "class":"0x7ffe490be858", "frozen":true, "embedded":true, "fstring":true, "bytesize":11, "value":"capitalize!", "encoding":"US-ASCII", "memsize":40, "flags":{"wb_protected":true}}
{"address":"0x7ffe490bda98", "type":"IMEMO", "class":"0x7ffe490be858", "imemo_type":"ment", "memsize":48, "flags":{"wb_protected":true}}
{"address":"0x7ffe490bdac0", "type":"STRING", "class":"0x7ffe490be858", "frozen":true, "embedded":true, "fstring":true, "bytesize":9, "value":"downcase!", "encoding":"US-ASCII", "memsize":40, "flags":{"wb_protected":true}}
{"address":"0x7ffe490bdae8", "type":"IMEMO", "class":"0x7ffe490be858", "imemo_type":"ment", "memsize":48, "flags":{"wb_protected":true}}
{"address":"0x7ffe490bdb10", "type":"STRING", "class":"0x7ffe490be858", "frozen":true, "embedded":true, "fstring":true, "bytesize":7, "value":"upcase!", "encoding":"US-ASCII", "memsize":40, "flags":{"wb_protected":true}}
{"address":"0x7ffe490bdb38", "type":"IMEMO", "class":"0x7ffe490be858", "imemo_type":"ment", "memsize":48, "flags":{"wb_protected":true}}
{"address":"0x7ffe490bdb60", "type":"STRING", "class":"0x7ffe490be858", "frozen":true, "embedded":true, "fstring":true, "bytesize":8, "value":"swapcase", "encoding":"US-ASCII", "memsize":40, "flags":{"wb_protected":true}}
{"address":"0x7ffe490bdb88", "type":"IMEMO", "class":"0x7ffe490be858", "imemo_type":"ment", "memsize":48, "flags":{"wb_protected":true}}
{"address":"0x7ffe490bdbb0", "type":"STRING", "class":"0x7ffe490be858", "frozen":true, "embedded":true, "fstring":true, "bytesize":10, "value":"capitalize", "encoding":"US-ASCII", "memsize":40, "flags":{"wb_protected":true}}
{"address":"0x7ffe490bdbd8", "type":"IMEMO", "class":"0x7ffe490be858", "imemo_type":"ment", "memsize":48, "flags":{"wb_protected":true}}
{"address":"0x7ffe490bdc00", "type":"STRING", "class":"0x7ffe490be858", "frozen":true, "embedded":true, "fstring":true, "bytesize":8, "value":"downcase", "encoding":"US-ASCII", "memsize":40, "flags":{"wb_protected":true}}
{"address":"0x7ffe490bdc28", "type":"IMEMO", "class":"0x7ffe490be858", "imemo_type":"ment", "memsize":48, "flags":{"wb_protected":true}}
{"address":"0x7ffe490bdc50", "type":"STRING", "class":"0x7ffe490be858", "frozen":true, "embedded":true, "fstring":true, "bytesize":6, "value":"upcase", "encoding":"US-ASCII", "memsize":40, "flags":{"wb_protected":true}}
{"address":"0x7ffe490bdc78", "type":"STRING", "class":"0x7ffe490be858", "frozen":true, "embedded":true, "fstring":true, "bytesize":4, "value":"fold", "encoding":"US-ASCII", "memsize":40, "flags":{"wb_protected":true}}
{"address":"0x7ffe490bdca0", "type":"STRING", "class":"0x7ffe490be858", "frozen":true, "embedded":true, "fstring":true, "bytesize":10, "value":"lithuanian", "encoding":"US-ASCII", "memsize":40, "flags":{"wb_protected":true}}
{"address":"0x7ffe490bdcc8", "type":"STRING", "class":"0x7ffe490be858", "frozen":true, "embedded":true, "fstring":true, "bytesize":6, "value":"turkic", "encoding":"US-ASCII", "memsize":40, "flags":{"wb_protected":true}}
{"address":"0x7ffe490bdcf0", "type":"STRING", "class":"0x7ffe490be858", "frozen":true, "embedded":true, "fstring":true, "bytesize":5, "value":"ascii", "encoding":"US-ASCII", "memsize":40, "flags":{"wb_protected":true}}
{"address":"0x7ffe490bdd18", "type":"IMEMO", "class":"0x7ffe490be858", "imemo_type":"ment", "memsize":48, "flags":{"wb_protected":true}}
{"address":"0x7ffe490bdd40", "type":"STRING", "class":"0x7ffe490be858", "frozen":true, "embedded":true, "fstring":true, "bytesize":6, "value":"undump", "encoding":"US-ASCII", "memsize":40, "flags":{"wb_protected":true}}
{"address":"0x7ffe490bdd68", "type":"IMEMO", "class":"0x7ffe490be858", "imemo_type":"ment", "memsize":48, "flags":{"wb_protected":true}}
{"address":"0x7ffe490bdd90", "type":"STRING", "class":"0x7ffe490be858", "frozen":true, "embedded":true, "fstring":true, "bytesize":4, "value":"dump", "encoding":"US-ASCII", "memsize":40, "flags":{"wb_protected":true}}
{"address":"0x7ffe490bddb8", "type":"IMEMO", "class":"0x7ffe490be858", "imemo_type":"ment", "memsize":48, "flags":{"wb_protected":true}}
{"address":"0x7ffe490bdde0", "type":"IMEMO", "class":"0x7ffe490be858", "imemo_type":"ment", "memsize":48, "flags":{"wb_protected":true}}
{"address":"0x7ffe490bde08", "type":"IMEMO", "class":"0x7ffe490be858", "imemo_type":"ment", "memsize":48, "flags":{"wb_protected":true}}
{"address":"0x7ffe490bde30", "type":"IMEMO", "class":"0x7ffe490be858", "imemo_type":"ment", "memsize":48, "flags":{"wb_protected":true}}
{"address":"0x7ffe490bde58", "type":"IMEMO", "class":"0x7ffe490be858", "imemo_type":"ment", "memsize":48, "flags":{"wb_protected":true}}
{"address":"0x7ffe490bde80", "type":"IMEMO", "class":"0x7ffe490be858", "imemo_type":"ment", "memsize":48, "flags":{"wb_protected":true}}
{"address":"0x7ffe490bdea8", "type":"IMEMO", "class":"0x7ffe490be858", "imemo_type":"ment", "memsize":48, "flags":{"wb_protected":true}}
{"address":"0x7ffe490bded0", "type":"IMEMO", "class":"0x7ffe490be858", "imemo_type":"ment", "memsize":48, "flags":{"wb_protected":true}}
{"address":"0x7ffe490bdef8", "type":"IMEMO", "class":"0x7ffe490be858", "imemo_type":"ment", "memsize":48, "flags":{"wb_protected":true}}
{"address":"0x7ffe490bdf20", "type":"STRING", "class":"0x7ffe490be858", "frozen":true, "embedded":true, "fstring":true, "bytesize":6, "value":"scrub!", "encoding":"US-ASCII", "memsize":40, "flags":{"wb_protected":true}}
{"address":"0x7ffe490bdf48", "type":"IMEMO", "class":"0x7ffe490be858", "imemo_type":"ment", "memsize":48, "flags":{"wb_protected":true}}
{"address":"0x7ffe490bdf70", "type":"STRING", "class":"0x7ffe490be858", "frozen":true, "embedded":true, "fstring":true, "bytesize":5, "value":"scrub", "encoding":"US-ASCII", "memsize":40, "flags":{"wb_protected":true}}
{"address":"0x7ffe490bdf98", "type":"IMEMO", "class":"0x7ffe490be858", "imemo_type":"ment", "memsize":48, "flags":{"wb_protected":true}}
{"address":"0x7ffe490bdfc0", "type":"STRING", "class":"0x7ffe490be858", "frozen":true, "embedded":true, "fstring":true, "bytesize":9, "value":"byteslice", "encoding":"US-ASCII", "memsize":40, "flags":{"wb_protected":true}}
{"address":"0x7ffe490bdfe8", "type":"IMEMO", "class":"0x7ffe490be858", "imemo_type":"ment", "memsize":48, "flags":{"wb_protected":true}}
{"address":"0x7ffe490be010", "type":"STRING", "class":"0x7ffe490be858", "frozen":true, "embedded":true, "fstring":true, "bytesize":7, "value":"setbyte", "encoding":"US-ASCII", "memsize":40, "flags":{"wb_protected":true}}
{"address":"0x7ffe490be038", "type":"IMEMO", "class":"0x7ffe490be858", "imemo_type":"ment", "memsize":48, "flags":{"wb_protected":true}}
{"address":"0x7ffe490be060", "type":"STRING", "class":"0x7ffe490be858", "frozen":true, "embedded":true, "fstring":true, "bytesize":7, "value":"getbyte", "encoding":"US-ASCII", "memsize":40, "flags":{"wb_protected":true}}
{"address":"0x7ffe490be088", "type":"IMEMO", "class":"0x7ffe490be858", "imemo_type":"ment", "memsize":48, "flags":{"wb_protected":true}}
{"address":"0x7ffe490be0b0", "type":"STRING", "class":"0x7ffe490be858", "frozen":true, "embedded":true, "fstring":true, "bytesize":3, "value":"chr", "encoding":"US-ASCII", "memsize":40, "flags":{"wb_protected":true}}
{"address":"0x7ffe490be0d8", "type":"IMEMO", "class":"0x7ffe490be858", "imemo_type":"ment", "memsize":48, "flags":{"wb_protected":true}}
{"address":"0x7ffe490be100", "type":"STRING", "class":"0x7ffe490be858", "frozen":true, "embedded":true, "fstring":true, "bytesize":5, "value":"clear", "encoding":"US-ASCII", "memsize":40, "flags":{"wb_protected":true}}
{"address":"0x7ffe490be128", "type":"IMEMO", "class":"0x7ffe490be858", "imemo_type":"ment", "memsize":48, "flags":{"wb_protected":true}}
{"address":"0x7ffe490be150", "type":"STRING", "class":"0x7ffe490be858", "frozen":true, "embedded":true, "fstring":true, "bytesize":7, "value":"replace", "encoding":"US-ASCII", "memsize":40, "flags":{"wb_protected":true}}
{"address":"0x7ffe490be178", "type":"IMEMO", "class":"0x7ffe490be858", "imemo_type":"ment", "memsize":48, "flags":{"wb_protected":true}}
{"address":"0x7ffe490be1a0", "type":"STRING", "class":"0x7ffe490be858", "frozen":true, "embedded":true, "fstring":true, "bytesize":6, "value":"rindex", "encoding":"US-ASCII", "memsize":40, "flags":{"wb_protected":true}}
{"address":"0x7ffe490be1c8", "type":"IMEMO", "class":"0x7ffe490be858", "imemo_type":"ment", "memsize":48, "flags":{"wb_protected":true}}
{"address":"0x7ffe490be1f0", "type":"STRING", "class":"0x7ffe490be858", "frozen":true, "embedded":true, "fstring":true, "bytesize":5, "value":"index", "encoding":"US-ASCII", "memsize":40, "flags":{"wb_protected":true}}
{"address":"0x7ffe490be218", "type":"IMEMO", "class":"0x7ffe490be858", "imemo_type":"ment", "memsize":48, "flags":{"wb_protected":true}}
{"address":"0x7ffe490be240", "type":"STRING", "class":"0x7ffe490be858", "frozen":true, "embedded":true, "fstring":true, "bytesize":4, "value":"upto", "encoding":"US-ASCII", "memsize":40, "flags":{"wb_protected":true}}
{"address":"0x7ffe490be268", "type":"IMEMO", "class":"0x7ffe490be858", "imemo_type":"ment", "memsize":48, "flags":{"wb_protected":true}}
{"address":"0x7ffe490be290", "type":"STRING", "class":"0x7ffe490be858", "frozen":true, "embedded":true, "fstring":true, "bytesize":5, "value":"next!", "encoding":"US-ASCII", "memsize":40, "flags":{"wb_protected":true}}
{"address":"0x7ffe490be2b8", "type":"IMEMO", "class":"0x7ffe490be858", "imemo_type":"ment", "memsize":48, "flags":{"wb_protected":true}}
{"address":"0x7ffe490be2e0", "type":"IMEMO", "class":"0x7ffe490be858", "imemo_type":"ment", "memsize":48, "flags":{"wb_protected":true}}
{"address":"0x7ffe490be308", "type":"STRING", "class":"0x7ffe490be858", "frozen":true, "embedded":true, "fstring":true, "bytesize":5, "value":"succ!", "encoding":"US-ASCII", "memsize":40, "flags":{"wb_protected":true}}
{"address":"0x7ffe490be330", "type":"IMEMO", "class":"0x7ffe490be858", "imemo_type":"ment", "memsize":48, "flags":{"wb_protected":true}}
{"address":"0x7ffe490be358", "type":"IMEMO", "class":"0x7ffe490be858", "imemo_type":"ment", "memsize":48, "flags":{"wb_protected":true}}
{"address":"0x7ffe490be380", "type":"STRING", "class":"0x7ffe490be858", "frozen":true, "embedded":true, "fstring":true, "bytesize":6, "value":"match?", "encoding":"US-ASCII", "memsize":40, "flags":{"wb_protected":true}}
{"address":"0x7ffe490be3a8", "type":"IMEMO", "class":"0x7ffe490be858", "imemo_type":"ment", "memsize":48, "flags":{"wb_protected":true}}
{"address":"0x7ffe490be3d0", "type":"STRING", "class":"0x7ffe490be858", "frozen":true, "embedded":true, "fstring":true, "bytesize":5, "value":"match", "encoding":"US-ASCII", "memsize":40, "flags":{"wb_protected":true}}
{"address":"0x7ffe490be3f8", "type":"IMEMO", "class":"0x7ffe490be858", "imemo_type":"ment", "memsize":48, "flags":{"wb_protected":true}}
{"address":"0x7ffe490be420", "type":"IMEMO", "class":"0x7ffe490be858", "imemo_type":"ment", "memsize":48, "flags":{"wb_protected":true}}
{"address":"0x7ffe490be448", "type":"IMEMO", "class":"0x7ffe490be858", "imemo_type":"ment", "memsize":48, "flags":{"wb_protected":true}}
{"address":"0x7ffe490be470", "type":"STRING", "class":"0x7ffe490be858", "frozen":true, "embedded":true, "fstring":true, "bytesize":8, "value":"bytesize", "encoding":"US-ASCII", "memsize":40, "flags":{"wb_protected":true}}
{"address":"0x7ffe490be498", "type":"IMEMO", "class":"0x7ffe490be858", "imemo_type":"ment", "memsize":48, "flags":{"wb_protected":true}}
{"address":"0x7ffe490be4c0", "type":"IMEMO", "class":"0x7ffe490be858", "imemo_type":"ment", "memsize":48, "flags":{"wb_protected":true}}
{"address":"0x7ffe490be4e8", "type":"IMEMO", "class":"0x7ffe490be858", "imemo_type":"ment", "memsize":48, "flags":{"wb_protected":true}}
{"address":"0x7ffe490be510", "type":"STRING", "class":"0x7ffe490be858", "frozen":true, "embedded":true, "fstring":true, "bytesize":6, "value":"insert", "encoding":"US-ASCII", "memsize":40, "flags":{"wb_protected":true}}
{"address":"0x7ffe490be538", "type":"IMEMO", "class":"0x7ffe490be858", "imemo_type":"ment", "memsize":48, "flags":{"wb_protected":true}}
{"address":"0x7ffe490be560", "type":"IMEMO", "class":"0x7ffe490be858", "imemo_type":"ment", "memsize":48, "flags":{"wb_protected":true}}
{"address":"0x7ffe490be588", "type":"IMEMO", "class":"0x7ffe490be858", "imemo_type":"ment", "memsize":48, "flags":{"wb_protected":true}}
{"address":"0x7ffe490be5b0", "type":"IMEMO", "class":"0x7ffe490be858", "imemo_type":"ment", "memsize":48, "flags":{"wb_protected":true}}
{"address":"0x7ffe490be5d8", "type":"IMEMO", "class":"0x7ffe490be858", "imemo_type":"ment", "memsize":48, "flags":{"wb_protected":true}}
{"address":"0x7ffe490be600", "type":"IMEMO", "class":"0x7ffe490be858", "imemo_type":"ment", "memsize":48, "flags":{"wb_protected":true}}
{"address":"0x7ffe490be628", "type":"STRING", "class":"0x7ffe490be858", "frozen":true, "embedded":true, "fstring":true, "bytesize":8, "value":"casecmp?", "encoding":"US-ASCII", "memsize":40, "flags":{"wb_protected":true}}
{"address":"0x7ffe490be650", "type":"IMEMO", "class":"0x7ffe490be858", "imemo_type":"ment", "memsize":48, "flags":{"wb_protected":true}}
{"address":"0x7ffe490be678", "type":"STRING", "class":"0x7ffe490be858", "frozen":true, "embedded":true, "fstring":true, "bytesize":7, "value":"casecmp", "encoding":"US-ASCII", "memsize":40, "flags":{"wb_protected":true}}
{"address":"0x7ffe490be6a0", "type":"IMEMO", "class":"0x7ffe490be858", "imemo_type":"ment", "memsize":48, "flags":{"wb_protected":true}}
{"address":"0x7ffe490be6c8", "type":"IMEMO", "class":"0x7ffe490be858", "imemo_type":"ment", "memsize":48, "flags":{"wb_protected":true}}
{"address":"0x7ffe490be6f0", "type":"IMEMO", "class":"0x7ffe490be858", "imemo_type":"ment", "memsize":48, "flags":{"wb_protected":true}}
{"address":"0x7ffe490be718", "type":"IMEMO", "class":"0x7ffe490be858", "imemo_type":"ment", "memsize":48, "flags":{"wb_protected":true}}
{"address":"0x7ffe490be740", "type":"IMEMO", "class":"0x7ffe490be858", "imemo_type":"ment", "memsize":48, "flags":{"wb_protected":true}}
{"address":"0x7ffe490be768", "type":"IMEMO", "class":"0x7ffe490be858", "imemo_type":"ment", "memsize":48, "flags":{"wb_protected":true}}
{"address":"0x7ffe490be790", "type":"IMEMO", "class":"0x7ffe490be858", "imemo_type":"ment", "memsize":48, "flags":{"wb_protected":true}}
{"address":"0x7ffe490be7b8", "type":"IMEMO", "class":"0x7ffe490be830", "imemo_type":"ment", "memsize":48, "flags":{"wb_protected":true}}
{"address":"0x7ffe490be7e0", "type":"STRING", "class":"0x7ffe490be858", "frozen":true, "embedded":true, "fstring":true, "bytesize":11, "value":"try_convert", "encoding":"US-ASCII", "memsize":40, "flags":{"wb_protected":true}}
{"address":"0x7ffe490be808", "type":"ICLASS", "class":"0x7ffe490bfb40", "references":["0x7ffe490c68a0"], "memsize":40, "flags":{"wb_protected":true}}
{"address":"0x7ffe490be830", "type":"CLASS", "class":"0x7ffe490c5770", "references":["0x7ffe490c5720", "0x7ffe490be7b8", "0x7ffe490c6580", "0x7ffe490c6468", "0x7ffe490be858"], "memsize":672, "flags":{"wb_protected":true}}
{"address":"0x7ffe490be858", "type":"CLASS", "class":"0x7ffe490be830", "name":"String", "references":["0x7ffe490be808", "0x7ffe490bc530", "0x7ffe4906cf08", "0x7ffe4909df18", "0x7ffe4904f778", "0x7ffe490bd4f8", "0x7ffe490be588", "0x7ffe490be5b0", "0x7ffe490be5d8", "0x7ffe490bcc10", "0x7ffe490bc850", "0x7ffe490bc918", "0x7ffe490bdea8", "0x7ffe490be2b8", "0x7ffe490bde80", "0x7ffe490be740", "0x7ffe490be650", "0x7ffe490be600", "0x7ffe490be4e8", "0x7ffe490be3a8", "0x7ffe490be718", "0x7ffe490be6f0", "0x7ffe490be2e0", "0x7ffe490be3f8", "0x7ffe490be448", "0x7ffe490be560", "0x7ffe490be538", "0x7ffe490be1c8", "0x7ffe490be268", "0x7ffe490be218", "0x7ffe490be358", "0x7ffe490be178", "0x7ffe490be128", "0x7ffe490be420", "0x7ffe490be6c8", "0x7ffe490be038", "0x7ffe490bdfe8", "0x7ffe490be0d8", "0x7ffe490be088", "0x7ffe490bdef8", "0x7ffe490bdd68", "0x7ffe490bdf98", "0x7ffe490bdf48", "0x7ffe490bdc28", "0x7ffe490bdbd8", "0x7ffe490bdae8", "0x7ffe490bdb38", "0x7ffe490bda48", "0x7ffe490bdb88", "0x7ffe490bd9a8", "0x7ffe490bdd18", "0x7ffe490bded0", "0x7ffe490bddb8", "0x7ffe490bd9f8", "0x7ffe490bd8b8", "0x7ffe490bda98", "0x7ffe490bd908", "0x7ffe490bd728", "0x7ffe490bd868", "0x7ffe490bd958", "0x7ffe490bd6d8", "0x7ffe490bd778", "0x7ffe490bd4a8", "0x7ffe490be4c0", "0x7ffe490be498", "0x7ffe490bd3b8", "0x7ffe490be330", "0x7ffe490bd520", "0x7ffe490bd818", "0x7ffe490bd7c8", "0x7ffe490bd5c0", "0x7ffe490bd660", "0x7ffe490bd278", "0x7ffe490be790", "0x7ffe490be768", "0x7ffe490bd188", "0x7ffe490bd138", "0x7ffe490bd318", "0x7ffe490bd458", "0x7ffe490bdde0", "0x7ffe490bd610", "0x7ffe490bd598", "0x7ffe490bd048", "0x7ffe490bd570", "0x7ffe490bd0e8", "0x7ffe490bde08", "0x7ffe490bde58", "0x7ffe490bde30", "0x7ffe490bcfa8", "0x7ffe490bd2c8", "0x7ffe490bd098", "0x7ffe490bd228", "0x7ffe490bd408", "0x7ffe490bce18", "0x7ffe490bd688", "0x7ffe490bcf08", "0x7ffe490bceb8", "0x7ffe490bce68", "0x7ffe490bcff8", "0x7ffe490bd1d8", "0x7ffe490bcf58", "0x7ffe490bcd28", "0x7ffe490bd368", "0x7ffe490bcc88", "0x7ffe490bcc38", "0x7ffe490bcdc8", "0x7ffe490bcd78", "0x7ffe490bcb20", "0x7ffe490bccd8", "0x7ffe490bca80", "0x7ffe490bca30", "0x7ffe490bcbc0", "0x7ffe490bcb70", "0x7ffe490bc940", "0x7ffe490bcad0", "0x7ffe490bc878", "0x7ffe490bc800", "0x7ffe490bc9e0", "0x7ffe490bc990", "0x7ffe490bc710", "0x7ffe490bc8c8", "0x7ffe490bc670", "0x7ffe490bc4e0", "0x7ffe490bc7b0", "0x7ffe490bc760", "0x7ffe490bc580", "0x7ffe490bc6c0", "0x7ffe4904f7a0", "0x7ffe490be6a0", "0x7ffe4909dec8", "0x7ffe4906c058", "0x7ffe490b5cd0", "0x7ffe4907fc98", "0x7ffe490bdea8", "0x7ffe490460d8", "0x7ffe4907fc48", "0x7ffe49045d40", "0x7ffe49045db8", "0x7ffe490c5950"], "memsize":5032, "flags":{"wb_protected":true}}
{"address":"0x7ffe490be880", "type":"STRING", "class":"0x7ffe490be858", "frozen":true, "embedded":true, "fstring":true, "bytesize":4, "value":"next", "encoding":"US-ASCII", "memsize":40, "flags":{"wb_protected":true}}
{"address":"0x7ffe490be8a8", "type":"IMEMO", "imemo_type":"ment", "references":["0x7ffe490bf988"], "memsize":48, "flags":{"wb_protected":true}}
{"address":"0x7ffe490be8d0", "type":"STRING", "class":"0x7ffe490be858", "frozen":true, "embedded":true, "fstring":true, "bytesize":4, "value":"uniq", "encoding":"US-ASCII", "memsize":40, "flags":{"wb_protected":true}}
{"address":"0x7ffe490be8f8", "type":"IMEMO", "imemo_type":"ment", "references":["0x7ffe490bf988"], "memsize":48, "flags":{"wb_protected":true}}
{"address":"0x7ffe490be920", "type":"STRING", "class":"0x7ffe490be858", "frozen":true, "embedded":true, "fstring":true, "bytesize":3, "value":"sum", "encoding":"US-ASCII", "memsize":40, "flags":{"wb_protected":true}}
{"address":"0x7ffe490be948", "type":"IMEMO", "imemo_type":"ment", "references":["0x7ffe490bf988"], "memsize":48, "flags":{"wb_protected":true}}
{"address":"0x7ffe490be970", "type":"STRING", "class":"0x7ffe490be858", "frozen":true, "embedded":true, "fstring":true, "bytesize":11, "value":"chunk_while", "encoding":"US-ASCII", "memsize":40, "flags":{"wb_protected":true}}
{"address":"0x7ffe490be998", "type":"IMEMO", "imemo_type":"ment", "references":["0x7ffe490bf988"], "memsize":48, "flags":{"wb_protected":true}}
{"address":"0x7ffe490be9c0", "type":"STRING", "class":"0x7ffe490be858", "frozen":true, "embedded":true, "fstring":true, "bytesize":10, "value":"slice_when", "encoding":"US-ASCII", "memsize":40, "flags":{"wb_protected":true}}
{"address":"0x7ffe490be9e8", "type":"IMEMO", "imemo_type":"ment", "references":["0x7ffe490bf988"], "memsize":48, "flags":{"wb_protected":true}}
{"address":"0x7ffe490bea10", "type":"STRING", "class":"0x7ffe490be858", "frozen":true, "embedded":true, "fstring":true, "bytesize":11, "value":"slice_after", "encoding":"US-ASCII", "memsize":40, "flags":{"wb_protected":true}}
{"address":"0x7ffe490bea38", "type":"IMEMO", "imemo_type":"ment", "references":["0x7ffe490bf988"], "memsize":48, "flags":{"wb_protected":true}}
{"address":"0x7ffe490bea60", "type":"STRING", "class":"0x7ffe490be858", "frozen":true, "embedded":true, "fstring":true, "bytesize":12, "value":"slice_before", "encoding":"US-ASCII", "memsize":40, "flags":{"wb_protected":true}}
{"address":"0x7ffe490bea88", "type":"IMEMO", "imemo_type":"ment", "references":["0x7ffe490bf988"], "memsize":48, "flags":{"wb_protected":true}}
{"address":"0x7ffe490beab0", "type":"STRING", "class":"0x7ffe490be858", "frozen":true, "embedded":true, "fstring":true, "bytesize":5, "value":"chunk", "encoding":"US-ASCII", "memsize":40, "flags":{"wb_protected":true}}
{"address":"0x7ffe490bead8", "type":"IMEMO", "imemo_type":"ment", "references":["0x7ffe490bf988"], "memsize":48, "flags":{"wb_protected":true}}
{"address":"0x7ffe490beb00", "type":"STRING", "class":"0x7ffe490be858", "frozen":true, "embedded":true, "fstring":true, "bytesize":5, "value":"cycle", "encoding":"US-ASCII", "memsize":40, "flags":{"wb_protected":true}}
{"address":"0x7ffe490beb28", "type":"IMEMO", "imemo_type":"ment", "references":["0x7ffe490bf988"], "memsize":48, "flags":{"wb_protected":true}}
{"address":"0x7ffe490beb50", "type":"STRING", "class":"0x7ffe490be858", "frozen":true, "embedded":true, "fstring":true, "bytesize":10, "value":"drop_while", "encoding":"US-ASCII", "memsize":40, "flags":{"wb_protected":true}}
{"address":"0x7ffe490beb78", "type":"IMEMO", "imemo_type":"ment", "references":["0x7ffe490bf988"], "memsize":48, "flags":{"wb_protected":true}}
{"address":"0x7ffe490beba0", "type":"STRING", "class":"0x7ffe490be858", "frozen":true, "embedded":true, "fstring":true, "bytesize":4, "value":"drop", "encoding":"US-ASCII", "memsize":40, "flags":{"wb_protected":true}}
{"address":"0x7ffe490bebc8", "type":"IMEMO", "imemo_type":"ment", "references":["0x7ffe490bf988"], "memsize":48, "flags":{"wb_protected":true}}
{"address":"0x7ffe490bebf0", "type":"STRING", "class":"0x7ffe490be858", "frozen":true, "embedded":true, "fstring":true, "bytesize":10, "value":"take_while", "encoding":"US-ASCII", "memsize":40, "flags":{"wb_protected":true}}
{"address":"0x7ffe490bec18", "type":"IMEMO", "imemo_type":"ment", "references":["0x7ffe490bf988"], "memsize":48, "flags":{"wb_protected":true}}
{"address":"0x7ffe490bec40", "type":"STRING", "class":"0x7ffe490be858", "frozen":true, "embedded":true, "fstring":true, "bytesize":4, "value":"take", "encoding":"US-ASCII", "memsize":40, "flags":{"wb_protected":true}}
{"address":"0x7ffe490bec68", "type":"IMEMO", "imemo_type":"ment", "references":["0x7ffe490bf988"], "memsize":48, "flags":{"wb_protected":true}}
{"address":"0x7ffe490bec90", "type":"STRING", "class":"0x7ffe490be858", "frozen":true, "embedded":true, "fstring":true, "bytesize":3, "value":"zip", "encoding":"US-ASCII", "memsize":40, "flags":{"wb_protected":true}}
{"address":"0x7ffe490becb8", "type":"IMEMO", "imemo_type":"ment", "references":["0x7ffe490bf988"], "memsize":48, "flags":{"wb_protected":true}}
{"address":"0x7ffe490bece0", "type":"STRING", "class":"0x7ffe490be858", "frozen":true, "embedded":true, "fstring":true, "bytesize":16, "value":"each_with_object", "encoding":"US-ASCII", "memsize":40, "flags":{"wb_protected":true}}
{"address":"0x7ffe490bed08", "type":"IMEMO", "imemo_type":"ment", "references":["0x7ffe490bf988"], "memsize":48, "flags":{"wb_protected":true}}
{"address":"0x7ffe490bed30", "type":"STRING", "class":"0x7ffe490be858", "frozen":true, "embedded":true, "fstring":true, "bytesize":9, "value":"each_cons", "encoding":"US-ASCII", "memsize":40, "flags":{"wb_protected":true}}
{"address":"0x7ffe490bed58", "type":"IMEMO", "imemo_type":"ment", "references":["0x7ffe490bf988"], "memsize":48, "flags":{"wb_protected":true}}
{"address":"0x7ffe490bed80", "type":"STRING", "class":"0x7ffe490be858", "frozen":true, "embedded":true, "fstring":true, "bytesize":10, "value":"each_slice", "encoding":"US-ASCII", "memsize":40, "flags":{"wb_protected":true}}
{"address":"0x7ffe490beda8", "type":"IMEMO", "imemo_type":"ment", "references":["0x7ffe490bf988"], "memsize":48, "flags":{"wb_protected":true}}
{"address":"0x7ffe490bedd0", "type":"STRING", "class":"0x7ffe490be858", "frozen":true, "embedded":true, "fstring":true, "bytesize":10, "value":"each_entry", "encoding":"US-ASCII", "memsize":40, "flags":{"wb_protected":true}}
{"address":"0x7ffe490bedf8", "type":"IMEMO", "imemo_type":"ment", "references":["0x7ffe490bf988"], "memsize":48, "flags":{"wb_protected":true}}
{"address":"0x7ffe490bee20", "type":"STRING", "class":"0x7ffe490be858", "frozen":true, "embedded":true, "fstring":true, "bytesize":12, "value":"reverse_each", "encoding":"US-ASCII", "memsize":40, "flags":{"wb_protected":true}}
{"address":"0x7ffe490bee48", "type":"IMEMO", "imemo_type":"ment", "references":["0x7ffe490bf988"], "memsize":48, "flags":{"wb_protected":true}}
{"address":"0x7ffe490bee70", "type":"STRING", "class":"0x7ffe490be858", "frozen":true, "embedded":true, "fstring":true, "bytesize":15, "value":"each_with_index", "encoding":"US-ASCII", "memsize":40, "flags":{"wb_protected":true}}
{"address":"0x7ffe490bee98", "type":"IMEMO", "imemo_type":"ment", "references":["0x7ffe490bf988"], "memsize":48, "flags":{"wb_protected":true}}
{"address":"0x7ffe490beec0", "type":"IMEMO", "imemo_type":"ment", "references":["0x7ffe490bf988"], "memsize":48, "flags":{"wb_protected":true}}
{"address":"0x7ffe490beee8", "type":"STRING", "class":"0x7ffe490be858", "frozen":true, "embedded":true, "fstring":true, "bytesize":7, "value":"member?", "encoding":"US-ASCII", "memsize":40, "flags":{"wb_protected":true}}
{"address":"0x7ffe490bef10", "type":"IMEMO", "imemo_type":"ment", "references":["0x7ffe490bf988"], "memsize":48, "flags":{"wb_protected":true}}
{"address":"0x7ffe490bef38", "type":"STRING", "class":"0x7ffe490be858", "frozen":true, "embedded":true, "fstring":true, "bytesize":9, "value":"minmax_by", "encoding":"US-ASCII", "memsize":40, "flags":{"wb_protected":true}}
{"address":"0x7ffe490bef60", "type":"IMEMO", "imemo_type":"ment", "references":["0x7ffe490bf988"], "memsize":48, "flags":{"wb_protected":true}}
{"address":"0x7ffe490bef88", "type":"STRING", "class":"0x7ffe490be858", "frozen":true, "embedded":true, "fstring":true, "bytesize":6, "value":"max_by", "encoding":"US-ASCII", "memsize":40, "flags":{"wb_protected":true}}
{"address":"0x7ffe490befb0", "type":"IMEMO", "imemo_type":"ment", "references":["0x7ffe490bf988"], "memsize":48, "flags":{"wb_protected":true}}
{"address":"0x7ffe490befd8", "type":"STRING", "class":"0x7ffe490be858", "frozen":true, "embedded":true, "fstring":true, "bytesize":6, "value":"min_by", "encoding":"US-ASCII", "memsize":40, "flags":{"wb_protected":true}}
{"address":"0x7ffe490bf000", "type":"IMEMO", "imemo_type":"ment", "references":["0x7ffe490bf988"], "memsize":48, "flags":{"wb_protected":true}}
{"address":"0x7ffe490bf028", "type":"STRING", "class":"0x7ffe490be858", "frozen":true, "embedded":true, "fstring":true, "bytesize":6, "value":"minmax", "encoding":"US-ASCII", "memsize":40, "flags":{"wb_protected":true}}
{"address":"0x7ffe490bf050", "type":"IMEMO", "imemo_type":"ment", "references":["0x7ffe490bf988"], "memsize":48, "flags":{"wb_protected":true}}
{"address":"0x7ffe490bf078", "type":"IMEMO", "imemo_type":"ment", "references":["0x7ffe490bf988"], "memsize":48, "flags":{"wb_protected":true}}
{"address":"0x7ffe490bf0a0", "type":"IMEMO", "imemo_type":"ment", "references":["0x7ffe490bf988"], "memsize":48, "flags":{"wb_protected":true}}
{"address":"0x7ffe490bf0c8", "type":"STRING", "class":"0x7ffe490be858", "frozen":true, "embedded":true, "fstring":true, "bytesize":5, "value":"none?", "encoding":"US-ASCII", "memsize":40, "flags":{"wb_protected":true}}
{"address":"0x7ffe490bf0f0", "type":"IMEMO", "imemo_type":"ment", "references":["0x7ffe490bf988"], "memsize":48, "flags":{"wb_protected":true}}
{"address":"0x7ffe490bf118", "type":"STRING", "class":"0x7ffe490be858", "frozen":true, "embedded":true, "fstring":true, "bytesize":4, "value":"one?", "encoding":"US-ASCII", "memsize":40, "flags":{"wb_protected":true}}
{"address":"0x7ffe490bf140", "type":"IMEMO", "imemo_type":"ment", "references":["0x7ffe490bf988"], "memsize":48, "flags":{"wb_protected":true}}
{"address":"0x7ffe490bf168", "type":"STRING", "class":"0x7ffe490be858", "frozen":true, "embedded":true, "fstring":true, "bytesize":4, "value":"any?", "encoding":"US-ASCII", "memsize":40, "flags":{"wb_protected":true}}
{"address":"0x7ffe490bf190", "type":"IMEMO", "imemo_type":"ment", "references":["0x7ffe490bf988"], "memsize":48, "flags":{"wb_protected":true}}
{"address":"0x7ffe490bf1b8", "type":"STRING", "class":"0x7ffe490be858", "frozen":true, "embedded":true, "fstring":true, "bytesize":4, "value":"all?", "encoding":"US-ASCII", "memsize":40, "flags":{"wb_protected":true}}
{"address":"0x7ffe490bf1e0", "type":"IMEMO", "imemo_type":"ment", "references":["0x7ffe490bf988"], "memsize":48, "flags":{"wb_protected":true}}
{"address":"0x7ffe490bf208", "type":"STRING", "class":"0x7ffe490be858", "frozen":true, "embedded":true, "fstring":true, "bytesize":5, "value":"first", "encoding":"US-ASCII", "memsize":40, "flags":{"wb_protected":true}}
{"address":"0x7ffe490bf230", "type":"IMEMO", "imemo_type":"ment", "references":["0x7ffe490bf988"], "memsize":48, "flags":{"wb_protected":true}}
{"address":"0x7ffe490bf258", "type":"STRING", "class":"0x7ffe490be858", "frozen":true, "embedded":true, "fstring":true, "bytesize":5, "value":"tally", "encoding":"US-ASCII", "memsize":40, "flags":{"wb_protected":true}}
{"address":"0x7ffe490bf280", "type":"IMEMO", "imemo_type":"ment", "references":["0x7ffe490bf988"], "memsize":48, "flags":{"wb_protected":true}}
{"address":"0x7ffe490bf2a8", "type":"STRING", "class":"0x7ffe490be858", "frozen":true, "embedded":true, "fstring":true, "bytesize":8, "value":"group_by", "encoding":"US-ASCII", "memsize":40, "flags":{"wb_protected":true}}
{"address":"0x7ffe490bf2d0", "type":"IMEMO", "imemo_type":"ment", "references":["0x7ffe490bf988"], "memsize":48, "flags":{"wb_protected":true}}
{"address":"0x7ffe490bf2f8", "type":"STRING", "class":"0x7ffe490be858", "frozen":true, "embedded":true, "fstring":true, "bytesize":9, "value":"partition", "encoding":"US-ASCII", "memsize":40, "flags":{"wb_protected":true}}
{"address":"0x7ffe490bf320", "type":"IMEMO", "imemo_type":"ment", "references":["0x7ffe490bf988"], "memsize":48, "flags":{"wb_protected":true}}
{"address":"0x7ffe490bf348", "type":"STRING", "class":"0x7ffe490be858", "frozen":true, "embedded":true, "fstring":true, "bytesize":6, "value":"reduce", "encoding":"US-ASCII", "memsize":40, "flags":{"wb_protected":true}}
{"address":"0x7ffe490bf370", "type":"IMEMO", "imemo_type":"ment", "references":["0x7ffe490bf988"], "memsize":48, "flags":{"wb_protected":true}}
{"address":"0x7ffe490bf398", "type":"STRING", "class":"0x7ffe490be858", "frozen":true, "embedded":true, "fstring":true, "bytesize":6, "value":"inject", "encoding":"US-ASCII", "memsize":40, "flags":{"wb_protected":true}}
{"address":"0x7ffe490bf3c0", "type":"IMEMO", "imemo_type":"ment", "references":["0x7ffe490bf988"], "memsize":48, "flags":{"wb_protected":true}}
{"address":"0x7ffe490bf3e8", "type":"STRING", "class":"0x7ffe490be858", "frozen":true, "embedded":true, "fstring":true, "bytesize":14, "value":"collect_concat", "encoding":"US-ASCII", "memsize":40, "flags":{"wb_protected":true}}
{"address":"0x7ffe490bf410", "type":"IMEMO", "imemo_type":"ment", "references":["0x7ffe490bf988"], "memsize":48, "flags":{"wb_protected":true}}
{"address":"0x7ffe490bf438", "type":"STRING", "class":"0x7ffe490be858", "frozen":true, "embedded":true, "fstring":true, "bytesize":8, "value":"flat_map", "encoding":"US-ASCII", "memsize":40, "flags":{"wb_protected":true}}
{"address":"0x7ffe490bf460", "type":"IMEMO", "imemo_type":"ment", "references":["0x7ffe490bf988"], "memsize":48, "flags":{"wb_protected":true}}
{"address":"0x7ffe490bf488", "type":"STRING", "class":"0x7ffe490be858", "frozen":true, "embedded":true, "fstring":true, "bytesize":3, "value":"map", "encoding":"US-ASCII", "memsize":40, "flags":{"wb_protected":true}}
{"address":"0x7ffe490bf4b0", "type":"IMEMO", "imemo_type":"ment", "references":["0x7ffe490bf988"], "memsize":48, "flags":{"wb_protected":true}}
{"address":"0x7ffe490bf4d8", "type":"STRING", "class":"0x7ffe490be858", "frozen":true, "embedded":true, "fstring":true, "bytesize":7, "value":"collect", "encoding":"US-ASCII", "memsize":40, "flags":{"wb_protected":true}}
{"address":"0x7ffe490bf500", "type":"IMEMO", "imemo_type":"ment", "references":["0x7ffe490bf988"], "memsize":48, "flags":{"wb_protected":true}}
{"address":"0x7ffe490bf528", "type":"STRING", "class":"0x7ffe490be858", "frozen":true, "embedded":true, "fstring":true, "bytesize":6, "value":"reject", "encoding":"US-ASCII", "memsize":40, "flags":{"wb_protected":true}}
{"address":"0x7ffe490bf550", "type":"IMEMO", "imemo_type":"ment", "references":["0x7ffe490bf988"], "memsize":48, "flags":{"wb_protected":true}}
{"address":"0x7ffe490bf578", "type":"STRING", "class":"0x7ffe490be858", "frozen":true, "embedded":true, "fstring":true, "bytesize":10, "value":"filter_map", "encoding":"US-ASCII", "memsize":40, "flags":{"wb_protected":true}}
{"address":"0x7ffe490bf5a0", "type":"IMEMO", "imemo_type":"ment", "references":["0x7ffe490bf988"], "memsize":48, "flags":{"wb_protected":true}}
{"address":"0x7ffe490bf5c8", "type":"STRING", "class":"0x7ffe490be858", "frozen":true, "embedded":true, "fstring":true, "bytesize":6, "value":"filter", "encoding":"US-ASCII", "memsize":40, "flags":{"wb_protected":true}}
{"address":"0x7ffe490bf5f0", "type":"IMEMO", "imemo_type":"ment", "references":["0x7ffe490bf988"], "memsize":48, "flags":{"wb_protected":true}}
{"address":"0x7ffe490bf618", "type":"STRING", "class":"0x7ffe490be858", "frozen":true, "embedded":true, "fstring":true, "bytesize":6, "value":"select", "encoding":"US-ASCII", "memsize":40, "flags":{"wb_protected":true}}
{"address":"0x7ffe490bf640", "type":"IMEMO", "imemo_type":"ment", "references":["0x7ffe490bf988"], "memsize":48, "flags":{"wb_protected":true}}
{"address":"0x7ffe490bf668", "type":"STRING", "class":"0x7ffe490be858", "frozen":true, "embedded":true, "fstring":true, "bytesize":8, "value":"find_all", "encoding":"US-ASCII", "memsize":40, "flags":{"wb_protected":true}}
{"address":"0x7ffe490bf690", "type":"IMEMO", "imemo_type":"ment", "references":["0x7ffe490bf988"], "memsize":48, "flags":{"wb_protected":true}}
{"address":"0x7ffe490bf6b8", "type":"STRING", "class":"0x7ffe490be858", "frozen":true, "embedded":true, "fstring":true, "bytesize":10, "value":"find_index", "encoding":"US-ASCII", "memsize":40, "flags":{"wb_protected":true}}
{"address":"0x7ffe490bf6e0", "type":"IMEMO", "imemo_type":"ment", "references":["0x7ffe490bf988"], "memsize":48, "flags":{"wb_protected":true}}
{"address":"0x7ffe490bf708", "type":"STRING", "class":"0x7ffe490be858", "frozen":true, "embedded":true, "fstring":true, "bytesize":6, "value":"detect", "encoding":"US-ASCII", "memsize":40, "flags":{"wb_protected":true}}
{"address":"0x7ffe490bf730", "type":"IMEMO", "imemo_type":"ment", "references":["0x7ffe490bf988"], "memsize":48, "flags":{"wb_protected":true}}
{"address":"0x7ffe490bf758", "type":"IMEMO", "imemo_type":"ment", "references":["0x7ffe490bf988"], "memsize":48, "flags":{"wb_protected":true}}
{"address":"0x7ffe490bf780", "type":"STRING", "class":"0x7ffe490be858", "frozen":true, "embedded":true, "fstring":true, "bytesize":5, "value":"count", "encoding":"US-ASCII", "memsize":40, "flags":{"wb_protected":true}}
{"address":"0x7ffe490bf7a8", "type":"IMEMO", "imemo_type":"ment", "references":["0x7ffe490bf988"], "memsize":48, "flags":{"wb_protected":true}}
{"address":"0x7ffe490bf7d0", "type":"STRING", "class":"0x7ffe490be858", "frozen":true, "embedded":true, "fstring":true, "bytesize":6, "value":"grep_v", "encoding":"US-ASCII", "memsize":40, "flags":{"wb_protected":true}}
{"address":"0x7ffe490bf7f8", "type":"IMEMO", "imemo_type":"ment", "references":["0x7ffe490bf988"], "memsize":48, "flags":{"wb_protected":true}}
{"address":"0x7ffe490bf820", "type":"STRING", "class":"0x7ffe490be858", "frozen":true, "embedded":true, "fstring":true, "bytesize":4, "value":"grep", "encoding":"US-ASCII", "memsize":40, "flags":{"wb_protected":true}}
{"address":"0x7ffe490bf848", "type":"IMEMO", "imemo_type":"ment", "references":["0x7ffe490bf988"], "memsize":48, "flags":{"wb_protected":true}}
{"address":"0x7ffe490bf870", "type":"STRING", "class":"0x7ffe490be858", "frozen":true, "embedded":true, "fstring":true, "bytesize":7, "value":"sort_by", "encoding":"US-ASCII", "memsize":40, "flags":{"wb_protected":true}}
{"address":"0x7ffe490bf898", "type":"IMEMO", "imemo_type":"ment", "references":["0x7ffe490bf988"], "memsize":48, "flags":{"wb_protected":true}}
{"address":"0x7ffe490bf8c0", "type":"STRING", "class":"0x7ffe490be858", "frozen":true, "embedded":true, "fstring":true, "bytesize":4, "value":"sort", "encoding":"US-ASCII", "memsize":40, "flags":{"wb_protected":true}}
{"address":"0x7ffe490bf8e8", "type":"IMEMO", "imemo_type":"ment", "references":["0x7ffe490bf988"], "memsize":48, "flags":{"wb_protected":true}}
{"address":"0x7ffe490bf910", "type":"IMEMO", "imemo_type":"ment", "references":["0x7ffe490bf988"], "memsize":48, "flags":{"wb_protected":true}}
{"address":"0x7ffe490bf938", "type":"STRING", "class":"0x7ffe490be858", "frozen":true, "embedded":true, "fstring":true, "bytesize":7, "value":"entries", "encoding":"US-ASCII", "memsize":40, "flags":{"wb_protected":true}}
{"address":"0x7ffe490bf960", "type":"IMEMO", "imemo_type":"ment", "references":["0x7ffe490bf988"], "memsize":48, "flags":{"wb_protected":true}}
{"address":"0x7ffe490bf988", "type":"MODULE", "class":"0x7ffe490c6850", "name":"Enumerable", "references":["0x7ffe490be9e8", "0x7ffe490be998", "0x7ffe490be948", "0x7ffe490be8f8", "0x7ffe490be8a8", "0x7ffe49084630", "0x7ffe49084540", "0x7ffe490bf8e8", "0x7ffe490bee98", "0x7ffe490bf050", "0x7ffe490bf078", "0x7ffe490bf730", "0x7ffe490bf960", "0x7ffe490bf910", "0x7ffe490bf898", "0x7ffe490bf848", "0x7ffe490bf7f8", "0x7ffe490bf7a8", "0x7ffe490bf758", "0x7ffe490bf6e0", "0x7ffe490bf690", "0x7ffe490bf640", "0x7ffe490bf5f0", "0x7ffe490bf5a0", "0x7ffe490bf550", "0x7ffe490bf500", "0x7ffe490bf4b0", "0x7ffe490bf460", "0x7ffe490bf410", "0x7ffe490bf3c0", "0x7ffe490bf370", "0x7ffe490bf320", "0x7ffe490bf2d0", "0x7ffe490bf280", "0x7ffe490bf230", "0x7ffe490bf1e0", "0x7ffe490bf190", "0x7ffe490bf140", "0x7ffe490bf0f0", "0x7ffe490bf0a0", "0x7ffe490bf000", "0x7ffe490befb0", "0x7ffe490bef60", "0x7ffe490bef10", "0x7ffe490beec0", "0x7ffe490bee48", "0x7ffe490bedf8", "0x7ffe490beda8", "0x7ffe490bed58", "0x7ffe490bed08", "0x7ffe490becb8", "0x7ffe490bec68", "0x7ffe490bec18", "0x7ffe490bebc8", "0x7ffe490beb78", "0x7ffe490beb28", "0x7ffe490bead8", "0x7ffe490bea88", "0x7ffe490bea38", "0x7ffe490bf9b0"], "memsize":2544, "flags":{"wb_protected":true}}
{"address":"0x7ffe490bf9b0", "type":"STRING", "class":"0x7ffe490be858", "frozen":true, "embedded":true, "fstring":true, "bytesize":10, "value":"Enumerable", "encoding":"US-ASCII", "memsize":40, "flags":{"wb_protected":true}}
{"address":"0x7ffe490bf9d8", "type":"IMEMO", "imemo_type":"ment", "references":["0x7ffe490bfb40"], "memsize":48, "flags":{"wb_protected":true}}
{"address":"0x7ffe490bfa00", "type":"STRING", "class":"0x7ffe490be858", "frozen":true, "embedded":true, "fstring":true, "bytesize":5, "value":"clamp", "encoding":"US-ASCII", "memsize":40, "flags":{"wb_protected":true}}
{"address":"0x7ffe490bfa28", "type":"IMEMO", "imemo_type":"ment", "references":["0x7ffe490bfb40"], "memsize":48, "flags":{"wb_protected":true}}
{"address":"0x7ffe490bfa50", "type":"STRING", "class":"0x7ffe490be858", "frozen":true, "embedded":true, "fstring":true, "bytesize":8, "value":"between?", "encoding":"US-ASCII", "memsize":40, "flags":{"wb_protected":true}}
{"address":"0x7ffe490bfa78", "type":"IMEMO", "imemo_type":"ment", "references":["0x7ffe490bfb40"], "memsize":48, "flags":{"wb_protected":true}}
{"address":"0x7ffe490bfaa0", "type":"IMEMO", "imemo_type":"ment", "references":["0x7ffe490bfb40"], "memsize":48, "flags":{"wb_protected":true}}
{"address":"0x7ffe490bfac8", "type":"IMEMO", "imemo_type":"ment", "references":["0x7ffe490bfb40"], "memsize":48, "flags":{"wb_protected":true}}
{"address":"0x7ffe490bfaf0", "type":"IMEMO", "imemo_type":"ment", "references":["0x7ffe490bfb40"], "memsize":48, "flags":{"wb_protected":true}}
{"address":"0x7ffe490bfb18", "type":"IMEMO", "imemo_type":"ment", "references":["0x7ffe490bfb40"], "memsize":48, "flags":{"wb_protected":true}}
{"address":"0x7ffe490bfb40", "type":"MODULE", "class":"0x7ffe490c6850", "name":"Comparable", "references":["0x7ffe490bf9d8", "0x7ffe490bfa78", "0x7ffe490bfac8", "0x7ffe490bfb18", "0x7ffe490bfaa0", "0x7ffe490bfaf0", "0x7ffe490bfa28", "0x7ffe490bfb68"], "memsize":752, "flags":{"wb_protected":true}}
{"address":"0x7ffe490bfb68", "type":"STRING", "class":"0x7ffe490be858", "frozen":true, "embedded":true, "fstring":true, "bytesize":10, "value":"Comparable", "encoding":"US-ASCII", "memsize":40, "flags":{"wb_protected":true}}
{"address":"0x7ffe490bfb90", "type":"DATA", "references":["0x7ffe490c43e8", "0x7ffe490b7e68", "0x7ffe490b7e68", "0x7ffe4909d068", "0x7ffe490c68a0", "0x7ffe49077f48", "0x7ffe490a67f8", "0x7ffe49074aa0", "0x7ffe490c68a0", "0x7ffe4906d8b8", "0x7ffe4906d2a0", "0x7ffe4906cdf0", "0x7ffe4906c238"], "memsize":40}
{"address":"0x7ffe490bfbb8", "type":"DATA", "class":"0x7ffe490c43e8", "frozen":true, "struct":"encoding", "memsize":40}
{"address":"0x7ffe490bfbe0", "type":"DATA", "class":"0x7ffe490c43e8", "frozen":true, "struct":"encoding", "memsize":40}
{"address":"0x7ffe490bfc08", "type":"DATA", "class":"0x7ffe490c43e8", "frozen":true, "struct":"encoding", "memsize":40}
{"address":"0x7ffe490bfc30", "type":"DATA", "class":"0x7ffe490c43e8", "frozen":true, "struct":"encoding", "memsize":40}
{"address":"0x7ffe490bfc58", "type":"DATA", "class":"0x7ffe490c43e8", "frozen":true, "struct":"encoding", "memsize":40}
{"address":"0x7ffe490bfc80", "type":"DATA", "class":"0x7ffe490c43e8", "frozen":true, "struct":"encoding", "memsize":40}
{"address":"0x7ffe490bfca8", "type":"DATA", "class":"0x7ffe490c43e8", "frozen":true, "struct":"encoding", "memsize":40}
{"address":"0x7ffe490bfcd0", "type":"DATA", "class":"0x7ffe490c43e8", "frozen":true, "struct":"encoding", "memsize":40}
{"address":"0x7ffe490bfcf8", "type":"DATA", "class":"0x7ffe490c43e8", "frozen":true, "struct":"encoding", "memsize":40}
{"address":"0x7ffe490bfd20", "type":"DATA", "class":"0x7ffe490c43e8", "frozen":true, "struct":"encoding", "memsize":40}
{"address":"0x7ffe490bfd48", "type":"DATA", "class":"0x7ffe490c43e8", "frozen":true, "struct":"encoding", "memsize":40}
{"address":"0x7ffe490bfd70", "type":"DATA", "class":"0x7ffe490c43e8", "frozen":true, "struct":"encoding", "memsize":40}
{"address":"0x7ffe490bfd98", "type":"ARRAY", "length":103, "references":["0x7ffe490bfd70", "0x7ffe490bfd48", "0x7ffe490bfd20", "0x7ffe490bfcf8", "0x7ffe490bfcd0", "0x7ffe490bfca8", "0x7ffe490bfc80", "0x7ffe490bfc58", "0x7ffe490bfc30", "0x7ffe490bfc08", "0x7ffe490bfbe0", "0x7ffe490bfbb8", "0x7ffe49066d10", "0x7ffe49066c98", "0x7ffe49066c20", "0x7ffe49066ba8", "0x7ffe49066b58", "0x7ffe49066b08", "0x7ffe49066a68", "0x7ffe49066a18", "0x7ffe490669c8", "0x7ffe49066978", "0x7ffe49066928", "0x7ffe490668d8", "0x7ffe49066888", "0x7ffe49066838", "0x7ffe490667e8", "0x7ffe49066798", "0x7ffe49066748", "0x7ffe490666f8", "0x7ffe490666a8", "0x7ffe49066658", "0x7ffe49066608", "0x7ffe490665b8", "0x7ffe49066568", "0x7ffe49066518", "0x7ffe490664c8", "0x7ffe49066478", "0x7ffe49066428", "0x7ffe490663d8", "0x7ffe49066270", "0x7ffe490661f8", "0x7ffe49066180", "0x7ffe49066108", "0x7ffe49066090", "0x7ffe49066018", "0x7ffe49065fa0", "0x7ffe49065f28", "0x7ffe49065eb0", "0x7ffe49065e38", "0x7ffe49065dc0", "0x7ffe49065d48", "0x7ffe49065cf8", "0x7ffe49065ca8", "0x7ffe49065c58", "0x7ffe49065c08", "0x7ffe49065b90", "0x7ffe49065b18", "0x7ffe49065aa0", "0x7ffe49065a28", "0x7ffe490659b0", "0x7ffe49065938", "0x7ffe490658c0", "0x7ffe49065848", "0x7ffe490657d0", "0x7ffe49065730", "0x7ffe490656e0", "0x7ffe49065668", "0x7ffe490655f0", "0x7ffe49065578", "0x7ffe49065500", "0x7ffe49065488", "0x7ffe49065410", "0x7ffe49065398", "0x7ffe49065320", "0x7ffe490652a8", "0x7ffe49065230", "0x7ffe49065190", "0x7ffe49065140", "0x7ffe490650c8", "0x7ffe49065000", "0x7ffe49064f60", "0x7ffe49064f10", "0x7ffe49064df8", "0x7ffe49064d30", "0x7ffe49064cb8", "0x7ffe49064c40", "0x7ffe49064bc8", "0x7ffe49064b78", "0x7ffe49064a38", "0x7ffe49064948", "0x7ffe49064830", "0x7ffe490647e0", "0x7ffe49064678", "0x7ffe49064560", "0x7ffe490641c8", "0x7ffe49064150", "0x7ffe490640d8", "0x7ffe49064088", "0x7ffe49064038", "0x7ffe4905ffd8", "0x7ffe4905ff60", "0x7ffe4905fee8"], "memsize":1064, "flags":{"wb_protected":true}}
{"address":"0x7ffe490bfdc0", "type":"ARRAY", "length":0, "memsize":40, "flags":{"wb_protected":true}}
{"address":"0x7ffe490bfde8", "type":"IMEMO", "class":"0x7ffe490c43c0", "imemo_type":"ment", "memsize":48, "flags":{"wb_protected":true}}
{"address":"0x7ffe490bfe10", "type":"STRING", "class":"0x7ffe490be858", "frozen":true, "embedded":true, "fstring":true, "bytesize":14, "value":"locale_charmap", "encoding":"US-ASCII", "memsize":40, "flags":{"wb_protected":true}}
{"address":"0x7ffe490bfe38", "type":"IMEMO", "class":"0x7ffe490c43c0", "imemo_type":"ment", "memsize":48, "flags":{"wb_protected":true}}
{"address":"0x7ffe490bfe60", "type":"STRING", "class":"0x7ffe490be858", "frozen":true, "embedded":true, "fstring":true, "bytesize":17, "value":"default_internal=", "encoding":"US-ASCII", "memsize":40, "flags":{"wb_protected":true}}
{"address":"0x7ffe490bfe88", "type":"IMEMO", "class":"0x7ffe490c43c0", "imemo_type":"ment", "memsize":48, "flags":{"wb_protected":true}}
{"address":"0x7ffe490bfeb0", "type":"STRING", "class":"0x7ffe490be858", "frozen":true, "embedded":true, "fstring":true, "bytesize":16, "value":"default_internal", "encoding":"US-ASCII", "memsize":40, "flags":{"wb_protected":true}}
{"address":"0x7ffe490bfed8", "type":"IMEMO", "class":"0x7ffe490c43c0", "imemo_type":"ment", "memsize":48, "flags":{"wb_protected":true}}
{"address":"0x7ffe490bff00", "type":"STRING", "class":"0x7ffe490be858", "frozen":true, "embedded":true, "fstring":true, "bytesize":17, "value":"default_external=", "encoding":"US-ASCII", "memsize":40, "flags":{"wb_protected":true}}
{"address":"0x7ffe490bff28", "type":"IMEMO", "class":"0x7ffe490c43c0", "imemo_type":"ment", "memsize":48, "flags":{"wb_protected":true}}
{"address":"0x7ffe490bff50", "type":"STRING", "class":"0x7ffe490be858", "frozen":true, "embedded":true, "fstring":true, "bytesize":16, "value":"default_external", "encoding":"US-ASCII", "memsize":40, "flags":{"wb_protected":true}}
{"address":"0x7ffe490bff78", "type":"IMEMO", "class":"0x7ffe490c43c0", "imemo_type":"ment", "memsize":48, "flags":{"wb_protected":true}}
{"address":"0x7ffe490bffa0", "type":"STRING", "class":"0x7ffe490be858", "frozen":true, "embedded":true, "fstring":true, "bytesize":5, "value":"_load", "encoding":"US-ASCII", "memsize":40, "flags":{"wb_protected":true}}
{"address":"0x7ffe490bffc8", "type":"IMEMO", "class":"0x7ffe490c43e8", "imemo_type":"ment", "memsize":48, "flags":{"wb_protected":true}}
{"address":"0x7ffe490c4028", "type":"STRING", "class":"0x7ffe490be858", "frozen":true, "embedded":true, "fstring":true, "bytesize":5, "value":"_dump", "encoding":"US-ASCII", "memsize":40, "flags":{"wb_protected":true}}
{"address":"0x7ffe490c4050", "type":"IMEMO", "class":"0x7ffe490c43c0", "imemo_type":"ment", "memsize":48, "flags":{"wb_protected":true}}
{"address":"0x7ffe490c4078", "type":"STRING", "class":"0x7ffe490be858", "frozen":true, "embedded":true, "fstring":true, "bytesize":11, "value":"compatible?", "encoding":"US-ASCII", "memsize":40, "flags":{"wb_protected":true}}
{"address":"0x7ffe490c40a0", "type":"IMEMO", "class":"0x7ffe490c43c0", "imemo_type":"ment", "memsize":48, "flags":{"wb_protected":true}}
{"address":"0x7ffe490c40c8", "type":"STRING", "class":"0x7ffe490be858", "frozen":true, "embedded":true, "fstring":true, "bytesize":4, "value":"find", "encoding":"US-ASCII", "memsize":40, "flags":{"wb_protected":true}}
{"address":"0x7ffe490c40f0", "type":"IMEMO", "class":"0x7ffe490c43c0", "imemo_type":"ment", "memsize":48, "flags":{"wb_protected":true}}
{"address":"0x7ffe490c4118", "type":"STRING", "class":"0x7ffe490be858", "frozen":true, "embedded":true, "fstring":true, "bytesize":7, "value":"aliases", "encoding":"US-ASCII", "memsize":40, "flags":{"wb_protected":true}}
{"address":"0x7ffe490c4140", "type":"IMEMO", "class":"0x7ffe490c43c0", "imemo_type":"ment", "memsize":48, "flags":{"wb_protected":true}}
{"address":"0x7ffe490c4168", "type":"STRING", "class":"0x7ffe490be858", "frozen":true, "embedded":true, "fstring":true, "bytesize":9, "value":"name_list", "encoding":"US-ASCII", "memsize":40, "flags":{"wb_protected":true}}
{"address":"0x7ffe490c4190", "type":"IMEMO", "class":"0x7ffe490c43c0", "imemo_type":"ment", "memsize":48, "flags":{"wb_protected":true}}
{"address":"0x7ffe490c41b8", "type":"STRING", "class":"0x7ffe490be858", "frozen":true, "embedded":true, "fstring":true, "bytesize":4, "value":"list", "encoding":"US-ASCII", "memsize":40, "flags":{"wb_protected":true}}
{"address":"0x7ffe490c41e0", "type":"IMEMO", "class":"0x7ffe490c43e8", "imemo_type":"ment", "memsize":48, "flags":{"wb_protected":true}}
{"address":"0x7ffe490c4208", "type":"STRING", "class":"0x7ffe490be858", "frozen":true, "embedded":true, "fstring":true, "bytesize":9, "value":"replicate", "encoding":"US-ASCII", "memsize":40, "flags":{"wb_protected":true}}
{"address":"0x7ffe490c4230", "type":"IMEMO", "class":"0x7ffe490c43e8", "imemo_type":"ment", "memsize":48, "flags":{"wb_protected":true}}
{"address":"0x7ffe490c4258", "type":"STRING", "class":"0x7ffe490be858", "frozen":true, "embedded":true, "fstring":true, "bytesize":17, "value":"ascii_compatible?", "encoding":"US-ASCII", "memsize":40, "flags":{"wb_protected":true}}
{"address":"0x7ffe490c4280", "type":"IMEMO", "class":"0x7ffe490c43e8", "imemo_type":"ment", "memsize":48, "flags":{"wb_protected":true}}
{"address":"0x7ffe490c42a8", "type":"STRING", "class":"0x7ffe490be858", "frozen":true, "embedded":true, "fstring":true, "bytesize":6, "value":"dummy?", "encoding":"US-ASCII", "memsize":40, "flags":{"wb_protected":true}}
{"address":"0x7ffe490c42d0", "type":"IMEMO", "class":"0x7ffe490c43e8", "imemo_type":"ment", "memsize":48, "flags":{"wb_protected":true}}
{"address":"0x7ffe490c42f8", "type":"STRING", "class":"0x7ffe490be858", "frozen":true, "embedded":true, "fstring":true, "bytesize":5, "value":"names", "encoding":"US-ASCII", "memsize":40, "flags":{"wb_protected":true}}
{"address":"0x7ffe490c4320", "type":"IMEMO", "class":"0x7ffe490c43e8", "imemo_type":"ment", "memsize":48, "flags":{"wb_protected":true}}
{"address":"0x7ffe490c4348", "type":"IMEMO", "class":"0x7ffe490c43e8", "imemo_type":"ment", "memsize":48, "flags":{"wb_protected":true}}
{"address":"0x7ffe490c4370", "type":"IMEMO", "class":"0x7ffe490c43e8", "imemo_type":"ment", "memsize":48, "flags":{"wb_protected":true}}
{"address":"0x7ffe490c4398", "type":"IMEMO", "class":"0x7ffe490c43c0", "imemo_type":"ment", "memsize":48, "flags":{"wb_protected":true}}
{"address":"0x7ffe490c43c0", "type":"CLASS", "class":"0x7ffe490c5770", "references":["0x7ffe490c5720", "0x7ffe490c4190", "0x7ffe490c4140", "0x7ffe490c40f0", "0x7ffe490c40a0", "0x7ffe490c4050", "0x7ffe490bff78", "0x7ffe490bff28", "0x7ffe490bfed8", "0x7ffe490bfe88", "0x7ffe490bfe38", "0x7ffe490bfde8", "0x7ffe490c4398", "0x7ffe490c43e8"], "memsize":984, "flags":{"wb_protected":true}}
{"address":"0x7ffe490c43e8", "type":"CLASS", "class":"0x7ffe490c43c0", "name":"Encoding", "references":["0x7ffe490c68a0", "0x7ffe490c4230", "0x7ffe490c42d0", "0x7ffe490c41e0", "0x7ffe490bffc8", "0x7ffe490c4348", "0x7ffe490c4370", "0x7ffe490c4320", "0x7ffe490c4280", "0x7ffe490b5cd0", "0x7ffe4907fc98", "0x7ffe4907fc48", "0x7ffe4905fb00", "0x7ffe490c4410", "0x7ffe490b6b80", "0x7ffe490bfd70", "0x7ffe49066e78", "0x7ffe490bfd70", "0x7ffe49066e78", "0x7ffe490bfd48", "0x7ffe49066e78", "0x7ffe490bfd20", "0x7ffe49066e78", "0x7ffe49066d10", "0x7ffe49066e78", "0x7ffe49066d10", "0x7ffe49066e78", "0x7ffe49066c98", "0x7ffe49066e78", "0x7ffe49066c98", "0x7ffe49066e78", "0x7ffe49066c20", "0x7ffe49066e78", "0x7ffe49066c20", "0x7ffe49066e78", "0x7ffe49066ba8", "0x7ffe49066e78", "0x7ffe49066b58", "0x7ffe49066e78", "0x7ffe49066b08", "0x7ffe49066e78", "0x7ffe49066b08", "0x7ffe49066e78", "0x7ffe490bfbe0", "0x7ffe49066e78", "0x7ffe49066a68", "0x7ffe49066e78", "0x7ffe49066a18", "0x7ffe49066e78", "0x7ffe490669c8", "0x7ffe49066e78", "0x7ffe49066978", "0x7ffe49066e78", "0x7ffe49066928", "0x7ffe49066e78", "0x7ffe490668d8", "0x7ffe49066e78", "0x7ffe49066888", "0x7ffe49066e78", "0x7ffe49066838", "0x7ffe49066e78", "0x7ffe490667e8", "0x7ffe49066e78", "0x7ffe49066798", "0x7ffe49066e78", "0x7ffe49066748", "0x7ffe49066e78", "0x7ffe490666f8", "0x7ffe49066e78", "0x7ffe490666a8", "0x7ffe49066e78", "0x7ffe49066658", "0x7ffe49066e78", "0x7ffe49066608", "0x7ffe49066e78", "0x7ffe490665b8", "0x7ffe49066e78", "0x7ffe49066568", "0x7ffe49066e78", "0x7ffe49066518", "0x7ffe49066e78", "0x7ffe490664c8", "0x7ffe49066e78", "0x7ffe49066478", "0x7ffe49066e78", "0x7ffe49066428", "0x7ffe49066e78", "0x7ffe490663d8", "0x7ffe49066e78", "0x7ffe490663d8", "0x7ffe49066e78", "0x7ffe490bfcf8", "0x7ffe49066e78", "0x7ffe490bfcd0", "0x7ffe49066e78", "0x7ffe490bfca8", "0x7ffe49066e78", "0x7ffe490bfc80", "0x7ffe49066e78", "0x7ffe490bfbb8", "0x7ffe49066e78", "0x7ffe490bfbb8", "0x7ffe49066e78", "0x7ffe49066270", "0x7ffe49066e78", "0x7ffe49066270", "0x7ffe49066e78", "0x7ffe490661f8", "0x7ffe49066e78", "0x7ffe490661f8", "0x7ffe49066e78", "0x7ffe49066180", "0x7ffe49066e78", "0x7ffe49066180", "0x7ffe49066e78", "0x7ffe49066108", "0x7ffe49066e78", "0x7ffe49066108", "0x7ffe49066e78", "0x7ffe49066090", "0x7ffe49066e78", "0x7ffe49066090", "0x7ffe49066e78", "0x7ffe49066018", "0x7ffe49066e78", "0x7ffe49066018", "0x7ffe49066e78", "0x7ffe49065fa0", "0x7ffe49066e78", "0x7ffe49065fa0", "0x7ffe49066e78", "0x7ffe49065f28", "0x7ffe49066e78", "0x7ffe49065f28", "0x7ffe49066e78", "0x7ffe49065eb0", "0x7ffe49066e78", "0x7ffe49065eb0", "0x7ffe49066e78", "0x7ffe49065e38", "0x7ffe49066e78", "0x7ffe49065e38", "0x7ffe49066e78", "0x7ffe49065dc0", "0x7ffe49066e78", "0x7ffe49065dc0", "0x7ffe49066e78", "0x7ffe49065d48", "0x7ffe49066e78", "0x7ffe49065cf8", "0x7ffe49066e78", "0x7ffe49065ca8", "0x7ffe49066e78", "0x7ffe49065c58", "0x7ffe49066e78", "0x7ffe49065c08", "0x7ffe49066e78", "0x7ffe49065c08", "0x7ffe49066e78", "0x7ffe49065b90", "0x7ffe49066e78", "0x7ffe49065b90", "0x7ffe49066e78", "0x7ffe49065b18", "0x7ffe49066e78", "0x7ffe49065b18", "0x7ffe49066e78", "0x7ffe49065aa0", "0x7ffe49066e78", "0x7ffe49065aa0", "0x7ffe49066e78", "0x7ffe49065a28", "0x7ffe49066e78", "0x7ffe49065a28", "0x7ffe49066e78", "0x7ffe490659b0", "0x7ffe49066e78", "0x7ffe490659b0", "0x7ffe49066e78", "0x7ffe49065938", "0x7ffe49066e78", "0x7ffe49065938", "0x7ffe49066e78", "0x7ffe490658c0", "0x7ffe49066e78", "0x7ffe490658c0", "0x7ffe49066e78", "0x7ffe49065848", "0x7ffe49066e78", "0x7ffe49065848", "0x7ffe49066e78", "0x7ffe490657d0", "0x7ffe49066e78", "0x7ffe490657d0", "0x7ffe49066e78", "0x7ffe490657d0", "0x7ffe49066e78", "0x7ffe49065730", "0x7ffe49066e78", "0x7ffe490656e0", "0x7ffe49066e78", "0x7ffe490656e0", "0x7ffe49066e78", "0x7ffe49065668", "0x7ffe49066e78", "0x7ffe49065668", "0x7ffe49066e78", "0x7ffe490655f0", "0x7ffe49066e78", "0x7ffe490655f0", "0x7ffe49066e78", "0x7ffe49065578", "0x7ffe49066e78", "0x7ffe49065578", "0x7ffe49066e78", "0x7ffe49065500", "0x7ffe49066e78", "0x7ffe49065500", "0x7ffe49066e78", "0x7ffe49065488", "0x7ffe49066e78", "0x7ffe49065488", "0x7ffe49066e78", "0x7ffe49065410", "0x7ffe49066e78", "0x7ffe49065410", "0x7ffe49066e78", "0x7ffe49065398", "0x7ffe49066e78", "0x7ffe49065398", "0x7ffe49066e78", "0x7ffe49065320", "0x7ffe49066e78", "0x7ffe49065320", "0x7ffe49066e78", "0x7ffe490652a8", "0x7ffe49066e78", "0x7ffe490652a8", "0x7ffe49066e78", "0x7ffe49065230", "0x7ffe49066e78", "0x7ffe49066c98", "0x7ffe49066e78", "0x7ffe49066c98", "0x7ffe49066e78", "0x7ffe49065190", "0x7ffe49066e78", "0x7ffe49065140", "0x7ffe49066e78", "0x7ffe49065140", "0x7ffe49066e78", "0x7ffe490650c8", "0x7ffe49066e78", "0x7ffe490650c8", "0x7ffe49066e78", "0x7ffe490bfbe0", "0x7ffe49066e78", "0x7ffe490bfbe0", "0x7ffe49066e78", "0x7ffe49065000", "0x7ffe49066e78", "0x7ffe49065000", "0x7ffe49066e78", "0x7ffe49065000", "0x7ffe49066e78", "0x7ffe49064f60", "0x7ffe49066e78", "0x7ffe49064f10", "0x7ffe49066e78", "0x7ffe49064f10", "0x7ffe49066e78", "0x7ffe49066a68", "0x7ffe49066e78", "0x7ffe49066a68", "0x7ffe49066e78", "0x7ffe49066a18", "0x7ffe49066e78", "0x7ffe49066a18", "0x7ffe49066e78", "0x7ffe49064df8", "0x7ffe49066e78", "0x7ffe49064df8", "0x7ffe49066e78", "0x7ffe49064df8", "0x7ffe49066e78", "0x7ffe49064df8", "0x7ffe49066e78", "0x7ffe49064d30", "0x7ffe49066e78", "0x7ffe49066978", "0x7ffe49066e78", "0x7ffe49064cb8", "0x7ffe49066e78", "0x7ffe49064cb8", "0x7ffe49066e78", "0x7ffe49064c40", "0x7ffe49066e78", "0x7ffe49064c40", "0x7ffe49066e78", "0x7ffe49064bc8", "0x7ffe49066e78", "0x7ffe49064b78", "0x7ffe49066e78", "0x7ffe49066928", "0x7ffe49066e78", "0x7ffe490668d8", "0x7ffe49066e78", "0x7ffe49066888", "0x7ffe49066e78", "0x7ffe49066838", "0x7ffe49066e78", "0x7ffe490667e8", "0x7ffe49066e78", "0x7ffe49066798", "0x7ffe49066e78", "0x7ffe49064a38", "0x7ffe49066e78", "0x7ffe49064a38", "0x7ffe49066e78", "0x7ffe49064a38", "0x7ffe49066e78", "0x7ffe49066748", "0x7ffe49066e78", "0x7ffe490666f8", "0x7ffe49066e78", "0x7ffe49064948", "0x7ffe49066e78", "0x7ffe49064948", "0x7ffe49066e78", "0x7ffe49064948", "0x7ffe49066e78", "0x7ffe490666a8", "0x7ffe49066e78", "0x7ffe49066658", "0x7ffe49066e78", "0x7ffe49066608", "0x7ffe49066e78", "0x7ffe49064830", "0x7ffe49066e78", "0x7ffe490647e0", "0x7ffe49066e78", "0x7ffe490647e0", "0x7ffe49066e78", "0x7ffe490647e0", "0x7ffe49066e78", "0x7ffe490665b8", "0x7ffe49066e78", "0x7ffe49066568", "0x7ffe49066e78", "0x7ffe49066518", "0x7ffe49066e78", "0x7ffe490664c8", "0x7ffe49066e78", "0x7ffe49066478", "0x7ffe49066e78", "0x7ffe49064678", "0x7ffe49066e78", "0x7ffe49064678", "0x7ffe49066e78", "0x7ffe49064678", "0x7ffe49066e78", "0x7ffe49064678", "0x7ffe49066e78", "0x7ffe490bfd20", "0x7ffe49066e78", "0x7ffe490bfd20", "0x7ffe49066e78", "0x7ffe49064560", "0x7ffe49066e78", "0x7ffe49064560", "0x7ffe49066e78", "0x7ffe490bfd48", "0x7ffe49066e78", "0x7ffe490bfc08", "0x7ffe49066e78", "0x7ffe490bfc08", "0x7ffe49066e78", "0x7ffe490bfc08", "0x7ffe49066e78", "0x7ffe490bfc58", "0x7ffe49066e78", "0x7ffe490bfc30", "0x7ffe49066e78", "0x7ffe490bfcf8", "0x7ffe49066e78", "0x7ffe490bfca8", "0x7ffe49066e78", "0x7ffe490bfc80", "0x7ffe49066e78", "0x7ffe490bfbb8", "0x7ffe49066e78", "0x7ffe490bfbb8", "0x7ffe49066e78", "0x7ffe490bfbb8", "0x7ffe49066e78", "0x7ffe490bfbb8", "0x7ffe49066e78", "0x7ffe490bfbb8", "0x7ffe49066e78", "0x7ffe49066270", "0x7ffe49066e78", "0x7ffe490661f8", "0x7ffe49066e78", "0x7ffe49066180", "0x7ffe49066e78", "0x7ffe49066108", "0x7ffe49066e78", "0x7ffe49066090", "0x7ffe49066e78", "0x7ffe49066018", "0x7ffe49066e78", "0x7ffe490641c8", "0x7ffe49066e78", "0x7ffe490641c8", "0x7ffe49066e78", "0x7ffe49064150", "0x7ffe49066e78", "0x7ffe49064150", "0x7ffe49066e78", "0x7ffe490640d8", "0x7ffe49066e78", "0x7ffe49064088", "0x7ffe49066e78", "0x7ffe49064038", "0x7ffe49066e78", "0x7ffe4905ffd8", "0x7ffe49066e78", "0x7ffe4905ffd8", "0x7ffe49066e78", "0x7ffe4905ff60", "0x7ffe49066e78", "0x7ffe4905ff60", "0x7ffe49066e78", "0x7ffe4905fee8", "0x7ffe49066e78", "0x7ffe4905fee8", "0x7ffe49066e78", "0x7ffe4909e0f8", "0x7ffe4909e058", "0x7ffe4909dfb8", "0x7ffe4909de78"], "memsize":9192, "flags":{"wb_protected":true}}
{"address":"0x7ffe490c4410", "type":"STRING", "class":"0x7ffe490be858", "frozen":true, "embedded":true, "fstring":true, "bytesize":8, "value":"Encoding", "encoding":"US-ASCII", "memsize":40, "flags":{"wb_protected":true}}
{"address":"0x7ffe490c4438", "type":"IMEMO", "class":"0x7ffe490c4488", "imemo_type":"ment", "memsize":48, "flags":{"wb_protected":true}}
{"address":"0x7ffe490c4460", "type":"IMEMO", "class":"0x7ffe490c4488", "imemo_type":"ment", "memsize":48, "flags":{"wb_protected":true}}
{"address":"0x7ffe490c4488", "type":"CLASS", "class":"0x7ffe490c5720", "references":["0x7ffe490c68a0", "0x7ffe49086890", "0x7ffe490b54b0", "0x7ffe490b5488", "0x7ffe490b5460", "0x7ffe490b5348", "0x7ffe490c4438", "0x7ffe490c4460", "0x7ffe490b5320", "0x7ffe4904cb18", "0x7ffe4904caf0", "0x7ffe49046060", "0x7ffe49046038", "0x7ffe49045e30", "0x7ffe49045e08", "0x7ffe490c44b0"], "memsize":936, "flags":{"wb_protected":true}}
{"address":"0x7ffe490c44b0", "type":"OBJECT", "class":"0x7ffe490c4488", "ivars":3, "memsize":40, "flags":{"wb_protected":true}}
{"address":"0x7ffe490c44d8", "type":"IMEMO", "class":"0x7ffe490c4618", "imemo_type":"ment", "memsize":48, "flags":{"wb_protected":true}}
{"address":"0x7ffe490c4500", "type":"IMEMO", "class":"0x7ffe490c4640", "imemo_type":"ment", "memsize":48, "flags":{"wb_protected":true}}
{"address":"0x7ffe490c4528", "type":"IMEMO", "class":"0x7ffe490c4640", "imemo_type":"ment", "memsize":48, "flags":{"wb_protected":true}}
{"address":"0x7ffe490c4550", "type":"IMEMO", "class":"0x7ffe490c4640", "imemo_type":"ment", "memsize":48, "flags":{"wb_protected":true}}
{"address":"0x7ffe490c4578", "type":"IMEMO", "class":"0x7ffe490c4640", "imemo_type":"ment", "memsize":48, "flags":{"wb_protected":true}}
{"address":"0x7ffe490c45a0", "type":"IMEMO", "class":"0x7ffe490c4640", "imemo_type":"ment", "memsize":48, "flags":{"wb_protected":true}}
{"address":"0x7ffe490c45c8", "type":"IMEMO", "class":"0x7ffe490c4640", "imemo_type":"ment", "memsize":48, "flags":{"wb_protected":true}}
{"address":"0x7ffe490c45f0", "type":"STRING", "class":"0x7ffe490be858", "frozen":true, "fstring":true, "bytesize":5, "value":"false", "encoding":"US-ASCII", "memsize":40, "flags":{"wb_protected":true}}
{"address":"0x7ffe490c4618", "type":"CLASS", "class":"0x7ffe490c5770", "references":["0x7ffe490c5720", "0x7ffe490c44d8", "0x7ffe490c4640"], "memsize":536, "flags":{"wb_protected":true}}
{"address":"0x7ffe490c4640", "type":"CLASS", "class":"0x7ffe490c4618", "name":"FalseClass", "references":["0x7ffe490c68a0", "0x7ffe490c4500", "0x7ffe490c4528", "0x7ffe490c45a0", "0x7ffe490c45c8", "0x7ffe490c4578", "0x7ffe490c4550", "0x7ffe4907fc48", "0x7ffe4907c160", "0x7ffe4907fc98", "0x7ffe490c4668"], "memsize":760, "flags":{"wb_protected":true}}
{"address":"0x7ffe490c4668", "type":"STRING", "class":"0x7ffe490be858", "frozen":true, "embedded":true, "fstring":true, "bytesize":10, "value":"FalseClass", "encoding":"US-ASCII", "memsize":40, "flags":{"wb_protected":true}}
{"address":"0x7ffe490c4690", "type":"IMEMO", "class":"0x7ffe490c47d0", "imemo_type":"ment", "memsize":48, "flags":{"wb_protected":true}}
{"address":"0x7ffe490c46b8", "type":"IMEMO", "class":"0x7ffe490c47f8", "imemo_type":"ment", "memsize":48, "flags":{"wb_protected":true}}
{"address":"0x7ffe490c46e0", "type":"IMEMO", "class":"0x7ffe490c47f8", "imemo_type":"ment", "memsize":48, "flags":{"wb_protected":true}}
{"address":"0x7ffe490c4708", "type":"IMEMO", "class":"0x7ffe490c47f8", "imemo_type":"ment", "memsize":48, "flags":{"wb_protected":true}}
{"address":"0x7ffe490c4730", "type":"IMEMO", "class":"0x7ffe490c47f8", "imemo_type":"ment", "memsize":48, "flags":{"wb_protected":true}}
{"address":"0x7ffe490c4758", "type":"IMEMO", "class":"0x7ffe490c47f8", "imemo_type":"ment", "memsize":48, "flags":{"wb_protected":true}}
{"address":"0x7ffe490c4780", "type":"IMEMO", "class":"0x7ffe490c47f8", "imemo_type":"ment", "memsize":48, "flags":{"wb_protected":true}}
{"address":"0x7ffe490c47a8", "type":"STRING", "class":"0x7ffe490be858", "frozen":true, "fstring":true, "bytesize":4, "value":"true", "encoding":"US-ASCII", "memsize":40, "flags":{"wb_protected":true}}
{"address":"0x7ffe490c47d0", "type":"CLASS", "class":"0x7ffe490c5770", "references":["0x7ffe490c5720", "0x7ffe490c4690", "0x7ffe490c47f8"], "memsize":536, "flags":{"wb_protected":true}}
{"address":"0x7ffe490c47f8", "type":"CLASS", "class":"0x7ffe490c47d0", "name":"TrueClass", "references":["0x7ffe490c68a0", "0x7ffe490c46b8", "0x7ffe490c46e0", "0x7ffe490c4758", "0x7ffe490c4780", "0x7ffe490c4730", "0x7ffe490c4708", "0x7ffe490c4820"], "memsize":600, "flags":{"wb_protected":true}}
{"address":"0x7ffe490c4820", "type":"STRING", "class":"0x7ffe490be858", "frozen":true, "embedded":true, "fstring":true, "bytesize":9, "value":"TrueClass", "encoding":"US-ASCII", "memsize":40, "flags":{"wb_protected":true}}
{"address":"0x7ffe490c4848", "type":"IMEMO", "class":"0x7ffe490c6800", "imemo_type":"ment", "memsize":48, "flags":{"wb_protected":true}}
{"address":"0x7ffe490c4870", "type":"STRING", "class":"0x7ffe490be858", "frozen":true, "embedded":true, "fstring":true, "bytesize":16, "value":"prepend_features", "encoding":"US-ASCII", "memsize":40, "flags":{"wb_protected":true}}
{"address":"0x7ffe490c4898", "type":"IMEMO", "class":"0x7ffe490c6800", "imemo_type":"ment", "memsize":48, "flags":{"wb_protected":true}}
{"address":"0x7ffe490c48c0", "type":"STRING", "class":"0x7ffe490be858", "frozen":true, "embedded":true, "fstring":true, "bytesize":15, "value":"append_features", "encoding":"US-ASCII", "memsize":40, "flags":{"wb_protected":true}}
{"address":"0x7ffe490c48e8", "type":"IMEMO", "class":"0x7ffe490c6800", "imemo_type":"ment", "memsize":48, "flags":{"wb_protected":true}}
{"address":"0x7ffe490c4910", "type":"STRING", "class":"0x7ffe490be858", "frozen":true, "embedded":true, "fstring":true, "bytesize":13, "value":"extend_object", "encoding":"US-ASCII", "memsize":40, "flags":{"wb_protected":true}}
{"address":"0x7ffe490c4938", "type":"IMEMO", "class":"0x7ffe490c6800", "imemo_type":"ment", "memsize":48, "flags":{"wb_protected":true}}
{"address":"0x7ffe490c4960", "type":"STRING", "class":"0x7ffe490be858", "frozen":true, "embedded":true, "fstring":true, "bytesize":10, "value":"superclass", "encoding":"US-ASCII", "memsize":40, "flags":{"wb_protected":true}}
{"address":"0x7ffe490c4988", "type":"IMEMO", "class":"0x7ffe490c6800", "imemo_type":"ment", "memsize":48, "flags":{"wb_protected":true}}
{"address":"0x7ffe490c49b0", "type":"IMEMO", "class":"0x7ffe490c6800", "imemo_type":"ment", "memsize":48, "flags":{"wb_protected":true}}
{"address":"0x7ffe490c49d8", "type":"IMEMO", "class":"0x7ffe490c6800", "imemo_type":"ment", "memsize":48, "flags":{"wb_protected":true}}
{"address":"0x7ffe490c4a00", "type":"STRING", "class":"0x7ffe490be858", "frozen":true, "embedded":true, "fstring":true, "bytesize":8, "value":"allocate", "encoding":"US-ASCII", "memsize":40, "flags":{"wb_protected":true}}
{"address":"0x7ffe490c4a28", "type":"IMEMO", "class":"0x7ffe490c6850", "imemo_type":"ment", "memsize":48, "flags":{"wb_protected":true}}
{"address":"0x7ffe490c4a50", "type":"STRING", "class":"0x7ffe490be858", "frozen":true, "embedded":true, "fstring":true, "bytesize":16, "value":"singleton_class?", "encoding":"US-ASCII", "memsize":40, "flags":{"wb_protected":true}}
{"address":"0x7ffe490c4a78", "type":"IMEMO", "class":"0x7ffe490c6850", "imemo_type":"ment", "memsize":48, "flags":{"wb_protected":true}}
{"address":"0x7ffe490c4aa0", "type":"STRING", "class":"0x7ffe490be858", "frozen":true, "embedded":true, "fstring":true, "bytesize":18, "value":"deprecate_constant", "encoding":"US-ASCII", "memsize":40, "flags":{"wb_protected":true}}
{"address":"0x7ffe490c4ac8", "type":"IMEMO", "class":"0x7ffe490c6850", "imemo_type":"ment", "memsize":48, "flags":{"wb_protected":true}}
{"address":"0x7ffe490c4af0", "type":"STRING", "class":"0x7ffe490be858", "frozen":true, "embedded":true, "fstring":true, "bytesize":16, "value":"private_constant", "encoding":"US-ASCII", "memsize":40, "flags":{"wb_protected":true}}
{"address":"0x7ffe490c4b18", "type":"IMEMO", "class":"0x7ffe490c6850", "imemo_type":"ment", "memsize":48, "flags":{"wb_protected":true}}
{"address":"0x7ffe490c4b40", "type":"STRING", "class":"0x7ffe490be858", "frozen":true, "embedded":true, "fstring":true, "bytesize":15, "value":"public_constant", "encoding":"US-ASCII", "memsize":40, "flags":{"wb_protected":true}}
{"address":"0x7ffe490c4b68", "type":"IMEMO", "class":"0x7ffe490c6850", "imemo_type":"ment", "memsize":48, "flags":{"wb_protected":true}}
{"address":"0x7ffe490c4b90", "type":"STRING", "class":"0x7ffe490be858", "frozen":true, "embedded":true, "fstring":true, "bytesize":23, "value":"class_variable_defined?", "encoding":"US-ASCII", "memsize":40, "flags":{"wb_protected":true}}
{"address":"0x7ffe490c4bb8", "type":"IMEMO", "class":"0x7ffe490c6850", "imemo_type":"ment", "memsize":48, "flags":{"wb_protected":true}}
{"address":"0x7ffe490c4be0", "type":"STRING", "class":"0x7ffe490be858", "frozen":true, "embedded":true, "fstring":true, "bytesize":18, "value":"class_variable_set", "encoding":"US-ASCII", "memsize":40, "flags":{"wb_protected":true}}
{"address":"0x7ffe490c4c08", "type":"IMEMO", "class":"0x7ffe490c6850", "imemo_type":"ment", "memsize":48, "flags":{"wb_protected":true}}
{"address":"0x7ffe490c4c30", "type":"STRING", "class":"0x7ffe490be858", "frozen":true, "embedded":true, "fstring":true, "bytesize":18, "value":"class_variable_get", "encoding":"US-ASCII", "memsize":40, "flags":{"wb_protected":true}}
{"address":"0x7ffe490c4c58", "type":"IMEMO", "class":"0x7ffe490c6850", "imemo_type":"ment", "memsize":48, "flags":{"wb_protected":true}}
{"address":"0x7ffe490c4c80", "type":"STRING", "class":"0x7ffe490be858", "frozen":true, "embedded":true, "fstring":true, "bytesize":21, "value":"remove_class_variable", "encoding":"US-ASCII", "memsize":40, "flags":{"wb_protected":true}}
{"address":"0x7ffe490c4ca8", "type":"IMEMO", "class":"0x7ffe490c6850", "imemo_type":"ment", "memsize":48, "flags":{"wb_protected":true}}
{"address":"0x7ffe490c4cd0", "type":"STRING", "class":"0x7ffe490be858", "frozen":true, "embedded":true, "fstring":true, "bytesize":15, "value":"class_variables", "encoding":"US-ASCII", "memsize":40, "flags":{"wb_protected":true}}
{"address":"0x7ffe490c4cf8", "type":"IMEMO", "class":"0x7ffe490c6850", "imemo_type":"ment", "memsize":48, "flags":{"wb_protected":true}}
{"address":"0x7ffe490c4d20", "type":"IMEMO", "class":"0x7ffe490c6850", "imemo_type":"ment", "memsize":48, "flags":{"wb_protected":true}}
{"address":"0x7ffe490c4d48", "type":"STRING", "class":"0x7ffe490be858", "frozen":true, "embedded":true, "fstring":true, "bytesize":12, "value":"remove_const", "encoding":"US-ASCII", "memsize":40, "flags":{"wb_protected":true}}
{"address":"0x7ffe490c4d70", "type":"IMEMO", "class":"0x7ffe490c6850", "imemo_type":"ment", "memsize":48, "flags":{"wb_protected":true}}
{"address":"0x7ffe490c4d98", "type":"STRING", "class":"0x7ffe490be858", "frozen":true, "embedded":true, "fstring":true, "bytesize":21, "value":"const_source_location", "encoding":"US-ASCII", "memsize":40, "flags":{"wb_protected":true}}
{"address":"0x7ffe490c4dc0", "type":"IMEMO", "class":"0x7ffe490c6850", "imemo_type":"ment", "memsize":48, "flags":{"wb_protected":true}}
{"address":"0x7ffe490c4de8", "type":"STRING", "class":"0x7ffe490be858", "frozen":true, "embedded":true, "fstring":true, "bytesize":14, "value":"const_defined?", "encoding":"US-ASCII", "memsize":40, "flags":{"wb_protected":true}}
{"address":"0x7ffe490c4e10", "type":"IMEMO", "class":"0x7ffe490c6850", "imemo_type":"ment", "memsize":48, "flags":{"wb_protected":true}}
{"address":"0x7ffe490c4e38", "type":"STRING", "class":"0x7ffe490be858", "frozen":true, "embedded":true, "fstring":true, "bytesize":9, "value":"const_set", "encoding":"US-ASCII", "memsize":40, "flags":{"wb_protected":true}}
{"address":"0x7ffe490c4e60", "type":"IMEMO", "class":"0x7ffe490c6850", "imemo_type":"ment", "memsize":48, "flags":{"wb_protected":true}}
{"address":"0x7ffe490c4e88", "type":"STRING", "class":"0x7ffe490be858", "frozen":true, "embedded":true, "fstring":true, "bytesize":9, "value":"const_get", "encoding":"US-ASCII", "memsize":40, "flags":{"wb_protected":true}}
{"address":"0x7ffe490c4eb0", "type":"IMEMO", "class":"0x7ffe490c6850", "imemo_type":"ment", "memsize":48, "flags":{"wb_protected":true}}
{"address":"0x7ffe490c4ed8", "type":"STRING", "class":"0x7ffe490be858", "frozen":true, "embedded":true, "fstring":true, "bytesize":9, "value":"constants", "encoding":"US-ASCII", "memsize":40, "flags":{"wb_protected":true}}
{"address":"0x7ffe490c4f00", "type":"IMEMO", "class":"0x7ffe490c6850", "imemo_type":"ment", "memsize":48, "flags":{"wb_protected":true}}
{"address":"0x7ffe490c4f28", "type":"STRING", "class":"0x7ffe490be858", "frozen":true, "fstring":true, "bytesize":24, "value":"private_instance_methods", "encoding":"US-ASCII", "memsize":65, "flags":{"wb_protected":true}}
{"address":"0x7ffe490c4f50", "type":"IMEMO", "class":"0x7ffe490c6850", "imemo_type":"ment", "memsize":48, "flags":{"wb_protected":true}}
{"address":"0x7ffe490c4f78", "type":"STRING", "class":"0x7ffe490be858", "frozen":true, "fstring":true, "bytesize":26, "value":"protected_instance_methods", "encoding":"US-ASCII", "memsize":67, "flags":{"wb_protected":true}}
{"address":"0x7ffe490c4fa0", "type":"IMEMO", "class":"0x7ffe490c6850", "imemo_type":"ment", "memsize":48, "flags":{"wb_protected":true}}
{"address":"0x7ffe490c4fc8", "type":"STRING", "class":"0x7ffe490be858", "frozen":true, "embedded":true, "fstring":true, "bytesize":23, "value":"public_instance_methods", "encoding":"US-ASCII", "memsize":40, "flags":{"wb_protected":true}}
{"address":"0x7ffe490c4ff0", "type":"IMEMO", "class":"0x7ffe490c6850", "imemo_type":"ment", "memsize":48, "flags":{"wb_protected":true}}
{"address":"0x7ffe490c5018", "type":"STRING", "class":"0x7ffe490be858", "frozen":true, "embedded":true, "fstring":true, "bytesize":16, "value":"instance_methods", "encoding":"US-ASCII", "memsize":40, "flags":{"wb_protected":true}}
{"address":"0x7ffe490c5040", "type":"IMEMO", "class":"0x7ffe490c6850", "imemo_type":"ment", "memsize":48, "flags":{"wb_protected":true}}
{"address":"0x7ffe490c5068", "type":"IMEMO", "class":"0x7ffe490c6850", "imemo_type":"ment", "memsize":48, "flags":{"wb_protected":true}}
{"address":"0x7ffe490c5090", "type":"IMEMO", "class":"0x7ffe490c6850", "imemo_type":"ment", "memsize":48, "flags":{"wb_protected":true}}
{"address":"0x7ffe490c50b8", "type":"STRING", "class":"0x7ffe490be858", "frozen":true, "embedded":true, "fstring":true, "bytesize":13, "value":"attr_accessor", "encoding":"US-ASCII", "memsize":40, "flags":{"wb_protected":true}}
{"address":"0x7ffe490c50e0", "type":"IMEMO", "class":"0x7ffe490c6850", "imemo_type":"ment", "memsize":48, "flags":{"wb_protected":true}}
{"address":"0x7ffe490c5108", "type":"STRING", "class":"0x7ffe490be858", "frozen":true, "embedded":true, "fstring":true, "bytesize":11, "value":"attr_writer", "encoding":"US-ASCII", "memsize":40, "flags":{"wb_protected":true}}
{"address":"0x7ffe490c5130", "type":"IMEMO", "class":"0x7ffe490c6850", "imemo_type":"ment", "memsize":48, "flags":{"wb_protected":true}}
{"address":"0x7ffe490c5158", "type":"STRING", "class":"0x7ffe490be858", "frozen":true, "embedded":true, "fstring":true, "bytesize":11, "value":"attr_reader", "encoding":"US-ASCII", "memsize":40, "flags":{"wb_protected":true}}
{"address":"0x7ffe490c5180", "type":"IMEMO", "class":"0x7ffe490c6850", "imemo_type":"ment", "memsize":48, "flags":{"wb_protected":true}}
{"address":"0x7ffe490c51a8", "type":"STRING", "class":"0x7ffe490be858", "frozen":true, "embedded":true, "fstring":true, "bytesize":4, "value":"attr", "encoding":"US-ASCII", "memsize":40, "flags":{"wb_protected":true}}
{"address":"0x7ffe490c51d0", "type":"IMEMO", "class":"0x7ffe490c6850", "imemo_type":"ment", "memsize":48, "flags":{"wb_protected":true}}
{"address":"0x7ffe490c51f8", "type":"STRING", "class":"0x7ffe490be858", "frozen":true, "embedded":true, "fstring":true, "bytesize":9, "value":"ancestors", "encoding":"US-ASCII", "memsize":40, "flags":{"wb_protected":true}}
{"address":"0x7ffe490c5220", "type":"IMEMO", "class":"0x7ffe490c6850", "imemo_type":"ment", "memsize":48, "flags":{"wb_protected":true}}
{"address":"0x7ffe490c5248", "type":"IMEMO", "class":"0x7ffe490c6850", "imemo_type":"ment", "memsize":48, "flags":{"wb_protected":true}}
{"address":"0x7ffe490c5270", "type":"STRING", "class":"0x7ffe490be858", "frozen":true, "embedded":true, "fstring":true, "bytesize":8, "value":"include?", "encoding":"US-ASCII", "memsize":40, "flags":{"wb_protected":true}}
{"address":"0x7ffe490c5298", "type":"IMEMO", "class":"0x7ffe490c6850", "imemo_type":"ment", "memsize":48, "flags":{"wb_protected":true}}
{"address":"0x7ffe490c52c0", "type":"STRING", "class":"0x7ffe490be858", "frozen":true, "embedded":true, "fstring":true, "bytesize":16, "value":"included_modules", "encoding":"US-ASCII", "memsize":40, "flags":{"wb_protected":true}}
{"address":"0x7ffe490c52e8", "type":"IMEMO", "class":"0x7ffe490c6850", "imemo_type":"ment", "memsize":48, "flags":{"wb_protected":true}}
{"address":"0x7ffe490c5310", "type":"IMEMO", "class":"0x7ffe490c6850", "imemo_type":"ment", "memsize":48, "flags":{"wb_protected":true}}
{"address":"0x7ffe490c5338", "type":"IMEMO", "class":"0x7ffe490c6850", "imemo_type":"ment", "memsize":48, "flags":{"wb_protected":true}}
{"address":"0x7ffe490c5360", "type":"IMEMO", "class":"0x7ffe490c6850", "imemo_type":"ment", "memsize":48, "flags":{"wb_protected":true}}
{"address":"0x7ffe490c5388", "type":"IMEMO", "class":"0x7ffe490c6850", "imemo_type":"ment", "memsize":48, "flags":{"wb_protected":true}}
{"address":"0x7ffe490c53b0", "type":"IMEMO", "class":"0x7ffe490c6850", "imemo_type":"ment", "memsize":48, "flags":{"wb_protected":true}}
{"address":"0x7ffe490c53d8", "type":"IMEMO", "class":"0x7ffe490c6850", "imemo_type":"ment", "memsize":48, "flags":{"wb_protected":true}}
{"address":"0x7ffe490c5400", "type":"IMEMO", "class":"0x7ffe490c6850", "imemo_type":"ment", "memsize":48, "flags":{"wb_protected":true}}
{"address":"0x7ffe490c5428", "type":"IMEMO", "class":"0x7ffe490c6850", "imemo_type":"ment", "memsize":48, "flags":{"wb_protected":true}}
{"address":"0x7ffe490c5450", "type":"IMEMO", "class":"0x7ffe490c6850", "imemo_type":"ment", "memsize":48, "flags":{"wb_protected":true}}
{"address":"0x7ffe490c5478", "type":"IMEMO", "class":"0x7ffe490c6850", "imemo_type":"ment", "memsize":48, "flags":{"wb_protected":true}}
{"address":"0x7ffe490c54a0", "type":"IMEMO", "class":"0x7ffe490c5798", "imemo_type":"ment", "memsize":48, "flags":{"wb_protected":true}}
{"address":"0x7ffe490c54c8", "type":"STRING", "class":"0x7ffe490be858", "frozen":true, "embedded":true, "fstring":true, "bytesize":3, "value":"new", "encoding":"US-ASCII", "memsize":40, "flags":{"wb_protected":true}}
{"address":"0x7ffe490c54f0", "type":"IMEMO", "class":"0x7ffe490c57c0", "imemo_type":"ment", "memsize":48, "flags":{"wb_protected":true}}
{"address":"0x7ffe490c5518", "type":"IMEMO", "class":"0x7ffe490c57c0", "imemo_type":"ment", "memsize":48, "flags":{"wb_protected":true}}
{"address":"0x7ffe490c5540", "type":"IMEMO", "class":"0x7ffe490c57c0", "imemo_type":"ment", "memsize":48, "flags":{"wb_protected":true}}
{"address":"0x7ffe490c5568", "type":"IMEMO", "class":"0x7ffe490c57c0", "imemo_type":"ment", "memsize":48, "flags":{"wb_protected":true}}
{"address":"0x7ffe490c5590", "type":"IMEMO", "class":"0x7ffe490c57c0", "imemo_type":"ment", "memsize":48, "flags":{"wb_protected":true}}
{"address":"0x7ffe490c55b8", "type":"IMEMO", "class":"0x7ffe490c57c0", "imemo_type":"ment", "memsize":48, "flags":{"wb_protected":true}}
{"address":"0x7ffe490c55e0", "type":"IMEMO", "class":"0x7ffe490c57c0", "imemo_type":"ment", "memsize":48, "flags":{"wb_protected":true}}
{"address":"0x7ffe490c5608", "type":"IMEMO", "class":"0x7ffe490c57c0", "imemo_type":"ment", "memsize":48, "flags":{"wb_protected":true}}
{"address":"0x7ffe490c5630", "type":"STRING", "class":"0x7ffe490be858", "frozen":true, "embedded":true, "fstring":true, "bytesize":4, "value":"to_h", "encoding":"US-ASCII", "memsize":40, "flags":{"wb_protected":true}}
{"address":"0x7ffe490c5658", "type":"IMEMO", "class":"0x7ffe490c57c0", "imemo_type":"ment", "memsize":48, "flags":{"wb_protected":true}}
{"address":"0x7ffe490c5680", "type":"IMEMO", "class":"0x7ffe490c57c0", "imemo_type":"ment", "memsize":48, "flags":{"wb_protected":true}}
{"address":"0x7ffe490c56a8", "type":"IMEMO", "class":"0x7ffe490c57c0", "imemo_type":"ment", "memsize":48, "flags":{"wb_protected":true}}
{"address":"0x7ffe490c56d0", "type":"IMEMO", "class":"0x7ffe490c57c0", "imemo_type":"ment", "memsize":48, "flags":{"wb_protected":true}}
{"address":"0x7ffe490c56f8", "type":"CLASS", "class":"0x7ffe4908cfd8", "references":["0x7ffe490c6800", "0x7ffe490c6580", "0x7ffe490c68f0"], "memsize":584, "flags":{"wb_protected":true}}
{"address":"0x7ffe490c5720", "type":"CLASS", "class":"0x7ffe4908d000", "references":["0x7ffe490c56f8", "0x7ffe490c6580", "0x7ffe490c49b0", "0x7ffe490461f0", "0x7ffe490c68a0"], "memsize":624, "flags":{"wb_protected":true}}
{"address":"0x7ffe490c5748", "type":"CLASS", "class":"0x7ffe4908d028", "references":["0x7ffe490c5720", "0x7ffe490b5370", "0x7ffe490b6130", "0x7ffe490b5398", "0x7ffe490b5730", "0x7ffe49046308", "0x7ffe490c6850"], "memsize":664, "flags":{"wb_protected":true}}
{"address":"0x7ffe490c5770", "type":"CLASS", "class":"0x7ffe4908d050", "references":["0x7ffe490c5748", "0x7ffe490c6800"], "memsize":472, "flags":{"wb_protected":true}}
{"address":"0x7ffe490c5798", "type":"CLASS", "class":"0x7ffe490c5770", "references":["0x7ffe490c5720", "0x7ffe490c54a0", "0x7ffe490c57c0"], "memsize":536, "flags":{"wb_protected":true}}
{"address":"0x7ffe490c57c0", "type":"CLASS", "class":"0x7ffe490c5798", "name":"NilClass", "references":["0x7ffe490c68a0", "0x7ffe490c5590", "0x7ffe490c55e0", "0x7ffe490c5518", "0x7ffe490c5680", "0x7ffe490c56a8", "0x7ffe490c55b8", "0x7ffe490c56d0", "0x7ffe490c5658", "0x7ffe4906cff8", "0x7ffe4906c0a8", "0x7ffe490c54f0", "0x7ffe490c5608", "0x7ffe490c5568", "0x7ffe4906cfd0", "0x7ffe490c5540", "0x7ffe490c6788", "0x7ffe49046100", "0x7ffe490c5518", "0x7ffe490c57e8"], "memsize":1136, "flags":{"wb_protected":true}}
{"address":"0x7ffe490c57e8", "type":"STRING", "class":"0x7ffe490be858", "frozen":true, "embedded":true, "fstring":true, "bytesize":8, "value":"NilClass", "encoding":"US-ASCII", "memsize":40, "flags":{"wb_protected":true}}
{"address":"0x7ffe490c5810", "type":"IMEMO", "class":"0x7ffe490c5a90", "imemo_type":"ment", "memsize":48, "flags":{"wb_protected":true}}
{"address":"0x7ffe490c5838", "type":"IMEMO", "imemo_type":"ment", "references":["0x7ffe490c6620"], "memsize":48, "flags":{"wb_protected":true}}
{"address":"0x7ffe490c5860", "type":"STRING", "class":"0x7ffe490be858", "frozen":true, "embedded":true, "fstring":true, "bytesize":4, "value":"Hash", "encoding":"US-ASCII", "memsize":40, "flags":{"wb_protected":true}}
{"address":"0x7ffe490c5888", "type":"IMEMO", "class":"0x7ffe490c5a90", "imemo_type":"ment", "memsize":48, "flags":{"wb_protected":true}}
{"address":"0x7ffe490c58b0", "type":"IMEMO", "imemo_type":"ment", "references":["0x7ffe490c6620"], "memsize":48, "flags":{"wb_protected":true}}
{"address":"0x7ffe490c58d8", "type":"STRING", "class":"0x7ffe490be858", "frozen":true, "embedded":true, "fstring":true, "bytesize":5, "value":"Array", "encoding":"US-ASCII", "memsize":40, "flags":{"wb_protected":true}}
{"address":"0x7ffe490c5900", "type":"IMEMO", "class":"0x7ffe490c5a90", "imemo_type":"ment", "memsize":48, "flags":{"wb_protected":true}}
{"address":"0x7ffe490c5928", "type":"IMEMO", "imemo_type":"ment", "references":["0x7ffe490c6620"], "memsize":48, "flags":{"wb_protected":true}}
{"address":"0x7ffe490c5950", "type":"STRING", "class":"0x7ffe490be858", "frozen":true, "embedded":true, "fstring":true, "bytesize":6, "value":"String", "encoding":"US-ASCII", "memsize":40, "flags":{"wb_protected":true}}
{"address":"0x7ffe490c5978", "type":"IMEMO", "class":"0x7ffe490c5a90", "imemo_type":"ment", "memsize":48, "flags":{"wb_protected":true}}
{"address":"0x7ffe490c59a0", "type":"IMEMO", "imemo_type":"ment", "references":["0x7ffe490c6620"], "memsize":48, "flags":{"wb_protected":true}}
{"address":"0x7ffe490c59c8", "type":"STRING", "class":"0x7ffe490be858", "frozen":true, "embedded":true, "fstring":true, "bytesize":7, "value":"Integer", "encoding":"US-ASCII", "memsize":40, "flags":{"wb_protected":true}}
{"address":"0x7ffe490c59f0", "type":"IMEMO", "class":"0x7ffe490c5a90", "imemo_type":"ment", "memsize":48, "flags":{"wb_protected":true}}
{"address":"0x7ffe490c5a18", "type":"IMEMO", "imemo_type":"ment", "references":["0x7ffe490c6620"], "memsize":48, "flags":{"wb_protected":true}}
{"address":"0x7ffe490c5a40", "type":"STRING", "class":"0x7ffe490be858", "frozen":true, "embedded":true, "fstring":true, "bytesize":6, "value":"format", "encoding":"US-ASCII", "memsize":40, "flags":{"wb_protected":true}}
{"address":"0x7ffe490c5a68", "type":"IMEMO", "class":"0x7ffe490c5a90", "imemo_type":"ment", "memsize":48, "flags":{"wb_protected":true}}
{"address":"0x7ffe490c5a90", "type":"CLASS", "class":"0x7ffe490c6800", "references":["0x7ffe490c6850", "0x7ffe4908c858", "0x7ffe490b5ff0", "0x7ffe4908c8a8", "0x7ffe490c5a68", "0x7ffe490c59f0", "0x7ffe490c5978", "0x7ffe490c5900", "0x7ffe490c5888", "0x7ffe490c5810", "0x7ffe4906d7f0", "0x7ffe4908c150", "0x7ffe4904f2a0", "0x7ffe4908f878", "0x7ffe49087c40", "0x7ffe49087bc8", "0x7ffe49087ad8", "0x7ffe49087a88", "0x7ffe490753b0", "0x7ffe490b6568", "0x7ffe490b64f0", "0x7ffe490b6478", "0x7ffe490b6400", "0x7ffe490b6388", "0x7ffe490b6310", "0x7ffe490865c0", "0x7ffe490751f8", "0x7ffe490750e0", "0x7ffe490752e8", "0x7ffe49075270", "0x7ffe490b6040", "0x7ffe490b5f78", "0x7ffe490b5f00", "0x7ffe490b5e88", "0x7ffe490b5e10", "0x7ffe490b5d98", "0x7ffe4909c708", "0x7ffe49067940", "0x7ffe49087330", "0x7ffe490872e0", "0x7ffe49077c28", "0x7ffe49077bb0", "0x7ffe4906cc38", "0x7ffe490b5258", "0x7ffe490b51e0", "0x7ffe49075360", "0x7ffe490b50a0", "0x7ffe49075158", "0x7ffe4909c640", "0x7ffe49087cb8", "0x7ffe4909c578", "0x7ffe4909c9b0", "0x7ffe4909c938", "0x7ffe4909c8c0", "0x7ffe4909c848", "0x7ffe4909c7d0", "0x7ffe4909c758", "0x7ffe4909c690", "0x7ffe4909c5c8", "0x7ffe4909c500", "0x7ffe4904e198", "0x7ffe490751a8", "0x7ffe490c6468", "0x7ffe490c66c0", "0x7ffe490b5730", "0x7ffe4904d9f0", "0x7ffe490b5708", "0x7ffe4904f2f0", "0x7ffe490c6620"], "memsize":2800, "flags":{"wb_protected":true}}
{"address":"0x7ffe490c5ab8", "type":"IMEMO", "imemo_type":"ment", "references":["0x7ffe490c6620"], "memsize":48, "flags":{"wb_protected":true}}
{"address":"0x7ffe490c5ae0", "type":"STRING", "class":"0x7ffe490be858", "frozen":true, "embedded":true, "fstring":true, "bytesize":7, "value":"sprintf", "encoding":"US-ASCII", "memsize":40, "flags":{"wb_protected":true}}
{"address":"0x7ffe490c5b08", "type":"IMEMO", "imemo_type":"ment", "references":["0x7ffe490c6620"], "memsize":48, "flags":{"wb_protected":true}}
{"address":"0x7ffe490c5b30", "type":"STRING", "class":"0x7ffe490be858", "frozen":true, "embedded":true, "fstring":true, "bytesize":5, "value":"is_a?", "encoding":"US-ASCII", "memsize":40, "flags":{"wb_protected":true}}
{"address":"0x7ffe490c5b58", "type":"IMEMO", "imemo_type":"ment", "references":["0x7ffe490c6620"], "memsize":48, "flags":{"wb_protected":true}}
{"address":"0x7ffe490c5b80", "type":"STRING", "class":"0x7ffe490be858", "frozen":true, "embedded":true, "fstring":true, "bytesize":8, "value":"kind_of?", "encoding":"US-ASCII", "memsize":40, "flags":{"wb_protected":true}}
{"address":"0x7ffe490c5ba8", "type":"IMEMO", "imemo_type":"ment", "references":["0x7ffe490c6620"], "memsize":48, "flags":{"wb_protected":true}}
{"address":"0x7ffe490c5bd0", "type":"STRING", "class":"0x7ffe490be858", "frozen":true, "embedded":true, "fstring":true, "bytesize":12, "value":"instance_of?", "encoding":"US-ASCII", "memsize":40, "flags":{"wb_protected":true}}
{"address":"0x7ffe490c5bf8", "type":"IMEMO", "imemo_type":"ment", "references":["0x7ffe490c6620"], "memsize":48, "flags":{"wb_protected":true}}
{"address":"0x7ffe490c5c20", "type":"STRING", "class":"0x7ffe490be858", "frozen":true, "fstring":true, "bytesize":24, "value":"remove_instance_variable", "encoding":"US-ASCII", "memsize":65, "flags":{"wb_protected":true}}
{"address":"0x7ffe490c5c48", "type":"IMEMO", "imemo_type":"ment", "references":["0x7ffe490c6620"], "memsize":48, "flags":{"wb_protected":true}}
{"address":"0x7ffe490c5c70", "type":"STRING", "class":"0x7ffe490be858", "frozen":true, "fstring":true, "bytesize":26, "value":"instance_variable_defined?", "encoding":"US-ASCII", "memsize":67, "flags":{"wb_protected":true}}
{"address":"0x7ffe490c5c98", "type":"IMEMO", "imemo_type":"ment", "references":["0x7ffe490c6620"], "memsize":48, "flags":{"wb_protected":true}}
{"address":"0x7ffe490c5cc0", "type":"STRING", "class":"0x7ffe490be858", "frozen":true, "embedded":true, "fstring":true, "bytesize":21, "value":"instance_variable_set", "encoding":"US-ASCII", "memsize":40, "flags":{"wb_protected":true}}
{"address":"0x7ffe490c5ce8", "type":"IMEMO", "imemo_type":"ment", "references":["0x7ffe490c6620"], "memsize":48, "flags":{"wb_protected":true}}
{"address":"0x7ffe490c5d10", "type":"STRING", "class":"0x7ffe490be858", "frozen":true, "embedded":true, "fstring":true, "bytesize":21, "value":"instance_variable_get", "encoding":"US-ASCII", "memsize":40, "flags":{"wb_protected":true}}
{"address":"0x7ffe490c5d38", "type":"IMEMO", "imemo_type":"ment", "references":["0x7ffe490c6620"], "memsize":48, "flags":{"wb_protected":true}}
{"address":"0x7ffe490c5d60", "type":"STRING", "class":"0x7ffe490be858", "frozen":true, "embedded":true, "fstring":true, "bytesize":18, "value":"instance_variables", "encoding":"US-ASCII", "memsize":40, "flags":{"wb_protected":true}}
{"address":"0x7ffe490c5d88", "type":"IMEMO", "imemo_type":"ment", "references":["0x7ffe490c6620"], "memsize":48, "flags":{"wb_protected":true}}
{"address":"0x7ffe490c5db0", "type":"STRING", "class":"0x7ffe490be858", "frozen":true, "embedded":true, "fstring":true, "bytesize":14, "value":"public_methods", "encoding":"US-ASCII", "memsize":40, "flags":{"wb_protected":true}}
{"address":"0x7ffe490c5dd8", "type":"IMEMO", "imemo_type":"ment", "references":["0x7ffe490c6620"], "memsize":48, "flags":{"wb_protected":true}}
{"address":"0x7ffe490c5e00", "type":"STRING", "class":"0x7ffe490be858", "frozen":true, "embedded":true, "fstring":true, "bytesize":15, "value":"private_methods", "encoding":"US-ASCII", "memsize":40, "flags":{"wb_protected":true}}
{"address":"0x7ffe490c5e28", "type":"IMEMO", "imemo_type":"ment", "references":["0x7ffe490c6620"], "memsize":48, "flags":{"wb_protected":true}}
{"address":"0x7ffe490c5e50", "type":"STRING", "class":"0x7ffe490be858", "frozen":true, "embedded":true, "fstring":true, "bytesize":17, "value":"protected_methods", "encoding":"US-ASCII", "memsize":40, "flags":{"wb_protected":true}}
{"address":"0x7ffe490c5e78", "type":"IMEMO", "imemo_type":"ment", "references":["0x7ffe490c6620"], "memsize":48, "flags":{"wb_protected":true}}
{"address":"0x7ffe490c5ea0", "type":"STRING", "class":"0x7ffe490be858", "frozen":true, "embedded":true, "fstring":true, "bytesize":17, "value":"singleton_methods", "encoding":"US-ASCII", "memsize":40, "flags":{"wb_protected":true}}
{"address":"0x7ffe490c5ec8", "type":"IMEMO", "imemo_type":"ment", "references":["0x7ffe490c6620"], "memsize":48, "flags":{"wb_protected":true}}
{"address":"0x7ffe490c5ef0", "type":"STRING", "class":"0x7ffe490be858", "frozen":true, "embedded":true, "fstring":true, "bytesize":7, "value":"methods", "encoding":"US-ASCII", "memsize":40, "flags":{"wb_protected":true}}
{"address":"0x7ffe490c5f18", "type":"IMEMO", "imemo_type":"ment", "references":["0x7ffe490c6620"], "memsize":48, "flags":{"wb_protected":true}}
{"address":"0x7ffe490c5f40", "type":"IMEMO", "imemo_type":"ment", "references":["0x7ffe490c6620"], "memsize":48, "flags":{"wb_protected":true}}
{"address":"0x7ffe490c5f68", "type":"IMEMO", "imemo_type":"ment", "references":["0x7ffe490c6620"], "memsize":48, "flags":{"wb_protected":true}}
{"address":"0x7ffe490c5f90", "type":"IMEMO", "imemo_type":"ment", "references":["0x7ffe490c6620"], "memsize":48, "flags":{"wb_protected":true}}
{"address":"0x7ffe490c5fb8", "type":"STRING", "class":"0x7ffe490be858", "frozen":true, "embedded":true, "fstring":true, "bytesize":5, "value":"trust", "encoding":"US-ASCII", "memsize":40, "flags":{"wb_protected":true}}
{"address":"0x7ffe490c5fe0", "type":"IMEMO", "imemo_type":"ment", "references":["0x7ffe490c6620"], "memsize":48, "flags":{"wb_protected":true}}
{"address":"0x7ffe490c6008", "type":"STRING", "class":"0x7ffe490be858", "frozen":true, "embedded":true, "fstring":true, "bytesize":10, "value":"untrusted?", "encoding":"US-ASCII", "memsize":40, "flags":{"wb_protected":true}}
{"address":"0x7ffe490c6030", "type":"IMEMO", "imemo_type":"ment", "references":["0x7ffe490c6620"], "memsize":48, "flags":{"wb_protected":true}}
{"address":"0x7ffe490c6058", "type":"STRING", "class":"0x7ffe490be858", "frozen":true, "embedded":true, "fstring":true, "bytesize":7, "value":"untrust", "encoding":"US-ASCII", "memsize":40, "flags":{"wb_protected":true}}
{"address":"0x7ffe490c6080", "type":"IMEMO", "imemo_type":"ment", "references":["0x7ffe490c6620"], "memsize":48, "flags":{"wb_protected":true}}
{"address":"0x7ffe490c60a8", "type":"STRING", "class":"0x7ffe490be858", "frozen":true, "embedded":true, "fstring":true, "bytesize":7, "value":"untaint", "encoding":"US-ASCII", "memsize":40, "flags":{"wb_protected":true}}
{"address":"0x7ffe490c60d0", "type":"IMEMO", "imemo_type":"ment", "references":["0x7ffe490c6620"], "memsize":48, "flags":{"wb_protected":true}}
{"address":"0x7ffe490c60f8", "type":"STRING", "class":"0x7ffe490be858", "frozen":true, "embedded":true, "fstring":true, "bytesize":8, "value":"tainted?", "encoding":"US-ASCII", "memsize":40, "flags":{"wb_protected":true}}
{"address":"0x7ffe490c6120", "type":"IMEMO", "imemo_type":"ment", "references":["0x7ffe490c6620"], "memsize":48, "flags":{"wb_protected":true}}
{"address":"0x7ffe490c6148", "type":"STRING", "class":"0x7ffe490be858", "frozen":true, "embedded":true, "fstring":true, "bytesize":5, "value":"taint", "encoding":"US-ASCII", "memsize":40, "flags":{"wb_protected":true}}
{"address":"0x7ffe490c6170", "type":"IMEMO", "imemo_type":"ment", "references":["0x7ffe490c6620"], "memsize":48, "flags":{"wb_protected":true}}
{"address":"0x7ffe490c6198", "type":"IMEMO", "imemo_type":"ment", "references":["0x7ffe490c6620"], "memsize":48, "flags":{"wb_protected":true}}
{"address":"0x7ffe490c61c0", "type":"IMEMO", "imemo_type":"ment", "references":["0x7ffe490c6620"], "memsize":48, "flags":{"wb_protected":true}}
{"address":"0x7ffe490c61e8", "type":"IMEMO", "imemo_type":"ment", "references":["0x7ffe490c6620"], "memsize":48, "flags":{"wb_protected":true}}
{"address":"0x7ffe490c6210", "type":"STRING", "class":"0x7ffe490be858", "frozen":true, "embedded":true, "fstring":true, "bytesize":6, "value":"itself", "encoding":"US-ASCII", "memsize":40, "flags":{"wb_protected":true}}
{"address":"0x7ffe490c6238", "type":"IMEMO", "imemo_type":"ment", "references":["0x7ffe490c6620"], "memsize":48, "flags":{"wb_protected":true}}
{"address":"0x7ffe490c6260", "type":"STRING", "class":"0x7ffe490be858", "frozen":true, "embedded":true, "fstring":true, "bytesize":3, "value":"dup", "encoding":"US-ASCII", "memsize":40, "flags":{"wb_protected":true}}
{"address":"0x7ffe490c6288", "type":"IMEMO", "imemo_type":"ment", "references":["0x7ffe490c6620"], "memsize":48, "flags":{"wb_protected":true}}
{"address":"0x7ffe490c62b0", "type":"STRING", "class":"0x7ffe490be858", "frozen":true, "embedded":true, "fstring":true, "bytesize":15, "value":"singleton_class", "encoding":"US-ASCII", "memsize":40, "flags":{"wb_protected":true}}
{"address":"0x7ffe490c62d8", "type":"IMEMO", "imemo_type":"ment", "references":["0x7ffe490c6620"], "memsize":48, "flags":{"wb_protected":true}}
{"address":"0x7ffe490c6300", "type":"IMEMO", "imemo_type":"ment", "references":["0x7ffe490c6620"], "memsize":48, "flags":{"wb_protected":true}}
{"address":"0x7ffe490c6328", "type":"STRING", "class":"0x7ffe490be858", "frozen":true, "embedded":true, "fstring":true, "bytesize":4, "value":"hash", "encoding":"US-ASCII", "memsize":40, "flags":{"wb_protected":true}}
{"address":"0x7ffe490c6350", "type":"IMEMO", "imemo_type":"ment", "references":["0x7ffe490c6620"], "memsize":48, "flags":{"wb_protected":true}}
{"address":"0x7ffe490c6378", "type":"IMEMO", "imemo_type":"ment", "references":["0x7ffe490c6620"], "memsize":48, "flags":{"wb_protected":true}}
{"address":"0x7ffe490c63a0", "type":"IMEMO", "imemo_type":"ment", "references":["0x7ffe490c6620"], "memsize":48, "flags":{"wb_protected":true}}
{"address":"0x7ffe490c63c8", "type":"IMEMO", "imemo_type":"ment", "references":["0x7ffe490c6620"], "memsize":48, "flags":{"wb_protected":true}}
{"address":"0x7ffe490c63f0", "type":"IMEMO", "imemo_type":"ment", "references":["0x7ffe490c6620"], "memsize":48, "flags":{"wb_protected":true}}
{"address":"0x7ffe490c6418", "type":"IMEMO", "class":"0x7ffe490c6850", "imemo_type":"ment", "memsize":48, "flags":{"wb_protected":true}}
{"address":"0x7ffe490c6440", "type":"IMEMO", "class":"0x7ffe490c6850", "imemo_type":"ment", "memsize":48, "flags":{"wb_protected":true}}
{"address":"0x7ffe490c6468", "type":"IMEMO", "class":"0x7ffe490c6850", "imemo_type":"ment", "memsize":48, "flags":{"wb_protected":true}}
{"address":"0x7ffe490c6490", "type":"IMEMO", "class":"0x7ffe490c6850", "imemo_type":"ment", "memsize":48, "flags":{"wb_protected":true}}
{"address":"0x7ffe490c64b8", "type":"STRING", "class":"0x7ffe490be858", "frozen":true, "embedded":true, "fstring":true, "bytesize":9, "value":"prepended", "encoding":"US-ASCII", "memsize":40, "flags":{"wb_protected":true}}
{"address":"0x7ffe490c64e0", "type":"IMEMO", "class":"0x7ffe490c6850", "imemo_type":"ment", "memsize":48, "flags":{"wb_protected":true}}
{"address":"0x7ffe490c6508", "type":"STRING", "class":"0x7ffe490be858", "frozen":true, "embedded":true, "fstring":true, "bytesize":8, "value":"extended", "encoding":"US-ASCII", "memsize":40, "flags":{"wb_protected":true}}
{"address":"0x7ffe490c6530", "type":"IMEMO", "class":"0x7ffe490c6850", "imemo_type":"ment", "memsize":48, "flags":{"wb_protected":true}}
{"address":"0x7ffe490c6558", "type":"STRING", "class":"0x7ffe490be858", "frozen":true, "embedded":true, "fstring":true, "bytesize":8, "value":"included", "encoding":"US-ASCII", "memsize":40, "flags":{"wb_protected":true}}
{"address":"0x7ffe490c6580", "type":"IMEMO", "class":"0x7ffe490c6800", "imemo_type":"ment", "memsize":48, "flags":{"wb_protected":true}}
{"address":"0x7ffe490c65a8", "type":"STRING", "class":"0x7ffe490be858", "frozen":true, "embedded":true, "fstring":true, "bytesize":9, "value":"inherited", "encoding":"US-ASCII", "memsize":40, "flags":{"wb_protected":true}}
{"address":"0x7ffe490c65d0", "type":"ICLASS", "class":"0x7ffe490c6620", "references":["0x7ffe490c68f0", "0x7ffe4904cb18", "0x7ffe49045e30", "0x7ffe4907fc98", "0x7ffe4907fc48", "0x7ffe490461a0", "0x7ffe49046060"], "memsize":40, "flags":{"wb_protected":true}}
{"address":"0x7ffe490c65f8", "type":"STRING", "class":"0x7ffe490be858", "frozen":true, "embedded":true, "fstring":true, "bytesize":17, "value":"__refined_class__", "encoding":"US-ASCII", "memsize":40, "flags":{"wb_protected":true}}
{"address":"0x7ffe490c6620", "type":"MODULE", "class":"0x7ffe490c5a90", "name":"Kernel", "references":["0x7ffe490c6120", "0x7ffe490c60d0", "0x7ffe490c6080", "0x7ffe490c6030", "0x7ffe490c5fe0", "0x7ffe490c5f90", "0x7ffe490c5ec8", "0x7ffe490c5e78", "0x7ffe490c5e28", "0x7ffe490c5dd8", "0x7ffe490c5d88", "0x7ffe490c5d38", "0x7ffe490c5ce8", "0x7ffe490c5c98", "0x7ffe490c5c48", "0x7ffe490c5bf8", "0x7ffe490c5ba8", "0x7ffe490c5b58", "0x7ffe490c5b08", "0x7ffe490c5ab8", "0x7ffe490c5a18", "0x7ffe490c59a0", "0x7ffe490c5928", "0x7ffe490c58b0", "0x7ffe490c5838", "0x7ffe4908c880", "0x7ffe490b6018", "0x7ffe4908c8d0", "0x7ffe4908c178", "0x7ffe49087c68", "0x7ffe49087bf0", "0x7ffe49087b00", "0x7ffe49087ab0", "0x7ffe490753d8", "0x7ffe490b6590", "0x7ffe490b6518", "0x7ffe490b64a0", "0x7ffe490b6428", "0x7ffe490b63b0", "0x7ffe490b6338", "0x7ffe490865e8", "0x7ffe49075220", "0x7ffe49075108", "0x7ffe49075310", "0x7ffe49075298", "0x7ffe490b6068", "0x7ffe490b5fa0", "0x7ffe490b5f28", "0x7ffe490b5eb0", "0x7ffe490b5e38", "0x7ffe490b5dc0", "0x7ffe49086de0", "0x7ffe49086d90", "0x7ffe490b5c30", "0x7ffe49086d40", "0x7ffe490868b8", "0x7ffe4904f2c8", "0x7ffe490b52d0", "0x7ffe490b5280", "0x7ffe490b5208", "0x7ffe490b50c8", "0x7ffe4904e288", "0x7ffe4909c668", "0x7ffe4909c5a0", "0x7ffe4904e1c0", "0x7ffe49084ae0", "0x7ffe49084a90", "0x7ffe490c62d8", "0x7ffe490c63c8", "0x7ffe490c63a0", "0x7ffe490c6378", "0x7ffe490c63f0", "0x7ffe4906d818", "0x7ffe490c6350", "0x7ffe490b5938", "0x7ffe490b5910", "0x7ffe4908f8a0", "0x7ffe4906cc60", "0x7ffe490c5f68", "0x7ffe490c5f18", "0x7ffe490850d0", "0x7ffe4909c730", "0x7ffe49067968", "0x7ffe49087358", "0x7ffe49087308", "0x7ffe490b5c80", "0x7ffe49077c50", "0x7ffe49077bd8", "0x7ffe490c61c0", "0x7ffe490c6170", "0x7ffe490c6198", "0x7ffe490c5f40", "0x7ffe49075388", "0x7ffe49075180", "0x7ffe49087ce0", "0x7ffe4909c9d8", "0x7ffe4909c960", "0x7ffe4909c8e8", "0x7ffe4909c870", "0x7ffe4909c7f8", "0x7ffe4909c780", "0x7ffe4909c6b8", "0x7ffe4909c5f0", "0x7ffe4909c528", "0x7ffe4909c4b0", "0x7ffe4904e2b0", "0x7ffe4904e260", "0x7ffe4904e238", "0x7ffe4904e210", "0x7ffe4904e1e8", "0x7ffe4904da18", "0x7ffe490751d0", "0x7ffe490c6300", "0x7ffe490c6288", "0x7ffe490c6238", "0x7ffe490c61e8", "0x7ffe490c6648"], "memsize":4592, "flags":{"wb_protected":true}}
{"address":"0x7ffe490c6648", "type":"STRING", "class":"0x7ffe490be858", "frozen":true, "embedded":true, "fstring":true, "bytesize":6, "value":"Kernel", "encoding":"US-ASCII", "memsize":40, "flags":{"wb_protected":true}}
{"address":"0x7ffe490c6670", "type":"IMEMO", "class":"0x7ffe490c68f0", "imemo_type":"ment", "memsize":48, "flags":{"wb_protected":true}}
{"address":"0x7ffe490c6698", "type":"IMEMO", "class":"0x7ffe490c68f0", "imemo_type":"ment", "memsize":48, "flags":{"wb_protected":true}}
{"address":"0x7ffe490c66c0", "type":"IMEMO", "class":"0x7ffe490c68f0", "imemo_type":"ment", "memsize":48, "flags":{"wb_protected":true}}
{"address":"0x7ffe490c66e8", "type":"IMEMO", "class":"0x7ffe490c68f0", "imemo_type":"ment", "memsize":48, "flags":{"wb_protected":true}}
{"address":"0x7ffe490c6710", "type":"IMEMO", "class":"0x7ffe490c68f0", "imemo_type":"ment", "memsize":48, "flags":{"wb_protected":true}}
{"address":"0x7ffe490c6738", "type":"IMEMO", "class":"0x7ffe490c68f0", "imemo_type":"ment", "memsize":48, "flags":{"wb_protected":true}}
{"address":"0x7ffe490c6760", "type":"STRING", "class":"0x7ffe490be858", "frozen":true, "embedded":true, "fstring":true, "bytesize":6, "value":"equal?", "encoding":"US-ASCII", "memsize":40, "flags":{"wb_protected":true}}
{"address":"0x7ffe490c6788", "type":"IMEMO", "class":"0x7ffe490c68f0", "imemo_type":"ment", "memsize":48, "flags":{"wb_protected":true}}
{"address":"0x7ffe490c67b0", "type":"IMEMO", "class":"0x7ffe490c68f0", "imemo_type":"ment", "memsize":48, "flags":{"wb_protected":true}}
{"address":"0x7ffe490c67d8", "type":"STRING", "class":"0x7ffe490be858", "frozen":true, "embedded":true, "fstring":true, "bytesize":5, "value":"Class", "encoding":"US-ASCII", "memsize":40, "flags":{"wb_protected":true}}
{"address":"0x7ffe490c6800", "type":"CLASS", "class":"0x7ffe490c5770", "name":"Class", "references":["0x7ffe490c6850", "0x7ffe490c4988", "0x7ffe490c49d8", "0x7ffe490c4938", "0x7ffe490c6580", "0x7ffe490c48e8", "0x7ffe490c4898", "0x7ffe490c49b0", "0x7ffe490b6108", "0x7ffe490c4848", "0x7ffe490b60b8", "0x7ffe490c67d8"], "memsize":728, "flags":{"wb_protected":true}}
{"address":"0x7ffe490c6828", "type":"STRING", "class":"0x7ffe490be858", "frozen":true, "embedded":true, "fstring":true, "bytesize":6, "value":"Module", "encoding":"US-ASCII", "memsize":40, "flags":{"wb_protected":true}}
{"address":"0x7ffe490c6850", "type":"CLASS", "class":"0x7ffe490c5748", "name":"Module", "references":["0x7ffe490c68a0", "0x7ffe490c5400", "0x7ffe490c53b0", "0x7ffe490c5360", "0x7ffe490c5428", "0x7ffe490c5450", "0x7ffe490c5298", "0x7ffe490c5248", "0x7ffe490c51d0", "0x7ffe490c5180", "0x7ffe490c5130", "0x7ffe490c50e0", "0x7ffe490c5090", "0x7ffe490c4ff0", "0x7ffe490c4fa0", "0x7ffe490c4f50", "0x7ffe490c4f00", "0x7ffe490c4eb0", "0x7ffe490c4e60", "0x7ffe490c4e10", "0x7ffe490c4dc0", "0x7ffe490c5478", "0x7ffe490c52e8", "0x7ffe490c4d20", "0x7ffe490c4d70", "0x7ffe490c4cf8", "0x7ffe490c4c08", "0x7ffe490c4b68", "0x7ffe490c6468", "0x7ffe490c6440", "0x7ffe490c4c58", "0x7ffe490c6418", "0x7ffe490c4bb8", "0x7ffe490c4ca8", "0x7ffe490c4b18", "0x7ffe490c4ac8", "0x7ffe490c4a78", "0x7ffe490c4a28", "0x7ffe490c53d8", "0x7ffe490b6298", "0x7ffe490c5388", "0x7ffe490b6270", "0x7ffe490b62c0", "0x7ffe490c5068", "0x7ffe490c5338", "0x7ffe490c5040", "0x7ffe490b6220", "0x7ffe490b5b40", "0x7ffe490b5af0", "0x7ffe490b6248", "0x7ffe490b61d0", "0x7ffe490b6180", "0x7ffe490b57d0", "0x7ffe490b58c0", "0x7ffe490b5870", "0x7ffe490c5310", "0x7ffe490b5be0", "0x7ffe490b5b90", "0x7ffe490b5730", "0x7ffe490b56b8", "0x7ffe490b5820", "0x7ffe490b5708", "0x7ffe490b5780", "0x7ffe490b5578", "0x7ffe490b5528", "0x7ffe490b5668", "0x7ffe490b5618", "0x7ffe490b55c8", "0x7ffe49087b28", "0x7ffe490b54d8", "0x7ffe490c5220", "0x7ffe490869a8", "0x7ffe49086958", "0x7ffe49086908", "0x7ffe49087b78", "0x7ffe490c6530", "0x7ffe490c64e0", "0x7ffe490c6490", "0x7ffe490c6828"], "memsize":2520, "flags":{"wb_protected":true}}
{"address":"0x7ffe490c6878", "type":"STRING", "class":"0x7ffe490be858", "frozen":true, "embedded":true, "fstring":true, "bytesize":6, "value":"Object", "encoding":"US-ASCII", "memsize":40, "flags":{"wb_protected":true}}
{"address":"0x7ffe490c68a0", "type":"CLASS", "class":"0x7ffe490c5720", "name":"Object", "references":["0x7ffe490c65d0", "0x7ffe490c67b0", "0x7ffe490461a0", "0x7ffe49046178", "0x7ffe490c6878", "0x7ffe490b7620", "0x7ffe49075d88", "0x7ffe4907c200", "0x7ffe490761c0", "0x7ffe4907c200", "0x7ffe490b74e0", "0x7ffe490b7468", "0x7ffe490b73f0", "0x7ffe490b7350", "0x7ffe49076120", "0x7ffe4907c200", "0x7ffe490b7238", "0x7ffe490b71c0", "0x7ffe490b6f68", "0x7ffe4908c7b8", "0x7ffe490b6e28", "0x7ffe490b6db0", "0x7ffe490b6ce8", "0x7ffe490b6c70", "0x7ffe490b6bf8", "0x7ffe490b6ae0", "0x7ffe490be858", "0x7ffe490b6a68", "0x7ffe490b6950", "0x7ffe490c57c0", "0x7ffe490b6900", "0x7ffe490b46a0", "0x7ffe4908c1c8", "0x7ffe490a67f8", "0x7ffe490a4fe8", "0x7ffe49075a68", "0x7ffe4907c200", "0x7ffe49076558", "0x7ffe4907c200", "0x7ffe49087a10", "0x7ffe49075090", "0x7ffe4907c200", "0x7ffe49087510", "0x7ffe490873f8", "0x7ffe49087290", "0x7ffe49086cf0", "0x7ffe490c47f8", "0x7ffe490c4640", "0x7ffe490c43e8", "0x7ffe490b5aa0", "0x7ffe49096740", "0x7ffe490966f0", "0x7ffe490966a0", "0x7ffe49086840", "0x7ffe49086570", "0x7ffe49095c00", "0x7ffe490bfb40", "0x7ffe49095a70", "0x7ffe49095a20", "0x7ffe490bf988", "0x7ffe490b4fd8", "0x7ffe490b4f60", "0x7ffe490b4ee8", "0x7ffe49085828", "0x7ffe490853a0", "0x7ffe4909fe80", "0x7ffe4909f5e8", "0x7ffe490b46a0", "0x7ffe4909f160", "0x7ffe490afd58", "0x7ffe4909f020", "0x7ffe49084a40", "0x7ffe490b46a0", "0x7ffe4909e990", "0x7ffe4906dca0", "0x7ffe4907c200", "0x7ffe4906dc28", "0x7ffe4907c200", "0x7ffe4906d8b8", "0x7ffe4907c200", "0x7ffe4907f6f8", "0x7ffe4907ee38", "0x7ffe4906cdf0", "0x7ffe4907c200", "0x7ffe4907e7f8", "0x7ffe4907e2a8", "0x7ffe49067cb0", "0x7ffe4907c200", "0x7ffe49067c60", "0x7ffe4907c200", "0x7ffe49067c10", "0x7ffe4907c200", "0x7ffe4907c200", "0x7ffe49067b98", "0x7ffe4907c200", "0x7ffe49067b48", "0x7ffe4907c200", "0x7ffe49067af8", "0x7ffe4907c200", "0x7ffe4907c070", "0x7ffe4907c200", "0x7ffe49067cb0", "0x7ffe49067a58", "0x7ffe49067878", "0x7ffe49067a58", "0x7ffe4908eb58", "0x7ffe49095bd8", "0x7ffe49067a58", "0x7ffe490671e8", "0x7ffe49067440", "0x7ffe4909d428", "0x7ffe4909d068", "0x7ffe490bc620", "0x7ffe4909cb40", "0x7ffe4909cac8", "0x7ffe4908dff0", "0x7ffe490bc440", "0x7ffe49076760", "0x7ffe4907c200", "0x7ffe490b7e68", "0x7ffe490c68f0", "0x7ffe4909c460", "0x7ffe490c68a0", "0x7ffe490c6850", "0x7ffe490c6800", "0x7ffe490b7ad0", "0x7ffe490c6620", "0x7ffe49076490", "0x7ffe4907c200", "0x7ffe490b7990", "0x7ffe490b7918", "0x7ffe490b78a0", "0x7ffe490b7828", "0x7ffe490b77b0", "0x7ffe490b7738", "0x7ffe490b76c0"], "memsize":4744, "flags":{"wb_protected":true}}
{"address":"0x7ffe490c68c8", "type":"STRING", "class":"0x7ffe490be858", "frozen":true, "embedded":true, "fstring":true, "bytesize":11, "value":"BasicObject", "encoding":"US-ASCII", "memsize":40, "flags":{"wb_protected":true}}
{"address":"0x7ffe490c68f0", "type":"CLASS", "class":"0x7ffe490c56f8", "name":"BasicObject", "references":["0x7ffe490c67b0", "0x7ffe490c6710", "0x7ffe490c6788", "0x7ffe490c66e8", "0x7ffe490b5cd0", "0x7ffe490c66c0", "0x7ffe490850f8", "0x7ffe490c6698", "0x7ffe490c6738", "0x7ffe490c6670", "0x7ffe490b5d48", "0x7ffe490b5cf8", "0x7ffe490b5ca8", "0x7ffe490c68c8", "0x7ffe490c68f0"], "memsize":1072, "flags":{"wb_protected":true}}
{"address":"0x7ffe490c6918", "type":"STRING", "class":"0x7ffe490be858", "frozen":true, "embedded":true, "fstring":true, "bytesize":3, "value":"dig", "encoding":"US-ASCII", "memsize":40, "flags":{"wb_protected":true}}
{"address":"0x7ffe490c6940", "type":"STRING", "class":"0x7ffe490be858", "frozen":true, "embedded":true, "fstring":true, "bytesize":17, "value":"__tmp_classpath__", "encoding":"US-ASCII", "memsize":40, "flags":{"wb_protected":true}}
{"address":"0x7ffe490c6968", "type":"STRING", "class":"0x7ffe490be858", "frozen":true, "embedded":true, "fstring":true, "bytesize":13, "value":"__classpath__", "encoding":"US-ASCII", "memsize":40, "flags":{"wb_protected":true}}
{"address":"0x7ffe490c6990", "type":"STRING", "class":"0x7ffe490be858", "frozen":true, "embedded":true, "fstring":true, "bytesize":12, "value":"__autoload__", "encoding":"US-ASCII", "memsize":40, "flags":{"wb_protected":true}}
{"address":"0x7ffe490c69b8", "type":"STRING", "class":"0x7ffe490be858", "frozen":true, "embedded":true, "fstring":true, "bytesize":2, "value":"$!", "encoding":"US-ASCII", "memsize":40, "flags":{"wb_protected":true}}
{"address":"0x7ffe490c69e0", "type":"STRING", "class":"0x7ffe490be858", "frozen":true, "embedded":true, "fstring":true, "bytesize":2, "value":"$~", "encoding":"US-ASCII", "memsize":40, "flags":{"wb_protected":true}}
{"address":"0x7ffe490c6a08", "type":"STRING", "class":"0x7ffe490be858", "frozen":true, "embedded":true, "fstring":true, "bytesize":2, "value":"$_", "encoding":"US-ASCII", "memsize":40, "flags":{"wb_protected":true}}
{"address":"0x7ffe490c6a30", "type":"STRING", "class":"0x7ffe490be858", "frozen":true, "embedded":true, "fstring":true, "bytesize":10, "value":"core#raise", "encoding":"US-ASCII", "memsize":40, "flags":{"wb_protected":true}}
{"address":"0x7ffe490c6a58", "type":"STRING", "class":"0x7ffe490be858", "frozen":true, "embedded":true, "fstring":true, "bytesize":19, "value":"core#hash_merge_kwd", "encoding":"US-ASCII", "memsize":40, "flags":{"wb_protected":true}}
{"address":"0x7ffe490c6a80", "type":"STRING", "class":"0x7ffe490be858", "frozen":true, "embedded":true, "fstring":true, "bytesize":19, "value":"core#hash_merge_ptr", "encoding":"US-ASCII", "memsize":40, "flags":{"wb_protected":true}}
{"address":"0x7ffe490c6aa8", "type":"STRING", "class":"0x7ffe490be858", "frozen":true, "embedded":true, "fstring":true, "bytesize":16, "value":"core#set_postexe", "encoding":"US-ASCII", "memsize":40, "flags":{"wb_protected":true}}
{"address":"0x7ffe490c6ad0", "type":"STRING", "class":"0x7ffe490be858", "frozen":true, "fstring":true, "bytesize":28, "value":"core#define_singleton_method", "encoding":"US-ASCII", "memsize":69, "flags":{"wb_protected":true}}
{"address":"0x7ffe490c6af8", "type":"STRING", "class":"0x7ffe490be858", "frozen":true, "embedded":true, "fstring":true, "bytesize":18, "value":"core#define_method", "encoding":"US-ASCII", "memsize":40, "flags":{"wb_protected":true}}
{"address":"0x7ffe490c6b20", "type":"STRING", "class":"0x7ffe490be858", "frozen":true, "embedded":true, "fstring":true, "bytesize":17, "value":"core#undef_method", "encoding":"US-ASCII", "memsize":40, "flags":{"wb_protected":true}}
{"address":"0x7ffe490c6b48", "type":"STRING", "class":"0x7ffe490be858", "frozen":true, "embedded":true, "fstring":true, "bytesize":23, "value":"core#set_variable_alias", "encoding":"US-ASCII", "memsize":40, "flags":{"wb_protected":true}}
{"address":"0x7ffe490c6b70", "type":"STRING", "class":"0x7ffe490be858", "frozen":true, "embedded":true, "fstring":true, "bytesize":21, "value":"core#set_method_alias", "encoding":"US-ASCII", "memsize":40, "flags":{"wb_protected":true}}
{"address":"0x7ffe490c6b98", "type":"STRING", "class":"0x7ffe490be858", "frozen":true, "embedded":true, "fstring":true, "bytesize":7, "value":"<CFUNC>", "encoding":"US-ASCII", "memsize":40, "flags":{"wb_protected":true}}
{"address":"0x7ffe490c6bc0", "type":"STRING", "class":"0x7ffe490be858", "frozen":true, "embedded":true, "fstring":true, "bytesize":7, "value":"<IFUNC>", "encoding":"US-ASCII", "memsize":40, "flags":{"wb_protected":true}}
{"address":"0x7ffe490c6be8", "type":"STRING", "class":"0x7ffe490be858", "frozen":true, "embedded":true, "fstring":true, "bytesize":19, "value":"respond_to_missing?", "encoding":"US-ASCII", "memsize":40, "flags":{"wb_protected":true}}
{"address":"0x7ffe490c6c10", "type":"STRING", "class":"0x7ffe490be858", "frozen":true, "embedded":true, "fstring":true, "bytesize":11, "value":"respond_to?", "encoding":"US-ASCII", "memsize":40, "flags":{"wb_protected":true}}
{"address":"0x7ffe490c6c38", "type":"STRING", "class":"0x7ffe490be858", "frozen":true, "embedded":true, "fstring":true, "bytesize":4, "value":"eql?", "encoding":"US-ASCII", "memsize":40, "flags":{"wb_protected":true}}
{"address":"0x7ffe490c6c60", "type":"STRING", "class":"0x7ffe490be858", "frozen":true, "embedded":true, "fstring":true, "bytesize":6, "value":"empty?", "encoding":"US-ASCII", "memsize":40, "flags":{"wb_protected":true}}
{"address":"0x7ffe490c6c88", "type":"STRING", "class":"0x7ffe490be858", "frozen":true, "embedded":true, "fstring":true, "bytesize":0, "value":"", "encoding":"US-ASCII", "memsize":40, "flags":{"wb_protected":true}}
{"address":"0x7ffe490c6cb0", "type":"STRING", "class":"0x7ffe490be858", "frozen":true, "embedded":true, "fstring":true, "bytesize":2, "value":"_9", "encoding":"US-ASCII", "memsize":40, "flags":{"wb_protected":true}}
{"address":"0x7ffe490c6cd8", "type":"STRING", "class":"0x7ffe490be858", "frozen":true, "embedded":true, "fstring":true, "bytesize":2, "value":"_8", "encoding":"US-ASCII", "memsize":40, "flags":{"wb_protected":true}}
{"address":"0x7ffe490c6d00", "type":"STRING", "class":"0x7ffe490be858", "frozen":true, "embedded":true, "fstring":true, "bytesize":2, "value":"_7", "encoding":"US-ASCII", "memsize":40, "flags":{"wb_protected":true}}
{"address":"0x7ffe490c6d28", "type":"STRING", "class":"0x7ffe490be858", "frozen":true, "embedded":true, "fstring":true, "bytesize":2, "value":"_6", "encoding":"US-ASCII", "memsize":40, "flags":{"wb_protected":true}}
{"address":"0x7ffe490c6d50", "type":"STRING", "class":"0x7ffe490be858", "frozen":true, "embedded":true, "fstring":true, "bytesize":2, "value":"_5", "encoding":"US-ASCII", "memsize":40, "flags":{"wb_protected":true}}
{"address":"0x7ffe490c6d78", "type":"STRING", "class":"0x7ffe490be858", "frozen":true, "embedded":true, "fstring":true, "bytesize":2, "value":"_4", "encoding":"US-ASCII", "memsize":40, "flags":{"wb_protected":true}}
{"address":"0x7ffe490c6da0", "type":"STRING", "class":"0x7ffe490be858", "frozen":true, "embedded":true, "fstring":true, "bytesize":2, "value":"_3", "encoding":"US-ASCII", "memsize":40, "flags":{"wb_protected":true}}
{"address":"0x7ffe490c6dc8", "type":"STRING", "class":"0x7ffe490be858", "frozen":true, "embedded":true, "fstring":true, "bytesize":2, "value":"_2", "encoding":"US-ASCII", "memsize":40, "flags":{"wb_protected":true}}
{"address":"0x7ffe490c6df0", "type":"STRING", "class":"0x7ffe490be858", "frozen":true, "embedded":true, "fstring":true, "bytesize":2, "value":"_1", "encoding":"US-ASCII", "memsize":40, "flags":{"wb_protected":true}}
{"address":"0x7ffe490c6e18", "type":"STRING", "class":"0x7ffe490be858", "frozen":true, "embedded":true, "fstring":true, "bytesize":1, "value":"_", "encoding":"US-ASCII", "memsize":40, "flags":{"wb_protected":true}}
{"address":"0x7ffe490c6e40", "type":"STRING", "class":"0x7ffe490be858", "frozen":true, "embedded":true, "fstring":true, "bytesize":3, "value":"nil", "encoding":"US-ASCII", "memsize":40, "flags":{"wb_protected":true}}
{"address":"0x7ffe490c6e68", "type":"STRING", "class":"0x7ffe490be858", "frozen":true, "embedded":true, "fstring":true, "bytesize":4, "value":"name", "encoding":"US-ASCII", "memsize":40, "flags":{"wb_protected":true}}
{"address":"0x7ffe490c6e90", "type":"STRING", "class":"0x7ffe490be858", "frozen":true, "embedded":true, "fstring":true, "bytesize":3, "value":"quo", "encoding":"US-ASCII", "memsize":40, "flags":{"wb_protected":true}}
{"address":"0x7ffe490c6eb8", "type":"STRING", "class":"0x7ffe490be858", "frozen":true, "embedded":true, "fstring":true, "bytesize":4, "value":"fdiv", "encoding":"US-ASCII", "memsize":40, "flags":{"wb_protected":true}}
{"address":"0x7ffe490c6ee0", "type":"STRING", "class":"0x7ffe490be858", "frozen":true, "embedded":true, "fstring":true, "bytesize":6, "value":"divmod", "encoding":"US-ASCII", "memsize":40, "flags":{"wb_protected":true}}
{"address":"0x7ffe490c6f08", "type":"STRING", "class":"0x7ffe490be858", "frozen":true, "embedded":true, "fstring":true, "bytesize":3, "value":"div", "encoding":"US-ASCII", "memsize":40, "flags":{"wb_protected":true}}
{"address":"0x7ffe490c6f30", "type":"STRING", "class":"0x7ffe490be858", "frozen":true, "embedded":true, "fstring":true, "bytesize":2, "value":"or", "encoding":"US-ASCII", "memsize":40, "flags":{"wb_protected":true}}
{"address":"0x7ffe490c6f58", "type":"STRING", "class":"0x7ffe490be858", "frozen":true, "embedded":true, "fstring":true, "bytesize":3, "value":"and", "encoding":"US-ASCII", "memsize":40, "flags":{"wb_protected":true}}
{"address":"0x7ffe490c6f80", "type":"STRING", "class":"0x7ffe490be858", "frozen":true, "embedded":true, "fstring":true, "bytesize":3, "value":"not", "encoding":"US-ASCII", "memsize":40, "flags":{"wb_protected":true}}
{"address":"0x7ffe490c6fa8", "type":"STRING", "class":"0x7ffe490be858", "frozen":true, "embedded":true, "fstring":true, "bytesize":6, "value":"locals", "encoding":"US-ASCII", "memsize":40, "flags":{"wb_protected":true}}
{"address":"0x7ffe490c6fd0", "type":"STRING", "class":"0x7ffe490be858", "frozen":true, "embedded":true, "fstring":true, "bytesize":9, "value":"exception", "encoding":"US-ASCII", "memsize":40, "flags":{"wb_protected":true}}
{"address":"0x7ffe490c6ff8", "type":"STRING", "class":"0x7ffe490be858", "frozen":true, "embedded":true, "fstring":true, "bytesize":4, "value":"mesg", "encoding":"US-ASCII", "memsize":40, "flags":{"wb_protected":true}}
{"address":"0x7ffe490c7020", "type":"STRING", "class":"0x7ffe490be858", "frozen":true, "embedded":true, "fstring":true, "bytesize":4, "value":"call", "encoding":"US-ASCII", "memsize":40, "flags":{"wb_protected":true}}
{"address":"0x7ffe490c7048", "type":"STRING", "class":"0x7ffe490be858", "frozen":true, "embedded":true, "fstring":true, "bytesize":12, "value":"bt_locations", "encoding":"US-ASCII", "memsize":40, "flags":{"wb_protected":true}}
{"address":"0x7ffe490c7070", "type":"STRING", "class":"0x7ffe490be858", "frozen":true, "embedded":true, "fstring":true, "bytesize":2, "value":"bt", "encoding":"US-ASCII", "memsize":40, "flags":{"wb_protected":true}}
{"address":"0x7ffe490c7098", "type":"STRING", "class":"0x7ffe490be858", "frozen":true, "embedded":true, "fstring":true, "bytesize":4, "value":"to_r", "encoding":"US-ASCII", "memsize":40, "flags":{"wb_protected":true}}
{"address":"0x7ffe490c70c0", "type":"STRING", "class":"0x7ffe490be858", "frozen":true, "embedded":true, "fstring":true, "bytesize":4, "value":"to_f", "encoding":"US-ASCII", "memsize":40, "flags":{"wb_protected":true}}
{"address":"0x7ffe490c70e8", "type":"STRING", "class":"0x7ffe490be858", "frozen":true, "embedded":true, "fstring":true, "bytesize":4, "value":"to_i", "encoding":"US-ASCII", "memsize":40, "flags":{"wb_protected":true}}
{"address":"0x7ffe490c7110", "type":"STRING", "class":"0x7ffe490be858", "frozen":true, "embedded":true, "fstring":true, "bytesize":4, "value":"to_s", "encoding":"US-ASCII", "memsize":40, "flags":{"wb_protected":true}}
{"address":"0x7ffe490c7138", "type":"STRING", "class":"0x7ffe490be858", "frozen":true, "embedded":true, "fstring":true, "bytesize":4, "value":"to_a", "encoding":"US-ASCII", "memsize":40, "flags":{"wb_protected":true}}
{"address":"0x7ffe490c7160", "type":"STRING", "class":"0x7ffe490be858", "frozen":true, "embedded":true, "fstring":true, "bytesize":5, "value":"to_io", "encoding":"US-ASCII", "memsize":40, "flags":{"wb_protected":true}}
{"address":"0x7ffe490c7188", "type":"STRING", "class":"0x7ffe490be858", "frozen":true, "embedded":true, "fstring":true, "bytesize":7, "value":"to_proc", "encoding":"US-ASCII", "memsize":40, "flags":{"wb_protected":true}}
{"address":"0x7ffe490c71b0", "type":"STRING", "class":"0x7ffe490be858", "frozen":true, "embedded":true, "fstring":true, "bytesize":7, "value":"to_hash", "encoding":"US-ASCII", "memsize":40, "flags":{"wb_protected":true}}
{"address":"0x7ffe490c71d8", "type":"STRING", "class":"0x7ffe490be858", "frozen":true, "embedded":true, "fstring":true, "bytesize":6, "value":"to_sym", "encoding":"US-ASCII", "memsize":40, "flags":{"wb_protected":true}}
{"address":"0x7ffe490c7200", "type":"STRING", "class":"0x7ffe490be858", "frozen":true, "embedded":true, "fstring":true, "bytesize":6, "value":"to_str", "encoding":"US-ASCII", "memsize":40, "flags":{"wb_protected":true}}
{"address":"0x7ffe490c7228", "type":"STRING", "class":"0x7ffe490be858", "frozen":true, "embedded":true, "fstring":true, "bytesize":6, "value":"to_ary", "encoding":"US-ASCII", "memsize":40, "flags":{"wb_protected":true}}
{"address":"0x7ffe490c7250", "type":"STRING", "class":"0x7ffe490be858", "frozen":true, "embedded":true, "fstring":true, "bytesize":6, "value":"to_int", "encoding":"US-ASCII", "memsize":40, "flags":{"wb_protected":true}}
{"address":"0x7ffe490c7278", "type":"STRING", "class":"0x7ffe490be858", "frozen":true, "embedded":true, "fstring":true, "bytesize":14, "value":"initialize_dup", "encoding":"US-ASCII", "memsize":40, "flags":{"wb_protected":true}}
{"address":"0x7ffe490c72a0", "type":"STRING", "class":"0x7ffe490be858", "frozen":true, "embedded":true, "fstring":true, "bytesize":16, "value":"initialize_clone", "encoding":"US-ASCII", "memsize":40, "flags":{"wb_protected":true}}
{"address":"0x7ffe490c72c8", "type":"STRING", "class":"0x7ffe490be858", "frozen":true, "embedded":true, "fstring":true, "bytesize":15, "value":"initialize_copy", "encoding":"US-ASCII", "memsize":40, "flags":{"wb_protected":true}}
{"address":"0x7ffe490c72f0", "type":"STRING", "class":"0x7ffe490be858", "frozen":true, "embedded":true, "fstring":true, "bytesize":10, "value":"initialize", "encoding":"US-ASCII", "memsize":40, "flags":{"wb_protected":true}}
{"address":"0x7ffe490c7318", "type":"STRING", "class":"0x7ffe490be858", "frozen":true, "embedded":true, "fstring":true, "bytesize":12, "value":"__attached__", "encoding":"US-ASCII", "memsize":40, "flags":{"wb_protected":true}}
{"address":"0x7ffe490c7340", "type":"STRING", "class":"0x7ffe490be858", "frozen":true, "embedded":true, "fstring":true, "bytesize":8, "value":"__send__", "encoding":"US-ASCII", "memsize":40, "flags":{"wb_protected":true}}
{"address":"0x7ffe490c7368", "type":"STRING", "class":"0x7ffe490be858", "frozen":true, "embedded":true, "fstring":true, "bytesize":4, "value":"send", "encoding":"US-ASCII", "memsize":40, "flags":{"wb_protected":true}}
{"address":"0x7ffe490c7390", "type":"STRING", "class":"0x7ffe490be858", "frozen":true, "embedded":true, "fstring":true, "bytesize":6, "value":"lambda", "encoding":"US-ASCII", "memsize":40, "flags":{"wb_protected":true}}
{"address":"0x7ffe490c73b8", "type":"STRING", "class":"0x7ffe490be858", "frozen":true, "embedded":true, "fstring":true, "bytesize":4, "value":"proc", "encoding":"US-ASCII", "memsize":40, "flags":{"wb_protected":true}}
{"address":"0x7ffe490c73e0", "type":"STRING", "class":"0x7ffe490be858", "frozen":true, "embedded":true, "fstring":true, "bytesize":4, "value":"each", "encoding":"US-ASCII", "memsize":40, "flags":{"wb_protected":true}}
{"address":"0x7ffe490c7408", "type":"STRING", "class":"0x7ffe490be858", "frozen":true, "embedded":true, "fstring":true, "bytesize":4, "value":"succ", "encoding":"US-ASCII", "memsize":40, "flags":{"wb_protected":true}}
{"address":"0x7ffe490c7430", "type":"STRING", "class":"0x7ffe490be858", "frozen":true, "embedded":true, "fstring":true, "bytesize":4, "value":"gets", "encoding":"US-ASCII", "memsize":40, "flags":{"wb_protected":true}}
{"address":"0x7ffe490c7458", "type":"STRING", "class":"0x7ffe490be858", "frozen":true, "embedded":true, "fstring":true, "bytesize":4, "value":"size", "encoding":"US-ASCII", "memsize":40, "flags":{"wb_protected":true}}
{"address":"0x7ffe490c7480", "type":"STRING", "class":"0x7ffe490be858", "frozen":true, "embedded":true, "fstring":true, "bytesize":6, "value":"length", "encoding":"US-ASCII", "memsize":40, "flags":{"wb_protected":true}}
{"address":"0x7ffe490c74a8", "type":"STRING", "class":"0x7ffe490be858", "frozen":true, "fstring":true, "bytesize":26, "value":"singleton_method_undefined", "encoding":"US-ASCII", "memsize":67, "flags":{"wb_protected":true}}
{"address":"0x7ffe490c74d0", "type":"STRING", "class":"0x7ffe490be858", "frozen":true, "embedded":true, "fstring":true, "bytesize":16, "value":"method_undefined", "encoding":"US-ASCII", "memsize":40, "flags":{"wb_protected":true}}
{"address":"0x7ffe490c74f8", "type":"STRING", "class":"0x7ffe490be858", "frozen":true, "fstring":true, "bytesize":24, "value":"singleton_method_removed", "encoding":"US-ASCII", "memsize":65, "flags":{"wb_protected":true}}
{"address":"0x7ffe490c7520", "type":"STRING", "class":"0x7ffe490be858", "frozen":true, "embedded":true, "fstring":true, "bytesize":14, "value":"method_removed", "encoding":"US-ASCII", "memsize":40, "flags":{"wb_protected":true}}
{"address":"0x7ffe490c7548", "type":"STRING", "class":"0x7ffe490be858", "frozen":true, "embedded":true, "fstring":true, "bytesize":22, "value":"singleton_method_added", "encoding":"US-ASCII", "memsize":40, "flags":{"wb_protected":true}}
{"address":"0x7ffe490c7570", "type":"STRING", "class":"0x7ffe490be858", "frozen":true, "embedded":true, "fstring":true, "bytesize":12, "value":"method_added", "encoding":"US-ASCII", "memsize":40, "flags":{"wb_protected":true}}
{"address":"0x7ffe490c7598", "type":"STRING", "class":"0x7ffe490be858", "frozen":true, "embedded":true, "fstring":true, "bytesize":14, "value":"method_missing", "encoding":"US-ASCII", "memsize":40, "flags":{"wb_protected":true}}
{"address":"0x7ffe490c75c0", "type":"STRING", "class":"0x7ffe490be858", "frozen":true, "embedded":true, "fstring":true, "bytesize":13, "value":"const_missing", "encoding":"US-ASCII", "memsize":40, "flags":{"wb_protected":true}}
{"address":"0x7ffe490c75e8", "type":"STRING", "class":"0x7ffe490be858", "frozen":true, "embedded":true, "fstring":true, "bytesize":9, "value":"object_id", "encoding":"US-ASCII", "memsize":40, "flags":{"wb_protected":true}}
{"address":"0x7ffe490c7610", "type":"STRING", "class":"0x7ffe490be858", "frozen":true, "embedded":true, "fstring":true, "bytesize":6, "value":"intern", "encoding":"US-ASCII", "memsize":40, "flags":{"wb_protected":true}}
{"address":"0x7ffe490c7638", "type":"STRING", "class":"0x7ffe490be858", "frozen":true, "embedded":true, "fstring":true, "bytesize":7, "value":"inspect", "encoding":"US-ASCII", "memsize":40, "flags":{"wb_protected":true}}
{"address":"0x7ffe490c7660", "type":"STRING", "class":"0x7ffe490be858", "frozen":true, "embedded":true, "fstring":true, "bytesize":4, "value":"nil?", "encoding":"US-ASCII", "memsize":40, "flags":{"wb_protected":true}}
{"address":"0x7ffe490c7688", "type":"STRING", "class":"0x7ffe490be858", "frozen":true, "embedded":true, "fstring":true, "bytesize":6, "value":"freeze", "encoding":"US-ASCII", "memsize":40, "flags":{"wb_protected":true}}
{"address":"0x7ffe490c76b0", "type":"STRING", "class":"0x7ffe490be858", "frozen":true, "embedded":true, "fstring":true, "bytesize":3, "value":"min", "encoding":"US-ASCII", "memsize":40, "flags":{"wb_protected":true}}
{"address":"0x7ffe490c76d8", "type":"STRING", "class":"0x7ffe490be858", "frozen":true, "embedded":true, "fstring":true, "bytesize":3, "value":"max", "encoding":"US-ASCII", "memsize":40, "flags":{"wb_protected":true}}
{"address":"0x7ffe490c7700", "type":"STRING", "class":"0x7ffe490be858", "frozen":true, "embedded":true, "fstring":true, "bytesize":2, "value":"&.", "encoding":"US-ASCII", "memsize":40, "flags":{"wb_protected":true}}
{"address":"0x7ffe490c7728", "type":"STRING", "class":"0x7ffe490be858", "frozen":true, "embedded":true, "fstring":true, "bytesize":2, "value":"||", "encoding":"US-ASCII", "memsize":40, "flags":{"wb_protected":true}}
{"address":"0x7ffe490c7750", "type":"STRING", "class":"0x7ffe490be858", "frozen":true, "embedded":true, "fstring":true, "bytesize":2, "value":"&&", "encoding":"US-ASCII", "memsize":40, "flags":{"wb_protected":true}}
{"address":"0x7ffe490c7778", "type":"STRING", "class":"0x7ffe490be858", "frozen":true, "embedded":true, "fstring":true, "bytesize":2, "value":"::", "encoding":"US-ASCII", "memsize":40, "flags":{"wb_protected":true}}
{"address":"0x7ffe490c77a0", "type":"STRING", "class":"0x7ffe490be858", "frozen":true, "embedded":true, "fstring":true, "bytesize":3, "value":"[]=", "encoding":"US-ASCII", "memsize":40, "flags":{"wb_protected":true}}
{"address":"0x7ffe490c77c8", "type":"STRING", "class":"0x7ffe490be858", "frozen":true, "embedded":true, "fstring":true, "bytesize":2, "value":"[]", "encoding":"US-ASCII", "memsize":40, "flags":{"wb_protected":true}}
{"address":"0x7ffe490c77f0", "type":"STRING", "class":"0x7ffe490be858", "frozen":true, "embedded":true, "fstring":true, "bytesize":2, "value":"!~", "encoding":"US-ASCII", "memsize":40, "flags":{"wb_protected":true}}
{"address":"0x7ffe490c7818", "type":"STRING", "class":"0x7ffe490be858", "frozen":true, "embedded":true, "fstring":true, "bytesize":2, "value":"=~", "encoding":"US-ASCII", "memsize":40, "flags":{"wb_protected":true}}
{"address":"0x7ffe490c7840", "type":"STRING", "class":"0x7ffe490be858", "frozen":true, "embedded":true, "fstring":true, "bytesize":2, "value":"!=", "encoding":"US-ASCII", "memsize":40, "flags":{"wb_protected":true}}
{"address":"0x7ffe490c7868", "type":"STRING", "class":"0x7ffe490be858", "frozen":true, "embedded":true, "fstring":true, "bytesize":3, "value":"===", "encoding":"US-ASCII", "memsize":40, "flags":{"wb_protected":true}}
{"address":"0x7ffe490c7890", "type":"STRING", "class":"0x7ffe490be858", "frozen":true, "embedded":true, "fstring":true, "bytesize":2, "value":"==", "encoding":"US-ASCII", "memsize":40, "flags":{"wb_protected":true}}
{"address":"0x7ffe490c78b8", "type":"STRING", "class":"0x7ffe490be858", "frozen":true, "embedded":true, "fstring":true, "bytesize":2, "value":">=", "encoding":"US-ASCII", "memsize":40, "flags":{"wb_protected":true}}
{"address":"0x7ffe490c78e0", "type":"STRING", "class":"0x7ffe490be858", "frozen":true, "embedded":true, "fstring":true, "bytesize":2, "value":"<=", "encoding":"US-ASCII", "memsize":40, "flags":{"wb_protected":true}}
{"address":"0x7ffe490c7908", "type":"STRING", "class":"0x7ffe490be858", "frozen":true, "embedded":true, "fstring":true, "bytesize":2, "value":">>", "encoding":"US-ASCII", "memsize":40, "flags":{"wb_protected":true}}
{"address":"0x7ffe490c7930", "type":"STRING", "class":"0x7ffe490be858", "frozen":true, "embedded":true, "fstring":true, "bytesize":2, "value":"<<", "encoding":"US-ASCII", "memsize":40, "flags":{"wb_protected":true}}
{"address":"0x7ffe490c7958", "type":"STRING", "class":"0x7ffe490be858", "frozen":true, "embedded":true, "fstring":true, "bytesize":3, "value":"<=>", "encoding":"US-ASCII", "memsize":40, "flags":{"wb_protected":true}}
{"address":"0x7ffe490c7980", "type":"STRING", "class":"0x7ffe490be858", "frozen":true, "embedded":true, "fstring":true, "bytesize":2, "value":"**", "encoding":"US-ASCII", "memsize":40, "flags":{"wb_protected":true}}
{"address":"0x7ffe490c79a8", "type":"STRING", "class":"0x7ffe490be858", "frozen":true, "embedded":true, "fstring":true, "bytesize":2, "value":"-@", "encoding":"US-ASCII", "memsize":40, "flags":{"wb_protected":true}}
{"address":"0x7ffe490c79d0", "type":"STRING", "class":"0x7ffe490be858", "frozen":true, "embedded":true, "fstring":true, "bytesize":2, "value":"+@", "encoding":"US-ASCII", "memsize":40, "flags":{"wb_protected":true}}
{"address":"0x7ffe490c79f8", "type":"STRING", "class":"0x7ffe490be858", "frozen":true, "embedded":true, "fstring":true, "bytesize":3, "value":"...", "encoding":"US-ASCII", "memsize":40, "flags":{"wb_protected":true}}
{"address":"0x7ffe490c7a20", "type":"STRING", "class":"0x7ffe490be858", "frozen":true, "embedded":true, "fstring":true, "bytesize":2, "value":"..", "encoding":"US-ASCII", "memsize":40, "flags":{"wb_protected":true}}
{"address":"0x7ffe490c7a48", "type":"STRING", "class":"0x7ffe490be858", "frozen":true, "embedded":true, "fstring":true, "bytesize":1, "value":"~", "encoding":"US-ASCII", "memsize":40, "flags":{"wb_protected":true}}
{"address":"0x7ffe490c7a70", "type":"STRING", "class":"0x7ffe490be858", "frozen":true, "embedded":true, "fstring":true, "bytesize":1, "value":"}", "encoding":"US-ASCII", "memsize":40, "flags":{"wb_protected":true}}
{"address":"0x7ffe490c7a98", "type":"STRING", "class":"0x7ffe490be858", "frozen":true, "embedded":true, "fstring":true, "bytesize":1, "value":"|", "encoding":"US-ASCII", "memsize":40, "flags":{"wb_protected":true}}
{"address":"0x7ffe490c7ac0", "type":"STRING", "class":"0x7ffe490be858", "frozen":true, "embedded":true, "fstring":true, "bytesize":1, "value":"{", "encoding":"US-ASCII", "memsize":40, "flags":{"wb_protected":true}}
{"address":"0x7ffe490c7ae8", "type":"STRING", "class":"0x7ffe490be858", "frozen":true, "embedded":true, "fstring":true, "bytesize":1, "value":"`", "encoding":"US-ASCII", "memsize":40, "flags":{"wb_protected":true}}
{"address":"0x7ffe490c7b10", "type":"STRING", "class":"0x7ffe490be858", "frozen":true, "embedded":true, "fstring":true, "bytesize":1, "value":"^", "encoding":"US-ASCII", "memsize":40, "flags":{"wb_protected":true}}
{"address":"0x7ffe490c7b38", "type":"STRING", "class":"0x7ffe490be858", "frozen":true, "embedded":true, "fstring":true, "bytesize":1, "value":"]", "encoding":"US-ASCII", "memsize":40, "flags":{"wb_protected":true}}
{"address":"0x7ffe490c7b60", "type":"STRING", "class":"0x7ffe490be858", "frozen":true, "embedded":true, "fstring":true, "bytesize":1, "value":"\\", "encoding":"US-ASCII", "memsize":40, "flags":{"wb_protected":true}}
{"address":"0x7ffe490c7b88", "type":"STRING", "class":"0x7ffe490be858", "frozen":true, "embedded":true, "fstring":true, "bytesize":1, "value":"[", "encoding":"US-ASCII", "memsize":40, "flags":{"wb_protected":true}}
{"address":"0x7ffe490c7bb0", "type":"STRING", "class":"0x7ffe490be858", "frozen":true, "embedded":true, "fstring":true, "bytesize":1, "value":"@", "encoding":"US-ASCII", "memsize":40, "flags":{"wb_protected":true}}
{"address":"0x7ffe490c7bd8", "type":"STRING", "class":"0x7ffe490be858", "frozen":true, "embedded":true, "fstring":true, "bytesize":1, "value":"?", "encoding":"US-ASCII", "memsize":40, "flags":{"wb_protected":true}}
{"address":"0x7ffe490c7c00", "type":"STRING", "class":"0x7ffe490be858", "frozen":true, "embedded":true, "fstring":true, "bytesize":1, "value":">", "encoding":"US-ASCII", "memsize":40, "flags":{"wb_protected":true}}
{"address":"0x7ffe490c7c28", "type":"STRING", "class":"0x7ffe490be858", "frozen":true, "embedded":true, "fstring":true, "bytesize":1, "value":"=", "encoding":"US-ASCII", "memsize":40, "flags":{"wb_protected":true}}
{"address":"0x7ffe490c7c50", "type":"STRING", "class":"0x7ffe490be858", "frozen":true, "embedded":true, "fstring":true, "bytesize":1, "value":"<", "encoding":"US-ASCII", "memsize":40, "flags":{"wb_protected":true}}
{"address":"0x7ffe490c7c78", "type":"STRING", "class":"0x7ffe490be858", "frozen":true, "embedded":true, "fstring":true, "bytesize":1, "value":";", "encoding":"US-ASCII", "memsize":40, "flags":{"wb_protected":true}}
{"address":"0x7ffe490c7ca0", "type":"STRING", "class":"0x7ffe490be858", "frozen":true, "embedded":true, "fstring":true, "bytesize":1, "value":":", "encoding":"US-ASCII", "memsize":40, "flags":{"wb_protected":true}}
{"address":"0x7ffe490c7cc8", "type":"STRING", "class":"0x7ffe490be858", "frozen":true, "embedded":true, "fstring":true, "bytesize":1, "value":"/", "encoding":"US-ASCII", "memsize":40, "flags":{"wb_protected":true}}
{"address":"0x7ffe490c7cf0", "type":"STRING", "class":"0x7ffe490be858", "frozen":true, "embedded":true, "fstring":true, "bytesize":1, "value":".", "encoding":"US-ASCII", "memsize":40, "flags":{"wb_protected":true}}
{"address":"0x7ffe490c7d18", "type":"STRING", "class":"0x7ffe490be858", "frozen":true, "embedded":true, "fstring":true, "bytesize":1, "value":"-", "encoding":"US-ASCII", "memsize":40, "flags":{"wb_protected":true}}
{"address":"0x7ffe490c7d40", "type":"STRING", "class":"0x7ffe490be858", "frozen":true, "embedded":true, "fstring":true, "bytesize":1, "value":",", "encoding":"US-ASCII", "memsize":40, "flags":{"wb_protected":true}}
{"address":"0x7ffe490c7d68", "type":"STRING", "class":"0x7ffe490be858", "frozen":true, "embedded":true, "fstring":true, "bytesize":1, "value":"+", "encoding":"US-ASCII", "memsize":40, "flags":{"wb_protected":true}}
{"address":"0x7ffe490c7d90", "type":"STRING", "class":"0x7ffe490be858", "frozen":true, "embedded":true, "fstring":true, "bytesize":1, "value":"*", "encoding":"US-ASCII", "memsize":40, "flags":{"wb_protected":true}}
{"address":"0x7ffe490c7db8", "type":"STRING", "class":"0x7ffe490be858", "frozen":true, "embedded":true, "fstring":true, "bytesize":1, "value":")", "encoding":"US-ASCII", "memsize":40, "flags":{"wb_protected":true}}
{"address":"0x7ffe490c7de0", "type":"STRING", "class":"0x7ffe490be858", "frozen":true, "embedded":true, "fstring":true, "bytesize":1, "value":"(", "encoding":"US-ASCII", "memsize":40, "flags":{"wb_protected":true}}
{"address":"0x7ffe490c7e08", "type":"STRING", "class":"0x7ffe490be858", "frozen":true, "embedded":true, "fstring":true, "bytesize":1, "value":"'", "encoding":"US-ASCII", "memsize":40, "flags":{"wb_protected":true}}
{"address":"0x7ffe490c7e30", "type":"STRING", "class":"0x7ffe490be858", "frozen":true, "embedded":true, "fstring":true, "bytesize":1, "value":"&", "encoding":"US-ASCII", "memsize":40, "flags":{"wb_protected":true}}
{"address":"0x7ffe490c7e58", "type":"STRING", "class":"0x7ffe490be858", "frozen":true, "embedded":true, "fstring":true, "bytesize":1, "value":"%", "encoding":"US-ASCII", "memsize":40, "flags":{"wb_protected":true}}
{"address":"0x7ffe490c7e80", "type":"STRING", "class":"0x7ffe490be858", "frozen":true, "embedded":true, "fstring":true, "bytesize":1, "value":"$", "encoding":"US-ASCII", "memsize":40, "flags":{"wb_protected":true}}
{"address":"0x7ffe490c7ea8", "type":"STRING", "class":"0x7ffe490be858", "frozen":true, "embedded":true, "fstring":true, "bytesize":1, "value":"#", "encoding":"US-ASCII", "memsize":40, "flags":{"wb_protected":true}}
{"address":"0x7ffe490c7ed0", "type":"STRING", "class":"0x7ffe490be858", "frozen":true, "embedded":true, "fstring":true, "bytesize":1, "value":"\"", "encoding":"US-ASCII", "memsize":40, "flags":{"wb_protected":true}}
{"address":"0x7ffe490c7ef8", "type":"ARRAY", "length":1024, "references":["0x7ffe490c7f20", "0x7ffe490c7ed0", "0x7ffe490c7ea8", "0x7ffe490c7e80", "0x7ffe490c7e58", "0x7ffe490c7e30", "0x7ffe490c7e08", "0x7ffe490c7de0", "0x7ffe490c7db8", "0x7ffe490c7d90", "0x7ffe490c7d68", "0x7ffe490c7d40", "0x7ffe490c7d18", "0x7ffe490c7cf0", "0x7ffe490c7cc8", "0x7ffe490c7ca0", "0x7ffe490c7c78", "0x7ffe490c7c50", "0x7ffe490c7c28", "0x7ffe490c7c00", "0x7ffe490c7bd8", "0x7ffe490c7bb0", "0x7ffe490c7b88", "0x7ffe490c7b60", "0x7ffe490c7b38", "0x7ffe490c7b10", "0x7ffe490c7ae8", "0x7ffe490c7ac0", "0x7ffe490c7a98", "0x7ffe490c7a70", "0x7ffe490c7a48", "0x7ffe490c7a20", "0x7ffe490c79f8", "0x7ffe490c79d0", "0x7ffe490c79a8", "0x7ffe490c7980", "0x7ffe490c7958", "0x7ffe490c7930", "0x7ffe490c7908", "0x7ffe490c78e0", "0x7ffe490c78b8", "0x7ffe490c7890", "0x7ffe490c7868", "0x7ffe490c7840", "0x7ffe490c7818", "0x7ffe490c77f0", "0x7ffe490c77c8", "0x7ffe490c77a0", "0x7ffe490c7778", "0x7ffe490c7750", "0x7ffe490c7728", "0x7ffe490c7700", "0x7ffe490c7660", "0x7ffe490c6c88", "0x7ffe490c6c60", "0x7ffe490c6c38", "0x7ffe490c6c10", "0x7ffe490c6be8", "0x7ffe490c6bc0", "0x7ffe490c6b98", "0x7ffe490c6b70", "0x7ffe490c6b48", "0x7ffe490c6b20", "0x7ffe490c6af8", "0x7ffe490c6ad0", "0x7ffe490c6aa8", "0x7ffe490c6a80", "0x7ffe490c6a58", "0x7ffe490c6a30", "0x7ffe490c76d8", "0x7ffe490c76b0", "0x7ffe490c7688", "0x7ffe490c7638", "0x7ffe490c7610", "0x7ffe490c75e8", "0x7ffe490c75c0", "0x7ffe490c7598", "0x7ffe490c7570", "0x7ffe490c7548", "0x7ffe490c7520", "0x7ffe490c74f8", "0x7ffe490c74d0", "0x7ffe490c74a8", "0x7ffe490c7480", "0x7ffe490c7458", "0x7ffe490c7430", "0x7ffe490c7408", "0x7ffe490c73e0", "0x7ffe490c73b8", "0x7ffe490c7390", "0x7ffe490c7368", "0x7ffe490c7340", "0x7ffe490c7318", "0x7ffe490c72f0", "0x7ffe490c72c8", "0x7ffe490c72a0", "0x7ffe490c7278", "0x7ffe490c7250", "0x7ffe490c7228", "0x7ffe490c7200", "0x7ffe490c71d8", "0x7ffe490c71b0", "0x7ffe490c7188", "0x7ffe490c7160", "0x7ffe490c7138", "0x7ffe490c7110", "0x7ffe490c70e8", "0x7ffe490c70c0", "0x7ffe490c7098", "0x7ffe490c7070", "0x7ffe490c7048", "0x7ffe490c7020", "0x7ffe490c6ff8", "0x7ffe490c6fd0", "0x7ffe490c6fa8", "0x7ffe490c6f80", "0x7ffe490c6f58", "0x7ffe490c6f30", "0x7ffe490c6f08", "0x7ffe490c6ee0", "0x7ffe490c6eb8", "0x7ffe490c6e90", "0x7ffe490c6e68", "0x7ffe490c6e40", "0x7ffe490c6e18", "0x7ffe490c6df0", "0x7ffe490c6dc8", "0x7ffe490c6da0", "0x7ffe490c6d78", "0x7ffe490c6d50", "0x7ffe490c6d28", "0x7ffe490c6d00", "0x7ffe490c6cd8", "0x7ffe490c6cb0", "0x7ffe490c6a08", "0x7ffe490c69e0", "0x7ffe490c69b8", "0x7ffe490c6990", "0x7ffe490c6968", "0x7ffe490c6940", "0x7ffe490c6918", "0x7ffe490c68c8", "0x7ffe490c6878", "0x7ffe490c6828", "0x7ffe490c67d8", "0x7ffe490c6760", "0x7ffe490c6648", "0x7ffe490c65f8", "0x7ffe490c65a8", "0x7ffe490c6558", "0x7ffe490c6508", "0x7ffe490c64b8", "0x7ffe490c6328", "0x7ffe490c62b0", "0x7ffe490c6260", "0x7ffe490c6210", "0x7ffe490c6148", "0x7ffe490c60f8", "0x7ffe490c60a8", "0x7ffe490c6058", "0x7ffe490c6008", "0x7ffe490c5fb8", "0x7ffe490c5ef0", "0x7ffe490c5ea0", "0x7ffe490c5e50", "0x7ffe490c5e00", "0x7ffe490c5db0", "0x7ffe490c5d60", "0x7ffe490c5d10", "0x7ffe490c5cc0", "0x7ffe490c5c70", "0x7ffe490c5c20", "0x7ffe490c5bd0", "0x7ffe490c5b80", "0x7ffe490c5b30", "0x7ffe490c5ae0", "0x7ffe490c5a40", "0x7ffe490c59c8", "0x7ffe490c5950", "0x7ffe490c58d8", "0x7ffe490c5860", "0x7ffe490c57e8", "0x7ffe490c5630", "0x7ffe490c54c8", "0x7ffe490c52c0", "0x7ffe490c5270", "0x7ffe490c51f8", "0x7ffe490c51a8", "0x7ffe490c5158", "0x7ffe490c5108", "0x7ffe490c50b8", "0x7ffe490c5018", "0x7ffe490c4fc8", "0x7ffe490c4f78", "0x7ffe490c4f28", "0x7ffe490c4ed8", "0x7ffe490c4e88", "0x7ffe490c4e38", "0x7ffe490c4de8", "0x7ffe490c4d98", "0x7ffe490c4d48", "0x7ffe490c4cd0", "0x7ffe490c4c80", "0x7ffe490c4c30", "0x7ffe490c4be0", "0x7ffe490c4b90", "0x7ffe490c4b40", "0x7ffe490c4af0", "0x7ffe490c4aa0", "0x7ffe490c4a50", "0x7ffe490c4a00", "0x7ffe490c4960", "0x7ffe490c4910", "0x7ffe490c48c0", "0x7ffe490c4870", "0x7ffe490c4820", "0x7ffe490c4668", "0x7ffe490c4410", "0x7ffe490c42f8", "0x7ffe490c42a8", "0x7ffe490c4258", "0x7ffe490c4208", "0x7ffe490c41b8", "0x7ffe490c4168", "0x7ffe490c4118", "0x7ffe490c40c8", "0x7ffe490c4078", "0x7ffe490c4028", "0x7ffe490bffa0", "0x7ffe490bff50", "0x7ffe490bff00", "0x7ffe490bfeb0", "0x7ffe490bfe60", "0x7ffe490bfe10", "0x7ffe490bfb68", "0x7ffe490bfa50", "0x7ffe490bfa00", "0x7ffe490bf9b0", "0x7ffe490bf938", "0x7ffe490bf8c0", "0x7ffe490bf870", "0x7ffe490bf820", "0x7ffe490bf7d0", "0x7ffe490bf780", "0x7ffe490bf708", "0x7ffe490bf6b8", "0x7ffe490bf668", "0x7ffe490bf618", "0x7ffe490bf5c8", "0x7ffe490bf578", "0x7ffe490bf528", "0x7ffe490bf4d8", "0x7ffe490bf488", "0x7ffe490bf438", "0x7ffe490bf3e8", "0x7ffe490bf398", "0x7ffe490bf348", "0x7ffe490bf2f8", "0x7ffe490bf2a8", "0x7ffe490bf258", "0x7ffe490bf208", "0x7ffe490bf1b8", "0x7ffe490bf168", "0x7ffe490bf118", "0x7ffe490bf0c8", "0x7ffe490bf028", "0x7ffe490befd8", "0x7ffe490bef88", "0x7ffe490bef38", "0x7ffe490beee8", "0x7ffe490bee70", "0x7ffe490bee20", "0x7ffe490bedd0", "0x7ffe490bed80", "0x7ffe490bed30", "0x7ffe490bece0", "0x7ffe490bec90", "0x7ffe490bec40", "0x7ffe490bebf0", "0x7ffe490beba0", "0x7ffe490beb50", "0x7ffe490beb00", "0x7ffe490beab0", "0x7ffe490bea60", "0x7ffe490bea10", "0x7ffe490be9c0", "0x7ffe490be970", "0x7ffe490be920", "0x7ffe490be8d0", "0x7ffe490be880", "0x7ffe490be7e0", "0x7ffe490be678", "0x7ffe490be628", "0x7ffe490be510", "0x7ffe490be470", "0x7ffe490be3d0", "0x7ffe490be380", "0x7ffe490be308", "0x7ffe490be290", "0x7ffe490be240", "0x7ffe490be1f0", "0x7ffe490be1a0", "0x7ffe490be150", "0x7ffe490be100", "0x7ffe490be0b0", "0x7ffe490be060", "0x7ffe490be010", "0x7ffe490bdfc0", "0x7ffe490bdf70", "0x7ffe490bdf20", "0x7ffe490bdd90", "0x7ffe490bdd40", "0x7ffe490bdcf0", "0x7ffe490bdcc8", "0x7ffe490bdca0", "0x7ffe490bdc78", "0x7ffe490bdc50", "0x7ffe490bdc00", "0x7ffe490bdbb0", "0x7ffe490bdb60", "0x7ffe490bdb10", "0x7ffe490bdac0", "0x7ffe490bda70", "0x7ffe490bda20", "0x7ffe490bd9d0", "0x7ffe490bd980", "0x7ffe490bd930", "0x7ffe490bd8e0", "0x7ffe490bd890", "0x7ffe490bd840", "0x7ffe490bd7f0", "0x7ffe490bd7a0", "0x7ffe490bd750", "0x7ffe490bd700", "0x7ffe490bd6b0", "0x7ffe490bd638", "0x7ffe490bd5e8", "0x7ffe490bd548", "0x7ffe490bd4d0", "0x7ffe490bd480", "0x7ffe490bd430", "0x7ffe490bd3e0", "0x7ffe490bd390", "0x7ffe490bd340", "0x7ffe490bd2f0", "0x7ffe490bd2a0", "0x7ffe490bd250", "0x7ffe490bd200", "0x7ffe490bd1b0", "0x7ffe490bd160", "0x7ffe490bd110", "0x7ffe490bd0c0", "0x7ffe490bd070", "0x7ffe490bd020", "0x7ffe490bcfd0", "0x7ffe490bcf80", "0x7ffe490bcf30", "0x7ffe490bcee0", "0x7ffe490bce90", "0x7ffe490bce40", "0x7ffe490bcdf0", "0x7ffe490bcda0", "0x7ffe490bcd50", "0x7ffe490bcd00", "0x7ffe490bccb0", "0x7ffe490bcc60", "0x7ffe490bcbe8", "0x7ffe490bcb98", "0x7ffe490bcb48", "0x7ffe490bcaf8", "0x7ffe490bcaa8", "0x7ffe490bca58", "0x7ffe490bca08", "0x7ffe490bc9b8", "0x7ffe490bc968", "0x7ffe490bc8f0", "0x7ffe490bc8a0", "0x7ffe490bc828", "0x7ffe490bc7d8", "0x7ffe490bc788", "0x7ffe490bc738", "0x7ffe490bc6e8", "0x7ffe490bc698", "0x7ffe490bc648", "0x7ffe490bc5f8", "0x7ffe490bc5d0", "0x7ffe490bc5a8", "0x7ffe490bc558", "0x7ffe490bc508", "0x7ffe490bc4b8", "0x7ffe490bc490", "0x7ffe490bc468", "0x7ffe490bc3a0", "0x7ffe490bc2b0", "0x7ffe490b7e90", "0x7ffe490b7df0", "0x7ffe490b7d00", "0x7ffe490b7cb0", "0x7ffe490b7c38", "0x7ffe490b7be8", "0x7ffe490b7b98", "0x7ffe490b7b48", "0x7ffe490b7af8", "0x7ffe490b7a58", "0x7ffe490b7a08", "0x7ffe490b79b8", "0x7ffe490b7940", "0x7ffe490b78c8", "0x7ffe490b7850", "0x7ffe490b77d8", "0x7ffe490b7760", "0x7ffe490b76e8"], "memsize":8232, "flags":{"wb_protected":true}}
{"address":"0x7ffe490c7f20", "type":"STRING", "class":"0x7ffe490be858", "frozen":true, "embedded":true, "fstring":true, "bytesize":1, "value":"!", "encoding":"US-ASCII", "memsize":40, "flags":{"wb_protected":true}}
{"address":"0x7ffe490c7f48", "type":"ARRAY", "length":5, "references":["0x7ffe490c7ef8", "0x7ffe490b7648", "0x7ffe49097d70", "0x7ffe49075e50", "0x7ffe4904ce10"], "memsize":192, "flags":{"wb_protected":true}}
{"address":"0x7ffe490c7f70", "type":"ARRAY", "length":537, "references":["0x7ffe490c7f98", "0x7ffe490c7f48", "0x7ffe490c68a0", "0x7ffe490c6c88", "0x7ffe490c47a8", "0x7ffe490c45f0", "0x7ffe490bfdc0", "0x7ffe490bfd98", "0x7ffe490bfb90", "0x7ffe490b6630", "0x7ffe490b6608", "0x7ffe490b5190", "0x7ffe490b5140", "0x7ffe490b46a0", "0x7ffe490afbc8", "0x7ffe490afb78", "0x7ffe490afb00", "0x7ffe490afab0", "0x7ffe490b46a0", "0x7ffe490af358", "0x7ffe490af2e0", "0x7ffe490af2e0", "0x7ffe490af2e0", "0x7ffe490af2e0", "0x7ffe490af2e0", "0x7ffe490af2e0", "0x7ffe490af2e0", "0x7ffe490af2e0", "0x7ffe490af2e0", "0x7ffe490af2e0", "0x7ffe490af2e0", "0x7ffe490af2e0", "0x7ffe490af2e0", "0x7ffe490af2e0", "0x7ffe490af2e0", "0x7ffe490af2e0", "0x7ffe490af2e0", "0x7ffe490af2e0", "0x7ffe490af2e0", "0x7ffe490af2e0", "0x7ffe490af2e0", "0x7ffe490af2e0", "0x7ffe490af2e0", "0x7ffe490af2e0", "0x7ffe490af2e0", "0x7ffe490af2e0", "0x7ffe490af2e0", "0x7ffe490af2e0", "0x7ffe490af2e0", "0x7ffe490af2e0", "0x7ffe490af2e0", "0x7ffe490af2e0", "0x7ffe490af2e0", "0x7ffe490af2e0", "0x7ffe490af2e0", "0x7ffe490af2e0", "0x7ffe490af2e0", "0x7ffe490af2e0", "0x7ffe490af2e0", "0x7ffe490af2e0", "0x7ffe490ad648", "0x7ffe490af2e0", "0x7ffe490af2e0", "0x7ffe490af2e0", "0x7ffe490af2e0", "0x7ffe490af2e0", "0x7ffe490af2e0", "0x7ffe490af2e0", "0x7ffe490af2e0", "0x7ffe490aeef8", "0x7ffe490af2e0", "0x7ffe4909fe80", "0x7ffe4909c348", "0x7ffe4909c2a8", "0x7ffe4909c208", "0x7ffe4909c140", "0x7ffe49097a78", "0x7ffe49096740", "0x7ffe490966f0", "0x7ffe490966a0", "0x7ffe49095c00", "0x7ffe490c7cc8", "0x7ffe490c7cc8", "0x7ffe490c7ca0", "0x7ffe4908fd00", "0x7ffe4908f990", "0x7ffe4908e040", "0x7ffe490c6c88", "0x7ffe4908c7b8", "0x7ffe4908c358", "0x7ffe49087a60", "0x7ffe49087380", "0x7ffe49085800", "0x7ffe49085698", "0x7ffe49085148", "0x7ffe49084c70", "0x7ffe4907f798", "0x7ffe4907e758", "0x7ffe4907e438", "0x7ffe4907e258", "0x7ffe4907e1b8", "0x7ffe4907c2f0", "0x7ffe4907c1d8", "0x7ffe4907c070", "0x7ffe4907c020", "0x7ffe490767b0", "0x7ffe490765f8", "0x7ffe49076490", "0x7ffe490761c0", "0x7ffe49075d88", "0x7ffe49075a68", "0x7ffe49074078", "0x7ffe49074078", "0x7ffe49074078", "0x7ffe4906edd0", "0x7ffe4906ed30", "0x7ffe4906e4c0", "0x7ffe49067da0", "0x7ffe49067d00", "0x7ffe49067cb0", "0x7ffe49067c60", "0x7ffe49067c10", "0x7ffe49067b98", "0x7ffe49067b48", "0x7ffe49067af8", "0x7ffe49067cb0", "0x7ffe49067800", "0x7ffe49095bd8", "0x7ffe490673f0", "0x7ffe490671e8", "0x7ffe490bfd70", "0x7ffe490bfd48", "0x7ffe490bfd20", "0x7ffe49066d10", "0x7ffe49066d10", "0x7ffe49066c98", "0x7ffe49066c98", "0x7ffe49066c20", "0x7ffe49066c20", "0x7ffe49066ba8", "0x7ffe49066b58", "0x7ffe49066b08", "0x7ffe49066b08", "0x7ffe490bfbe0", "0x7ffe49066a68", "0x7ffe49066a18", "0x7ffe490669c8", "0x7ffe49066978", "0x7ffe49066928", "0x7ffe490668d8", "0x7ffe49066888", "0x7ffe49066838", "0x7ffe490667e8", "0x7ffe49066798", "0x7ffe49066748", "0x7ffe490666f8", "0x7ffe490666a8", "0x7ffe49066658", "0x7ffe49066608", "0x7ffe490665b8", "0x7ffe49066568", "0x7ffe49066518", "0x7ffe490664c8", "0x7ffe49066478", "0x7ffe49066428", "0x7ffe490663d8", "0x7ffe490663d8", "0x7ffe490bfcf8", "0x7ffe490bfcd0", "0x7ffe490bfca8", "0x7ffe490bfc80", "0x7ffe490bfbb8", "0x7ffe490bfbb8", "0x7ffe49066270", "0x7ffe49066270", "0x7ffe490661f8", "0x7ffe490661f8", "0x7ffe49066180", "0x7ffe49066180", "0x7ffe49066108", "0x7ffe49066108", "0x7ffe49066090", "0x7ffe49066090", "0x7ffe49066018", "0x7ffe49066018", "0x7ffe490bfd70", "0x7ffe49065fa0", "0x7ffe49065fa0", "0x7ffe49065f28", "0x7ffe49065f28", "0x7ffe49065eb0", "0x7ffe49065eb0", "0x7ffe49065e38", "0x7ffe49065e38", "0x7ffe49065dc0", "0x7ffe49065dc0", "0x7ffe49065d48", "0x7ffe49065cf8", "0x7ffe49065ca8", "0x7ffe49065c58", "0x7ffe49065c08", "0x7ffe49065c08", "0x7ffe49065b90", "0x7ffe49065b90", "0x7ffe49065b18", "0x7ffe49065b18", "0x7ffe49065aa0", "0x7ffe49065aa0", "0x7ffe49065a28", "0x7ffe49065a28", "0x7ffe490659b0", "0x7ffe490659b0", "0x7ffe49065938", "0x7ffe49065938", "0x7ffe490658c0", "0x7ffe490658c0", "0x7ffe49065848", "0x7ffe49065848", "0x7ffe490657d0", "0x7ffe490657d0", "0x7ffe490657d0", "0x7ffe49065730", "0x7ffe490656e0", "0x7ffe490656e0", "0x7ffe49065668", "0x7ffe49065668", "0x7ffe490655f0", "0x7ffe490655f0", "0x7ffe49065578", "0x7ffe49065578", "0x7ffe49065500", "0x7ffe49065500", "0x7ffe49065488", "0x7ffe49065488", "0x7ffe49065410", "0x7ffe49065410", "0x7ffe49065398", "0x7ffe49065398", "0x7ffe49065320", "0x7ffe49065320", "0x7ffe490652a8", "0x7ffe490652a8", "0x7ffe49065230", "0x7ffe49066c98", "0x7ffe49066c98", "0x7ffe49065190", "0x7ffe49065140", "0x7ffe49065140", "0x7ffe490650c8", "0x7ffe490650c8", "0x7ffe490bfbe0", "0x7ffe490bfbe0", "0x7ffe49065000", "0x7ffe49065000", "0x7ffe49065000", "0x7ffe49064f60", "0x7ffe49064f10", "0x7ffe49064f10", "0x7ffe49066a68", "0x7ffe49066a68", "0x7ffe49066a18", "0x7ffe49066a18", "0x7ffe49064df8", "0x7ffe49064df8", "0x7ffe49064df8", "0x7ffe49064df8", "0x7ffe49064d30", "0x7ffe49066978", "0x7ffe49064cb8", "0x7ffe49064cb8", "0x7ffe49064c40", "0x7ffe49064c40", "0x7ffe49064bc8", "0x7ffe49064b78", "0x7ffe49066928", "0x7ffe490668d8", "0x7ffe49066888", "0x7ffe49066838", "0x7ffe490667e8", "0x7ffe49066798", "0x7ffe49064a38", "0x7ffe49064a38", "0x7ffe49064a38", "0x7ffe49066748", "0x7ffe490666f8", "0x7ffe49064948", "0x7ffe49064948", "0x7ffe49064948", "0x7ffe490666a8", "0x7ffe49066658", "0x7ffe49066608", "0x7ffe49064830", "0x7ffe490647e0", "0x7ffe490647e0", "0x7ffe490647e0", "0x7ffe490665b8", "0x7ffe49066568", "0x7ffe49066518", "0x7ffe490664c8", "0x7ffe49066478", "0x7ffe49064678", "0x7ffe49064678", "0x7ffe49064678", "0x7ffe49064678", "0x7ffe490bfd20", "0x7ffe490bfd20", "0x7ffe49064560", "0x7ffe49064560", "0x7ffe490bfd48", "0x7ffe490bfc08", "0x7ffe490bfc08", "0x7ffe490bfc08", "0x7ffe490bfc58", "0x7ffe490bfc30", "0x7ffe490bfcf8", "0x7ffe490bfca8", "0x7ffe490bfc80", "0x7ffe490bfbb8", "0x7ffe490bfbb8", "0x7ffe490bfbb8", "0x7ffe490bfbb8", "0x7ffe490bfbb8", "0x7ffe49066270", "0x7ffe490661f8", "0x7ffe49066180", "0x7ffe49066108", "0x7ffe49066090", "0x7ffe49066018", "0x7ffe490641c8", "0x7ffe490641c8", "0x7ffe49064150", "0x7ffe49064150", "0x7ffe490640d8", "0x7ffe49064088", "0x7ffe49064038", "0x7ffe4905ffd8", "0x7ffe4905ffd8", "0x7ffe4905ff60", "0x7ffe4905ff60", "0x7ffe4905fee8", "0x7ffe4905fee8", "0x7ffe49045f98"], "memsize":8232, "flags":{"wb_protected":true}}
{"address":"0x7ffe490c7f98", "type":"HASH", "size":0, "memsize":192, "flags":{"wb_protected":true}}
{"address":"0x7ffe490c7fc0", "type":"ARRAY", "length":1, "references":["0x7ffe490c7f70"], "memsize":1064, "flags":{"wb_protected":true}}
